 PhysX3CommonDEBUG_x86

 Timestamp is 5758cb23 (Wed Jun  8 18:49:23 2016)

 Preferred load address is 10000000

 Start         Length     Name                   Class
 0001:00000000 000181e0H .text$di                CODE
 0001:000181e0 001481d0H .text$mn                CODE
 0001:001603b0 00001012H .text$yd                CODE
 0002:00000000 00000104H .CRT$XCA                DATA
 0002:00000104 00000cf8H .CRT$XCU                DATA
 0002:00000dfc 00000104H .CRT$XCZ                DATA
 0002:00000f00 00000104H .CRT$XIA                DATA
 0002:00001004 00000104H .CRT$XIZ                DATA
 0002:00001108 00000104H .CRT$XPA                DATA
 0002:0000120c 00000104H .CRT$XPZ                DATA
 0002:00001310 00000104H .CRT$XTA                DATA
 0002:00001414 0000010cH .CRT$XTZ                DATA
 0002:00001520 0000be1cH .rdata                  DATA
 0002:0000d33c 00000274H .rdata$r                DATA
 0002:0000d5b0 0000010cH .rdata$sxdata           DATA
 0002:0000d6bc 00000194H .rdata$zzzdbg           DATA
 0002:0000d850 00000104H .rtc$IAA                DATA
 0002:0000d954 00000384H .rtc$IMZ                DATA
 0002:0000dcd8 00000104H .rtc$IZZ                DATA
 0002:0000dddc 00000104H .rtc$TAA                DATA
 0002:0000dee0 00000384H .rtc$TMZ                DATA
 0002:0000e264 00000104H .rtc$TZZ                DATA
 0002:0000e368 000002b8H .xdata$x                DATA
 0002:0000e620 00017015H .edata                  DATA
 0003:00000000 000005e4H .data                   DATA
 0003:000005e4 0000040cH .data$r                 DATA
 0003:000009f0 00003e70H .bss                    DATA
 0004:00000000 0000035cH .idata$5                DATA
 0004:0000035c 00000050H .idata$2                DATA
 0004:000003ac 00000014H .idata$3                DATA
 0004:000003c0 0000035cH .idata$4                DATA
 0004:0000071c 00000adfH .idata$6                DATA
 0005:00000000 00000173H .gfids$y                DATA
 0006:00000000 00000104H .00cfg                  DATA
 0007:00000000 000001c0H .rsrc$01                DATA
 0007:000001c0 000006a9H .rsrc$02                DATA

  Address         Publics by Value              Rva+Base       Lib:Object

 0000:00000000       ___guard_fids_table        00000000     <absolute>
 0000:00000000       ___guard_longjmp_table     00000000     <absolute>
 0000:00000000       ___guard_longjmp_count     00000000     <absolute>
 0000:00000000       ___guard_iat_count         00000000     <absolute>
 0000:00000000       ___guard_fids_count        00000000     <absolute>
 0000:00000000       ___guard_iat_table         00000000     <absolute>
 0000:00000000       ___dynamic_value_reloc_table 00000000     <absolute>
 0000:00000002       ___safe_se_handler_count   00000002     <absolute>
 0000:00000100       ___guard_flags             00000100     <absolute>
 0000:00000000       ___ImageBase               10000000     <linker-defined>
 0001:000181e0       ?atomicExchange@shdfnd@physx@@YAHPCHH@Z 100191e0 f   PsWindowsAtomic.obj
 0001:000181f0       ?atomicCompareExchange@shdfnd@physx@@YAHPCHHH@Z 100191f0 f   PsWindowsAtomic.obj
 0001:00018210       ?atomicCompareExchangePointer@shdfnd@physx@@YAPAXPAPCXPAX1@Z 10019210 f   PsWindowsAtomic.obj
 0001:00018230       ?atomicIncrement@shdfnd@physx@@YAHPCH@Z 10019230 f   PsWindowsAtomic.obj
 0001:00018250       ?atomicDecrement@shdfnd@physx@@YAHPCH@Z 10019250 f   PsWindowsAtomic.obj
 0001:00018270       ?atomicAdd@shdfnd@physx@@YAHPCHH@Z 10019270 f   PsWindowsAtomic.obj
 0001:000182a0       ?atomicMax@shdfnd@physx@@YAHPCHH@Z 100192a0 f   PsWindowsAtomic.obj
 0001:00018320       __InlineInterlockedCompareExchangePointer 10019320 f i PsWindowsAtomic.obj
 0001:00018340       ?getCpuId@Cpu@shdfnd@physx@@SAEXZ 10019340 f   PsWindowsCpu.obj
 0001:00018390       ??0FPUGuard@shdfnd@physx@@QAE@XZ 10019390 f   PsWindowsFPU.obj
 0001:000183e0       ??1FPUGuard@shdfnd@physx@@QAE@XZ 100193e0 f   PsWindowsFPU.obj
 0001:00018440       ?enableFPExceptions@shdfnd@physx@@YAXXZ 10019440 f   PsWindowsFPU.obj
 0001:00018460       ?disableFPExceptions@shdfnd@physx@@YAXXZ 10019460 f   PsWindowsFPU.obj
 0001:000184c0       ??4FPUGuard@shdfnd@physx@@QAEAAV012@ABV012@@Z 100194c0 f i PsWindowsFPU.obj
 0001:000184f0       ??0MemoryMappedFile@shdfnd@physx@@QAE@PBDI@Z 100194f0 f   PsWindowsMemoryMappedFile.obj
 0001:000185b0       ??1MemoryMappedFile@shdfnd@physx@@QAE@XZ 100195b0 f   PsWindowsMemoryMappedFile.obj
 0001:00018610       ?getBaseAddress@MemoryMappedFile@shdfnd@physx@@QAEPAXXZ 10019610 f   PsWindowsMemoryMappedFile.obj
 0001:00018670       ??0Allocator@shdfnd@physx@@QAE@PBD@Z 10019670 f i PsWindowsMemoryMappedFile.obj
 0001:00018690       ??0PxFoundation@physx@@QAE@ABV01@@Z 10019690 f i PsWindowsMemoryMappedFile.obj
 0001:000186b0       ??0PxFoundation@physx@@QAE@XZ 100196b0 f i PsWindowsMemoryMappedFile.obj
 0001:000186d0       ??1PxFoundation@physx@@MAE@XZ 100196d0 f i PsWindowsMemoryMappedFile.obj
 0001:000186f0       ??4Allocator@shdfnd@physx@@QAEAAV012@$$QAV012@@Z 100196f0 f i PsWindowsMemoryMappedFile.obj
 0001:00018710       ??4Allocator@shdfnd@physx@@QAEAAV012@ABV012@@Z 10019710 f i PsWindowsMemoryMappedFile.obj
 0001:00018730       ??4ErrorHandler@shdfnd@physx@@QAEAAV012@ABV012@@Z 10019730 f i PsWindowsMemoryMappedFile.obj
 0001:00018770       ??4MutexImpl@shdfnd@physx@@QAEAAV012@ABV012@@Z 10019770 f i PsWindowsMemoryMappedFile.obj
 0001:00018790       ??4PAUtils@shdfnd@physx@@QAEAAV012@ABV012@@Z 10019790 f i PsWindowsMemoryMappedFile.obj
 0001:000187b0       ??4PxFoundation@physx@@QAEAAV01@ABV01@@Z 100197b0 f i PsWindowsMemoryMappedFile.obj
 0001:000187d0       ??_EPxFoundation@physx@@MAEPAXI@Z 100197d0 f i PsWindowsMemoryMappedFile.obj
 0001:00018870       ??_FAllocator@shdfnd@physx@@QAEXXZ 10019870 f i PsWindowsMemoryMappedFile.obj
 0001:00018890       ??_FNamedAllocator@shdfnd@physx@@QAEXXZ 10019890 f i PsWindowsMemoryMappedFile.obj
 0001:000188b0       ??_GPxFoundation@physx@@MAEPAXI@Z 100198b0 f i PsWindowsMemoryMappedFile.obj
 0001:000188f0       ??_I@YGXPAXIIP6EX0@Z@Z     100198f0 f i PsWindowsMemoryMappedFile.obj
 0001:00018960       ?getAllocator@Foundation@shdfnd@physx@@UBEAAVPxBroadcastingAllocator@3@XZ 10019960 f i PsWindowsMemoryMappedFile.obj
 0001:00018980       ?getCallbackCount@ErrorHandler@shdfnd@physx@@QBEIXZ 10019980 f i PsWindowsMemoryMappedFile.obj
 0001:000189a0       ?getCheckedAllocator@Foundation@shdfnd@physx@@QAEAAVPxAllocatorCallback@3@XZ 100199a0 f i PsWindowsMemoryMappedFile.obj
 0001:000189c0       ?getErrorCallback@ErrorHandler@shdfnd@physx@@QBEPAVPxErrorCallback@3@H@Z 100199c0 f i PsWindowsMemoryMappedFile.obj
 0001:000189e0       ?getErrorHandler@Foundation@shdfnd@physx@@QAEAAVErrorHandler@23@XZ 100199e0 f i PsWindowsMemoryMappedFile.obj
 0001:00018a00       ?getErrorMutex@Foundation@shdfnd@physx@@QAEAAV?$MutexT@VAllocator@shdfnd@physx@@@23@XZ 10019a00 f i PsWindowsMemoryMappedFile.obj
 0001:00018a20       ?getMaxCallbackNum@ErrorHandler@shdfnd@physx@@QBEIXZ 10019a20 f i PsWindowsMemoryMappedFile.obj
 0001:00018a40       ?getNamedAllocMap@Foundation@shdfnd@physx@@QAEAAV?$HashMap@PBVNamedAllocator@shdfnd@physx@@PBDU?$Hash@PBVNamedAllocator@shdfnd@physx@@@23@VNonTrackingAllocator@23@@23@XZ 10019a40 f i PsWindowsMemoryMappedFile.obj
 0001:00018a60       ?getNamedAllocMutex@Foundation@shdfnd@physx@@QAEAAV?$MutexT@VAllocator@shdfnd@physx@@@23@XZ 10019a60 f i PsWindowsMemoryMappedFile.obj
 0001:00018a80       ?getPAUtils@Foundation@shdfnd@physx@@QAEAAVPAUtils@23@XZ 10019a80 f i PsWindowsMemoryMappedFile.obj
 0001:00018aa0       ?getReportAllocationNames@Foundation@shdfnd@physx@@UBE_NXZ 10019aa0 f i PsWindowsMemoryMappedFile.obj
 0001:00018ac0       ?getTempAllocFreeTable@Foundation@shdfnd@physx@@QAEAAV?$Array@PATTempAllocatorChunk@shdfnd@physx@@VAllocator@23@@23@XZ 10019ac0 f i PsWindowsMemoryMappedFile.obj
 0001:00018ae0       ?getTempAllocMutex@Foundation@shdfnd@physx@@QAEAAV?$MutexT@VAllocator@shdfnd@physx@@@23@XZ 10019ae0 f i PsWindowsMemoryMappedFile.obj
 0001:00018b00       ?setReportAllocationNames@Foundation@shdfnd@physx@@UAEX_N@Z 10019b00 f i PsWindowsMemoryMappedFile.obj
 0001:00018b20       ??0PsModuleUpdateLoader@shdfnd@physx@@QAE@PBD@Z 10019b20 f   PsWindowsModuleUpdateLoader.obj
 0001:00018b70       ??1PsModuleUpdateLoader@shdfnd@physx@@QAE@XZ 10019b70 f   PsWindowsModuleUpdateLoader.obj
 0001:00018ba0       ?LoadModule@PsModuleUpdateLoader@shdfnd@physx@@QAEPAUHINSTANCE__@@PBD0@Z 10019ba0 f   PsWindowsModuleUpdateLoader.obj
 0001:00018c20       ??4PsModuleUpdateLoader@shdfnd@physx@@QAEAAV012@ABV012@@Z 10019c20 f i PsWindowsModuleUpdateLoader.obj
 0001:00018c50       ?loadLibrary@shdfnd@physx@@YGPAUHINSTANCE__@@PBD@Z 10019c50 f i PsWindowsModuleUpdateLoader.obj
 0001:00018c70       ??0MutexImpl@shdfnd@physx@@QAE@XZ 10019c70 f   PsWindowsMutex.obj
 0001:00018cb0       ??1MutexImpl@shdfnd@physx@@QAE@XZ 10019cb0 f   PsWindowsMutex.obj
 0001:00018cd0       ?lock@MutexImpl@shdfnd@physx@@QAEXXZ 10019cd0 f   PsWindowsMutex.obj
 0001:00018d10       ?trylock@MutexImpl@shdfnd@physx@@QAE_NXZ 10019d10 f   PsWindowsMutex.obj
 0001:00018d70       ?unlock@MutexImpl@shdfnd@physx@@QAEXXZ 10019d70 f   PsWindowsMutex.obj
 0001:00018dd0       ?getSize@MutexImpl@shdfnd@physx@@SAABIXZ 10019dd0 f   PsWindowsMutex.obj
 0001:00018de0       ??0ReadWriteLock@shdfnd@physx@@QAE@XZ 10019de0 f   PsWindowsMutex.obj
 0001:00018e60       ??1ReadWriteLock@shdfnd@physx@@QAE@XZ 10019e60 f   PsWindowsMutex.obj
 0001:00018e90       ?lockReader@ReadWriteLock@shdfnd@physx@@QAEXXZ 10019e90 f   PsWindowsMutex.obj
 0001:00018ec0       ?lockWriter@ReadWriteLock@shdfnd@physx@@QAEXXZ 10019ec0 f   PsWindowsMutex.obj
 0001:00018ef0       ?unlockReader@ReadWriteLock@shdfnd@physx@@QAEXXZ 10019ef0 f   PsWindowsMutex.obj
 0001:00018f10       ?unlockWriter@ReadWriteLock@shdfnd@physx@@QAEXXZ 10019f10 f   PsWindowsMutex.obj
 0001:00018ff0       ??0?$MutexT@V?$ReflectionAllocator@VMutexImpl@shdfnd@physx@@@shdfnd@physx@@@shdfnd@physx@@QAE@ABV?$ReflectionAllocator@VMutexImpl@shdfnd@physx@@@12@@Z 10019ff0 f i PsWindowsMutex.obj
 0001:00019070       ??0?$ReflectionAllocator@VMutexImpl@shdfnd@physx@@@shdfnd@physx@@QAE@ABV012@@Z 1001a070 f i PsWindowsMutex.obj
 0001:00019090       ??0?$ReflectionAllocator@VMutexImpl@shdfnd@physx@@@shdfnd@physx@@QAE@PBD@Z 1001a090 f i PsWindowsMutex.obj
 0001:000190b0       ??0ReadWriteLockImpl@shdfnd@physx@@QAE@XZ 1001a0b0 f i PsWindowsMutex.obj
 0001:000190e0       ??1?$MutexT@V?$ReflectionAllocator@VMutexImpl@shdfnd@physx@@@shdfnd@physx@@@shdfnd@physx@@QAE@XZ 1001a0e0 f i PsWindowsMutex.obj
 0001:00019110       ??1ReadWriteLockImpl@shdfnd@physx@@QAE@XZ 1001a110 f i PsWindowsMutex.obj
 0001:00019130       ??2@YAPAXIPAX@Z            1001a130 f i PsWindowsMutex.obj
 0001:00019140       ??4ThreadImpl@shdfnd@physx@@QAEAAV012@ABV012@@Z 1001a140 f i PsWindowsMutex.obj
 0001:00019160       ??_GMutexImpl@shdfnd@physx@@QAEPAXI@Z 1001a160 f i PsWindowsMutex.obj
 0001:000191a0       ??_GReadWriteLockImpl@shdfnd@physx@@QAEPAXI@Z 1001a1a0 f i PsWindowsMutex.obj
 0001:000191e0       ?__empty_global_delete@@YAXPAX@Z 1001a1e0 f i PsWindowsMutex.obj
 0001:000191f0       ?__empty_global_delete@@YAXPAXI@Z 1001a1f0 f i PsWindowsMutex.obj
 0001:00019200       ?allocate@?$ReflectionAllocator@VMutexImpl@shdfnd@physx@@@shdfnd@physx@@QAEPAXIPBDH@Z 1001a200 f i PsWindowsMutex.obj
 0001:00019260       ?deallocate@?$ReflectionAllocator@VMutexImpl@shdfnd@physx@@@shdfnd@physx@@QAEXPAX@Z 1001a260 f i PsWindowsMutex.obj
 0001:000192a0       ?getFoundation@shdfnd@physx@@YAAAVFoundation@12@XZ 1001a2a0 f i PsWindowsMutex.obj
 0001:000192b0       ?getId@?$ThreadT@V?$ReflectionAllocator@VThreadImpl@shdfnd@physx@@@shdfnd@physx@@@shdfnd@physx@@SAIXZ 1001a2b0 f i PsWindowsMutex.obj
 0001:000192c0       ?getName@?$ReflectionAllocator@VMutexImpl@shdfnd@physx@@@shdfnd@physx@@CAPBDXZ 1001a2c0 f i PsWindowsMutex.obj
 0001:00019310       ?lock@?$MutexT@V?$ReflectionAllocator@VMutexImpl@shdfnd@physx@@@shdfnd@physx@@@shdfnd@physx@@QBEXXZ 1001a310 f i PsWindowsMutex.obj
 0001:00019330       ?name@type_info@@QBEPBDXZ  1001a330 f i PsWindowsMutex.obj
 0001:00019360       ?unlock@?$MutexT@V?$ReflectionAllocator@VMutexImpl@shdfnd@physx@@@shdfnd@physx@@@shdfnd@physx@@QBEXXZ 1001a360 f i PsWindowsMutex.obj
 0001:00019380       ??0PAUtils@shdfnd@physx@@QAE@XZ 1001a380 f   PsWindowsPAEventSrc.obj
 0001:000193a0       ??1PAUtils@shdfnd@physx@@QAE@XZ 1001a3a0 f   PsWindowsPAEventSrc.obj
 0001:000193e0       ?isEnabled@PAUtils@shdfnd@physx@@QAE_NXZ 1001a3e0 f   PsWindowsPAEventSrc.obj
 0001:00019410       ?isEventEnabled@PAUtils@shdfnd@physx@@QAE_NG@Z 1001a410 f   PsWindowsPAEventSrc.obj
 0001:00019440       ?registerEvent@PAUtils@shdfnd@physx@@QAEGPBD@Z 1001a440 f   PsWindowsPAEventSrc.obj
 0001:000194b0       ?startEvent@PAUtils@shdfnd@physx@@QAEXGG@Z 1001a4b0 f   PsWindowsPAEventSrc.obj
 0001:00019540       ?stopEvent@PAUtils@shdfnd@physx@@QAEXGG@Z 1001a540 f   PsWindowsPAEventSrc.obj
 0001:000195d0       ?statEvent@PAUtils@shdfnd@physx@@QAEXGI@Z 1001a5d0 f   PsWindowsPAEventSrc.obj
 0001:00019610       ?statEvent@PAUtils@shdfnd@physx@@QAEXGII@Z 1001a610 f   PsWindowsPAEventSrc.obj
 0001:00019640       ?debugEvent@PAUtils@shdfnd@physx@@QAEXGII@Z 1001a640 f   PsWindowsPAEventSrc.obj
 0001:00019670       ?rawEvent@PAUtils@shdfnd@physx@@QAEXGIIE@Z 1001a670 f   PsWindowsPAEventSrc.obj
 0001:000196b0       ?rawEventWithTimestamp@PAUtils@shdfnd@physx@@QAE_NG_KIIE@Z 1001a6b0 f   PsWindowsPAEventSrc.obj
 0001:000196f0       ?lock@PAUtils@shdfnd@physx@@QAE_NXZ 1001a6f0 f   PsWindowsPAEventSrc.obj
 0001:00019760       ?unlock@PAUtils@shdfnd@physx@@QAE_NXZ 1001a760 f   PsWindowsPAEventSrc.obj
 0001:00019790       ??0ConnImpl@shdfnd@physx@@QAE@XZ 1001a790 f   PsWindowsPAEventSrc.obj
 0001:000199e0       ??1ConnImpl@shdfnd@physx@@QAE@XZ 1001a9e0 f   PsWindowsPAEventSrc.obj
 0001:00019bf0       ??$?2V?$ReflectionAllocator@VConnImpl@shdfnd@physx@@@shdfnd@physx@@@UserAllocated@shdfnd@physx@@SAPAXIV?$ReflectionAllocator@VConnImpl@shdfnd@physx@@@12@PBDH@Z 1001abf0 f i PsWindowsPAEventSrc.obj
 0001:00019c10       ??0?$ReflectionAllocator@VConnImpl@shdfnd@physx@@@shdfnd@physx@@QAE@PBD@Z 1001ac10 f i PsWindowsPAEventSrc.obj
 0001:00019c30       ??3UserAllocated@shdfnd@physx@@SAXPAX@Z 1001ac30 f i PsWindowsPAEventSrc.obj
 0001:00019c60       ??_GConnImpl@shdfnd@physx@@QAEPAXI@Z 1001ac60 f i PsWindowsPAEventSrc.obj
 0001:00019cc0       ?GetProcID@ConnImpl@shdfnd@physx@@QAEEXZ 1001acc0 f i PsWindowsPAEventSrc.obj
 0001:00019cf0       ?GetThreadPriority@ConnImpl@shdfnd@physx@@QAEIXZ 1001acf0 f i PsWindowsPAEventSrc.obj
 0001:00019d50       ?allocate@?$ReflectionAllocator@VConnImpl@shdfnd@physx@@@shdfnd@physx@@QAEPAXIPBDH@Z 1001ad50 f i PsWindowsPAEventSrc.obj
 0001:00019db0       ?eventEnabled@ConnImpl@shdfnd@physx@@QAE_NG@Z 1001adb0 f i PsWindowsPAEventSrc.obj
 0001:00019df0       ?eventLoggingEnabled@ConnImpl@shdfnd@physx@@QAE_NXZ 1001adf0 f i PsWindowsPAEventSrc.obj
 0001:00019e30       ?getName@?$ReflectionAllocator@VConnImpl@shdfnd@physx@@@shdfnd@physx@@CAPBDXZ 1001ae30 f i PsWindowsPAEventSrc.obj
 0001:00019e80       ?registerEvent@ConnImpl@shdfnd@physx@@QAEGPBD@Z 1001ae80 f i PsWindowsPAEventSrc.obj
 0001:00019ec0       ?submitEvent@ConnImpl@shdfnd@physx@@QAE_NGIIE@Z 1001aec0 f i PsWindowsPAEventSrc.obj
 0001:00019f10       ?printFormatted@shdfnd@physx@@YAXPBDZZ 1001af10 f   PsWindowsPrintString.obj
 0001:00019f60       ?printString@shdfnd@physx@@YAXPBD@Z 1001af60 f   PsWindowsPrintString.obj
 0001:00019fb0       ??$__vcrt_va_start_verify_argument_type@PBD@@YAXXZ 1001afb0 f i PsWindowsPrintString.obj
 0001:00019fc0       ___local_stdio_printf_options 1001afc0 f i PsWindowsPrintString.obj
 0001:00019fd0       __vsprintf_s_l             1001afd0 f i PsWindowsPrintString.obj
 0001:0001a040       _vsprintf_s                1001b040 f i PsWindowsPrintString.obj
 0001:0001a070       ??0SListImpl@shdfnd@physx@@QAE@XZ 1001b070 f   PsWindowsSList.obj
 0001:0001a0a0       ??1SListImpl@shdfnd@physx@@QAE@XZ 1001b0a0 f   PsWindowsSList.obj
 0001:0001a0b0       ?push@SListImpl@shdfnd@physx@@QAEXPAVSListEntry@23@@Z 1001b0b0 f   PsWindowsSList.obj
 0001:0001a0e0       ?pop@SListImpl@shdfnd@physx@@QAEPAVSListEntry@23@XZ 1001b0e0 f   PsWindowsSList.obj
 0001:0001a100       ?flush@SListImpl@shdfnd@physx@@QAEPAVSListEntry@23@XZ 1001b100 f   PsWindowsSList.obj
 0001:0001a120       ?getSize@SListImpl@shdfnd@physx@@SAABIXZ 1001b120 f   PsWindowsSList.obj
 0001:0001a170       ??4SListImpl@shdfnd@physx@@QAEAAU012@ABU012@@Z 1001b170 f i PsWindowsSList.obj
 0001:0001a190       ??0Socket@shdfnd@physx@@QAE@_N@Z 1001b190 f   PsWindowsSocket.obj
 0001:0001a280       ??1Socket@shdfnd@physx@@UAE@XZ 1001b280 f   PsWindowsSocket.obj
 0001:0001a2e0       ?connect@Socket@shdfnd@physx@@QAE_NPBDGI@Z 1001b2e0 f   PsWindowsSocket.obj
 0001:0001a310       ?listen@Socket@shdfnd@physx@@QAE_NGPAVConnection@123@@Z 1001b310 f   PsWindowsSocket.obj
 0001:0001a340       ?disconnect@Socket@shdfnd@physx@@QAEXXZ 1001b340 f   PsWindowsSocket.obj
 0001:0001a360       ?isConnected@Socket@shdfnd@physx@@QBE_NXZ 1001b360 f   PsWindowsSocket.obj
 0001:0001a380       ?getHost@Socket@shdfnd@physx@@QBEPBDXZ 1001b380 f   PsWindowsSocket.obj
 0001:0001a3a0       ?getPort@Socket@shdfnd@physx@@QBEGXZ 1001b3a0 f   PsWindowsSocket.obj
 0001:0001a3c0       ?flush@Socket@shdfnd@physx@@QAE_NXZ 1001b3c0 f   PsWindowsSocket.obj
 0001:0001a400       ?write@Socket@shdfnd@physx@@QAEIPBEI@Z 1001b400 f   PsWindowsSocket.obj
 0001:0001a440       ?read@Socket@shdfnd@physx@@QAEIPAEI@Z 1001b440 f   PsWindowsSocket.obj
 0001:0001a480       ?setBlocking@Socket@shdfnd@physx@@QAEX_N@Z 1001b480 f   PsWindowsSocket.obj
 0001:0001a4c0       ?isBlocking@Socket@shdfnd@physx@@QBE_NXZ 1001b4c0 f   PsWindowsSocket.obj
 0001:0001a4f0       ??0SocketImpl@shdfnd@physx@@QAE@XZ 1001b4f0 f   PsWindowsSocket.obj
 0001:0001a5b0       ??1SocketImpl@shdfnd@physx@@UAE@XZ 1001b5b0 f   PsWindowsSocket.obj
 0001:0001a5e0       ?connect@SocketImpl@shdfnd@physx@@QAE_NPBDGI@Z 1001b5e0 f   PsWindowsSocket.obj
 0001:0001a880       ?listen@SocketImpl@shdfnd@physx@@QAE_NGPAVConnection@Socket@23@@Z 1001b880 f   PsWindowsSocket.obj
 0001:0001a950       ?disconnect@SocketImpl@shdfnd@physx@@QAEXXZ 1001b950 f   PsWindowsSocket.obj
 0001:0001a9e0       ?setBlocking@SocketImpl@shdfnd@physx@@QAEX_N@Z 1001b9e0 f   PsWindowsSocket.obj
 0001:0001aa40       ?write@SocketImpl@shdfnd@physx@@UAEIPBEI@Z 1001ba40 f   PsWindowsSocket.obj
 0001:0001aaa0       ?flush@SocketImpl@shdfnd@physx@@UAE_NXZ 1001baa0 f   PsWindowsSocket.obj
 0001:0001aab0       ?read@SocketImpl@shdfnd@physx@@QAEIPAEI@Z 1001bab0 f   PsWindowsSocket.obj
 0001:0001ab70       ?execute@SocketImpl@shdfnd@physx@@UAEXXZ 1001bb70 f   PsWindowsSocket.obj
 0001:0001abe0       ??0BufferedSocketImpl@shdfnd@physx@@QAE@XZ 1001bbe0 f   PsWindowsSocket.obj
 0001:0001ac10       ?flush@BufferedSocketImpl@shdfnd@physx@@UAE_NXZ 1001bc10 f   PsWindowsSocket.obj
 0001:0001aca0       ?write@BufferedSocketImpl@shdfnd@physx@@UAEIPBEI@Z 1001bca0 f   PsWindowsSocket.obj
 0001:0001b0b0       ??0?$ReflectionAllocator@VThreadImpl@shdfnd@physx@@@shdfnd@physx@@QAE@ABV012@@Z 1001c0b0 f i PsWindowsSocket.obj
 0001:0001b0d0       ??0?$ReflectionAllocator@VThreadImpl@shdfnd@physx@@@shdfnd@physx@@QAE@PBD@Z 1001c0d0 f i PsWindowsSocket.obj
 0001:0001b0f0       ??0?$ThreadT@V?$ReflectionAllocator@VThreadImpl@shdfnd@physx@@@shdfnd@physx@@@shdfnd@physx@@QAE@ABV?$ReflectionAllocator@VThreadImpl@shdfnd@physx@@@12@@Z 1001c0f0 f i PsWindowsSocket.obj
 0001:0001b1a0       ??0Runnable@shdfnd@physx@@QAE@XZ 1001c1a0 f i PsWindowsSocket.obj
 0001:0001b1c0       ??0Socket@shdfnd@physx@@QAE@ABV012@@Z 1001c1c0 f i PsWindowsSocket.obj
 0001:0001b210       ??1?$ThreadT@V?$ReflectionAllocator@VThreadImpl@shdfnd@physx@@@shdfnd@physx@@@shdfnd@physx@@UAE@XZ 1001c210 f i PsWindowsSocket.obj
 0001:0001b260       ??1BufferedSocketImpl@shdfnd@physx@@UAE@XZ 1001c260 f i PsWindowsSocket.obj
 0001:0001b290       ??1Runnable@shdfnd@physx@@UAE@XZ 1001c290 f i PsWindowsSocket.obj
 0001:0001b2b0       ??2UserAllocated@shdfnd@physx@@SAPAXIPAX@Z 1001c2b0 f i PsWindowsSocket.obj
 0001:0001b2c0       ??4Socket@shdfnd@physx@@QAEAAV012@ABV012@@Z 1001c2c0 f i PsWindowsSocket.obj
 0001:0001b2f0       ??_ESocket@shdfnd@physx@@UAEPAXI@Z 1001c2f0 f i PsWindowsSocket.obj
 0001:0001b3d0       ??_FSocket@shdfnd@physx@@QAEXXZ 1001c3d0 f i PsWindowsSocket.obj
 0001:0001b3f0       ??_G?$ThreadT@V?$ReflectionAllocator@VThreadImpl@shdfnd@physx@@@shdfnd@physx@@@shdfnd@physx@@UAEPAXI@Z 1001c3f0 f i PsWindowsSocket.obj
 0001:0001b3f0       ??_E?$ThreadT@V?$ReflectionAllocator@VThreadImpl@shdfnd@physx@@@shdfnd@physx@@@shdfnd@physx@@UAEPAXI@Z 1001c3f0 f i PsWindowsSocket.obj
 0001:0001b450       ??_GBufferedSocketImpl@shdfnd@physx@@UAEPAXI@Z 1001c450 f i PsWindowsSocket.obj
 0001:0001b450       ??_EBufferedSocketImpl@shdfnd@physx@@UAEPAXI@Z 1001c450 f i PsWindowsSocket.obj
 0001:0001b4b0       ??_ERunnable@shdfnd@physx@@UAEPAXI@Z 1001c4b0 f i PsWindowsSocket.obj
 0001:0001b4b0       ??_GRunnable@shdfnd@physx@@UAEPAXI@Z 1001c4b0 f i PsWindowsSocket.obj
 0001:0001b4f0       ??_GSocket@shdfnd@physx@@UAEPAXI@Z 1001c4f0 f i PsWindowsSocket.obj
 0001:0001b550       ??_GSocketImpl@shdfnd@physx@@UAEPAXI@Z 1001c550 f i PsWindowsSocket.obj
 0001:0001b550       ??_ESocketImpl@shdfnd@physx@@UAEPAXI@Z 1001c550 f i PsWindowsSocket.obj
 0001:0001b5b0       ??_GThreadImpl@shdfnd@physx@@QAEPAXI@Z 1001c5b0 f i PsWindowsSocket.obj
 0001:0001b5f0       ??_VUserAllocated@shdfnd@physx@@SAXPAX@Z 1001c5f0 f i PsWindowsSocket.obj
 0001:0001b620       ?PxMemCopy@physx@@YAPAXPIAXPIBXI@Z 1001c620 f i PsWindowsSocket.obj
 0001:0001b640       ?PxMemSet@physx@@YAPAXPIAXHI@Z 1001c640 f i PsWindowsSocket.obj
 0001:0001b660       ?__global_array_delete@@YAXPAX@Z 1001c660 f i PsWindowsSocket.obj
 0001:0001b680       ?__global_array_delete@@YAXPAXI@Z 1001c680 f i PsWindowsSocket.obj
 0001:0001b6a0       ?__global_delete@@YAXPAX@Z 1001c6a0 f i PsWindowsSocket.obj
 0001:0001b6c0       ?__global_delete@@YAXPAXI@Z 1001c6c0 f i PsWindowsSocket.obj
 0001:0001b6e0       ?allocate@?$ReflectionAllocator@VThreadImpl@shdfnd@physx@@@shdfnd@physx@@QAEPAXIPBDH@Z 1001c6e0 f i PsWindowsSocket.obj
 0001:0001b740       ?deallocate@?$ReflectionAllocator@VThreadImpl@shdfnd@physx@@@shdfnd@physx@@QAEXPAX@Z 1001c740 f i PsWindowsSocket.obj
 0001:0001b780       ?execute@?$ThreadT@V?$ReflectionAllocator@VThreadImpl@shdfnd@physx@@@shdfnd@physx@@@shdfnd@physx@@UAEXXZ 1001c780 f i PsWindowsSocket.obj
 0001:0001b790       ?execute@Runnable@shdfnd@physx@@UAEXXZ 1001c790 f i PsWindowsSocket.obj
 0001:0001b7a0       ?getDefaultStackSize@?$ThreadT@V?$ReflectionAllocator@VThreadImpl@shdfnd@physx@@@shdfnd@physx@@@shdfnd@physx@@SAIXZ 1001c7a0 f i PsWindowsSocket.obj
 0001:0001b7b0       ?getHost@SocketImpl@shdfnd@physx@@QBEPBDXZ 1001c7b0 f i PsWindowsSocket.obj
 0001:0001b7d0       ?getName@?$ReflectionAllocator@VThreadImpl@shdfnd@physx@@@shdfnd@physx@@CAPBDXZ 1001c7d0 f i PsWindowsSocket.obj
 0001:0001b820       ?getPort@SocketImpl@shdfnd@physx@@QBEGXZ 1001c820 f i PsWindowsSocket.obj
 0001:0001b840       ?isBlocking@SocketImpl@shdfnd@physx@@QBE_NXZ 1001c840 f i PsWindowsSocket.obj
 0001:0001b860       ?isConnected@SocketImpl@shdfnd@physx@@QBE_NXZ 1001c860 f i PsWindowsSocket.obj
 0001:0001b880       ?memCopy@intrinsics@physx@@YAPAXPIAXPIBXI@Z 1001c880 f i PsWindowsSocket.obj
 0001:0001b8a0       ?memSet@intrinsics@physx@@YAPAXPIAXHI@Z 1001c8a0 f i PsWindowsSocket.obj
 0001:0001b8c0       ?quit@?$ThreadT@V?$ReflectionAllocator@VThreadImpl@shdfnd@physx@@@shdfnd@physx@@@shdfnd@physx@@QAEXXZ 1001c8c0 f i PsWindowsSocket.obj
 0001:0001b8e0       ?quitIsSignalled@?$ThreadT@V?$ReflectionAllocator@VThreadImpl@shdfnd@physx@@@shdfnd@physx@@@shdfnd@physx@@QAE_NXZ 1001c8e0 f i PsWindowsSocket.obj
 0001:0001b900       ?signalQuit@?$ThreadT@V?$ReflectionAllocator@VThreadImpl@shdfnd@physx@@@shdfnd@physx@@@shdfnd@physx@@QAEXXZ 1001c900 f i PsWindowsSocket.obj
 0001:0001b920       ?sleep@?$ThreadT@V?$ReflectionAllocator@VThreadImpl@shdfnd@physx@@@shdfnd@physx@@@shdfnd@physx@@SAXI@Z 1001c920 f i PsWindowsSocket.obj
 0001:0001b940       ?start@?$ThreadT@V?$ReflectionAllocator@VThreadImpl@shdfnd@physx@@@shdfnd@physx@@@shdfnd@physx@@QAEXI@Z 1001c940 f i PsWindowsSocket.obj
 0001:0001b970       ?waitForQuit@?$ThreadT@V?$ReflectionAllocator@VThreadImpl@shdfnd@physx@@@shdfnd@physx@@@shdfnd@physx@@QAE_NXZ 1001c970 f i PsWindowsSocket.obj
 0001:0001b990       ??0SyncImpl@shdfnd@physx@@QAE@XZ 1001c990 f   PsWindowsSync.obj
 0001:0001b9c0       ??1SyncImpl@shdfnd@physx@@QAE@XZ 1001c9c0 f   PsWindowsSync.obj
 0001:0001b9e0       ?wait@SyncImpl@shdfnd@physx@@QAE_NI@Z 1001c9e0 f   PsWindowsSync.obj
 0001:0001ba30       ?set@SyncImpl@shdfnd@physx@@QAEXXZ 1001ca30 f   PsWindowsSync.obj
 0001:0001ba50       ?reset@SyncImpl@shdfnd@physx@@QAEXXZ 1001ca50 f   PsWindowsSync.obj
 0001:0001ba70       ?getSize@SyncImpl@shdfnd@physx@@SAABIXZ 1001ca70 f   PsWindowsSync.obj
 0001:0001bad0       ??4SyncImpl@shdfnd@physx@@QAEAAV012@ABV012@@Z 1001cad0 f i PsWindowsSync.obj
 0001:0001baf0       ?getDefaultStackSize@ThreadImpl@shdfnd@physx@@SAIXZ 1001caf0 f   PsWindowsThread.obj
 0001:0001bb00       ?getId@ThreadImpl@shdfnd@physx@@SAIXZ 1001cb00 f   PsWindowsThread.obj
 0001:0001bb10       ??0ThreadImpl@shdfnd@physx@@QAE@XZ 1001cb10 f   PsWindowsThread.obj
 0001:0001bb90       ??0ThreadImpl@shdfnd@physx@@QAE@P6APAXPAX@Z0@Z 1001cb90 f   PsWindowsThread.obj
 0001:0001bc20       ??1ThreadImpl@shdfnd@physx@@QAE@XZ 1001cc20 f   PsWindowsThread.obj
 0001:0001bc60       ?start@ThreadImpl@shdfnd@physx@@QAEXIPAVRunnable@23@@Z 1001cc60 f   PsWindowsThread.obj
 0001:0001bd50       ?kill@ThreadImpl@shdfnd@physx@@QAEXXZ 1001cd50 f   PsWindowsThread.obj
 0001:0001bda0       ?signalQuit@ThreadImpl@shdfnd@physx@@QAEXXZ 1001cda0 f   PsWindowsThread.obj
 0001:0001bdc0       ?waitForQuit@ThreadImpl@shdfnd@physx@@QAE_NXZ 1001cdc0 f   PsWindowsThread.obj
 0001:0001be00       ?quitIsSignalled@ThreadImpl@shdfnd@physx@@QAE_NXZ 1001ce00 f   PsWindowsThread.obj
 0001:0001be40       ?quit@ThreadImpl@shdfnd@physx@@QAEXXZ 1001ce40 f   PsWindowsThread.obj
 0001:0001be70       ?setAffinityMask@ThreadImpl@shdfnd@physx@@QAEII@Z 1001ce70 f   PsWindowsThread.obj
 0001:0001bed0       ?getPriority@ThreadImpl@shdfnd@physx@@SA?AW4Enum@ThreadPriority@23@I@Z 1001ced0 f   PsWindowsThread.obj
 0001:0001bf30       ?setPriority@ThreadImpl@shdfnd@physx@@QAEXW4Enum@ThreadPriority@23@@Z 1001cf30 f   PsWindowsThread.obj
 0001:0001bff0       ?setName@ThreadImpl@shdfnd@physx@@QAEXPBD@Z 1001cff0 f   PsWindowsThread.obj
 0001:0001c090       ?sleep@ThreadImpl@shdfnd@physx@@SAXI@Z 1001d090 f   PsWindowsThread.obj
 0001:0001c0a0       ?yield@ThreadImpl@shdfnd@physx@@SAXXZ 1001d0a0 f   PsWindowsThread.obj
 0001:0001c0b0       ?getNbPhysicalCores@ThreadImpl@shdfnd@physx@@SAIXZ 1001d0b0 f   PsWindowsThread.obj
 0001:0001c230       ?getSize@ThreadImpl@shdfnd@physx@@SAABIXZ 1001d230 f   PsWindowsThread.obj
 0001:0001c240       ?TlsAlloc@shdfnd@physx@@YAIXZ 1001d240 f   PsWindowsThread.obj
 0001:0001c2a0       ?TlsFree@shdfnd@physx@@YAXI@Z 1001d2a0 f   PsWindowsThread.obj
 0001:0001c2b0       ?TlsGet@shdfnd@physx@@YAPAXI@Z 1001d2b0 f   PsWindowsThread.obj
 0001:0001c2c0       ?TlsSet@shdfnd@physx@@YAIIPAX@Z 1001d2c0 f   PsWindowsThread.obj
 0001:0001c560       ??$PX_UNUSED@K@@YAXABK@Z   1001d560 f i PsWindowsThread.obj
 0001:0001c570       ?getBootCounterFrequency@Time@shdfnd@physx@@SAABUCounterFrequencyToTensOfNanos@23@XZ 1001d570 f   PsWindowsTime.obj
 0001:0001c580       ?getCounterFrequency@Time@shdfnd@physx@@SA?AUCounterFrequencyToTensOfNanos@23@XZ 1001d580 f   PsWindowsTime.obj
 0001:0001c5b0       ?getCurrentCounterValue@Time@shdfnd@physx@@SA_KXZ 1001d5b0 f   PsWindowsTime.obj
 0001:0001c5d0       ??0Time@shdfnd@physx@@QAE@XZ 1001d5d0 f   PsWindowsTime.obj
 0001:0001c600       ?getElapsedSeconds@Time@shdfnd@physx@@QAENXZ 1001d600 f   PsWindowsTime.obj
 0001:0001c650       ?peekElapsedSeconds@Time@shdfnd@physx@@QAENXZ 1001d650 f   PsWindowsTime.obj
 0001:0001c690       ?getLastTime@Time@shdfnd@physx@@QBENXZ 1001d690 f   PsWindowsTime.obj
 0001:0001c780       ??0CounterFrequencyToTensOfNanos@shdfnd@physx@@QAE@_K0@Z 1001d780 f i PsWindowsTime.obj
 0001:0001c7c0       ??4Time@shdfnd@physx@@QAEAAV012@$$QAV012@@Z 1001d7c0 f i PsWindowsTime.obj
 0001:0001c7f0       ??4Time@shdfnd@physx@@QAEAAV012@ABV012@@Z 1001d7f0 f i PsWindowsTime.obj
 0001:0001c820       ?getCurrentTimeInTensOfNanoSeconds@Time@shdfnd@physx@@SA_KXZ 1001d820 f i PsWindowsTime.obj
 0001:0001c860       ?toTensOfNanos@CounterFrequencyToTensOfNanos@shdfnd@physx@@QBE_K_K@Z 1001d860 f i PsWindowsTime.obj
 0001:0001c8b0       ?allocate@Allocator@shdfnd@physx@@QAEPAXIPBDH@Z 1001d8b0 f   PsAllocator.obj
 0001:0001c8f0       ?deallocate@Allocator@shdfnd@physx@@QAEXPAX@Z 1001d8f0 f   PsAllocator.obj
 0001:0001c920       ??0NamedAllocator@shdfnd@physx@@QAE@ABW4PxEMPTY@2@@Z 1001d920 f   PsAllocator.obj
 0001:0001c960       ??0NamedAllocator@shdfnd@physx@@QAE@PBD@Z 1001d960 f   PsAllocator.obj
 0001:0001c9a0       ??0NamedAllocator@shdfnd@physx@@QAE@ABV012@@Z 1001d9a0 f   PsAllocator.obj
 0001:0001ca40       ??1NamedAllocator@shdfnd@physx@@QAE@XZ 1001da40 f   PsAllocator.obj
 0001:0001cad0       ??4NamedAllocator@shdfnd@physx@@QAEAAV012@ABV012@@Z 1001dad0 f   PsAllocator.obj
 0001:0001cb70       ?allocate@NamedAllocator@shdfnd@physx@@QAEPAXIPBDH@Z 1001db70 f   PsAllocator.obj
 0001:0001cc20       ?deallocate@NamedAllocator@shdfnd@physx@@QAEXPAX@Z 1001dc20 f   PsAllocator.obj
 0001:0001cd40       ??$PX_UNUSED@_N@@YAXAB_N@Z 1001dd40 f i PsAllocator.obj
 0001:0001cd50       ??0?$Pair@QBVNamedAllocator@shdfnd@physx@@PBD@shdfnd@physx@@QAE@ABQBVNamedAllocator@12@ABQBD@Z 1001dd50 f i PsAllocator.obj
 0001:0001cd80       ??0?$Pair@QBVNamedAllocator@shdfnd@physx@@PBD@shdfnd@physx@@QAE@ABV012@@Z 1001dd80 f i PsAllocator.obj
 0001:0001cdb0       ??0ScopedLock@?$MutexT@VAllocator@shdfnd@physx@@@shdfnd@physx@@QAE@AAV123@@Z 1001ddb0 f i PsAllocator.obj
 0001:0001cde0       ??1ScopedLock@?$MutexT@VAllocator@shdfnd@physx@@@shdfnd@physx@@QAE@XZ 1001dde0 f i PsAllocator.obj
 0001:0001ce00       ??A?$HashMapBase@PBVNamedAllocator@shdfnd@physx@@PBDU?$Hash@PBVNamedAllocator@shdfnd@physx@@@23@VNonTrackingAllocator@23@@internal@shdfnd@physx@@QAEAAPBDABQBVNamedAllocator@23@@Z 1001de00 f i PsAllocator.obj
 0001:0001ce90       ??R?$Hash@PBVNamedAllocator@shdfnd@physx@@@shdfnd@physx@@QBEIABQBVNamedAllocator@12@@Z 1001de90 f i PsAllocator.obj
 0001:0001cec0       ??R?$Hash@PBVNamedAllocator@shdfnd@physx@@@shdfnd@physx@@QBE_NABQBVNamedAllocator@12@0@Z 1001dec0 f i PsAllocator.obj
 0001:0001cf00       ??RGetKey@?$HashMapBase@PBVNamedAllocator@shdfnd@physx@@PBDU?$Hash@PBVNamedAllocator@shdfnd@physx@@@23@VNonTrackingAllocator@23@@internal@shdfnd@physx@@QAEABQBVNamedAllocator@34@ABV?$Pair@QBVNamedAllocator@shdfnd@physx@@PBD@34@@Z 1001df00 f i PsAllocator.obj
 0001:0001cf20       ?allocate@NonTrackingAllocator@shdfnd@physx@@QAEPAXIPBDH@Z 1001df20 f i PsAllocator.obj
 0001:0001cf80       ?create@?$HashBase@V?$Pair@QBVNamedAllocator@shdfnd@physx@@PBD@shdfnd@physx@@PBVNamedAllocator@23@U?$Hash@PBVNamedAllocator@shdfnd@physx@@@23@UGetKey@?$HashMapBase@PBVNamedAllocator@shdfnd@physx@@PBDU?$Hash@PBVNamedAllocator@shdfnd@physx@@@23@VNonTrackingAllocator@23@@internal@23@VNonTrackingAllocator@23@$00@internal@shdfnd@physx@@QAEPAV?$Pair@QBVNamedAllocator@shdfnd@physx@@PBD@34@ABQBVNamedAllocator@34@AA_N@Z 1001df80 f i PsAllocator.obj
 0001:0001d120       ?deallocate@NonTrackingAllocator@shdfnd@physx@@QAEXPAX@Z 1001e120 f i PsAllocator.obj
 0001:0001d170       ?erase@?$HashBase@V?$Pair@QBVNamedAllocator@shdfnd@physx@@PBD@shdfnd@physx@@PBVNamedAllocator@23@U?$Hash@PBVNamedAllocator@shdfnd@physx@@@23@UGetKey@?$HashMapBase@PBVNamedAllocator@shdfnd@physx@@PBDU?$Hash@PBVNamedAllocator@shdfnd@physx@@@23@VNonTrackingAllocator@23@@internal@23@VNonTrackingAllocator@23@$00@internal@shdfnd@physx@@QAE_NABQBVNamedAllocator@34@@Z 1001e170 f i PsAllocator.obj
 0001:0001d2b0       ?erase@?$HashMapBase@PBVNamedAllocator@shdfnd@physx@@PBDU?$Hash@PBVNamedAllocator@shdfnd@physx@@@23@VNonTrackingAllocator@23@@internal@shdfnd@physx@@QAE_NABQBVNamedAllocator@34@@Z 1001e2b0 f i PsAllocator.obj
 0001:0001d2d0       ?find@?$HashBase@V?$Pair@QBVNamedAllocator@shdfnd@physx@@PBD@shdfnd@physx@@PBVNamedAllocator@23@U?$Hash@PBVNamedAllocator@shdfnd@physx@@@23@UGetKey@?$HashMapBase@PBVNamedAllocator@shdfnd@physx@@PBDU?$Hash@PBVNamedAllocator@shdfnd@physx@@@23@VNonTrackingAllocator@23@@internal@23@VNonTrackingAllocator@23@$00@internal@shdfnd@physx@@QBEPBV?$Pair@QBVNamedAllocator@shdfnd@physx@@PBD@34@ABQBVNamedAllocator@34@@Z 1001e2d0 f i PsAllocator.obj
 0001:0001d3a0       ?find@?$HashMapBase@PBVNamedAllocator@shdfnd@physx@@PBDU?$Hash@PBVNamedAllocator@shdfnd@physx@@@23@VNonTrackingAllocator@23@@internal@shdfnd@physx@@QBEPBV?$Pair@QBVNamedAllocator@shdfnd@physx@@PBD@34@ABQBVNamedAllocator@34@@Z 1001e3a0 f i PsAllocator.obj
 0001:0001d3c0       ?freeListAdd@?$HashBase@V?$Pair@QBVNamedAllocator@shdfnd@physx@@PBD@shdfnd@physx@@PBVNamedAllocator@23@U?$Hash@PBVNamedAllocator@shdfnd@physx@@@23@UGetKey@?$HashMapBase@PBVNamedAllocator@shdfnd@physx@@PBDU?$Hash@PBVNamedAllocator@shdfnd@physx@@@23@VNonTrackingAllocator@23@@internal@23@VNonTrackingAllocator@23@$00@internal@shdfnd@physx@@AAEXI@Z 1001e3c0 f i PsAllocator.obj
 0001:0001d470       ?freeListAdd@?$HashBase@V?$Pair@QBVNamedAllocator@shdfnd@physx@@PBD@shdfnd@physx@@PBVNamedAllocator@23@U?$Hash@PBVNamedAllocator@shdfnd@physx@@@23@UGetKey@?$HashMapBase@PBVNamedAllocator@shdfnd@physx@@PBDU?$Hash@PBVNamedAllocator@shdfnd@physx@@@23@VNonTrackingAllocator@23@@internal@23@VNonTrackingAllocator@23@$00@internal@shdfnd@physx@@AAEXII@Z 1001e470 f i PsAllocator.obj
 0001:0001d560       ?freeListEmpty@?$HashBase@V?$Pair@QBVNamedAllocator@shdfnd@physx@@PBD@shdfnd@physx@@PBVNamedAllocator@23@U?$Hash@PBVNamedAllocator@shdfnd@physx@@@23@UGetKey@?$HashMapBase@PBVNamedAllocator@shdfnd@physx@@PBDU?$Hash@PBVNamedAllocator@shdfnd@physx@@@23@VNonTrackingAllocator@23@@internal@23@VNonTrackingAllocator@23@$00@internal@shdfnd@physx@@ABE_NXZ 1001e560 f i PsAllocator.obj
 0001:0001d5d0       ?freeListGetNext@?$HashBase@V?$Pair@QBVNamedAllocator@shdfnd@physx@@PBD@shdfnd@physx@@PBVNamedAllocator@23@U?$Hash@PBVNamedAllocator@shdfnd@physx@@@23@UGetKey@?$HashMapBase@PBVNamedAllocator@shdfnd@physx@@PBDU?$Hash@PBVNamedAllocator@shdfnd@physx@@@23@VNonTrackingAllocator@23@@internal@23@VNonTrackingAllocator@23@$00@internal@shdfnd@physx@@AAEIXZ 1001e5d0 f i PsAllocator.obj
 0001:0001d730       ?grow@?$HashBase@V?$Pair@QBVNamedAllocator@shdfnd@physx@@PBD@shdfnd@physx@@PBVNamedAllocator@23@U?$Hash@PBVNamedAllocator@shdfnd@physx@@@23@UGetKey@?$HashMapBase@PBVNamedAllocator@shdfnd@physx@@PBDU?$Hash@PBVNamedAllocator@shdfnd@physx@@@23@VNonTrackingAllocator@23@@internal@23@VNonTrackingAllocator@23@$00@internal@shdfnd@physx@@AAEXXZ 1001e730 f i PsAllocator.obj
 0001:0001d7f0       ?hash@?$HashBase@V?$Pair@QBVNamedAllocator@shdfnd@physx@@PBD@shdfnd@physx@@PBVNamedAllocator@23@U?$Hash@PBVNamedAllocator@shdfnd@physx@@@23@UGetKey@?$HashMapBase@PBVNamedAllocator@shdfnd@physx@@PBDU?$Hash@PBVNamedAllocator@shdfnd@physx@@@23@VNonTrackingAllocator@23@@internal@23@VNonTrackingAllocator@23@$00@internal@shdfnd@physx@@ABEIABQBVNamedAllocator@34@@Z 1001e7f0 f i PsAllocator.obj
 0001:0001d820       ?hash@?$HashBase@V?$Pair@QBVNamedAllocator@shdfnd@physx@@PBD@shdfnd@physx@@PBVNamedAllocator@23@U?$Hash@PBVNamedAllocator@shdfnd@physx@@@23@UGetKey@?$HashMapBase@PBVNamedAllocator@shdfnd@physx@@PBDU?$Hash@PBVNamedAllocator@shdfnd@physx@@@23@VNonTrackingAllocator@23@@internal@23@VNonTrackingAllocator@23@$00@internal@shdfnd@physx@@ABEIABQBVNamedAllocator@34@I@Z 1001e820 f i PsAllocator.obj
 0001:0001d850       ?hash@shdfnd@physx@@YAII@Z 1001e850 f i PsAllocator.obj
 0001:0001d8d0       ?hash@shdfnd@physx@@YAIPBX@Z 1001e8d0 f i PsAllocator.obj
 0001:0001d8f0       ?insert@?$HashMapBase@PBVNamedAllocator@shdfnd@physx@@PBDU?$Hash@PBVNamedAllocator@shdfnd@physx@@@23@VNonTrackingAllocator@23@@internal@shdfnd@physx@@QAE_NQBVNamedAllocator@34@QBD@Z 1001e8f0 f i PsAllocator.obj
 0001:0001d990       ?isPowerOfTwo@shdfnd@physx@@YA_NI@Z 1001e990 f i PsAllocator.obj
 0001:0001d9d0       ?lock@?$MutexT@VAllocator@shdfnd@physx@@@shdfnd@physx@@QBEXXZ 1001e9d0 f i PsAllocator.obj
 0001:0001d9f0       ?nextPowerOfTwo@shdfnd@physx@@YAII@Z 1001e9f0 f i PsAllocator.obj
 0001:0001da50       ?replaceWithLast@?$HashBase@V?$Pair@QBVNamedAllocator@shdfnd@physx@@PBD@shdfnd@physx@@PBVNamedAllocator@23@U?$Hash@PBVNamedAllocator@shdfnd@physx@@@23@UGetKey@?$HashMapBase@PBVNamedAllocator@shdfnd@physx@@PBDU?$Hash@PBVNamedAllocator@shdfnd@physx@@@23@VNonTrackingAllocator@23@@internal@23@VNonTrackingAllocator@23@$00@internal@shdfnd@physx@@AAEXI@Z 1001ea50 f i PsAllocator.obj
 0001:0001dba0       ?reserve@?$HashBase@V?$Pair@QBVNamedAllocator@shdfnd@physx@@PBD@shdfnd@physx@@PBVNamedAllocator@23@U?$Hash@PBVNamedAllocator@shdfnd@physx@@@23@UGetKey@?$HashMapBase@PBVNamedAllocator@shdfnd@physx@@PBDU?$Hash@PBVNamedAllocator@shdfnd@physx@@@23@VNonTrackingAllocator@23@@internal@23@VNonTrackingAllocator@23@$00@internal@shdfnd@physx@@QAEXI@Z 1001eba0 f i PsAllocator.obj
 0001:0001dbd0       ?reserveInternal@?$HashBase@V?$Pair@QBVNamedAllocator@shdfnd@physx@@PBD@shdfnd@physx@@PBVNamedAllocator@23@U?$Hash@PBVNamedAllocator@shdfnd@physx@@@23@UGetKey@?$HashMapBase@PBVNamedAllocator@shdfnd@physx@@PBDU?$Hash@PBVNamedAllocator@shdfnd@physx@@@23@VNonTrackingAllocator@23@@internal@23@VNonTrackingAllocator@23@$00@internal@shdfnd@physx@@AAEXI@Z 1001ebd0 f i PsAllocator.obj
 0001:0001e080       ?unlock@?$MutexT@VAllocator@shdfnd@physx@@@shdfnd@physx@@QBEXXZ 1001f080 f i PsAllocator.obj
 0001:0001e0a0       ?PxGetAssertHandler@physx@@YAAAVPxAssertHandler@1@XZ 1001f0a0 f   PsAssert.obj
 0001:0001e0b0       ?PxSetAssertHandler@physx@@YAXAAVPxAssertHandler@1@@Z 1001f0b0 f   PsAssert.obj
 0001:0001e0d0       ??$__vcrt_va_start_verify_argument_type@QBD@@YAXXZ 1001f0d0 f i PsAssert.obj
 0001:0001e110       ??0PxAssertHandler@physx@@QAE@XZ 1001f110 f i PsAssert.obj
 0001:0001e150       ??1PxAssertHandler@physx@@UAE@XZ 1001f150 f i PsAssert.obj
 0001:0001e250       ??_EDefaultAssertHandler@?A0x8c7671c9@@UAEPAXI@Z 1001f250 f i PsAssert.obj
 0001:0001e250       ??_GDefaultAssertHandler@?A0x8c7671c9@@UAEPAXI@Z 1001f250 f i PsAssert.obj
 0001:0001e290       ??_GPxAssertHandler@physx@@UAEPAXI@Z 1001f290 f i PsAssert.obj
 0001:0001e290       ??_EPxAssertHandler@physx@@UAEPAXI@Z 1001f290 f i PsAssert.obj
 0001:0001e2d0       __vsnprintf_l              1001f2d0 f i PsAssert.obj
 0001:0001e340       __vsprintf_l               1001f340 f i PsAssert.obj
 0001:0001e370       _sprintf                   1001f370 f i PsAssert.obj
 0001:0001e3c0       ??0ErrorHandler@shdfnd@physx@@QAE@XZ 1001f3c0 f   PsErrorHandler.obj
 0001:0001e410       ??1ErrorHandler@shdfnd@physx@@QAE@XZ 1001f410 f   PsErrorHandler.obj
 0001:0001e470       ?reportError@ErrorHandler@shdfnd@physx@@QAEXW4Enum@PxErrorCode@3@PBD1H@Z 1001f470 f   PsErrorHandler.obj
 0001:0001e4f0       ?registerErrorCallback@ErrorHandler@shdfnd@physx@@QAEHAAVPxErrorCallback@3@@Z 1001f4f0 f   PsErrorHandler.obj
 0001:0001e5c0       ?unRegisterErrorCallback@ErrorHandler@shdfnd@physx@@QAEXAAVPxErrorCallback@3@@Z 1001f5c0 f   PsErrorHandler.obj
 0001:0001e610       ?unRegisterErrorCallback@ErrorHandler@shdfnd@physx@@QAEXH@Z 1001f610 f   PsErrorHandler.obj
 0001:0001e750       ?lowestSetBit@shdfnd@physx@@YAII@Z 1001f750 f i PsErrorHandler.obj
 0001:0001e7b0       ?lowestSetBitUnsafe@shdfnd@physx@@YAII@Z 1001f7b0 f i PsErrorHandler.obj
 0001:0001e7d0       ?createFastIPC@shdfnd@physx@@YAPAVPxIPC@12@AAW4ErrorCode@312@W4ConnectionType@312@PBDII_N3I@Z 1001f7d0 f   PsFastIPC.obj
 0001:0001e8c0       ??$?2V?$ReflectionAllocator@VFastIPC@shdfnd@physx@@@shdfnd@physx@@@UserAllocated@shdfnd@physx@@SAPAXIV?$ReflectionAllocator@VFastIPC@shdfnd@physx@@@12@PBDH@Z 1001f8c0 f i PsFastIPC.obj
 0001:0001e8e0       ??$?2V?$ReflectionAllocator@VMemoryMappedFile@shdfnd@physx@@@shdfnd@physx@@@UserAllocated@shdfnd@physx@@SAPAXIV?$ReflectionAllocator@VMemoryMappedFile@shdfnd@physx@@@12@PBDH@Z 1001f8e0 f i PsFastIPC.obj
 0001:0001e900       ??$?2V?$ReflectionAllocator@VMultiPartData@PxRingBuffer@shdfnd@physx@@@shdfnd@physx@@@UserAllocated@shdfnd@physx@@SAPAXIV?$ReflectionAllocator@VMultiPartData@PxRingBuffer@shdfnd@physx@@@12@PBDH@Z 1001f900 f i PsFastIPC.obj
 0001:0001e920       ??$?2V?$ReflectionAllocator@VMultiPartPacket@PxRingBuffer@shdfnd@physx@@@shdfnd@physx@@@UserAllocated@shdfnd@physx@@SAPAXIV?$ReflectionAllocator@VMultiPartPacket@PxRingBuffer@shdfnd@physx@@@12@PBDH@Z 1001f920 f i PsFastIPC.obj
 0001:0001e940       ??0?$ReflectionAllocator@VFastIPC@shdfnd@physx@@@shdfnd@physx@@QAE@PBD@Z 1001f940 f i PsFastIPC.obj
 0001:0001e960       ??0?$ReflectionAllocator@VMemoryMappedFile@shdfnd@physx@@@shdfnd@physx@@QAE@PBD@Z 1001f960 f i PsFastIPC.obj
 0001:0001e980       ??0?$ReflectionAllocator@VMultiPartData@PxRingBuffer@shdfnd@physx@@@shdfnd@physx@@QAE@PBD@Z 1001f980 f i PsFastIPC.obj
 0001:0001e9a0       ??0?$ReflectionAllocator@VMultiPartPacket@PxRingBuffer@shdfnd@physx@@@shdfnd@physx@@QAE@PBD@Z 1001f9a0 f i PsFastIPC.obj
 0001:0001e9c0       ??0FastIPC@shdfnd@physx@@QAE@AAW4ErrorCode@PxIPC@12@W4ConnectionType@412@PBDII_N3I@Z 1001f9c0 f i PsFastIPC.obj
 0001:0001eee0       ??0MultiPartData@PxRingBuffer@shdfnd@physx@@QAE@PBVMultiPartPacketHeader@123@@Z 1001fee0 f i PsFastIPC.obj
 0001:0001ef70       ??0MultiPartPacket@PxRingBuffer@shdfnd@physx@@QAE@W4MessageType@123@PBXIIPAV123@@Z 1001ff70 f i PsFastIPC.obj
 0001:0001f050       ??0PxIPC@shdfnd@physx@@QAE@XZ 10020050 f i PsFastIPC.obj
 0001:0001f070       ??0PxRingBuffer@shdfnd@physx@@QAE@XZ 10020070 f i PsFastIPC.obj
 0001:0001f110       ??1FastIPC@shdfnd@physx@@UAE@XZ 10020110 f i PsFastIPC.obj
 0001:0001f1d0       ??1MultiPartData@PxRingBuffer@shdfnd@physx@@QAE@XZ 100201d0 f i PsFastIPC.obj
 0001:0001f200       ??1MultiPartPacket@PxRingBuffer@shdfnd@physx@@QAE@XZ 10020200 f i PsFastIPC.obj
 0001:0001f230       ??1PxIPC@shdfnd@physx@@MAE@XZ 10020230 f i PsFastIPC.obj
 0001:0001f250       ??1PxRingBuffer@shdfnd@physx@@QAE@XZ 10020250 f i PsFastIPC.obj
 0001:0001f320       ??_GFastIPC@shdfnd@physx@@UAEPAXI@Z 10020320 f i PsFastIPC.obj
 0001:0001f320       ??_EFastIPC@shdfnd@physx@@UAEPAXI@Z 10020320 f i PsFastIPC.obj
 0001:0001f380       ??_GMemoryMappedFile@shdfnd@physx@@QAEPAXI@Z 10020380 f i PsFastIPC.obj
 0001:0001f3e0       ??_GMultiPartData@PxRingBuffer@shdfnd@physx@@QAEPAXI@Z 100203e0 f i PsFastIPC.obj
 0001:0001f440       ??_GMultiPartPacket@PxRingBuffer@shdfnd@physx@@QAEPAXI@Z 10020440 f i PsFastIPC.obj
 0001:0001f4a0       ??_GPxIPC@shdfnd@physx@@MAEPAXI@Z 100204a0 f i PsFastIPC.obj
 0001:0001f4a0       ??_EPxIPC@shdfnd@physx@@MAEPAXI@Z 100204a0 f i PsFastIPC.obj
 0001:0001f4e0       ?acknowledgeInternal@PxRingBuffer@shdfnd@physx@@AAEXXZ 100204e0 f i PsFastIPC.obj
 0001:0001f5b0       ?allocate@?$ReflectionAllocator@VFastIPC@shdfnd@physx@@@shdfnd@physx@@QAEPAXIPBDH@Z 100205b0 f i PsFastIPC.obj
 0001:0001f610       ?allocate@?$ReflectionAllocator@VMemoryMappedFile@shdfnd@physx@@@shdfnd@physx@@QAEPAXIPBDH@Z 10020610 f i PsFastIPC.obj
 0001:0001f670       ?allocate@?$ReflectionAllocator@VMultiPartData@PxRingBuffer@shdfnd@physx@@@shdfnd@physx@@QAEPAXIPBDH@Z 10020670 f i PsFastIPC.obj
 0001:0001f6d0       ?allocate@?$ReflectionAllocator@VMultiPartPacket@PxRingBuffer@shdfnd@physx@@@shdfnd@physx@@QAEPAXIPBDH@Z 100206d0 f i PsFastIPC.obj
 0001:0001f730       ?canSend@FastIPC@shdfnd@physx@@UAE_NI@Z 10020730 f i PsFastIPC.obj
 0001:0001f7a0       ?canSend@PxRingBuffer@shdfnd@physx@@QBE?AW4ErrorCode@123@I@Z 100207a0 f i PsFastIPC.obj
 0001:0001f8f0       ?getData@MultiPartData@PxRingBuffer@shdfnd@physx@@QBEPBXXZ 100208f0 f i PsFastIPC.obj
 0001:0001f910       ?getDataLen@PacketHeader@PxRingBuffer@shdfnd@physx@@QBEIXZ 10020910 f i PsFastIPC.obj
 0001:0001f930       ?getMessageSize@MultiPartData@PxRingBuffer@shdfnd@physx@@QBEIXZ 10020930 f i PsFastIPC.obj
 0001:0001f950       ?getMessageSize@MultiPartPacket@PxRingBuffer@shdfnd@physx@@QBEIXZ 10020950 f i PsFastIPC.obj
 0001:0001f970       ?getMessageType@MultiPartData@PxRingBuffer@shdfnd@physx@@QBE?AW4MessageType@234@XZ 10020970 f i PsFastIPC.obj
 0001:0001f990       ?getMessageType@PacketHeader@PxRingBuffer@shdfnd@physx@@QBE?AW4MessageType@234@XZ 10020990 f i PsFastIPC.obj
 0001:0001f9b0       ?getName@?$ReflectionAllocator@VFastIPC@shdfnd@physx@@@shdfnd@physx@@CAPBDXZ 100209b0 f i PsFastIPC.obj
 0001:0001fa00       ?getName@?$ReflectionAllocator@VMemoryMappedFile@shdfnd@physx@@@shdfnd@physx@@CAPBDXZ 10020a00 f i PsFastIPC.obj
 0001:0001fa50       ?getName@?$ReflectionAllocator@VMultiPartData@PxRingBuffer@shdfnd@physx@@@shdfnd@physx@@CAPBDXZ 10020a50 f i PsFastIPC.obj
 0001:0001faa0       ?getName@?$ReflectionAllocator@VMultiPartPacket@PxRingBuffer@shdfnd@physx@@@shdfnd@physx@@CAPBDXZ 10020aa0 f i PsFastIPC.obj
 0001:0001faf0       ?getNext@MultiPartPacket@PxRingBuffer@shdfnd@physx@@QBEPAV1234@XZ 10020af0 f i PsFastIPC.obj
 0001:0001fb10       ?getReadAddress@PxRingBuffer@shdfnd@physx@@ABEIXZ 10020b10 f i PsFastIPC.obj
 0001:0001fb80       ?getWriteAddress@PxRingBuffer@shdfnd@physx@@ABEIXZ 10020b80 f i PsFastIPC.obj
 0001:0001fbf0       ?haveConnection@FastIPC@shdfnd@physx@@UBE_NXZ 10020bf0 f i PsFastIPC.obj
 0001:0001fc50       ?init@PacketHeader@PxRingBuffer@shdfnd@physx@@QAEXIII@Z 10020c50 f i PsFastIPC.obj
 0001:0001fca0       ?init@PxRingBuffer@shdfnd@physx@@QAEXPAXI_N1IPAI2@Z 10020ca0 f i PsFastIPC.obj
 0001:0001fe20       ?isFinished@MultiPartData@PxRingBuffer@shdfnd@physx@@QBE_NXZ 10020e20 f i PsFastIPC.obj
 0001:0001fe60       ?isPadded@PacketHeader@PxRingBuffer@shdfnd@physx@@QBE_NXZ 10020e60 f i PsFastIPC.obj
 0001:0001fea0       ?isServer@FastIPC@shdfnd@physx@@UBE_NXZ 10020ea0 f i PsFastIPC.obj
 0001:0001fec0       ?process@MultiPartData@PxRingBuffer@shdfnd@physx@@QAE_NPBXI@Z 10020ec0 f i PsFastIPC.obj
 0001:0001fff0       ?process@MultiPartPacket@PxRingBuffer@shdfnd@physx@@QAE?AW4ErrorCode@234@XZ 10020ff0 f i PsFastIPC.obj
 0001:00020120       ?pumpPendingSends@FastIPC@shdfnd@physx@@UAE_NXZ 10021120 f i PsFastIPC.obj
 0001:000201b0       ?pumpPendingSends@PxRingBuffer@shdfnd@physx@@QAE_NXZ 100211b0 f i PsFastIPC.obj
 0001:00020280       ?readData@PxRingBuffer@shdfnd@physx@@AAEPBXAAII@Z 10021280 f i PsFastIPC.obj
 0001:00020310       ?receiveAcknowledge@FastIPC@shdfnd@physx@@UAE?AW4ErrorCode@PxIPC@23@XZ 10021310 f i PsFastIPC.obj
 0001:000203c0       ?receiveAcknowledge@PxRingBuffer@shdfnd@physx@@QAE?AW4ErrorCode@123@XZ 100213c0 f i PsFastIPC.obj
 0001:000204d0       ?receiveData@FastIPC@shdfnd@physx@@UAEPBXAAI@Z 100214d0 f i PsFastIPC.obj
 0001:00020580       ?receiveData@PxRingBuffer@shdfnd@physx@@QAE?AW4MessageType@123@AAPBXAAI@Z 10021580 f i PsFastIPC.obj
 0001:000209a0       ?release@FastIPC@shdfnd@physx@@UAEXXZ 100219a0 f i PsFastIPC.obj
 0001:000209f0       ?sendData@FastIPC@shdfnd@physx@@UAE?AW4ErrorCode@PxIPC@23@PBXI_N@Z 100219f0 f i PsFastIPC.obj
 0001:00020ab0       ?sendData@PxRingBuffer@shdfnd@physx@@QAE?AW4ErrorCode@123@W4MessageType@123@PBXI_N@Z 10021ab0 f i PsFastIPC.obj
 0001:00020ca0       ?sendDataInternal@PxRingBuffer@shdfnd@physx@@AAE?AW4ErrorCode@123@W4MessageType@123@PBXI@Z 10021ca0 f i PsFastIPC.obj
 0001:00020d30       ?sendHeader@MultiPartPacket@PxRingBuffer@shdfnd@physx@@QAE?AW4ErrorCode@234@XZ 10021d30 f i PsFastIPC.obj
 0001:00020de0       ?setNext@MultiPartPacket@PxRingBuffer@shdfnd@physx@@QAEXPAV1234@@Z 10021de0 f i PsFastIPC.obj
 0001:00020e00       ?setReadAddress@PxRingBuffer@shdfnd@physx@@AAEXI@Z 10021e00 f i PsFastIPC.obj
 0001:00020ed0       ?setWriteAddress@PxRingBuffer@shdfnd@physx@@AAEXI@Z 10021ed0 f i PsFastIPC.obj
 0001:00020fa0       ?writeData@PxRingBuffer@shdfnd@physx@@AAEXW4MessageType@123@PBXI@Z 10021fa0 f i PsFastIPC.obj
 0001:00021200       ?createFastXml@shdfnd@physx@@YAPAVFastXml@12@PAVCallback@312@@Z 10022200 f   PsFastXml.obj
 0001:00021270       ??0AttributePairs@FastXml@shdfnd@physx@@QAE@HPAPBD@Z 10022270 f i PsFastXml.obj
 0001:000212a0       ??0FastXml@shdfnd@physx@@QAE@XZ 100222a0 f i PsFastXml.obj
 0001:000214b0       ??1FastXml@shdfnd@physx@@MAE@XZ 100224b0 f i PsFastXml.obj
 0001:00021500       ??_GFastXml@shdfnd@physx@@MAEPAXI@Z 10022500 f i PsFastXml.obj
 0001:00021500       ??_EFastXml@shdfnd@physx@@MAEPAXI@Z 10022500 f i PsFastXml.obj
 0001:00021540       ??_EMyFastXml@?A0x376bbd1f@@EAEPAXI@Z 10022540 f i PsFastXml.obj
 0001:00021540       ??_GMyFastXml@?A0x376bbd1f@@EAEPAXI@Z 10022540 f i PsFastXml.obj
 0001:00023460       ?strchr@@YAPADQADH@Z       10024460 f i PsFastXml.obj
 0001:00023480       ?strstr@@YAPADQADQBD@Z     10024480 f i PsFastXml.obj
 0001:000234a0       _PxCreateFoundation        100244a0 f   PsFoundation.obj
 0001:000234c0       _PxGetFoundation           100244c0 f   PsFoundation.obj
 0001:000234d0       ?getAllocator@shdfnd@physx@@YAAAVPxAllocatorCallback@2@XZ 100244d0 f   PsFoundation.obj
 0001:000234f0       ??0Foundation@shdfnd@physx@@AAE@AAVPxErrorCallback@2@AAVPxAllocatorCallback@2@@Z 100244f0 f   PsFoundation.obj
 0001:00023630       ??1Foundation@shdfnd@physx@@EAE@XZ 10024630 f   PsFoundation.obj
 0001:00023720       ?release@Foundation@shdfnd@physx@@UAEXXZ 10024720 f   PsFoundation.obj
 0001:00023730       ?createInstance@Foundation@shdfnd@physx@@SAPAV123@IAAVPxErrorCallback@3@AAVPxAllocatorCallback@3@@Z 10024730 f   PsFoundation.obj
 0001:000238d0       ?destroyInstance@Foundation@shdfnd@physx@@SAXXZ 100248d0 f   PsFoundation.obj
 0001:00023990       ?getInstance@Foundation@shdfnd@physx@@SAAAV123@XZ 10024990 f   PsFoundation.obj
 0001:000239e0       ?incRefCount@Foundation@shdfnd@physx@@SAXXZ 100249e0 f   PsFoundation.obj
 0001:00023a60       ?decRefCount@Foundation@shdfnd@physx@@SAXXZ 10024a60 f   PsFoundation.obj
 0001:00023ae0       ?getErrorCallback@Foundation@shdfnd@physx@@UBEAAVPxErrorCallback@3@XZ 10024ae0 f   PsFoundation.obj
 0001:00023b00       ?setErrorLevel@Foundation@shdfnd@physx@@UAEXW4Enum@PxErrorCode@3@@Z 10024b00 f   PsFoundation.obj
 0001:00023b20       ?getErrorLevel@Foundation@shdfnd@physx@@UBE?AW4Enum@PxErrorCode@3@XZ 10024b20 f   PsFoundation.obj
 0001:00023b40       ?getAllocatorCallback@Foundation@shdfnd@physx@@UBEAAVPxAllocatorCallback@3@XZ 10024b40 f   PsFoundation.obj
 0001:00023b60       ?error@Foundation@shdfnd@physx@@QAAXW4Enum@PxErrorCode@3@PBDH1ZZ 10024b60 f   PsFoundation.obj
 0001:00023ba0       ?errorImpl@Foundation@shdfnd@physx@@QAEXW4Enum@PxErrorCode@3@PBDH1PAD@Z 10024ba0 f   PsFoundation.obj
 0001:00023c60       ?getWarnOnceTimestamp@Foundation@shdfnd@physx@@SAIXZ 10024c60 f   PsFoundation.obj
 0001:00023cb0       ?allocate@AlignCheckAllocator@Foundation@shdfnd@physx@@UAEPAXIPBD0H@Z 10024cb0 f   PsFoundation.obj
 0001:00023fd0       ??$PX_UNUSED@H@@YAXABH@Z   10024fd0 f i PsFoundation.obj
 0001:00023fe0       ??0?$Array@PATTempAllocatorChunk@shdfnd@physx@@VAllocator@23@@shdfnd@physx@@QAE@ABVAllocator@12@@Z 10024fe0 f i PsFoundation.obj
 0001:00024020       ??0?$HashBase@V?$Pair@QBVNamedAllocator@shdfnd@physx@@PBD@shdfnd@physx@@PBVNamedAllocator@23@U?$Hash@PBVNamedAllocator@shdfnd@physx@@@23@UGetKey@?$HashMapBase@PBVNamedAllocator@shdfnd@physx@@PBDU?$Hash@PBVNamedAllocator@shdfnd@physx@@@23@VNonTrackingAllocator@23@@internal@23@VNonTrackingAllocator@23@$00@internal@shdfnd@physx@@QAE@IM@Z 10025020 f i PsFoundation.obj
 0001:00024070       ??0?$HashMap@PBVNamedAllocator@shdfnd@physx@@PBDU?$Hash@PBVNamedAllocator@shdfnd@physx@@@23@VNonTrackingAllocator@23@@shdfnd@physx@@QAE@IM@Z 10025070 f i PsFoundation.obj
 0001:000240a0       ??0?$HashMapBase@PBVNamedAllocator@shdfnd@physx@@PBDU?$Hash@PBVNamedAllocator@shdfnd@physx@@@23@VNonTrackingAllocator@23@@internal@shdfnd@physx@@QAE@IM@Z 100250a0 f i PsFoundation.obj
 0001:000240d0       ??0?$MutexT@VAllocator@shdfnd@physx@@@shdfnd@physx@@QAE@ABVAllocator@12@@Z 100250d0 f i PsFoundation.obj
 0001:00024150       ??0AlignCheckAllocator@Foundation@shdfnd@physx@@QAE@AAVPxAllocatorCallback@3@@Z 10025150 f i PsFoundation.obj
 0001:000241a0       ??0NonTrackingAllocator@shdfnd@physx@@QAE@PBD@Z 100251a0 f i PsFoundation.obj
 0001:000241c0       ??0PxAllocatorCallback@physx@@QAE@XZ 100251c0 f i PsFoundation.obj
 0001:000241e0       ??0PxBroadcastingAllocator@physx@@QAE@XZ 100251e0 f i PsFoundation.obj
 0001:00024210       ??0TempAllocator@shdfnd@physx@@QAE@PBD@Z 10025210 f i PsFoundation.obj
 0001:00024230       ??1?$Array@PATTempAllocatorChunk@shdfnd@physx@@VAllocator@23@@shdfnd@physx@@QAE@XZ 10025230 f i PsFoundation.obj
 0001:000242a0       ??1?$HashBase@V?$Pair@QBVNamedAllocator@shdfnd@physx@@PBD@shdfnd@physx@@PBVNamedAllocator@23@U?$Hash@PBVNamedAllocator@shdfnd@physx@@@23@UGetKey@?$HashMapBase@PBVNamedAllocator@shdfnd@physx@@PBDU?$Hash@PBVNamedAllocator@shdfnd@physx@@@23@VNonTrackingAllocator@23@@internal@23@VNonTrackingAllocator@23@$00@internal@shdfnd@physx@@QAE@XZ 100252a0 f i PsFoundation.obj
 0001:000242e0       ??1?$HashMap@PBVNamedAllocator@shdfnd@physx@@PBDU?$Hash@PBVNamedAllocator@shdfnd@physx@@@23@VNonTrackingAllocator@23@@shdfnd@physx@@QAE@XZ 100252e0 f i PsFoundation.obj
 0001:00024300       ??1?$HashMapBase@PBVNamedAllocator@shdfnd@physx@@PBDU?$Hash@PBVNamedAllocator@shdfnd@physx@@@23@VNonTrackingAllocator@23@@internal@shdfnd@physx@@QAE@XZ 10025300 f i PsFoundation.obj
 0001:00024320       ??1?$MutexT@VAllocator@shdfnd@physx@@@shdfnd@physx@@QAE@XZ 10025320 f i PsFoundation.obj
 0001:00024350       ??1AlignCheckAllocator@Foundation@shdfnd@physx@@UAE@XZ 10025350 f i PsFoundation.obj
 0001:00024370       ??1PxAllocatorCallback@physx@@UAE@XZ 10025370 f i PsFoundation.obj
 0001:00024390       ??1PxBroadcastingAllocator@physx@@MAE@XZ 10025390 f i PsFoundation.obj
 0001:000243c0       ??4TempAllocator@shdfnd@physx@@QAEAAV012@$$QAV012@@Z 100253c0 f i PsFoundation.obj
 0001:000243e0       ??4TempAllocator@shdfnd@physx@@QAEAAV012@ABV012@@Z 100253e0 f i PsFoundation.obj
 0001:00024400       ??A?$Array@PATTempAllocatorChunk@shdfnd@physx@@VAllocator@23@@shdfnd@physx@@QAEAAPATTempAllocatorChunk@12@I@Z 10025400 f i PsFoundation.obj
 0001:00024470       ??_EFoundation@shdfnd@physx@@EAEPAXI@Z 10025470 f i PsFoundation.obj
 0001:00024510       ??_FTempAllocator@shdfnd@physx@@QAEXXZ 10025510 f i PsFoundation.obj
 0001:00024530       ??_GAlignCheckAllocator@Foundation@shdfnd@physx@@UAEPAXI@Z 10025530 f i PsFoundation.obj
 0001:00024530       ??_EAlignCheckAllocator@Foundation@shdfnd@physx@@UAEPAXI@Z 10025530 f i PsFoundation.obj
 0001:00024570       ??_GFoundation@shdfnd@physx@@EAEPAXI@Z 10025570 f i PsFoundation.obj
 0001:000245b0       ??_GPxAllocatorCallback@physx@@UAEPAXI@Z 100255b0 f i PsFoundation.obj
 0001:000245b0       ??_EPxAllocatorCallback@physx@@UAEPAXI@Z 100255b0 f i PsFoundation.obj
 0001:000245f0       ??_EPxBroadcastingAllocator@physx@@MAEPAXI@Z 100255f0 f i PsFoundation.obj
 0001:000245f0       ??_GPxBroadcastingAllocator@physx@@MAEPAXI@Z 100255f0 f i PsFoundation.obj
 0001:00024630       ?allocate@?$Array@PATTempAllocatorChunk@shdfnd@physx@@VAllocator@23@@shdfnd@physx@@IAEPAPATTempAllocatorChunk@23@I@Z 10025630 f i PsFoundation.obj
 0001:000246b0       ?capacity@?$Array@PATTempAllocatorChunk@shdfnd@physx@@VAllocator@23@@shdfnd@physx@@QBEIXZ 100256b0 f i PsFoundation.obj
 0001:000246d0       ?copy@?$Array@PATTempAllocatorChunk@shdfnd@physx@@VAllocator@23@@shdfnd@physx@@KAXPAPATTempAllocatorChunk@23@0PBQAT423@@Z 100256d0 f i PsFoundation.obj
 0001:00024740       ?create@?$Array@PATTempAllocatorChunk@shdfnd@physx@@VAllocator@23@@shdfnd@physx@@KAXPAPATTempAllocatorChunk@23@0ABQAT423@@Z 10025740 f i PsFoundation.obj
 0001:000247b0       ?deallocate@?$Array@PATTempAllocatorChunk@shdfnd@physx@@VAllocator@23@@shdfnd@physx@@IAEXPAX@Z 100257b0 f i PsFoundation.obj
 0001:000247d0       ?deallocate@AlignCheckAllocator@Foundation@shdfnd@physx@@UAEXPAX@Z 100257d0 f i PsFoundation.obj
 0001:00024860       ?deregisterAllocationListener@AlignCheckAllocator@Foundation@shdfnd@physx@@UAEXAAVPxAllocationListener@4@@Z 10025860 f i PsFoundation.obj
 0001:000248e0       ?destroy@?$Array@PATTempAllocatorChunk@shdfnd@physx@@VAllocator@23@@shdfnd@physx@@KAXPAPATTempAllocatorChunk@23@0@Z 100258e0 f i PsFoundation.obj
 0001:00024900       ?destroy@?$HashBase@V?$Pair@QBVNamedAllocator@shdfnd@physx@@PBD@shdfnd@physx@@PBVNamedAllocator@23@U?$Hash@PBVNamedAllocator@shdfnd@physx@@@23@UGetKey@?$HashMapBase@PBVNamedAllocator@shdfnd@physx@@PBDU?$Hash@PBVNamedAllocator@shdfnd@physx@@@23@VNonTrackingAllocator@23@@internal@23@VNonTrackingAllocator@23@$00@internal@shdfnd@physx@@AAEXXZ 10025900 f i PsFoundation.obj
 0001:00024970       ?getBaseAllocator@AlignCheckAllocator@Foundation@shdfnd@physx@@QBEAAVPxAllocatorCallback@4@XZ 10025970 f i PsFoundation.obj
 0001:00024990       ?grow@?$Array@PATTempAllocatorChunk@shdfnd@physx@@VAllocator@23@@shdfnd@physx@@IAEXI@Z 10025990 f i PsFoundation.obj
 0001:00024a10       ?init@?$HashBase@V?$Pair@QBVNamedAllocator@shdfnd@physx@@PBD@shdfnd@physx@@PBVNamedAllocator@23@U?$Hash@PBVNamedAllocator@shdfnd@physx@@@23@UGetKey@?$HashMapBase@PBVNamedAllocator@shdfnd@physx@@PBDU?$Hash@PBVNamedAllocator@shdfnd@physx@@@23@VNonTrackingAllocator@23@@internal@23@VNonTrackingAllocator@23@$00@internal@shdfnd@physx@@AAEXIM@Z 10025a10 f i PsFoundation.obj
 0001:00024ac0       ?isInUserMemory@?$Array@PATTempAllocatorChunk@shdfnd@physx@@VAllocator@23@@shdfnd@physx@@QBEIXZ 10025ac0 f i PsFoundation.obj
 0001:00024ae0       ?recreate@?$Array@PATTempAllocatorChunk@shdfnd@physx@@VAllocator@23@@shdfnd@physx@@IAEXI@Z 10025ae0 f i PsFoundation.obj
 0001:00024bf0       ?registerAllocationListener@AlignCheckAllocator@Foundation@shdfnd@physx@@UAEXAAVPxAllocationListener@4@@Z 10025bf0 f i PsFoundation.obj
 0001:00024c90       ?reserve@?$Array@PATTempAllocatorChunk@shdfnd@physx@@VAllocator@23@@shdfnd@physx@@QAEXI@Z 10025c90 f i PsFoundation.obj
 0001:00024cc0       ?reset@?$Array@PATTempAllocatorChunk@shdfnd@physx@@VAllocator@23@@shdfnd@physx@@QAEXXZ 10025cc0 f i PsFoundation.obj
 0001:00024d00       ?resize@?$Array@PATTempAllocatorChunk@shdfnd@physx@@VAllocator@23@@shdfnd@physx@@QAEXIABQATTempAllocatorChunk@23@@Z 10025d00 f i PsFoundation.obj
 0001:00024d90       ?shrink@?$Array@PATTempAllocatorChunk@shdfnd@physx@@VAllocator@23@@shdfnd@physx@@QAEXXZ 10025d90 f i PsFoundation.obj
 0001:00024db0       ?size@?$Array@PATTempAllocatorChunk@shdfnd@physx@@VAllocator@23@@shdfnd@physx@@QBEIXZ 10025db0 f i PsFoundation.obj
 0001:00024dd0       ?sprintf_s@string@physx@@YAHPADIPBDZZ 10025dd0 f i PsFoundation.obj
 0001:00024e20       __vsnprintf                10025e20 f i PsFoundation.obj
 0001:00024e50       ?computeQuatFromNormal@shdfnd@physx@@YA?AVPxQuat@2@ABVPxVec3@2@@Z 10025e50 f   PsMathUtils.obj
 0001:00024fd0       ?optimizeBoundingBox@shdfnd@physx@@YA?AVPxVec3@2@AAVPxMat33@2@@Z 10025fd0 f   PsMathUtils.obj
 0001:000252e0       ?slerp@shdfnd@physx@@YA?AVPxQuat@2@MABV32@0@Z 100262e0 f   PsMathUtils.obj
 0001:00025470       ?integrateTransform@shdfnd@physx@@YAXABVPxTransform@2@ABVPxVec3@2@1MAAV32@@Z 10026470 f   PsMathUtils.obj
 0001:00025830       ??$PX_UNUSED@W4PxIDENTITY@physx@@@@YAXABW4PxIDENTITY@physx@@@Z 10026830 f i PsMathUtils.obj
 0001:00025840       ??$PxClamp@M@physx@@YAMMMM@Z 10026840 f i PsMathUtils.obj
 0001:000258e0       ??$PxMax@M@physx@@YAMMM@Z  100268e0 f i PsMathUtils.obj
 0001:00025910       ??$PxMin@M@physx@@YAMMM@Z  10026910 f i PsMathUtils.obj
 0001:00025940       ??$swap@I@shdfnd@physx@@YAXAAI0@Z 10026940 f i PsMathUtils.obj
 0001:00025970       ??0PxQuat@physx@@QAE@ABV01@@Z 10026970 f i PsMathUtils.obj
 0001:000259c0       ??0PxQuat@physx@@QAE@MABVPxVec3@1@@Z 100269c0 f i PsMathUtils.obj
 0001:00025b00       ??0PxQuat@physx@@QAE@MMMM@Z 10026b00 f i PsMathUtils.obj
 0001:00025b60       ??0PxQuat@physx@@QAE@W4PxIDENTITY@1@@Z 10026b60 f i PsMathUtils.obj
 0001:00025be0       ??0PxQuat@physx@@QAE@XZ    10026be0 f i PsMathUtils.obj
 0001:00025c00       ??0PxVec3@physx@@QAE@ABV01@@Z 10026c00 f i PsMathUtils.obj
 0001:00025c40       ??0PxVec3@physx@@QAE@MMM@Z 10026c40 f i PsMathUtils.obj
 0001:00025c90       ??4PxQuat@physx@@QAEAAV01@ABV01@@Z 10026c90 f i PsMathUtils.obj
 0001:00025ce0       ??4PxVec3@physx@@QAEAAV01@ABV01@@Z 10026ce0 f i PsMathUtils.obj
 0001:00025d20       ??APxMat33@physx@@QAEAAVPxVec3@1@H@Z 10026d20 f i PsMathUtils.obj
 0001:00025d40       ??APxVec3@physx@@QAEAAMH@Z 10026d40 f i PsMathUtils.obj
 0001:00025db0       ??APxVec3@physx@@QAEAAMI@Z 10026db0 f i PsMathUtils.obj
 0001:00025e20       ??DPxQuat@physx@@QBE?AV01@ABV01@@Z 10026e20 f i PsMathUtils.obj
 0001:00025fd0       ??DPxQuat@physx@@QBE?AV01@M@Z 10026fd0 f i PsMathUtils.obj
 0001:00026050       ??DPxVec3@physx@@QBE?AV01@M@Z 10027050 f i PsMathUtils.obj
 0001:000260c0       ??HPxQuat@physx@@QBE?AV01@ABV01@@Z 100270c0 f i PsMathUtils.obj
 0001:00026150       ??HPxVec3@physx@@QBE?AV01@ABV01@@Z 10027150 f i PsMathUtils.obj
 0001:000261c0       ??XPxVec3@physx@@QAEAAV01@M@Z 100271c0 f i PsMathUtils.obj
 0001:00026220       ??ZPxVec3@physx@@QAEAAV01@ABV01@@Z 10027220 f i PsMathUtils.obj
 0001:00026290       ??_0PxVec3@physx@@QAEAAV01@M@Z 10027290 f i PsMathUtils.obj
 0001:00026310       ?PxAbs@physx@@YAMM@Z       10027310 f i PsMathUtils.obj
 0001:00026330       ?PxAsin@physx@@YAMM@Z      10027330 f i PsMathUtils.obj
 0001:00026390       ?PxAtan2@physx@@YAMMM@Z    10027390 f i PsMathUtils.obj
 0001:000263d0       ?PxCos@physx@@YAMM@Z       100273d0 f i PsMathUtils.obj
 0001:000263f0       ?PxRecipSqrt@physx@@YAMM@Z 100273f0 f i PsMathUtils.obj
 0001:00026410       ?PxSin@physx@@YAMM@Z       10027410 f i PsMathUtils.obj
 0001:00026430       ?PxSqrt@physx@@YAMM@Z      10027430 f i PsMathUtils.obj
 0001:00026450       ?abs@intrinsics@physx@@YAMM@Z 10027450 f i PsMathUtils.obj
 0001:00026480       ?cos@intrinsics@physx@@YAMM@Z 10027480 f i PsMathUtils.obj
 0001:000264a0       ?dot@PxQuat@physx@@QBEMABV12@@Z 100274a0 f i PsMathUtils.obj
 0001:00026520       ?dot@PxVec3@physx@@QBEMABV12@@Z 10027520 f i PsMathUtils.obj
 0001:00026580       ?fsel@intrinsics@physx@@YAMMMM@Z 10027580 f i PsMathUtils.obj
 0001:000265c0       ?magnitude@PxVec3@physx@@QBEMXZ 100275c0 f i PsMathUtils.obj
 0001:000265f0       ?magnitudeSquared@PxVec3@physx@@QBEMXZ 100275f0 f i PsMathUtils.obj
 0001:00026650       ?normalize@PxVec3@physx@@QAEMXZ 10027650 f i PsMathUtils.obj
 0001:000266a0       ?recipSqrt@intrinsics@physx@@YAMM@Z 100276a0 f i PsMathUtils.obj
 0001:000266f0       ?selectMax@intrinsics@physx@@YAMMM@Z 100276f0 f i PsMathUtils.obj
 0001:00026730       ?selectMin@intrinsics@physx@@YAMMM@Z 10027730 f i PsMathUtils.obj
 0001:00026770       ?sin@intrinsics@physx@@YAMM@Z 10027770 f i PsMathUtils.obj
 0001:00026790       ?sqrt@intrinsics@physx@@YAMM@Z 10027790 f i PsMathUtils.obj
 0001:000267b0       _cosf                      100277b0 f i PsMathUtils.obj
 0001:000267e0       _sinf                      100277e0 f i PsMathUtils.obj
 0001:00026810       _sqrtf                     10027810 f i PsMathUtils.obj
 0001:00026840       ?allocate@TempAllocator@shdfnd@physx@@QAEPAXIPBDH@Z 10027840 f   PsTempAllocator.obj
 0001:000269b0       ?deallocate@TempAllocator@shdfnd@physx@@QAEXPAX@Z 100279b0 f   PsTempAllocator.obj
 0001:00026b00       ??$PxMax@I@physx@@YAIII@Z  10027b00 f i PsTempAllocator.obj
 0001:00026b30       ??$PxMin@PAPATTempAllocatorChunk@shdfnd@physx@@@physx@@YAPAPATTempAllocatorChunk@shdfnd@0@PAPAT120@0@Z 10027b30 f i PsTempAllocator.obj
 0001:00026b60       ?begin@?$Array@PATTempAllocatorChunk@shdfnd@physx@@VAllocator@23@@shdfnd@physx@@QAEPAPATTempAllocatorChunk@23@XZ 10027b60 f i PsTempAllocator.obj
 0001:00026b80       ?end@?$Array@PATTempAllocatorChunk@shdfnd@physx@@VAllocator@23@@shdfnd@physx@@QAEPAPATTempAllocatorChunk@23@XZ 10027b80 f i PsTempAllocator.obj
 0001:00026be0       ?highestSetBit@shdfnd@physx@@YAII@Z 10027be0 f i PsTempAllocator.obj
 0001:00026c40       ?highestSetBitUnsafe@shdfnd@physx@@YAII@Z 10027c40 f i PsTempAllocator.obj
 0001:00026c60       ?checkValid@shdfnd@physx@@YA_NABM@Z 10027c60 f   PsUtilities.obj
 0001:00026c80       ?checkValid@shdfnd@physx@@YA_NABVPxVec3@2@@Z 10027c80 f   PsUtilities.obj
 0001:00026d00       ?checkValid@shdfnd@physx@@YA_NABVPxQuat@2@@Z 10027d00 f   PsUtilities.obj
 0001:00026d90       ?checkValid@shdfnd@physx@@YA_NABVPxMat33@2@@Z 10027d90 f   PsUtilities.obj
 0001:00026ee0       ?checkValid@shdfnd@physx@@YA_NABVPxTransform@2@@Z 10027ee0 f   PsUtilities.obj
 0001:00026f30       ?checkValid@shdfnd@physx@@YA_NPBD@Z 10027f30 f   PsUtilities.obj
 0001:00027030       ??APxMat33@physx@@QBEABVPxVec3@1@I@Z 10028030 f i PsUtilities.obj
 0001:00027050       ??APxVec3@physx@@QBEABMI@Z 10028050 f i PsUtilities.obj
 0001:000270c0       ??RPxMat33@physx@@QBEMII@Z 100280c0 f i PsUtilities.obj
 0001:000270f0       ?PxIsFinite@physx@@YA_NM@Z 100280f0 f i PsUtilities.obj
 0001:00027110       ?isFinite@intrinsics@physx@@YA_NM@Z 10028110 f i PsUtilities.obj
 0001:00027160       ?PxCreateCollection@@YAPAVPxCollection@physx@@XZ 10028160 f   CmCollection.obj
 0001:000271b0       ?add@Collection@Cm@physx@@UAEXAAVPxBase@3@_K@Z 100281b0 f   CmCollection.obj
 0001:00027270       ?remove@Collection@Cm@physx@@UAEXAAVPxBase@3@@Z 10028270 f   CmCollection.obj
 0001:00027320       ?contains@Collection@Cm@physx@@UBE_NAAVPxBase@3@@Z 10028320 f   CmCollection.obj
 0001:00027360       ?addId@Collection@Cm@physx@@UAEXAAVPxBase@3@_K@Z 10028360 f   CmCollection.obj
 0001:000274b0       ?removeId@Collection@Cm@physx@@UAEX_K@Z 100284b0 f   CmCollection.obj
 0001:00027580       ?find@Collection@Cm@physx@@UBEPAVPxBase@3@_K@Z 10028580 f   CmCollection.obj
 0001:000275f0       ?add@Collection@Cm@physx@@UAEXAAVPxCollection@3@@Z 100285f0 f   CmCollection.obj
 0001:00027780       ?remove@Collection@Cm@physx@@UAEXAAVPxCollection@3@@Z 10028780 f   CmCollection.obj
 0001:00027840       ?getNbObjects@Collection@Cm@physx@@UBEIXZ 10028840 f   CmCollection.obj
 0001:00027860       ?getObject@Collection@Cm@physx@@UBEAAVPxBase@3@I@Z 10028860 f   CmCollection.obj
 0001:000278d0       ?getObjects@Collection@Cm@physx@@UBEIPAPAVPxBase@3@II@Z 100288d0 f   CmCollection.obj
 0001:000279b0       ?getNbIds@Collection@Cm@physx@@UBEIXZ 100289b0 f   CmCollection.obj
 0001:000279d0       ?getId@Collection@Cm@physx@@UBE_KABVPxBase@3@@Z 100289d0 f   CmCollection.obj
 0001:00027a20       ?getIds@Collection@Cm@physx@@UBEIPA_KII@Z 10028a20 f   CmCollection.obj
 0001:00027da0       ??$?2V?$ReflectionAllocator@VCollection@Cm@physx@@@shdfnd@physx@@@UserAllocated@shdfnd@physx@@SAPAXIV?$ReflectionAllocator@VCollection@Cm@physx@@@12@PBDH@Z 10028da0 f i CmCollection.obj
 0001:00027dc0       ??0?$CoalescedHashMap@PAVPxBase@physx@@_KU?$Hash@PAVPxBase@physx@@@shdfnd@2@VAllocator@42@@shdfnd@physx@@QAE@IM@Z 10028dc0 f i CmCollection.obj
 0001:00027df0       ??0?$CoalescedHashMap@_KPAVPxBase@physx@@U?$Hash@_K@shdfnd@2@VAllocator@42@@shdfnd@physx@@QAE@IM@Z 10028df0 f i CmCollection.obj
 0001:00027e20       ??0?$CollectionHashMap@PAVPxBase@physx@@_KU?$Hash@PAVPxBase@physx@@@shdfnd@2@VAllocator@42@@Cm@physx@@QAE@IM@Z 10028e20 f i CmCollection.obj
 0001:00027e50       ??0?$CollectionHashMap@_KPAVPxBase@physx@@U?$Hash@_K@shdfnd@2@VAllocator@42@@Cm@physx@@QAE@IM@Z 10028e50 f i CmCollection.obj
 0001:00027e80       ??0?$HashBase@V?$Pair@$$CB_KPAVPxBase@physx@@@shdfnd@physx@@_KU?$Hash@_K@23@UGetKey@?$HashMapBase@_KPAVPxBase@physx@@U?$Hash@_K@shdfnd@2@VAllocator@42@@internal@23@VAllocator@23@$00@internal@shdfnd@physx@@QAE@IM@Z 10028e80 f i CmCollection.obj
 0001:00027ed0       ??0?$HashBase@V?$Pair@QAVPxBase@physx@@_K@shdfnd@physx@@PAVPxBase@3@U?$Hash@PAVPxBase@physx@@@23@UGetKey@?$HashMapBase@PAVPxBase@physx@@_KU?$Hash@PAVPxBase@physx@@@shdfnd@2@VAllocator@42@@internal@23@VAllocator@23@$00@internal@shdfnd@physx@@QAE@IM@Z 10028ed0 f i CmCollection.obj
 0001:00027f20       ??0?$HashMapBase@PAVPxBase@physx@@_KU?$Hash@PAVPxBase@physx@@@shdfnd@2@VAllocator@42@@internal@shdfnd@physx@@QAE@IM@Z 10028f20 f i CmCollection.obj
 0001:00027f50       ??0?$HashMapBase@_KPAVPxBase@physx@@U?$Hash@_K@shdfnd@2@VAllocator@42@@internal@shdfnd@physx@@QAE@IM@Z 10028f50 f i CmCollection.obj
 0001:00027f80       ??0?$Pair@$$CB_KPAVPxBase@physx@@@shdfnd@physx@@QAE@ABV012@@Z 10028f80 f i CmCollection.obj
 0001:00027fc0       ??0?$Pair@$$CB_KPAVPxBase@physx@@@shdfnd@physx@@QAE@AB_KABQAVPxBase@2@@Z 10028fc0 f i CmCollection.obj
 0001:00028000       ??0?$Pair@QAVPxBase@physx@@_K@shdfnd@physx@@QAE@ABQAVPxBase@2@AB_K@Z 10029000 f i CmCollection.obj
 0001:00028040       ??0?$Pair@QAVPxBase@physx@@_K@shdfnd@physx@@QAE@ABV012@@Z 10029040 f i CmCollection.obj
 0001:00028080       ??0?$ReflectionAllocator@VCollection@Cm@physx@@@shdfnd@physx@@QAE@PBD@Z 10029080 f i CmCollection.obj
 0001:000280a0       ??0Collection@Cm@physx@@QAE@XZ 100290a0 f i CmCollection.obj
 0001:00028110       ??0Iter@?$HashBase@V?$Pair@$$CB_KPAVPxBase@physx@@@shdfnd@physx@@_KU?$Hash@_K@23@UGetKey@?$HashMapBase@_KPAVPxBase@physx@@U?$Hash@_K@shdfnd@2@VAllocator@42@@internal@23@VAllocator@23@$00@internal@shdfnd@physx@@QAE@AAV1234@@Z 10029110 f i CmCollection.obj
 0001:00028190       ??0PxCollection@physx@@IAE@XZ 10029190 f i CmCollection.obj
 0001:000281b0       ??1?$CoalescedHashMap@PAVPxBase@physx@@_KU?$Hash@PAVPxBase@physx@@@shdfnd@2@VAllocator@42@@shdfnd@physx@@QAE@XZ 100291b0 f i CmCollection.obj
 0001:000281d0       ??1?$CoalescedHashMap@_KPAVPxBase@physx@@U?$Hash@_K@shdfnd@2@VAllocator@42@@shdfnd@physx@@QAE@XZ 100291d0 f i CmCollection.obj
 0001:000281f0       ??1?$CollectionHashMap@PAVPxBase@physx@@_KU?$Hash@PAVPxBase@physx@@@shdfnd@2@VAllocator@42@@Cm@physx@@QAE@XZ 100291f0 f i CmCollection.obj
 0001:00028210       ??1?$CollectionHashMap@_KPAVPxBase@physx@@U?$Hash@_K@shdfnd@2@VAllocator@42@@Cm@physx@@QAE@XZ 10029210 f i CmCollection.obj
 0001:00028230       ??1?$HashBase@V?$Pair@$$CB_KPAVPxBase@physx@@@shdfnd@physx@@_KU?$Hash@_K@23@UGetKey@?$HashMapBase@_KPAVPxBase@physx@@U?$Hash@_K@shdfnd@2@VAllocator@42@@internal@23@VAllocator@23@$00@internal@shdfnd@physx@@QAE@XZ 10029230 f i CmCollection.obj
 0001:00028270       ??1?$HashBase@V?$Pair@QAVPxBase@physx@@_K@shdfnd@physx@@PAVPxBase@3@U?$Hash@PAVPxBase@physx@@@23@UGetKey@?$HashMapBase@PAVPxBase@physx@@_KU?$Hash@PAVPxBase@physx@@@shdfnd@2@VAllocator@42@@internal@23@VAllocator@23@$00@internal@shdfnd@physx@@QAE@XZ 10029270 f i CmCollection.obj
 0001:000282b0       ??1?$HashMapBase@PAVPxBase@physx@@_KU?$Hash@PAVPxBase@physx@@@shdfnd@2@VAllocator@42@@internal@shdfnd@physx@@QAE@XZ 100292b0 f i CmCollection.obj
 0001:000282d0       ??1?$HashMapBase@_KPAVPxBase@physx@@U?$Hash@_K@shdfnd@2@VAllocator@42@@internal@shdfnd@physx@@QAE@XZ 100292d0 f i CmCollection.obj
 0001:000282f0       ??1Collection@Cm@physx@@UAE@XZ 100292f0 f i CmCollection.obj
 0001:00028330       ??1PxCollection@physx@@MAE@XZ 10029330 f i CmCollection.obj
 0001:00028350       ??A?$HashMapBase@PAVPxBase@physx@@_KU?$Hash@PAVPxBase@physx@@@shdfnd@2@VAllocator@42@@internal@shdfnd@physx@@QAEAA_KABQAVPxBase@3@@Z 10029350 f i CmCollection.obj
 0001:000283e0       ??A?$HashMapBase@_KPAVPxBase@physx@@U?$Hash@_K@shdfnd@2@VAllocator@42@@internal@shdfnd@physx@@QAEAAPAVPxBase@3@AB_K@Z 100293e0 f i CmCollection.obj
 0001:00028470       ??CIter@?$HashBase@V?$Pair@$$CB_KPAVPxBase@physx@@@shdfnd@physx@@_KU?$Hash@_K@23@UGetKey@?$HashMapBase@_KPAVPxBase@physx@@U?$Hash@_K@shdfnd@2@VAllocator@42@@internal@23@VAllocator@23@$00@internal@shdfnd@physx@@QBEPAV?$Pair@$$CB_KPAVPxBase@physx@@@34@XZ 10029470 f i CmCollection.obj
 0001:000284a0       ??EIter@?$HashBase@V?$Pair@$$CB_KPAVPxBase@physx@@@shdfnd@physx@@_KU?$Hash@_K@23@UGetKey@?$HashMapBase@_KPAVPxBase@physx@@U?$Hash@_K@shdfnd@2@VAllocator@42@@internal@23@VAllocator@23@$00@internal@shdfnd@physx@@QAE?AV01234@H@Z 100294a0 f i CmCollection.obj
 0001:00028510       ??R?$Hash@PAVPxBase@physx@@@shdfnd@physx@@QBEIABQAVPxBase@2@@Z 10029510 f i CmCollection.obj
 0001:00028540       ??R?$Hash@PAVPxBase@physx@@@shdfnd@physx@@QBE_NABQAVPxBase@2@0@Z 10029540 f i CmCollection.obj
 0001:00028580       ??R?$Hash@_K@shdfnd@physx@@QBEIAB_K@Z 10029580 f i CmCollection.obj
 0001:000285b0       ??R?$Hash@_K@shdfnd@physx@@QBE_NAB_K0@Z 100295b0 f i CmCollection.obj
 0001:00028610       ??RGetKey@?$HashMapBase@PAVPxBase@physx@@_KU?$Hash@PAVPxBase@physx@@@shdfnd@2@VAllocator@42@@internal@shdfnd@physx@@QAEABQAVPxBase@4@ABV?$Pair@QAVPxBase@physx@@_K@34@@Z 10029610 f i CmCollection.obj
 0001:00028630       ??RGetKey@?$HashMapBase@_KPAVPxBase@physx@@U?$Hash@_K@shdfnd@2@VAllocator@42@@internal@shdfnd@physx@@QAEAB_KABV?$Pair@$$CB_KPAVPxBase@physx@@@34@@Z 10029630 f i CmCollection.obj
 0001:00028650       ??_ECollection@Cm@physx@@UAEPAXI@Z 10029650 f i CmCollection.obj
 0001:00028650       ??_GCollection@Cm@physx@@UAEPAXI@Z 10029650 f i CmCollection.obj
 0001:000286b0       ??_EPxCollection@physx@@MAEPAXI@Z 100296b0 f i CmCollection.obj
 0001:000286b0       ??_GPxCollection@physx@@MAEPAXI@Z 100296b0 f i CmCollection.obj
 0001:000286f0       ?advance@Iter@?$HashBase@V?$Pair@$$CB_KPAVPxBase@physx@@@shdfnd@physx@@_KU?$Hash@_K@23@UGetKey@?$HashMapBase@_KPAVPxBase@physx@@U?$Hash@_K@shdfnd@2@VAllocator@42@@internal@23@VAllocator@23@$00@internal@shdfnd@physx@@AAEXXZ 100296f0 f i CmCollection.obj
 0001:00028730       ?allocate@?$ReflectionAllocator@VCollection@Cm@physx@@@shdfnd@physx@@QAEPAXIPBDH@Z 10029730 f i CmCollection.obj
 0001:00028790       ?capacity@?$HashBase@V?$Pair@QAVPxBase@physx@@_K@shdfnd@physx@@PAVPxBase@3@U?$Hash@PAVPxBase@physx@@@23@UGetKey@?$HashMapBase@PAVPxBase@physx@@_KU?$Hash@PAVPxBase@physx@@@shdfnd@2@VAllocator@42@@internal@23@VAllocator@23@$00@internal@shdfnd@physx@@QBEIXZ 10029790 f i CmCollection.obj
 0001:000287b0       ?capacity@?$HashMapBase@PAVPxBase@physx@@_KU?$Hash@PAVPxBase@physx@@@shdfnd@2@VAllocator@42@@internal@shdfnd@physx@@QBEIXZ 100297b0 f i CmCollection.obj
 0001:000287d0       ?check@Iter@?$HashBase@V?$Pair@$$CB_KPAVPxBase@physx@@@shdfnd@physx@@_KU?$Hash@_K@23@UGetKey@?$HashMapBase@_KPAVPxBase@physx@@U?$Hash@_K@shdfnd@2@VAllocator@42@@internal@23@VAllocator@23@$00@internal@shdfnd@physx@@QBEXXZ 100297d0 f i CmCollection.obj
 0001:00028840       ?create@?$HashBase@V?$Pair@$$CB_KPAVPxBase@physx@@@shdfnd@physx@@_KU?$Hash@_K@23@UGetKey@?$HashMapBase@_KPAVPxBase@physx@@U?$Hash@_K@shdfnd@2@VAllocator@42@@internal@23@VAllocator@23@$00@internal@shdfnd@physx@@QAEPAV?$Pair@$$CB_KPAVPxBase@physx@@@34@AB_KAA_N@Z 10029840 f i CmCollection.obj
 0001:000289e0       ?create@?$HashBase@V?$Pair@QAVPxBase@physx@@_K@shdfnd@physx@@PAVPxBase@3@U?$Hash@PAVPxBase@physx@@@23@UGetKey@?$HashMapBase@PAVPxBase@physx@@_KU?$Hash@PAVPxBase@physx@@@shdfnd@2@VAllocator@42@@internal@23@VAllocator@23@$00@internal@shdfnd@physx@@QAEPAV?$Pair@QAVPxBase@physx@@_K@34@ABQAVPxBase@4@AA_N@Z 100299e0 f i CmCollection.obj
 0001:00028b80       ?destroy@?$HashBase@V?$Pair@$$CB_KPAVPxBase@physx@@@shdfnd@physx@@_KU?$Hash@_K@23@UGetKey@?$HashMapBase@_KPAVPxBase@physx@@U?$Hash@_K@shdfnd@2@VAllocator@42@@internal@23@VAllocator@23@$00@internal@shdfnd@physx@@AAEXXZ 10029b80 f i CmCollection.obj
 0001:00028bf0       ?destroy@?$HashBase@V?$Pair@QAVPxBase@physx@@_K@shdfnd@physx@@PAVPxBase@3@U?$Hash@PAVPxBase@physx@@@23@UGetKey@?$HashMapBase@PAVPxBase@physx@@_KU?$Hash@PAVPxBase@physx@@@shdfnd@2@VAllocator@42@@internal@23@VAllocator@23@$00@internal@shdfnd@physx@@AAEXXZ 10029bf0 f i CmCollection.obj
 0001:00028c60       ?done@Iter@?$HashBase@V?$Pair@$$CB_KPAVPxBase@physx@@@shdfnd@physx@@_KU?$Hash@_K@23@UGetKey@?$HashMapBase@_KPAVPxBase@physx@@U?$Hash@_K@shdfnd@2@VAllocator@42@@internal@23@VAllocator@23@$00@internal@shdfnd@physx@@QBE_NXZ 10029c60 f i CmCollection.obj
 0001:00028ca0       ?erase@?$HashBase@V?$Pair@$$CB_KPAVPxBase@physx@@@shdfnd@physx@@_KU?$Hash@_K@23@UGetKey@?$HashMapBase@_KPAVPxBase@physx@@U?$Hash@_K@shdfnd@2@VAllocator@42@@internal@23@VAllocator@23@$00@internal@shdfnd@physx@@QAE_NAB_K@Z 10029ca0 f i CmCollection.obj
 0001:00028de0       ?erase@?$HashBase@V?$Pair@QAVPxBase@physx@@_K@shdfnd@physx@@PAVPxBase@3@U?$Hash@PAVPxBase@physx@@@23@UGetKey@?$HashMapBase@PAVPxBase@physx@@_KU?$Hash@PAVPxBase@physx@@@shdfnd@2@VAllocator@42@@internal@23@VAllocator@23@$00@internal@shdfnd@physx@@QAE_NABQAVPxBase@4@@Z 10029de0 f i CmCollection.obj
 0001:00028f20       ?erase@?$HashMapBase@PAVPxBase@physx@@_KU?$Hash@PAVPxBase@physx@@@shdfnd@2@VAllocator@42@@internal@shdfnd@physx@@QAE_NABQAVPxBase@4@@Z 10029f20 f i CmCollection.obj
 0001:00028f40       ?erase@?$HashMapBase@_KPAVPxBase@physx@@U?$Hash@_K@shdfnd@2@VAllocator@42@@internal@shdfnd@physx@@QAE_NAB_K@Z 10029f40 f i CmCollection.obj
 0001:00028f60       ?find@?$HashBase@V?$Pair@$$CB_KPAVPxBase@physx@@@shdfnd@physx@@_KU?$Hash@_K@23@UGetKey@?$HashMapBase@_KPAVPxBase@physx@@U?$Hash@_K@shdfnd@2@VAllocator@42@@internal@23@VAllocator@23@$00@internal@shdfnd@physx@@QBEPBV?$Pair@$$CB_KPAVPxBase@physx@@@34@AB_K@Z 10029f60 f i CmCollection.obj
 0001:00029030       ?find@?$HashBase@V?$Pair@QAVPxBase@physx@@_K@shdfnd@physx@@PAVPxBase@3@U?$Hash@PAVPxBase@physx@@@23@UGetKey@?$HashMapBase@PAVPxBase@physx@@_KU?$Hash@PAVPxBase@physx@@@shdfnd@2@VAllocator@42@@internal@23@VAllocator@23@$00@internal@shdfnd@physx@@QBEPBV?$Pair@QAVPxBase@physx@@_K@34@ABQAVPxBase@4@@Z 1002a030 f i CmCollection.obj
 0001:00029100       ?find@?$HashMapBase@PAVPxBase@physx@@_KU?$Hash@PAVPxBase@physx@@@shdfnd@2@VAllocator@42@@internal@shdfnd@physx@@QBEPBV?$Pair@QAVPxBase@physx@@_K@34@ABQAVPxBase@4@@Z 1002a100 f i CmCollection.obj
 0001:00029120       ?find@?$HashMapBase@_KPAVPxBase@physx@@U?$Hash@_K@shdfnd@2@VAllocator@42@@internal@shdfnd@physx@@QBEPBV?$Pair@$$CB_KPAVPxBase@physx@@@34@AB_K@Z 1002a120 f i CmCollection.obj
 0001:00029140       ?freeListAdd@?$HashBase@V?$Pair@$$CB_KPAVPxBase@physx@@@shdfnd@physx@@_KU?$Hash@_K@23@UGetKey@?$HashMapBase@_KPAVPxBase@physx@@U?$Hash@_K@shdfnd@2@VAllocator@42@@internal@23@VAllocator@23@$00@internal@shdfnd@physx@@AAEXI@Z 1002a140 f i CmCollection.obj
 0001:000291f0       ?freeListAdd@?$HashBase@V?$Pair@$$CB_KPAVPxBase@physx@@@shdfnd@physx@@_KU?$Hash@_K@23@UGetKey@?$HashMapBase@_KPAVPxBase@physx@@U?$Hash@_K@shdfnd@2@VAllocator@42@@internal@23@VAllocator@23@$00@internal@shdfnd@physx@@AAEXII@Z 1002a1f0 f i CmCollection.obj
 0001:000292e0       ?freeListAdd@?$HashBase@V?$Pair@QAVPxBase@physx@@_K@shdfnd@physx@@PAVPxBase@3@U?$Hash@PAVPxBase@physx@@@23@UGetKey@?$HashMapBase@PAVPxBase@physx@@_KU?$Hash@PAVPxBase@physx@@@shdfnd@2@VAllocator@42@@internal@23@VAllocator@23@$00@internal@shdfnd@physx@@AAEXI@Z 1002a2e0 f i CmCollection.obj
 0001:00029390       ?freeListAdd@?$HashBase@V?$Pair@QAVPxBase@physx@@_K@shdfnd@physx@@PAVPxBase@3@U?$Hash@PAVPxBase@physx@@@23@UGetKey@?$HashMapBase@PAVPxBase@physx@@_KU?$Hash@PAVPxBase@physx@@@shdfnd@2@VAllocator@42@@internal@23@VAllocator@23@$00@internal@shdfnd@physx@@AAEXII@Z 1002a390 f i CmCollection.obj
 0001:00029480       ?freeListEmpty@?$HashBase@V?$Pair@$$CB_KPAVPxBase@physx@@@shdfnd@physx@@_KU?$Hash@_K@23@UGetKey@?$HashMapBase@_KPAVPxBase@physx@@U?$Hash@_K@shdfnd@2@VAllocator@42@@internal@23@VAllocator@23@$00@internal@shdfnd@physx@@ABE_NXZ 1002a480 f i CmCollection.obj
 0001:000294f0       ?freeListEmpty@?$HashBase@V?$Pair@QAVPxBase@physx@@_K@shdfnd@physx@@PAVPxBase@3@U?$Hash@PAVPxBase@physx@@@23@UGetKey@?$HashMapBase@PAVPxBase@physx@@_KU?$Hash@PAVPxBase@physx@@@shdfnd@2@VAllocator@42@@internal@23@VAllocator@23@$00@internal@shdfnd@physx@@ABE_NXZ 1002a4f0 f i CmCollection.obj
 0001:00029560       ?freeListGetNext@?$HashBase@V?$Pair@$$CB_KPAVPxBase@physx@@@shdfnd@physx@@_KU?$Hash@_K@23@UGetKey@?$HashMapBase@_KPAVPxBase@physx@@U?$Hash@_K@shdfnd@2@VAllocator@42@@internal@23@VAllocator@23@$00@internal@shdfnd@physx@@AAEIXZ 1002a560 f i CmCollection.obj
[...]
 0003:000040aa       ?_ignore@?5??freeListAdd@?$HashBase@PAVHeightField@Gu@physx@@PAV123@U?$Hash@PAVHeightField@Gu@physx@@@shdfnd@3@UGetKey@?$HashSetBase@PAVHeightField@Gu@physx@@U?$Hash@PAVHeightField@Gu@physx@@@shdfnd@3@VAllocator@53@$00@internal@53@VAllocator@53@$00@internal@shdfnd@physx@@AAEXI@Z@4_NA 1018d0aa     GuMeshFactory.obj
 0003:000040ab       ?_ignore@?3??replaceWithLast@?$HashBase@PAVConvexMesh@Gu@physx@@PAV123@U?$Hash@PAVConvexMesh@Gu@physx@@@shdfnd@3@UGetKey@?$HashSetBase@PAVConvexMesh@Gu@physx@@U?$Hash@PAVConvexMesh@Gu@physx@@@shdfnd@3@VAllocator@53@$00@internal@53@VAllocator@53@$00@internal@shdfnd@physx@@AAEXI@Z@4_NA 1018d0ab     GuMeshFactory.obj
 0003:000040ac       ?_ignore@?5??freeListAdd@?$HashBase@PAVConvexMesh@Gu@physx@@PAV123@U?$Hash@PAVConvexMesh@Gu@physx@@@shdfnd@3@UGetKey@?$HashSetBase@PAVConvexMesh@Gu@physx@@U?$Hash@PAVConvexMesh@Gu@physx@@@shdfnd@3@VAllocator@53@$00@internal@53@VAllocator@53@$00@internal@shdfnd@physx@@AAEXI@Z@4_NA 1018d0ac     GuMeshFactory.obj
 0003:000040ad       ?_ignore@?3??replaceWithLast@?$HashBase@PAVTriangleMesh@Gu@physx@@PAV123@U?$Hash@PAVTriangleMesh@Gu@physx@@@shdfnd@3@UGetKey@?$HashSetBase@PAVTriangleMesh@Gu@physx@@U?$Hash@PAVTriangleMesh@Gu@physx@@@shdfnd@3@VAllocator@53@$00@internal@53@VAllocator@53@$00@internal@shdfnd@physx@@AAEXI@Z@4_NA 1018d0ad     GuMeshFactory.obj
 0003:000040ae       ?_ignore@?5??freeListAdd@?$HashBase@PAVTriangleMesh@Gu@physx@@PAV123@U?$Hash@PAVTriangleMesh@Gu@physx@@@shdfnd@3@UGetKey@?$HashSetBase@PAVTriangleMesh@Gu@physx@@U?$Hash@PAVTriangleMesh@Gu@physx@@@shdfnd@3@VAllocator@53@$00@internal@53@VAllocator@53@$00@internal@shdfnd@physx@@AAEXI@Z@4_NA 1018d0ae     GuMeshFactory.obj
 0003:000040af       ?_ignore@?2??growAndPushBack@?$Array@PAVGuMeshFactoryListener@physx@@VNamedAllocator@shdfnd@2@@shdfnd@physx@@IAEAAPAVGuMeshFactoryListener@4@ABQAV54@@Z@4_NA 1018d0af     GuMeshFactory.obj
 0003:000040b0       ?_ignore@?2??grow@?$HashBase@PAVHeightField@Gu@physx@@PAV123@U?$Hash@PAVHeightField@Gu@physx@@@shdfnd@3@UGetKey@?$HashSetBase@PAVHeightField@Gu@physx@@U?$Hash@PAVHeightField@Gu@physx@@@shdfnd@3@VAllocator@53@$00@internal@53@VAllocator@53@$00@internal@shdfnd@physx@@AAEXXZ@4_NA 1018d0b0     GuMeshFactory.obj
 0003:000040b1       ?_ignore@?2??freeListGetNext@?$HashBase@PAVHeightField@Gu@physx@@PAV123@U?$Hash@PAVHeightField@Gu@physx@@@shdfnd@3@UGetKey@?$HashSetBase@PAVHeightField@Gu@physx@@U?$Hash@PAVHeightField@Gu@physx@@@shdfnd@3@VAllocator@53@$00@internal@53@VAllocator@53@$00@internal@shdfnd@physx@@AAEIXZ@4_NA 1018d0b1     GuMeshFactory.obj
 0003:000040b2       ?_ignore@?6??freeListGetNext@?$HashBase@PAVHeightField@Gu@physx@@PAV123@U?$Hash@PAVHeightField@Gu@physx@@@shdfnd@3@UGetKey@?$HashSetBase@PAVHeightField@Gu@physx@@U?$Hash@PAVHeightField@Gu@physx@@@shdfnd@3@VAllocator@53@$00@internal@53@VAllocator@53@$00@internal@shdfnd@physx@@AAEIXZ@4_NA 1018d0b2     GuMeshFactory.obj
 0003:000040b3       ?_ignore@?2??grow@?$HashBase@PAVConvexMesh@Gu@physx@@PAV123@U?$Hash@PAVConvexMesh@Gu@physx@@@shdfnd@3@UGetKey@?$HashSetBase@PAVConvexMesh@Gu@physx@@U?$Hash@PAVConvexMesh@Gu@physx@@@shdfnd@3@VAllocator@53@$00@internal@53@VAllocator@53@$00@internal@shdfnd@physx@@AAEXXZ@4_NA 1018d0b3     GuMeshFactory.obj
 0003:000040b4       ?_ignore@?2??freeListGetNext@?$HashBase@PAVConvexMesh@Gu@physx@@PAV123@U?$Hash@PAVConvexMesh@Gu@physx@@@shdfnd@3@UGetKey@?$HashSetBase@PAVConvexMesh@Gu@physx@@U?$Hash@PAVConvexMesh@Gu@physx@@@shdfnd@3@VAllocator@53@$00@internal@53@VAllocator@53@$00@internal@shdfnd@physx@@AAEIXZ@4_NA 1018d0b4     GuMeshFactory.obj
 0003:000040b5       ?_ignore@?6??freeListGetNext@?$HashBase@PAVConvexMesh@Gu@physx@@PAV123@U?$Hash@PAVConvexMesh@Gu@physx@@@shdfnd@3@UGetKey@?$HashSetBase@PAVConvexMesh@Gu@physx@@U?$Hash@PAVConvexMesh@Gu@physx@@@shdfnd@3@VAllocator@53@$00@internal@53@VAllocator@53@$00@internal@shdfnd@physx@@AAEIXZ@4_NA 1018d0b5     GuMeshFactory.obj
 0003:000040b6       ?_ignore@?2??grow@?$HashBase@PAVTriangleMesh@Gu@physx@@PAV123@U?$Hash@PAVTriangleMesh@Gu@physx@@@shdfnd@3@UGetKey@?$HashSetBase@PAVTriangleMesh@Gu@physx@@U?$Hash@PAVTriangleMesh@Gu@physx@@@shdfnd@3@VAllocator@53@$00@internal@53@VAllocator@53@$00@internal@shdfnd@physx@@AAEXXZ@4_NA 1018d0b6     GuMeshFactory.obj
 0003:000040b7       ?_ignore@?2??freeListGetNext@?$HashBase@PAVTriangleMesh@Gu@physx@@PAV123@U?$Hash@PAVTriangleMesh@Gu@physx@@@shdfnd@3@UGetKey@?$HashSetBase@PAVTriangleMesh@Gu@physx@@U?$Hash@PAVTriangleMesh@Gu@physx@@@shdfnd@3@VAllocator@53@$00@internal@53@VAllocator@53@$00@internal@shdfnd@physx@@AAEIXZ@4_NA 1018d0b7     GuMeshFactory.obj
 0003:000040b8       ?_ignore@?6??freeListGetNext@?$HashBase@PAVTriangleMesh@Gu@physx@@PAV123@U?$Hash@PAVTriangleMesh@Gu@physx@@@shdfnd@3@UGetKey@?$HashSetBase@PAVTriangleMesh@Gu@physx@@U?$Hash@PAVTriangleMesh@Gu@physx@@@shdfnd@3@VAllocator@53@$00@internal@53@VAllocator@53@$00@internal@shdfnd@physx@@AAEIXZ@4_NA 1018d0b8     GuMeshFactory.obj
 0003:0000416e       ?_ignore@?2??transform@PxTransform@physx@@QBE?AV23@ABV23@@Z@4_NA 1018d16e     GuOverlapTests.obj
 0003:0000416f       ?_ignore@?3??transform@PxTransform@physx@@QBE?AV23@ABV23@@Z@4_NA 1018d16f     GuOverlapTests.obj
 0003:000042a3       ?_ignore@?L@???$traceSegment@VRayCastCallback@Gu@physx@@$0A@$0A@$0A@@HeightFieldUtil@Gu@physx@@QBEXABVPxVec3@3@0PAVRayCastCallback@23@PBV43@@Z@4_NA 1018d2a3     GuRaycastTests.obj
 0003:000042a4       ?_ignore@?BC@???$traceSegment@VRayCastCallback@Gu@physx@@$0A@$0A@$0A@@HeightFieldUtil@Gu@physx@@QBEXABVPxVec3@3@0PAVRayCastCallback@23@PBV43@@Z@4_NA 1018d2a4     GuRaycastTests.obj
 0003:000042a5       ?_ignore@?BH@???$traceSegment@VRayCastCallback@Gu@physx@@$0A@$0A@$0A@@HeightFieldUtil@Gu@physx@@QBEXABVPxVec3@3@0PAVRayCastCallback@23@PBV43@@Z@4_NA 1018d2a5     GuRaycastTests.obj
 0003:000042a6       ?_ignore@?BI@???$traceSegment@VRayCastCallback@Gu@physx@@$0A@$0A@$0A@@HeightFieldUtil@Gu@physx@@QBEXABVPxVec3@3@0PAVRayCastCallback@23@PBV43@@Z@4_NA 1018d2a6     GuRaycastTests.obj
 0003:00004428       ?__type_info_root_node@@3U__type_info_node@@A 1018d428     MSVCRTD:tncleanup.obj
 0003:00004434       ___scrt_current_native_startup_state 1018d434     MSVCRTD:utility.obj
 0003:00004438       ___scrt_native_startup_lock 1018d438     MSVCRTD:utility.obj
 0003:0000446c       ___isa_available           1018d46c     MSVCRTD:_cpu_disp_.obj
 0003:00004470       ___favor                   1018d470     MSVCRTD:_cpu_disp_.obj
 0003:00004478       ___scrt_debugger_hook_flag 1018d478     MSVCRTD:utility_desktop.obj
 0003:00004480       ?_OptionsStorage@?1??__local_stdio_scanf_options@@9@4_KA 1018d480     MSVCRTD:default_local_stdio_options.obj
 0003:00004854       ___dyn_tls_init_callback   1018d854     <common>
 0004:00000000       __imp__CloseHandle@4       1018e000     kernel32:KERNEL32.dll
 0004:00000004       __imp__MapViewOfFile@20    1018e004     kernel32:KERNEL32.dll
 0004:00000008       __imp__UnmapViewOfFile@4   1018e008     kernel32:KERNEL32.dll
 0004:0000000c       __imp__CreateFileMappingA@24 1018e00c     kernel32:KERNEL32.dll
 0004:00000010       __imp__OpenFileMappingA@12 1018e010     kernel32:KERNEL32.dll
 0004:00000014       __imp__FreeLibrary@4       1018e014     kernel32:KERNEL32.dll
 0004:00000018       __imp__GetProcAddress@8    1018e018     kernel32:KERNEL32.dll
 0004:0000001c       __imp__LoadLibraryA@4      1018e01c     kernel32:KERNEL32.dll
 0004:00000020       __imp__InitializeCriticalSection@4 1018e020     kernel32:KERNEL32.dll
 0004:00000024       __imp__EnterCriticalSection@4 1018e024     kernel32:KERNEL32.dll
 0004:00000028       __imp__LeaveCriticalSection@4 1018e028     kernel32:KERNEL32.dll
 0004:0000002c       __imp__TryEnterCriticalSection@4 1018e02c     kernel32:KERNEL32.dll
 0004:00000030       __imp__DeleteCriticalSection@4 1018e030     kernel32:KERNEL32.dll
 0004:00000034       __imp__GetCurrentThread@0  1018e034     kernel32:KERNEL32.dll
 0004:00000038       __imp__GetCurrentThreadId@0 1018e038     kernel32:KERNEL32.dll
 0004:0000003c       __imp__OutputDebugStringA@4 1018e03c     kernel32:KERNEL32.dll
 0004:00000040       __imp__InitializeSListHead@4 1018e040     kernel32:KERNEL32.dll
 0004:00000044       __imp__InterlockedPopEntrySList@4 1018e044     kernel32:KERNEL32.dll
 0004:00000048       __imp__InterlockedPushEntrySList@8 1018e048     kernel32:KERNEL32.dll
 0004:0000004c       __imp__InterlockedFlushSList@4 1018e04c     kernel32:KERNEL32.dll
 0004:00000050       __imp__SetEvent@4          1018e050     kernel32:KERNEL32.dll
 0004:00000054       __imp__ResetEvent@4        1018e054     kernel32:KERNEL32.dll
 0004:00000058       __imp__WaitForSingleObject@8 1018e058     kernel32:KERNEL32.dll
 0004:0000005c       __imp__CreateEventA@16     1018e05c     kernel32:KERNEL32.dll
 0004:00000060       __imp__RaiseException@16   1018e060     kernel32:KERNEL32.dll
 0004:00000064       __imp__GetLastError@0      1018e064     kernel32:KERNEL32.dll
 0004:00000068       __imp__Sleep@4             1018e068     kernel32:KERNEL32.dll
 0004:0000006c       __imp__SwitchToThread@0    1018e06c     kernel32:KERNEL32.dll
 0004:00000070       __imp__CreateThread@24     1018e070     kernel32:KERNEL32.dll
 0004:00000074       __imp__SetThreadPriority@8 1018e074     kernel32:KERNEL32.dll
 0004:00000078       __imp__GetThreadPriority@4 1018e078     kernel32:KERNEL32.dll
 0004:0000007c       __imp__ExitThread@4        1018e07c     kernel32:KERNEL32.dll
 0004:00000080       __imp__TerminateThread@8   1018e080     kernel32:KERNEL32.dll
 0004:00000084       __imp__ResumeThread@4      1018e084     kernel32:KERNEL32.dll
 0004:00000088       __imp__TlsAlloc@0          1018e088     kernel32:KERNEL32.dll
 0004:0000008c       __imp__TlsGetValue@4       1018e08c     kernel32:KERNEL32.dll
 0004:00000090       __imp__TlsSetValue@8       1018e090     kernel32:KERNEL32.dll
 0004:00000094       __imp__TlsFree@4           1018e094     kernel32:KERNEL32.dll
 0004:00000098       __imp__GetModuleHandleA@4  1018e098     kernel32:KERNEL32.dll
 0004:0000009c       __imp__SetThreadAffinityMask@8 1018e09c     kernel32:KERNEL32.dll
 0004:000000a0       __imp__QueryPerformanceCounter@4 1018e0a0     kernel32:KERNEL32.dll
 0004:000000a4       __imp__QueryPerformanceFrequency@4 1018e0a4     kernel32:KERNEL32.dll
 0004:000000a8       __imp__GetCurrentProcess@0 1018e0a8     kernel32:KERNEL32.dll
 0004:000000ac       __imp__VirtualQuery@12     1018e0ac     kernel32:KERNEL32.dll
 0004:000000b0       __imp__GetProcessHeap@0    1018e0b0     kernel32:KERNEL32.dll
 0004:000000b4       __imp__HeapFree@12         1018e0b4     kernel32:KERNEL32.dll
 0004:000000b8       __imp__HeapAlloc@12        1018e0b8     kernel32:KERNEL32.dll
 0004:000000bc       __imp__WideCharToMultiByte@32 1018e0bc     kernel32:KERNEL32.dll
 0004:000000c0       __imp__MultiByteToWideChar@24 1018e0c0     kernel32:KERNEL32.dll
 0004:000000c4       __imp__DisableThreadLibraryCalls@4 1018e0c4     kernel32:KERNEL32.dll
 0004:000000c8       __imp__GetSystemTimeAsFileTime@4 1018e0c8     kernel32:KERNEL32.dll
 0004:000000cc       __imp__GetCurrentProcessId@0 1018e0cc     kernel32:KERNEL32.dll
 0004:000000d0       __imp__GetModuleHandleW@4  1018e0d0     kernel32:KERNEL32.dll
 0004:000000d4       __imp__GetStartupInfoW@4   1018e0d4     kernel32:KERNEL32.dll
 0004:000000d8       __imp__SetUnhandledExceptionFilter@4 1018e0d8     kernel32:KERNEL32.dll
 0004:000000dc       __imp__UnhandledExceptionFilter@4 1018e0dc     kernel32:KERNEL32.dll
 0004:000000e0       __imp__IsDebuggerPresent@0 1018e0e0     kernel32:KERNEL32.dll
 0004:000000e4       __imp__IsProcessorFeaturePresent@4 1018e0e4     kernel32:KERNEL32.dll
 0004:000000e8       __imp__TerminateProcess@8  1018e0e8     kernel32:KERNEL32.dll
 0004:000000ec       \177KERNEL32_NULL_THUNK_DATA 1018e0ec     kernel32:KERNEL32.dll
 0004:00000144       __imp____std_type_info_destroy_list 1018e144     vcruntimed:VCRUNTIME140D.dll
 0004:00000148       __imp____vcrt_LoadLibraryExW 1018e148     vcruntimed:VCRUNTIME140D.dll
 0004:0000014c       __imp____vcrt_GetModuleHandleW 1018e14c     vcruntimed:VCRUNTIME140D.dll
 0004:00000150       __imp____vcrt_GetModuleFileNameW 1018e150     vcruntimed:VCRUNTIME140D.dll
 0004:00000154       __imp___CxxThrowException@8 1018e154     vcruntimed:VCRUNTIME140D.dll
 0004:00000158       __imp____std_exception_destroy 1018e158     vcruntimed:VCRUNTIME140D.dll
 0004:0000015c       __imp___purecall           1018e15c     vcruntimed:VCRUNTIME140D.dll
 0004:00000160       __imp____std_type_info_name 1018e160     vcruntimed:VCRUNTIME140D.dll
 0004:00000164       __imp__memcpy              1018e164     vcruntimed:VCRUNTIME140D.dll
 0004:00000168       __imp__memset              1018e168     vcruntimed:VCRUNTIME140D.dll
 0004:0000016c       __imp___except_handler3    1018e16c     vcruntimed:VCRUNTIME140D.dll
 0004:00000170       __imp__memmove             1018e170     vcruntimed:VCRUNTIME140D.dll
 0004:00000174       __imp__strchr              1018e174     vcruntimed:VCRUNTIME140D.dll
 0004:00000178       __imp__strstr              1018e178     vcruntimed:VCRUNTIME140D.dll
 0004:0000017c       __imp____std_exception_copy 1018e17c     vcruntimed:VCRUNTIME140D.dll
 0004:00000180       __imp____telemetry_main_invoke_trigger 1018e180     vcruntimed:VCRUNTIME140D.dll
 0004:00000184       __imp____telemetry_main_return_trigger 1018e184     vcruntimed:VCRUNTIME140D.dll
 0004:00000188       __imp___except_handler4_common 1018e188     vcruntimed:VCRUNTIME140D.dll
 0004:0000018c       \177VCRUNTIME140D_NULL_THUNK_DATA 1018e18c     vcruntimed:VCRUNTIME140D.dll
 0004:000001c4       __imp__WSASendDisconnect@8 1018e1c4     Ws2_32:WS2_32.dll
 0004:000001c8       __imp__WSAGetLastError@0   1018e1c8     Ws2_32:WS2_32.dll
 0004:000001cc       __imp__WSACleanup@0        1018e1cc     Ws2_32:WS2_32.dll
 0004:000001d0       __imp__WSAStartup@8        1018e1d0     Ws2_32:WS2_32.dll
 0004:000001d4       __imp__gethostbyaddr@12    1018e1d4     Ws2_32:WS2_32.dll
 0004:000001d8       __imp____WSAFDIsSet@8      1018e1d8     Ws2_32:WS2_32.dll
 0004:000001dc       __imp__accept@12           1018e1dc     Ws2_32:WS2_32.dll
 0004:000001e0       __imp__bind@12             1018e1e0     Ws2_32:WS2_32.dll
 0004:000001e4       __imp__closesocket@4       1018e1e4     Ws2_32:WS2_32.dll
 0004:000001e8       __imp__connect@12          1018e1e8     Ws2_32:WS2_32.dll
 0004:000001ec       __imp__ioctlsocket@12      1018e1ec     Ws2_32:WS2_32.dll
 0004:000001f0       __imp__getsockopt@20       1018e1f0     Ws2_32:WS2_32.dll
 0004:000001f4       __imp__htonl@4             1018e1f4     Ws2_32:WS2_32.dll
 0004:000001f8       __imp__htons@4             1018e1f8     Ws2_32:WS2_32.dll
 0004:000001fc       __imp__inet_addr@4         1018e1fc     Ws2_32:WS2_32.dll
 0004:00000200       __imp__listen@8            1018e200     Ws2_32:WS2_32.dll
 0004:00000204       __imp__recv@16             1018e204     Ws2_32:WS2_32.dll
 0004:00000208       __imp__select@20           1018e208     Ws2_32:WS2_32.dll
 0004:0000020c       __imp__send@16             1018e20c     Ws2_32:WS2_32.dll
 0004:00000210       __imp__setsockopt@20       1018e210     Ws2_32:WS2_32.dll
 0004:00000214       __imp__socket@12           1018e214     Ws2_32:WS2_32.dll
 0004:00000218       __imp__gethostbyname@4     1018e218     Ws2_32:WS2_32.dll
 0004:0000021c       \177WS2_32_NULL_THUNK_DATA 1018e21c     Ws2_32:WS2_32.dll
 0004:00000258       __imp__sin                 1018e258     ucrtd:ucrtbased.dll
 0004:0000025c       __imp__sqrt                1018e25c     ucrtd:ucrtbased.dll
 0004:00000260       __imp__fabs                1018e260     ucrtd:ucrtbased.dll
 0004:00000264       __imp__strnlen             1018e264     ucrtd:ucrtbased.dll
 0004:00000268       __imp____acrt_iob_func     1018e268     ucrtd:ucrtbased.dll
 0004:0000026c       __imp____stdio_common_vfprintf 1018e26c     ucrtd:ucrtbased.dll
 0004:00000270       __imp__ceil                1018e270     ucrtd:ucrtbased.dll
 0004:00000274       __imp__floor               1018e274     ucrtd:ucrtbased.dll
 0004:00000278       __imp___CrtDbgReportW      1018e278     ucrtd:ucrtbased.dll
 0004:0000027c       __imp___free_dbg           1018e27c     ucrtd:ucrtbased.dll
 0004:00000280       __imp___except1            1018e280     ucrtd:ucrtbased.dll
 0004:00000284       __imp___seh_filter_dll     1018e284     ucrtd:ucrtbased.dll
 0004:00000288       __imp___configure_narrow_argv 1018e288     ucrtd:ucrtbased.dll
 0004:0000028c       __imp___initialize_narrow_environment 1018e28c     ucrtd:ucrtbased.dll
 0004:00000290       __imp___initialize_onexit_table 1018e290     ucrtd:ucrtbased.dll
 0004:00000294       __imp___register_onexit_function 1018e294     ucrtd:ucrtbased.dll
 0004:00000298       __imp___execute_onexit_table 1018e298     ucrtd:ucrtbased.dll
 0004:0000029c       __imp___crt_atexit         1018e29c     ucrtd:ucrtbased.dll
 0004:000002a0       __imp___crt_at_quick_exit  1018e2a0     ucrtd:ucrtbased.dll
 0004:000002a4       __imp___cexit              1018e2a4     ucrtd:ucrtbased.dll
 0004:000002a8       __imp___initterm           1018e2a8     ucrtd:ucrtbased.dll
 0004:000002ac       __imp___initterm_e         1018e2ac     ucrtd:ucrtbased.dll
 0004:000002b0       __imp__terminate           1018e2b0     ucrtd:ucrtbased.dll
 0004:000002b4       __imp___callnewh           1018e2b4     ucrtd:ucrtbased.dll
 0004:000002b8       __imp__malloc              1018e2b8     ucrtd:ucrtbased.dll
 0004:000002bc       __imp___wmakepath_s        1018e2bc     ucrtd:ucrtbased.dll
 0004:000002c0       __imp___wsplitpath_s       1018e2c0     ucrtd:ucrtbased.dll
 0004:000002c4       __imp__wcscpy_s            1018e2c4     ucrtd:ucrtbased.dll
 0004:000002c8       __imp__cos                 1018e2c8     ucrtd:ucrtbased.dll
 0004:000002cc       __imp__atan2               1018e2cc     ucrtd:ucrtbased.dll
 0004:000002d0       __imp__asin                1018e2d0     ucrtd:ucrtbased.dll
 0004:000002d4       __imp__tolower             1018e2d4     ucrtd:ucrtbased.dll
 0004:000002d8       __imp__strncmp             1018e2d8     ucrtd:ucrtbased.dll
 0004:000002dc       __imp__strlen              1018e2dc     ucrtd:ucrtbased.dll
 0004:000002e0       __imp__strcmp              1018e2e0     ucrtd:ucrtbased.dll
 0004:000002e4       __imp___wassert            1018e2e4     ucrtd:ucrtbased.dll
 0004:000002e8       __imp___CrtSetReportMode   1018e2e8     ucrtd:ucrtbased.dll
 0004:000002ec       __imp___CrtDbgReport       1018e2ec     ucrtd:ucrtbased.dll
 0004:000002f0       __imp____stdio_common_vsprintf 1018e2f0     ucrtd:ucrtbased.dll
 0004:000002f4       __imp____stdio_common_vsprintf_s 1018e2f4     ucrtd:ucrtbased.dll
 0004:000002f8       __imp__puts                1018e2f8     ucrtd:ucrtbased.dll
 0004:000002fc       __imp____control87_2       1018e2fc     ucrtd:ucrtbased.dll
 0004:00000300       __imp___controlfp_s        1018e300     ucrtd:ucrtbased.dll
 0004:00000304       __imp___clearfp            1018e304     ucrtd:ucrtbased.dll
 0004:00000308       __imp___fpclass            1018e308     ucrtd:ucrtbased.dll
 0004:0000030c       \177ucrtbased_NULL_THUNK_DATA 1018e30c     ucrtd:ucrtbased.dll
 0004:0000035c       __IMPORT_DESCRIPTOR_KERNEL32 1018e35c     kernel32:KERNEL32.dll
 0004:00000370       __IMPORT_DESCRIPTOR_WS2_32 1018e370     Ws2_32:WS2_32.dll
 0004:00000384       __IMPORT_DESCRIPTOR_VCRUNTIME140D 1018e384     vcruntimed:VCRUNTIME140D.dll
 0004:00000398       __IMPORT_DESCRIPTOR_ucrtbased 1018e398     ucrtd:ucrtbased.dll
 0004:000003ac       __NULL_IMPORT_DESCRIPTOR   1018e3ac     kernel32:KERNEL32.dll
 0006:00000000       ___guard_check_icall_fptr  10191000     MSVCRTD:guard_support.obj
