 PhysX3Cooking_x86

 Timestamp is 55b9694e (Wed Jul 29 17:01:18 2015)

 Preferred load address is 10000000

 Start         Length     Name                   Class
 0001:00000000 000001d4H .text$di                CODE
 0001:000001e0 00042aeaH .text$mn                CODE
 0002:00000000 0000013cH .idata$5                DATA
 0002:0000013c 00000004H .CRT$XCA                DATA
 0002:00000140 00000048H .CRT$XCU                DATA
 0002:00000188 00000004H .CRT$XCZ                DATA
 0002:0000018c 00000004H .CRT$XIA                DATA
 0002:00000190 00000014H .CRT$XIC                DATA
 0002:000001a4 00000004H .CRT$XIZ                DATA
 0002:000001a8 00000004H .CRT$XPA                DATA
 0002:000001ac 00000008H .CRT$XPX                DATA
 0002:000001b4 00000004H .CRT$XPXA               DATA
 0002:000001b8 00000004H .CRT$XPZ                DATA
 0002:000001bc 00000004H .CRT$XTA                DATA
 0002:000001c0 00000004H .CRT$XTZ                DATA
 0002:000001d0 00008fc8H .rdata                  DATA
 0002:00009198 00000078H .rdata$debug            DATA
 0002:00009210 00000388H .rdata$r                DATA
 0002:000095a0 0000000cH .rdata$sxdata           DATA
 0002:000095ac 00000004H .rtc$IAA                DATA
 0002:000095b0 00000004H .rtc$IZZ                DATA
 0002:000095b4 00000004H .rtc$TAA                DATA
 0002:000095b8 00000004H .rtc$TZZ                DATA
 0002:000095c0 000005f4H .xdata$x                DATA
 0002:00009bb4 00000020H .didat$2                DATA
 0002:00009bd4 00000020H .didat$3                DATA
 0002:00009bf4 00000144H .didat$4                DATA
 0002:00009d38 00000fecH .didat$6                DATA
 0002:0000ad24 00000144H .didat$7                DATA
 0002:0000ae70 00000081H .edata                  DATA
 0002:0000aef4 00000014H .idata$2                DATA
 0002:0000af08 00000014H .idata$3                DATA
 0002:0000af1c 0000013cH .idata$4                DATA
 0002:0000b058 000005aaH .idata$6                DATA
 0003:00000000 000012c8H .data                   DATA
 0003:000012c8 000003f0H .data$r                 DATA
 0003:000016b8 00000144H .didat$5                DATA
 0003:00001800 0000200cH .bss                    DATA
 0004:00000000 000000a0H .rsrc$01                DATA
 0004:000000a0 000004b8H .rsrc$02                DATA

  Address         Publics by Value              Rva+Base       Lib:Object

 0000:00000000       ___guard_fids_table        00000000     <absolute>
 0000:00000000       ___guard_flags             00000000     <absolute>
 0000:00000000       __except_list              00000000     <absolute>
 0000:00000000       ___guard_fids_count        00000000     <absolute>
 0000:00000003       ___safe_se_handler_count   00000003     <absolute>
 0000:00000000       ___ImageBase               10000000     <linker-defined>
 0001:000001e0       _PxSetPhysXCookingDelayLoadHook 100011e0 f   WindowsCookingDelayLoadHook.obj
 0001:000001f0       ?delayHook@@YGP6GHXZIPAUDelayLoadInfo@@@Z 100011f0 f   WindowsCookingDelayLoadHook.obj
 0001:00000240       ?loadLibrary@shdfnd@physx@@YGPAUHINSTANCE__@@PBD@Z 10001240 f i WindowsCookingDelayLoadHook.obj
 0001:00000250       ?physXCommonDliNotePreLoadLibrary@shdfnd@physx@@YGP6GHXZPBDPBVPxDelayLoadHook@2@@Z 10001250 f i WindowsCookingDelayLoadHook.obj
 0001:00000680       ?strstr@@YAPADPADPBD@Z     10001680 f i WindowsCookingDelayLoadHook.obj
 0001:00000690       ?saveHeightField@physx@@YA_NABVHeightField@Gu@1@AAVPxOutputStream@1@_N@Z 10001690 f   HeightFieldCooking.obj
 0001:000008c0       ??B?$PxFlags@W4Enum@PxHeightFieldFlag@physx@@G@physx@@QBEGXZ 100018c0 f i HeightFieldCooking.obj
 0001:000008d0       ?getData@HeightField@Gu@physx@@QBEABUHeightFieldData@23@XZ 100018d0 f i HeightFieldCooking.obj
 0001:000008e0       ?buildFromTriangles@RTreeCooker@physx@@SAXAAURTree@Gu@2@PBVPxVec3@2@IPBGPBIIAAV?$Array@IV?$ReflectionAllocator@I@shdfnd@physx@@@shdfnd@2@PAURemapCallback@12@MW4Enum@PxMeshCookingHint@2@@Z 100018e0 f   RTreeCooking.obj
 0001:00001400       ??$PX_UNUSED@I@@YAXABI@Z   10002400 f i RTreeCooking.obj
 0001:00001410       ??$PX_UNUSED@M@@YAXABM@Z   10002410 f i RTreeCooking.obj
 0001:00001420       ??$PX_UNUSED@PAURTreeNodeNQ@physx@@@@YAXABQAURTreeNodeNQ@physx@@@Z 10002420 f i RTreeCooking.obj
 0001:00001430       ??$PX_UNUSED@URTreeNodeNQ@physx@@@@YAXABURTreeNodeNQ@physx@@@Z 10002430 f i RTreeCooking.obj
 0001:00001440       ??$PxMax@H@physx@@YAHHH@Z  10002440 f i RTreeCooking.obj
 0001:00001450       ??$PxMax@I@physx@@YAIII@Z  10002450 f i RTreeCooking.obj
 0001:00001460       ??$PxMax@M@physx@@YAMMM@Z  10002460 f i RTreeCooking.obj
 0001:00001490       ??$PxMin@I@physx@@YAIII@Z  10002490 f i RTreeCooking.obj
 0001:000014a0       ??$PxMin@M@physx@@YAMMM@Z  100024a0 f i RTreeCooking.obj
 0001:000014d0       ??$median3@I$$CBU?$Less@I@shdfnd@physx@@@internal@shdfnd@physx@@YAXPAIHHABU?$Less@I@12@@Z 100024d0 f i RTreeCooking.obj
 0001:00001530       ??$median3@I$$CBUSortBoundsPredicate@physx@@@internal@shdfnd@physx@@YAXPAIHHABUSortBoundsPredicate@2@@Z 10002530 f i RTreeCooking.obj
 0001:00001630       ??$partition@I$$CBU?$Less@I@shdfnd@physx@@@internal@shdfnd@physx@@YAHPAIHHABU?$Less@I@12@@Z 10002630 f i RTreeCooking.obj
 0001:000016c0       ??$partition@I$$CBUSortBoundsPredicate@physx@@@internal@shdfnd@physx@@YAHPAIHHABUSortBoundsPredicate@2@@Z 100026c0 f i RTreeCooking.obj
 0001:00001780       ??$partition@UBoundsLTE@physx@@@quickSelect@physx@@YAIPIAIIIIABUBoundsLTE@1@@Z 10002780 f i RTreeCooking.obj
 0001:00001800       ??$quickSelectFirstK@UBoundsLTE@physx@@@quickSelect@physx@@YAXPIAIIIIABUBoundsLTE@1@@Z 10002800 f i RTreeCooking.obj
 0001:000018b0       ??$smallSort@I$$CBU?$Less@I@shdfnd@physx@@@internal@shdfnd@physx@@YAXPAIHHABU?$Less@I@12@@Z 100028b0 f i RTreeCooking.obj
 0001:00001930       ??$smallSort@I$$CBUSortBoundsPredicate@physx@@@internal@shdfnd@physx@@YAXPAIHHABUSortBoundsPredicate@2@@Z 10002930 f i RTreeCooking.obj
 0001:00001a00       ??$sort@I@shdfnd@physx@@YAXPAII@Z 10002a00 f i RTreeCooking.obj
 0001:00001a20       ??$sort@IU?$Less@I@shdfnd@physx@@V?$ReflectionAllocator@I@23@@shdfnd@physx@@YAXPAIIABU?$Less@I@01@ABV?$ReflectionAllocator@I@01@I@Z 10002a20 f i RTreeCooking.obj
 0001:00001b90       ??$sort@IUSortBoundsPredicate@physx@@@shdfnd@physx@@YAXPAIIABUSortBoundsPredicate@1@@Z 10002b90 f i RTreeCooking.obj
 0001:00001bb0       ??$sort@IUSortBoundsPredicate@physx@@V?$ReflectionAllocator@I@shdfnd@2@@shdfnd@physx@@YAXPAIIABUSortBoundsPredicate@1@ABV?$ReflectionAllocator@I@01@I@Z 10002bb0 f i RTreeCooking.obj
 0001:00001d20       ??$swap@I@shdfnd@physx@@YAXAAI0@Z 10002d20 f i RTreeCooking.obj
 0001:00001d40       ??0?$AlignedAllocator@$0IA@VAllocator@shdfnd@physx@@@shdfnd@physx@@QAE@ABVAllocator@12@@Z 10002d40 f i RTreeCooking.obj
 0001:00001d50       ??0?$Array@IV?$ReflectionAllocator@I@shdfnd@physx@@@shdfnd@physx@@QAE@IABIABV?$ReflectionAllocator@I@12@@Z 10002d50 f i RTreeCooking.obj
 0001:00001d80       ??0?$Array@UInterval@physx@@V?$InlineAllocator@$0CA@V?$ReflectionAllocator@UInterval@physx@@@shdfnd@physx@@@shdfnd@2@@shdfnd@physx@@QAE@ABV?$InlineAllocator@$0CA@V?$ReflectionAllocator@UInterval@physx@@@shdfnd@physx@@@12@@Z 10002d80 f i RTreeCooking.obj
 0001:00001da0       ??0?$Array@UPxBounds3V@physx@@V?$ReflectionAllocator@UPxBounds3V@physx@@@shdfnd@2@@shdfnd@physx@@QAE@ABV?$ReflectionAllocator@UPxBounds3V@physx@@@12@@Z 10002da0 f i RTreeCooking.obj
 0001:00001dc0       ??0?$Array@URTreeNodeNQ@physx@@V?$ReflectionAllocator@URTreeNodeNQ@physx@@@shdfnd@2@@shdfnd@physx@@QAE@ABV?$ReflectionAllocator@URTreeNodeNQ@physx@@@12@@Z 10002dc0 f i RTreeCooking.obj
 0001:00001de0       ??0?$Array@URTreeNodeQ@Gu@physx@@V?$ReflectionAllocator@URTreeNodeQ@Gu@physx@@@shdfnd@3@@shdfnd@physx@@QAE@ABV?$ReflectionAllocator@URTreeNodeQ@Gu@physx@@@12@@Z 10002de0 f i RTreeCooking.obj
 0001:00001e00       ??0?$Array@VPxVec3@physx@@V?$ReflectionAllocator@VPxVec3@physx@@@shdfnd@2@@shdfnd@physx@@QAE@ABV?$ReflectionAllocator@VPxVec3@physx@@@12@@Z 10002e00 f i RTreeCooking.obj
 0001:00001e20       ??0?$InlineAllocator@$0CA@V?$ReflectionAllocator@UInterval@physx@@@shdfnd@physx@@@shdfnd@physx@@QAE@ABV012@@Z 10002e20 f i RTreeCooking.obj
 0001:00001e30       ??0?$InlineAllocator@$0CA@V?$ReflectionAllocator@UInterval@physx@@@shdfnd@physx@@@shdfnd@physx@@QAE@ABV?$ReflectionAllocator@UInterval@physx@@@12@@Z 10002e30 f i RTreeCooking.obj
 0001:00001e40       ??0?$InlineArray@UInterval@physx@@$03V?$ReflectionAllocator@UInterval@physx@@@shdfnd@2@@shdfnd@physx@@QAE@ABV?$ReflectionAllocator@UInterval@physx@@@12@@Z 10002e40 f i RTreeCooking.obj
 0001:00001e80       ??0?$ReflectionAllocator@I@shdfnd@physx@@QAE@ABV012@@Z 10002e80 f i RTreeCooking.obj
 0001:00001e90       ??0?$ReflectionAllocator@I@shdfnd@physx@@QAE@PBD@Z 10002e90 f i RTreeCooking.obj
 0001:00001ea0       ??0?$ReflectionAllocator@UInterval@physx@@@shdfnd@physx@@QAE@ABV012@@Z 10002ea0 f i RTreeCooking.obj
 0001:00001eb0       ??0?$ReflectionAllocator@UInterval@physx@@@shdfnd@physx@@QAE@PBD@Z 10002eb0 f i RTreeCooking.obj
 0001:00001ec0       ??0?$ReflectionAllocator@UPxBounds3V@physx@@@shdfnd@physx@@QAE@ABV012@@Z 10002ec0 f i RTreeCooking.obj
 0001:00001ed0       ??0?$ReflectionAllocator@UPxBounds3V@physx@@@shdfnd@physx@@QAE@PBD@Z 10002ed0 f i RTreeCooking.obj
 0001:00001ee0       ??0?$ReflectionAllocator@URTreeNodeNQ@physx@@@shdfnd@physx@@QAE@ABV012@@Z 10002ee0 f i RTreeCooking.obj
 0001:00001ef0       ??0?$ReflectionAllocator@URTreeNodeNQ@physx@@@shdfnd@physx@@QAE@PBD@Z 10002ef0 f i RTreeCooking.obj
 0001:00001f00       ??0?$ReflectionAllocator@URTreeNodeQ@Gu@physx@@@shdfnd@physx@@QAE@ABV012@@Z 10002f00 f i RTreeCooking.obj
 0001:00001f10       ??0?$ReflectionAllocator@URTreeNodeQ@Gu@physx@@@shdfnd@physx@@QAE@PBD@Z 10002f10 f i RTreeCooking.obj
 0001:00001f20       ??0?$ReflectionAllocator@VPxVec3@physx@@@shdfnd@physx@@QAE@ABV012@@Z 10002f20 f i RTreeCooking.obj
 0001:00001f30       ??0?$ReflectionAllocator@VPxVec3@physx@@@shdfnd@physx@@QAE@PBD@Z 10002f30 f i RTreeCooking.obj
 0001:00001f40       ??0?$ScopedPointer@HVTempAllocator@shdfnd@physx@@@shdfnd@physx@@QAE@XZ 10002f40 f i RTreeCooking.obj
 0001:00001f50       ??0?$Stack@V?$ReflectionAllocator@I@shdfnd@physx@@@internal@shdfnd@physx@@QAE@PAHIABV?$ReflectionAllocator@I@23@@Z 10002f50 f i RTreeCooking.obj
 0001:00001f70       ??0BoundsLTE@physx@@QAE@IPBVPxVec3@1@@Z 10002f70 f i RTreeCooking.obj
 0001:00001f90       ??0Interval@physx@@QAE@II@Z 10002f90 f i RTreeCooking.obj
 0001:00001fb0       ??0PxBounds3@physx@@QAE@ABV01@@Z 10002fb0 f i RTreeCooking.obj
 0001:00001fe0       ??0PxBounds3@physx@@QAE@ABVPxVec3@1@0@Z 10002fe0 f i RTreeCooking.obj
 0001:00002020       ??0PxBounds3V@physx@@QAE@AAT__m128@@0@Z 10003020 f i RTreeCooking.obj
 0001:00002040       ??0PxBounds3V@physx@@QAE@UU@01@@Z 10003040 f i RTreeCooking.obj
 0001:00002050       ??0PxVec3@physx@@QAE@ABV01@@Z 10003050 f i RTreeCooking.obj
 0001:00002070       ??0PxVec3@physx@@QAE@M@Z   10003070 f i RTreeCooking.obj
 0001:00002090       ??0PxVec3@physx@@QAE@MMM@Z 10003090 f i RTreeCooking.obj
 0001:000020c0       ??0PxVec4@physx@@QAE@ABVPxVec3@1@M@Z 100030c0 f i RTreeCooking.obj
 0001:000020f0       ??0PxVec4@physx@@QAE@M@Z   100030f0 f i RTreeCooking.obj
 0001:00002110       ??0PxVec4@physx@@QAE@MMMM@Z 10003110 f i RTreeCooking.obj
 0001:00002140       ??0RTreeNodeNQ@physx@@QAE@ABU01@@Z 10003140 f i RTreeCooking.obj
 0001:00002180       ??0RTreeNodeNQ@physx@@QAE@XZ 10003180 f i RTreeCooking.obj
 0001:000021c0       ??0SortBoundsPredicate@physx@@QAE@IPBUPxBounds3V@1@@Z 100031c0 f i RTreeCooking.obj
 0001:000021e0       ??0SubSortQuick@physx@@QAE@PAIPBUPxBounds3V@1@IM@Z 100031e0 f i RTreeCooking.obj
 0001:00002300       ??0SubSortSAH@physx@@QAE@PAIPBUPxBounds3V@1@IPBI22222M@Z 10003300 f i RTreeCooking.obj
 0001:000023e0       ??1?$Array@IV?$ReflectionAllocator@I@shdfnd@physx@@@shdfnd@physx@@QAE@XZ 100033e0 f i RTreeCooking.obj
 0001:00002410       ??1?$Array@UInterval@physx@@V?$InlineAllocator@$0CA@V?$ReflectionAllocator@UInterval@physx@@@shdfnd@physx@@@shdfnd@2@@shdfnd@physx@@QAE@XZ 10003410 f i RTreeCooking.obj
 0001:00002440       ??1?$Array@UPxBounds3V@physx@@V?$ReflectionAllocator@UPxBounds3V@physx@@@shdfnd@2@@shdfnd@physx@@QAE@XZ 10003440 f i RTreeCooking.obj
 0001:00002470       ??1?$Array@URTreeNodeNQ@physx@@V?$ReflectionAllocator@URTreeNodeNQ@physx@@@shdfnd@2@@shdfnd@physx@@QAE@XZ 10003470 f i RTreeCooking.obj
 0001:000024a0       ??1?$Array@URTreeNodeQ@Gu@physx@@V?$ReflectionAllocator@URTreeNodeQ@Gu@physx@@@shdfnd@3@@shdfnd@physx@@QAE@XZ 100034a0 f i RTreeCooking.obj
 0001:000024d0       ??1?$Array@VPxVec3@physx@@V?$ReflectionAllocator@VPxVec3@physx@@@shdfnd@2@@shdfnd@physx@@QAE@XZ 100034d0 f i RTreeCooking.obj
 0001:00002500       ??1?$InlineArray@UInterval@physx@@$03V?$ReflectionAllocator@UInterval@physx@@@shdfnd@2@@shdfnd@physx@@QAE@XZ 10003500 f i RTreeCooking.obj
 0001:00002530       ??1?$ScopedPointer@HVTempAllocator@shdfnd@physx@@@shdfnd@physx@@QAE@XZ 10003530 f i RTreeCooking.obj
 0001:00002540       ??1?$Stack@V?$ReflectionAllocator@I@shdfnd@physx@@@internal@shdfnd@physx@@QAE@XZ 10003540 f i RTreeCooking.obj
 0001:00002560       ??1SubSortQuick@physx@@QAE@XZ 10003560 f i RTreeCooking.obj
 0001:00002590       ??1SubSortSAH@physx@@QAE@XZ 10003590 f i RTreeCooking.obj
 0001:000025e0       ??2@YAPAXIPAX@Z            100035e0 f i RTreeCooking.obj
 0001:000025f0       ??4PxVec3@physx@@QAEAAV01@ABV01@@Z 100035f0 f i RTreeCooking.obj
 0001:00002610       ??4PxVec4@physx@@QAEAAV01@ABV01@@Z 10003610 f i RTreeCooking.obj
 0001:00002640       ??A?$Array@IV?$ReflectionAllocator@I@shdfnd@physx@@@shdfnd@physx@@QAEAAII@Z 10003640 f i RTreeCooking.obj
 0001:00002650       ??A?$Array@UInterval@physx@@V?$InlineAllocator@$0CA@V?$ReflectionAllocator@UInterval@physx@@@shdfnd@physx@@@shdfnd@2@@shdfnd@physx@@QAEAAUInterval@2@I@Z 10003650 f i RTreeCooking.obj
 0001:00002660       ??A?$Array@URTreeNodeNQ@physx@@V?$ReflectionAllocator@URTreeNodeNQ@physx@@@shdfnd@2@@shdfnd@physx@@QAEAAURTreeNodeNQ@2@I@Z 10003660 f i RTreeCooking.obj
 0001:00002670       ??A?$Array@URTreeNodeQ@Gu@physx@@V?$ReflectionAllocator@URTreeNodeQ@Gu@physx@@@shdfnd@3@@shdfnd@physx@@QAEAAURTreeNodeQ@Gu@2@I@Z 10003670 f i RTreeCooking.obj
 0001:00002690       ??APxVec3@physx@@QBEABMI@Z 10003690 f i RTreeCooking.obj
 0001:000026a0       ??B?$ScopedPointer@HVTempAllocator@shdfnd@physx@@@shdfnd@physx@@QBEPAHXZ 100036a0 f i RTreeCooking.obj
 0001:000026b0       ??GPxVec4@physx@@QBE?AV01@ABV01@@Z 100036b0 f i RTreeCooking.obj
 0001:00002700       ??HPxVec3@physx@@QBE?AV01@ABV01@@Z 10003700 f i RTreeCooking.obj
 0001:00002740       ??KPxVec4@physx@@QBE?AV01@M@Z 10003740 f i RTreeCooking.obj
 0001:00002770       ??R?$Less@I@shdfnd@physx@@QBE_NABI0@Z 10003770 f i RTreeCooking.obj
 0001:00002790       ??RBoundsLTE@physx@@QBE_NABI0@Z 10003790 f i RTreeCooking.obj
 0001:000027d0       ??RSortBoundsPredicate@physx@@QBE_NABI0@Z 100037d0 f i RTreeCooking.obj
 0001:00002810       ?FLoad@aos@shdfnd@physx@@YA?AT__m128@@M@Z 10003810 f i RTreeCooking.obj
 0001:00002820       ?FMax@aos@shdfnd@physx@@YA?AT__m128@@XZ 10003820 f i RTreeCooking.obj
 0001:00002830       ?FNegMax@aos@shdfnd@physx@@YA?AT__m128@@XZ 10003830 f i RTreeCooking.obj
 0001:00002840       ?FStore@aos@shdfnd@physx@@YAXT__m128@@PIAM@Z 10003840 f i RTreeCooking.obj
 0001:00002850       ?PxAbs@physx@@YAHH@Z       10003850 f i RTreeCooking.obj
 0001:00002860       ?PxMemCopy@physx@@YAPAXPIAXPIBXI@Z 10003860 f i RTreeCooking.obj
 0001:00002870       ?V3Add@aos@shdfnd@physx@@YA?AT__m128@@T4@0@Z 10003870 f i RTreeCooking.obj
 0001:00002880       ?V3Dot@aos@shdfnd@physx@@YA?AT__m128@@T4@0@Z 10003880 f i RTreeCooking.obj
 0001:000028a0       ?V3Load@aos@shdfnd@physx@@YA?AT__m128@@M@Z 100038a0 f i RTreeCooking.obj
 0001:000028c0       ?V3LoadU@aos@shdfnd@physx@@YA?AT__m128@@ABVPxVec3@3@@Z 100038c0 f i RTreeCooking.obj
 0001:000028f0       ?V3Max@aos@shdfnd@physx@@YA?AT__m128@@T4@0@Z 100038f0 f i RTreeCooking.obj
 0001:00002900       ?V3Min@aos@shdfnd@physx@@YA?AT__m128@@T4@0@Z 10003900 f i RTreeCooking.obj
 0001:00002910       ?V3PermZXY@aos@shdfnd@physx@@YA?AT__m128@@T4@@Z 10003910 f i RTreeCooking.obj
 0001:00002920       ?V3ReadXYZ@aos@shdfnd@physx@@YAABVPxVec3@3@ABT__m128@@@Z 10003920 f i RTreeCooking.obj
 0001:00002930       ?V3Splat@aos@shdfnd@physx@@YA?AT__m128@@T4@@Z 10003930 f i RTreeCooking.obj
 0001:00002940       ?V3StoreA@aos@shdfnd@physx@@YAXT__m128@@AAVPxVec3@3@@Z 10003940 f i RTreeCooking.obj
 0001:00002970       ?V3Sub@aos@shdfnd@physx@@YA?AT__m128@@T4@0@Z 10003970 f i RTreeCooking.obj
 0001:00002980       ?V3Zero@aos@shdfnd@physx@@YA?AT__m128@@XZ 10003980 f i RTreeCooking.obj
 0001:00002990       ?V4ClearW@aos@shdfnd@physx@@YA?AT__m128@@T4@@Z 10003990 f i RTreeCooking.obj
 0001:000029a0       ?V4Load@aos@shdfnd@physx@@YA?AT__m128@@M@Z 100039a0 f i RTreeCooking.obj
 0001:000029b0       ?Vec3V_From_FloatV@aos@shdfnd@physx@@YA?AT__m128@@T4@@Z 100039b0 f i RTreeCooking.obj
 0001:000029c0       ?Vec3V_From_Vec4V@aos@shdfnd@physx@@YA?AT__m128@@T4@@Z 100039c0 f i RTreeCooking.obj
 0001:000029d0       ?Vec4V_From_FloatV@aos@shdfnd@physx@@YA?AT__m128@@T4@@Z 100039d0 f i RTreeCooking.obj
 0001:000029e0       ?allocate@?$AlignedAllocator@$0IA@VAllocator@shdfnd@physx@@@shdfnd@physx@@QAEPAXIPBDH@Z 100039e0 f i RTreeCooking.obj
 0001:00002a20       ?allocate@?$Array@IV?$ReflectionAllocator@I@shdfnd@physx@@@shdfnd@physx@@IAEPAII@Z 10003a20 f i RTreeCooking.obj
 0001:00002a90       ?allocate@?$Array@UInterval@physx@@V?$InlineAllocator@$0CA@V?$ReflectionAllocator@UInterval@physx@@@shdfnd@physx@@@shdfnd@2@@shdfnd@physx@@IAEPAUInterval@3@I@Z 10003a90 f i RTreeCooking.obj
 0001:00002ac0       ?allocate@?$Array@UPxBounds3V@physx@@V?$ReflectionAllocator@UPxBounds3V@physx@@@shdfnd@2@@shdfnd@physx@@IAEPAUPxBounds3V@3@I@Z 10003ac0 f i RTreeCooking.obj
 0001:00002b30       ?allocate@?$Array@URTreeNodeNQ@physx@@V?$ReflectionAllocator@URTreeNodeNQ@physx@@@shdfnd@2@@shdfnd@physx@@IAEPAURTreeNodeNQ@3@I@Z 10003b30 f i RTreeCooking.obj
 0001:00002ba0       ?allocate@?$Array@URTreeNodeQ@Gu@physx@@V?$ReflectionAllocator@URTreeNodeQ@Gu@physx@@@shdfnd@3@@shdfnd@physx@@IAEPAURTreeNodeQ@Gu@3@I@Z 10003ba0 f i RTreeCooking.obj
 0001:00002c20       ?allocate@?$Array@VPxVec3@physx@@V?$ReflectionAllocator@VPxVec3@physx@@@shdfnd@2@@shdfnd@physx@@IAEPAVPxVec3@3@I@Z 10003c20 f i RTreeCooking.obj
 0001:00002c90       ?allocate@?$InlineAllocator@$0CA@V?$ReflectionAllocator@UInterval@physx@@@shdfnd@physx@@@shdfnd@physx@@QAEPAXIPBDH@Z 10003c90 f i RTreeCooking.obj
 0001:00002d00       ?allocate@?$ReflectionAllocator@I@shdfnd@physx@@QAEPAXIPBDH@Z 10003d00 f i RTreeCooking.obj
 0001:00002d60       ?allocate@?$ReflectionAllocator@UInterval@physx@@@shdfnd@physx@@QAEPAXIPBDH@Z 10003d60 f i RTreeCooking.obj
 0001:00002dc0       ?allocate@?$ReflectionAllocator@UPxBounds3V@physx@@@shdfnd@physx@@QAEPAXIPBDH@Z 10003dc0 f i RTreeCooking.obj
 0001:00002e20       ?allocate@?$ReflectionAllocator@URTreeNodeNQ@physx@@@shdfnd@physx@@QAEPAXIPBDH@Z 10003e20 f i RTreeCooking.obj
 0001:00002e80       ?allocate@?$ReflectionAllocator@URTreeNodeQ@Gu@physx@@@shdfnd@physx@@QAEPAXIPBDH@Z 10003e80 f i RTreeCooking.obj
 0001:00002ee0       ?allocate@?$ReflectionAllocator@VPxVec3@physx@@@shdfnd@physx@@QAEPAXIPBDH@Z 10003ee0 f i RTreeCooking.obj
 0001:00002f40       ?begin@?$Array@IV?$ReflectionAllocator@I@shdfnd@physx@@@shdfnd@physx@@QAEPAIXZ 10003f40 f i RTreeCooking.obj
 0001:00002f50       ?begin@?$Array@UPxBounds3V@physx@@V?$ReflectionAllocator@UPxBounds3V@physx@@@shdfnd@2@@shdfnd@physx@@QAEPAUPxBounds3V@3@XZ 10003f50 f i RTreeCooking.obj
 0001:00002f60       ?begin@?$Array@VPxVec3@physx@@V?$ReflectionAllocator@VPxVec3@physx@@@shdfnd@2@@shdfnd@physx@@QAEPAVPxVec3@3@XZ 10003f60 f i RTreeCooking.obj
 0001:00002f70       ?capacity@?$Array@IV?$ReflectionAllocator@I@shdfnd@physx@@@shdfnd@physx@@QBEIXZ 10003f70 f i RTreeCooking.obj
 0001:00002f80       ?capacity@?$Array@UInterval@physx@@V?$InlineAllocator@$0CA@V?$ReflectionAllocator@UInterval@physx@@@shdfnd@physx@@@shdfnd@2@@shdfnd@physx@@QBEIXZ 10003f80 f i RTreeCooking.obj
 0001:00002f90       ?capacity@?$Array@UPxBounds3V@physx@@V?$ReflectionAllocator@UPxBounds3V@physx@@@shdfnd@2@@shdfnd@physx@@QBEIXZ 10003f90 f i RTreeCooking.obj
 0001:00002fa0       ?capacity@?$Array@URTreeNodeNQ@physx@@V?$ReflectionAllocator@URTreeNodeNQ@physx@@@shdfnd@2@@shdfnd@physx@@QBEIXZ 10003fa0 f i RTreeCooking.obj
 0001:00002fb0       ?capacity@?$Array@URTreeNodeQ@Gu@physx@@V?$ReflectionAllocator@URTreeNodeQ@Gu@physx@@@shdfnd@3@@shdfnd@physx@@QBEIXZ 10003fb0 f i RTreeCooking.obj
 0001:00002fc0       ?capacity@?$Array@VPxVec3@physx@@V?$ReflectionAllocator@VPxVec3@physx@@@shdfnd@2@@shdfnd@physx@@QBEIXZ 10003fc0 f i RTreeCooking.obj
 0001:00002fd0       ?capacityIncrement@?$Array@IV?$ReflectionAllocator@I@shdfnd@physx@@@shdfnd@physx@@IBEIXZ 10003fd0 f i RTreeCooking.obj
 0001:00002ff0       ?capacityIncrement@?$Array@UInterval@physx@@V?$InlineAllocator@$0CA@V?$ReflectionAllocator@UInterval@physx@@@shdfnd@physx@@@shdfnd@2@@shdfnd@physx@@IBEIXZ 10003ff0 f i RTreeCooking.obj
 0001:00003010       ?capacityIncrement@?$Array@UPxBounds3V@physx@@V?$ReflectionAllocator@UPxBounds3V@physx@@@shdfnd@2@@shdfnd@physx@@IBEIXZ 10004010 f i RTreeCooking.obj
 0001:00003030       ?capacityIncrement@?$Array@URTreeNodeNQ@physx@@V?$ReflectionAllocator@URTreeNodeNQ@physx@@@shdfnd@2@@shdfnd@physx@@IBEIXZ 10004030 f i RTreeCooking.obj
 0001:00003050       ?capacityIncrement@?$Array@URTreeNodeQ@Gu@physx@@V?$ReflectionAllocator@URTreeNodeQ@Gu@physx@@@shdfnd@3@@shdfnd@physx@@IBEIXZ 10004050 f i RTreeCooking.obj
 0001:00003070       ?capacityIncrement@?$Array@VPxVec3@physx@@V?$ReflectionAllocator@VPxVec3@physx@@@shdfnd@2@@shdfnd@physx@@IBEIXZ 10004070 f i RTreeCooking.obj
 0001:00003090       ?computeSA@SubSortSAH@physx@@QAEMPBIABUInterval@2@@Z 10004090 f i RTreeCooking.obj
 0001:00003110       ?copy@?$Array@IV?$ReflectionAllocator@I@shdfnd@physx@@@shdfnd@physx@@KAXPAI0PBI@Z 10004110 f i RTreeCooking.obj
 0001:00003140       ?copy@?$Array@UInterval@physx@@V?$InlineAllocator@$0CA@V?$ReflectionAllocator@UInterval@physx@@@shdfnd@physx@@@shdfnd@2@@shdfnd@physx@@KAXPAUInterval@3@0PBU43@@Z 10004140 f i RTreeCooking.obj
 0001:00003170       ?copy@?$Array@UPxBounds3V@physx@@V?$ReflectionAllocator@UPxBounds3V@physx@@@shdfnd@2@@shdfnd@physx@@KAXPAUPxBounds3V@3@0PBU43@@Z 10004170 f i RTreeCooking.obj
 0001:000031b0       ?copy@?$Array@URTreeNodeNQ@physx@@V?$ReflectionAllocator@URTreeNodeNQ@physx@@@shdfnd@2@@shdfnd@physx@@KAXPAURTreeNodeNQ@3@0PBU43@@Z 100041b0 f i RTreeCooking.obj
 0001:00003220       ?copy@?$Array@URTreeNodeQ@Gu@physx@@V?$ReflectionAllocator@URTreeNodeQ@Gu@physx@@@shdfnd@3@@shdfnd@physx@@KAXPAURTreeNodeQ@Gu@3@0PBU453@@Z 10004220 f i RTreeCooking.obj
 0001:00003260       ?copy@?$Array@VPxVec3@physx@@V?$ReflectionAllocator@VPxVec3@physx@@@shdfnd@2@@shdfnd@physx@@KAXPAVPxVec3@3@0PBV43@@Z 10004260 f i RTreeCooking.obj
 0001:00003330       ?create@?$Array@IV?$ReflectionAllocator@I@shdfnd@physx@@@shdfnd@physx@@KAXPAI0ABI@Z 10004330 f i RTreeCooking.obj
 0001:00003360       ?deallocate@?$Array@IV?$ReflectionAllocator@I@shdfnd@physx@@@shdfnd@physx@@IAEXPAX@Z 10004360 f i RTreeCooking.obj
 0001:00003380       ?deallocate@?$Array@UInterval@physx@@V?$InlineAllocator@$0CA@V?$ReflectionAllocator@UInterval@physx@@@shdfnd@physx@@@shdfnd@2@@shdfnd@physx@@IAEXPAX@Z 10004380 f i RTreeCooking.obj
 0001:000033b0       ?deallocate@?$Array@UPxBounds3V@physx@@V?$ReflectionAllocator@UPxBounds3V@physx@@@shdfnd@2@@shdfnd@physx@@IAEXPAX@Z 100043b0 f i RTreeCooking.obj
 0001:000033d0       ?deallocate@?$Array@URTreeNodeNQ@physx@@V?$ReflectionAllocator@URTreeNodeNQ@physx@@@shdfnd@2@@shdfnd@physx@@IAEXPAX@Z 100043d0 f i RTreeCooking.obj
 0001:000033f0       ?deallocate@?$Array@URTreeNodeQ@Gu@physx@@V?$ReflectionAllocator@URTreeNodeQ@Gu@physx@@@shdfnd@3@@shdfnd@physx@@IAEXPAX@Z 100043f0 f i RTreeCooking.obj
 0001:00003410       ?deallocate@?$Array@VPxVec3@physx@@V?$ReflectionAllocator@VPxVec3@physx@@@shdfnd@2@@shdfnd@physx@@IAEXPAX@Z 10004410 f i RTreeCooking.obj
 0001:00003430       ?deallocate@?$InlineAllocator@$0CA@V?$ReflectionAllocator@UInterval@physx@@@shdfnd@physx@@@shdfnd@physx@@QAEXPAX@Z 10004430 f i RTreeCooking.obj
 0001:00003460       ?deallocate@?$ReflectionAllocator@I@shdfnd@physx@@QAEXPAX@Z 10004460 f i RTreeCooking.obj
 0001:00003480       ?deallocate@?$ReflectionAllocator@UInterval@physx@@@shdfnd@physx@@QAEXPAX@Z 10004480 f i RTreeCooking.obj
 0001:000034a0       ?deallocate@?$ReflectionAllocator@UPxBounds3V@physx@@@shdfnd@physx@@QAEXPAX@Z 100044a0 f i RTreeCooking.obj
 0001:000034c0       ?deallocate@?$ReflectionAllocator@URTreeNodeNQ@physx@@@shdfnd@physx@@QAEXPAX@Z 100044c0 f i RTreeCooking.obj
 0001:000034e0       ?deallocate@?$ReflectionAllocator@URTreeNodeQ@Gu@physx@@@shdfnd@physx@@QAEXPAX@Z 100044e0 f i RTreeCooking.obj
 0001:00003500       ?deallocate@?$ReflectionAllocator@VPxVec3@physx@@@shdfnd@physx@@QAEXPAX@Z 10004500 f i RTreeCooking.obj
 0001:00003520       ?destroy@?$Array@IV?$ReflectionAllocator@I@shdfnd@physx@@@shdfnd@physx@@KAXPAI0@Z 10004520 f i RTreeCooking.obj
 0001:00003530       ?destroy@?$Array@UInterval@physx@@V?$InlineAllocator@$0CA@V?$ReflectionAllocator@UInterval@physx@@@shdfnd@physx@@@shdfnd@2@@shdfnd@physx@@KAXPAUInterval@3@0@Z 10004530 f i RTreeCooking.obj
 0001:00003540       ?destroy@?$Array@UPxBounds3V@physx@@V?$ReflectionAllocator@UPxBounds3V@physx@@@shdfnd@2@@shdfnd@physx@@KAXPAUPxBounds3V@3@0@Z 10004540 f i RTreeCooking.obj
 0001:00003550       ?destroy@?$Array@URTreeNodeNQ@physx@@V?$ReflectionAllocator@URTreeNodeNQ@physx@@@shdfnd@2@@shdfnd@physx@@KAXPAURTreeNodeNQ@3@0@Z 10004550 f i RTreeCooking.obj
 0001:00003560       ?destroy@?$Array@URTreeNodeQ@Gu@physx@@V?$ReflectionAllocator@URTreeNodeQ@Gu@physx@@@shdfnd@3@@shdfnd@physx@@KAXPAURTreeNodeQ@Gu@3@0@Z 10004560 f i RTreeCooking.obj
 0001:00003570       ?destroy@?$Array@VPxVec3@physx@@V?$ReflectionAllocator@VPxVec3@physx@@@shdfnd@2@@shdfnd@physx@@KAXPAVPxVec3@3@0@Z 10004570 f i RTreeCooking.obj
 0001:00003580       ?empty@?$Stack@V?$ReflectionAllocator@I@shdfnd@physx@@@internal@shdfnd@physx@@QAE_NXZ 10004580 f i RTreeCooking.obj
 0001:00003590       ?empty@PxBounds3@physx@@SA?AV12@XZ 10004590 f i RTreeCooking.obj
 0001:000035d0       ?getExtents@PxBounds3V@physx@@QBE?AT__m128@@XZ 100045d0 f i RTreeCooking.obj
 0001:000035f0       ?getMaxVec3@PxBounds3V@physx@@QBEABVPxVec3@2@XZ 100045f0 f i RTreeCooking.obj
 0001:00003600       ?getMinVec3@PxBounds3V@physx@@QBEABVPxVec3@2@XZ 10004600 f i RTreeCooking.obj
 0001:00003610       ?getName@?$ReflectionAllocator@I@shdfnd@physx@@CAPBDXZ 10004610 f i RTreeCooking.obj
 0001:00003640       ?getName@?$ReflectionAllocator@UInterval@physx@@@shdfnd@physx@@CAPBDXZ 10004640 f i RTreeCooking.obj
 0001:00003670       ?getName@?$ReflectionAllocator@UPxBounds3V@physx@@@shdfnd@physx@@CAPBDXZ 10004670 f i RTreeCooking.obj
 0001:000036a0       ?getName@?$ReflectionAllocator@URTreeNodeNQ@physx@@@shdfnd@physx@@CAPBDXZ 100046a0 f i RTreeCooking.obj
 0001:000036d0       ?getName@?$ReflectionAllocator@URTreeNodeQ@Gu@physx@@@shdfnd@physx@@CAPBDXZ 100046d0 f i RTreeCooking.obj
 0001:00003700       ?getName@?$ReflectionAllocator@VPxVec3@physx@@@shdfnd@physx@@CAPBDXZ 10004700 f i RTreeCooking.obj
 0001:00003730       ?grow@?$Array@IV?$ReflectionAllocator@I@shdfnd@physx@@@shdfnd@physx@@IAEXI@Z 10004730 f i RTreeCooking.obj
 0001:00003740       ?grow@?$Array@UPxBounds3V@physx@@V?$ReflectionAllocator@UPxBounds3V@physx@@@shdfnd@2@@shdfnd@physx@@IAEXI@Z 10004740 f i RTreeCooking.obj
 0001:00003750       ?grow@?$Array@URTreeNodeNQ@physx@@V?$ReflectionAllocator@URTreeNodeNQ@physx@@@shdfnd@2@@shdfnd@physx@@IAEXI@Z 10004750 f i RTreeCooking.obj
 0001:00003760       ?grow@?$Array@URTreeNodeQ@Gu@physx@@V?$ReflectionAllocator@URTreeNodeQ@Gu@physx@@@shdfnd@3@@shdfnd@physx@@IAEXI@Z 10004760 f i RTreeCooking.obj
 0001:00003770       ?grow@?$Array@VPxVec3@physx@@V?$ReflectionAllocator@VPxVec3@physx@@@shdfnd@2@@shdfnd@physx@@IAEXI@Z 10004770 f i RTreeCooking.obj
 0001:00003780       ?grow@?$Stack@V?$ReflectionAllocator@I@shdfnd@physx@@@internal@shdfnd@physx@@QAEXXZ 10004780 f i RTreeCooking.obj
 0001:00003820       ?growAndPushBack@?$Array@IV?$ReflectionAllocator@I@shdfnd@physx@@@shdfnd@physx@@IAEAAIABI@Z 10004820 f i RTreeCooking.obj
 0001:000038b0       ?growAndPushBack@?$Array@UInterval@physx@@V?$InlineAllocator@$0CA@V?$ReflectionAllocator@UInterval@physx@@@shdfnd@physx@@@shdfnd@2@@shdfnd@physx@@IAEAAUInterval@3@ABU43@@Z 100048b0 f i RTreeCooking.obj
 0001:00003980       ?growAndPushBack@?$Array@UPxBounds3V@physx@@V?$ReflectionAllocator@UPxBounds3V@physx@@@shdfnd@2@@shdfnd@physx@@IAEAAUPxBounds3V@3@ABU43@@Z 10004980 f i RTreeCooking.obj
 0001:00003a40       ?growAndPushBack@?$Array@URTreeNodeNQ@physx@@V?$ReflectionAllocator@URTreeNodeNQ@physx@@@shdfnd@2@@shdfnd@physx@@IAEAAURTreeNodeNQ@3@ABU43@@Z 10004a40 f i RTreeCooking.obj
 0001:00003af0       ?growAndPushBack@?$Array@URTreeNodeQ@Gu@physx@@V?$ReflectionAllocator@URTreeNodeQ@Gu@physx@@@shdfnd@3@@shdfnd@physx@@IAEAAURTreeNodeQ@Gu@3@ABU453@@Z 10004af0 f i RTreeCooking.obj
 0001:00003bd0       ?growAndPushBack@?$Array@VPxVec3@physx@@V?$ReflectionAllocator@VPxVec3@physx@@@shdfnd@2@@shdfnd@physx@@IAEAAVPxVec3@3@ABV43@@Z 10004bd0 f i RTreeCooking.obj
 0001:00003c70       ?include@PxBounds3V@physx@@QAEXABU12@@Z 10004c70 f i RTreeCooking.obj
 0001:00003c90       ?isInUserMemory@?$Array@IV?$ReflectionAllocator@I@shdfnd@physx@@@shdfnd@physx@@QBEIXZ 10004c90 f i RTreeCooking.obj
 0001:00003ca0       ?isInUserMemory@?$Array@UInterval@physx@@V?$InlineAllocator@$0CA@V?$ReflectionAllocator@UInterval@physx@@@shdfnd@physx@@@shdfnd@2@@shdfnd@physx@@QBEIXZ 10004ca0 f i RTreeCooking.obj
 0001:00003cb0       ?isInUserMemory@?$Array@UPxBounds3V@physx@@V?$ReflectionAllocator@UPxBounds3V@physx@@@shdfnd@2@@shdfnd@physx@@QBEIXZ 10004cb0 f i RTreeCooking.obj
 0001:00003cc0       ?isInUserMemory@?$Array@URTreeNodeNQ@physx@@V?$ReflectionAllocator@URTreeNodeNQ@physx@@@shdfnd@2@@shdfnd@physx@@QBEIXZ 10004cc0 f i RTreeCooking.obj
 0001:00003cd0       ?isInUserMemory@?$Array@URTreeNodeQ@Gu@physx@@V?$ReflectionAllocator@URTreeNodeQ@Gu@physx@@@shdfnd@3@@shdfnd@physx@@QBEIXZ 10004cd0 f i RTreeCooking.obj
 0001:00003ce0       ?isInUserMemory@?$Array@VPxVec3@physx@@V?$ReflectionAllocator@VPxVec3@physx@@@shdfnd@2@@shdfnd@physx@@QBEIXZ 10004ce0 f i RTreeCooking.obj
 0001:00003cf0       ?memCopy@intrinsics@physx@@YAPAXPIAXPIBXI@Z 10004cf0 f i RTreeCooking.obj
 0001:00003d00       ?pop@?$Stack@V?$ReflectionAllocator@I@shdfnd@physx@@@internal@shdfnd@physx@@QAEXAAH0@Z 10004d00 f i RTreeCooking.obj
 0001:00003d30       ?popBack@?$Array@IV?$ReflectionAllocator@I@shdfnd@physx@@@shdfnd@physx@@QAEIXZ 10004d30 f i RTreeCooking.obj
 0001:00003d40       ?push@?$Stack@V?$ReflectionAllocator@I@shdfnd@physx@@@internal@shdfnd@physx@@QAEXHH@Z 10004d40 f i RTreeCooking.obj
 0001:00003d80       ?pushBack@?$Array@IV?$ReflectionAllocator@I@shdfnd@physx@@@shdfnd@physx@@QAEAAIABI@Z 10004d80 f i RTreeCooking.obj
 0001:00003dc0       ?pushBack@?$Array@UInterval@physx@@V?$InlineAllocator@$0CA@V?$ReflectionAllocator@UInterval@physx@@@shdfnd@physx@@@shdfnd@2@@shdfnd@physx@@QAEAAUInterval@3@ABU43@@Z 10004dc0 f i RTreeCooking.obj
 0001:00003e10       ?pushBack@?$Array@UPxBounds3V@physx@@V?$ReflectionAllocator@UPxBounds3V@physx@@@shdfnd@2@@shdfnd@physx@@QAEAAUPxBounds3V@3@ABU43@@Z 10004e10 f i RTreeCooking.obj
 0001:00003e70       ?pushBack@?$Array@URTreeNodeNQ@physx@@V?$ReflectionAllocator@URTreeNodeNQ@physx@@@shdfnd@2@@shdfnd@physx@@QAEAAURTreeNodeNQ@3@ABU43@@Z 10004e70 f i RTreeCooking.obj
 0001:00003ee0       ?pushBack@?$Array@URTreeNodeQ@Gu@physx@@V?$ReflectionAllocator@URTreeNodeQ@Gu@physx@@@shdfnd@3@@shdfnd@physx@@QAEAAURTreeNodeQ@Gu@3@ABU453@@Z 10004ee0 f i RTreeCooking.obj
 0001:00003f50       ?pushBack@?$Array@VPxVec3@physx@@V?$ReflectionAllocator@VPxVec3@physx@@@shdfnd@2@@shdfnd@physx@@QAEAAVPxVec3@3@ABV43@@Z 10004f50 f i RTreeCooking.obj
 0001:00003fb0       ?recreate@?$Array@IV?$ReflectionAllocator@I@shdfnd@physx@@@shdfnd@physx@@IAEXI@Z 10004fb0 f i RTreeCooking.obj
 0001:00004010       ?recreate@?$Array@UPxBounds3V@physx@@V?$ReflectionAllocator@UPxBounds3V@physx@@@shdfnd@2@@shdfnd@physx@@IAEXI@Z 10005010 f i RTreeCooking.obj
 0001:00004080       ?recreate@?$Array@URTreeNodeNQ@physx@@V?$ReflectionAllocator@URTreeNodeNQ@physx@@@shdfnd@2@@shdfnd@physx@@IAEXI@Z 10005080 f i RTreeCooking.obj
 0001:000040e0       ?recreate@?$Array@URTreeNodeQ@Gu@physx@@V?$ReflectionAllocator@URTreeNodeQ@Gu@physx@@@shdfnd@3@@shdfnd@physx@@IAEXI@Z 100050e0 f i RTreeCooking.obj
 0001:00004170       ?recreate@?$Array@VPxVec3@physx@@V?$ReflectionAllocator@VPxVec3@physx@@@shdfnd@2@@shdfnd@physx@@IAEXI@Z 10005170 f i RTreeCooking.obj
 0001:000041d0       ?replaceWithLast@?$Array@UInterval@physx@@V?$InlineAllocator@$0CA@V?$ReflectionAllocator@UInterval@physx@@@shdfnd@physx@@@shdfnd@2@@shdfnd@physx@@QAEXI@Z 100051d0 f i RTreeCooking.obj
 0001:00004200       ?reserve@?$Array@IV?$ReflectionAllocator@I@shdfnd@physx@@@shdfnd@physx@@QAEXI@Z 10005200 f i RTreeCooking.obj
 0001:00004220       ?reserve@?$Array@UPxBounds3V@physx@@V?$ReflectionAllocator@UPxBounds3V@physx@@@shdfnd@2@@shdfnd@physx@@QAEXI@Z 10005220 f i RTreeCooking.obj
 0001:00004240       ?reserve@?$Array@URTreeNodeNQ@physx@@V?$ReflectionAllocator@URTreeNodeNQ@physx@@@shdfnd@2@@shdfnd@physx@@QAEXI@Z 10005240 f i RTreeCooking.obj
 0001:00004260       ?reserve@?$Array@URTreeNodeQ@Gu@physx@@V?$ReflectionAllocator@URTreeNodeQ@Gu@physx@@@shdfnd@3@@shdfnd@physx@@QAEXI@Z 10005260 f i RTreeCooking.obj
 0001:00004280       ?reserve@?$Array@VPxVec3@physx@@V?$ReflectionAllocator@VPxVec3@physx@@@shdfnd@2@@shdfnd@physx@@QAEXI@Z 10005280 f i RTreeCooking.obj
 0001:000042a0       ?resize@?$Array@IV?$ReflectionAllocator@I@shdfnd@physx@@@shdfnd@physx@@QAEXIABI@Z 100052a0 f i RTreeCooking.obj
 0001:000042f0       ?resizeUninitialized@?$Array@URTreeNodeNQ@physx@@V?$ReflectionAllocator@URTreeNodeNQ@physx@@@shdfnd@2@@shdfnd@physx@@QAEXI@Z 100052f0 f i RTreeCooking.obj
 0001:00004320       ?selectMax@intrinsics@physx@@YAMMM@Z 10005320 f i RTreeCooking.obj
 0001:00004350       ?selectMin@intrinsics@physx@@YAMMM@Z 10005350 f i RTreeCooking.obj
 0001:00004380       ?setEmpty@PxBounds3@physx@@QAEXXZ 10005380 f i RTreeCooking.obj
 0001:000043b0       ?setLeaf@RTreeNodeQ@Gu@physx@@QAEX_N@Z 100053b0 f i RTreeCooking.obj
 0001:000043d0       ?size@?$Array@IV?$ReflectionAllocator@I@shdfnd@physx@@@shdfnd@physx@@QBEIXZ 100053d0 f i RTreeCooking.obj
 0001:000043e0       ?size@?$Array@UInterval@physx@@V?$InlineAllocator@$0CA@V?$ReflectionAllocator@UInterval@physx@@@shdfnd@physx@@@shdfnd@2@@shdfnd@physx@@QBEIXZ 100053e0 f i RTreeCooking.obj
 0001:000043f0       ?size@?$Array@URTreeNodeNQ@physx@@V?$ReflectionAllocator@URTreeNodeNQ@physx@@@shdfnd@2@@shdfnd@physx@@QBEIXZ 100053f0 f i RTreeCooking.obj
 0001:00004400       ?size@?$Array@URTreeNodeQ@Gu@physx@@V?$ReflectionAllocator@URTreeNodeQ@Gu@physx@@@shdfnd@3@@shdfnd@physx@@QBEIXZ 10005400 f i RTreeCooking.obj
 0001:00004410       ?sort4@SubSortQuick@physx@@QAEXPIAIIAAV?$Array@URTreeNodeNQ@physx@@V?$ReflectionAllocator@URTreeNodeNQ@physx@@@shdfnd@2@@shdfnd@2@AAIAAUPxBounds3V@2@I@Z 10005410 f i RTreeCooking.obj
 0001:00004740       ?sort4@SubSortSAH@physx@@QAEXPAIIAAV?$Array@URTreeNodeNQ@physx@@V?$ReflectionAllocator@URTreeNodeNQ@physx@@@shdfnd@2@@shdfnd@2@AAIIPAURTreeNodeNQ@2@@Z 10005740 f i RTreeCooking.obj
 0001:00004cd0       ?split@SubSortSAH@physx@@QAEIPAII@Z 10005cd0 f i RTreeCooking.obj
 0001:000050d0       ?loadFromDesc@TriangleMeshBuilder@physx@@QAE_NABVPxTriangleMeshDesc@2@ABUPxCookingParams@2@_N@Z 100060d0 f   TriangleMeshBuilder.obj
 0001:00005390       ?save@TriangleMeshBuilder@physx@@QBE_NAAVPxOutputStream@2@_NABUPxCookingParams@2@@Z 10006390 f   TriangleMeshBuilder.obj
 0001:000056b0       ?computeLocalBounds@TriangleMeshBuilder@physx@@IAEXXZ 100066b0 f   TriangleMeshBuilder.obj
 0001:00005770       ?importMesh@TriangleMeshBuilder@physx@@IAE_NABVPxTriangleMeshDesc@2@ABUPxCookingParams@2@_N@Z 10006770 f   TriangleMeshBuilder.obj
 0001:00005930       ??$?_UI@@YAPAXIV?$ReflectionAllocator@I@shdfnd@physx@@PBDH@Z 10006930 f i TriangleMeshBuilder.obj
 0001:00005990       ??0?$PxFlags@W4Enum@PxMeshFlag@physx@@G@physx@@QAE@ABV01@@Z 10006990 f i TriangleMeshBuilder.obj
 0001:000059b0       ??0?$PxFlags@W4Enum@PxMeshFlag@physx@@G@physx@@QAE@W4Enum@PxMeshFlag@1@@Z 100069b0 f i TriangleMeshBuilder.obj
 0001:000059c0       ??0?$PxFlags@W4Enum@PxMeshFlag@physx@@G@physx@@QAE@XZ 100069c0 f i TriangleMeshBuilder.obj
 0001:000059d0       ??0?$PxFlags@W4Enum@PxMeshPreprocessingFlag@physx@@I@physx@@QAE@ABV01@@Z 100069d0 f i TriangleMeshBuilder.obj
 0001:000059e0       ??0PxSimpleTriangleMesh@physx@@QAE@ABV01@@Z 100069e0 f i TriangleMeshBuilder.obj
 0001:00005a20       ??0PxTriangleMeshDesc@physx@@QAE@ABV01@@Z 10006a20 f i TriangleMeshBuilder.obj
 0001:00005a70       ??APxVec3@physx@@QAEAAMI@Z 10006a70 f i TriangleMeshBuilder.obj
 0001:00005a80       ??B?$PxFlags@W4Enum@PxMeshFlag@physx@@G@physx@@QBE_NXZ 10006a80 f i TriangleMeshBuilder.obj
 0001:00005a90       ??B?$PxFlags@W4Enum@PxMeshPreprocessingFlag@physx@@I@physx@@QBE_NXZ 10006a90 f i TriangleMeshBuilder.obj
 0001:00005aa0       ??I?$PxFlags@W4Enum@PxMeshFlag@physx@@G@physx@@QBE?AV01@W4Enum@PxMeshFlag@1@@Z 10006aa0 f i TriangleMeshBuilder.obj
 0001:00005ac0       ??I?$PxFlags@W4Enum@PxMeshPreprocessingFlag@physx@@I@physx@@QBE?AV01@W4Enum@PxMeshPreprocessingFlag@1@@Z 10006ac0 f i TriangleMeshBuilder.obj
 0001:00005ae0       ??S?$PxFlags@W4Enum@PxMeshFlag@physx@@G@physx@@QBE?AV01@XZ 10006ae0 f i TriangleMeshBuilder.obj
 0001:00005b00       ??Sphysx@@YA?AV?$PxFlags@W4Enum@PxMeshFlag@physx@@G@0@W4Enum@PxMeshFlag@0@@Z 10006b00 f i TriangleMeshBuilder.obj
 0001:00005b10       ??_4?$PxFlags@W4Enum@PxMeshFlag@physx@@G@physx@@QAEAAV01@ABV01@@Z 10006b10 f i TriangleMeshBuilder.obj
 0001:00005b30       ??_H@YGXPAXIHP6EPAX0@Z@Z   10006b30 f i TriangleMeshBuilder.obj
 0001:00005b60       ?PxAbs@physx@@YAMM@Z       10006b60 f i TriangleMeshBuilder.obj
 0001:00005b80       ?abs@intrinsics@physx@@YAMM@Z 10006b80 f i TriangleMeshBuilder.obj
 0001:00005ba0       ?fabs@@YAMM@Z              10006ba0 f i TriangleMeshBuilder.obj
 0001:00005bc0       ?gatherStrided@shdfnd@physx@@YAXPBXPAXIII@Z 10006bc0 f i TriangleMeshBuilder.obj
 0001:00005c00       ?getFoundation@shdfnd@physx@@YAAAVFoundation@12@XZ 10006c00 f i TriangleMeshBuilder.obj
 0001:00005c10       ?isValid@PxSimpleTriangleMesh@physx@@QBE_NXZ 10006c10 f i TriangleMeshBuilder.obj
 0001:00005c50       ?isValid@PxTriangleMeshDesc@physx@@QBE_NXZ 10006c50 f i TriangleMeshBuilder.obj
 0001:00005cc0       ?to16@shdfnd@physx@@YAGI@Z 10006cc0 f i TriangleMeshBuilder.obj
 0001:00005cd0       ?writeIntBuffer@physx@@YAXPBII_NAAVPxOutputStream@1@@Z 10006cd0 f i TriangleMeshBuilder.obj
 0001:00005ce0       _fabsf                     10006ce0 f i TriangleMeshBuilder.obj
 0001:00005d00       _powf                      10006d00 f i TriangleMeshBuilder.obj
 0001:00005d20       ??0BigConvexDataBuilder@physx@@QAE@PBUConvexHullData@Gu@1@PAVBigConvexData@1@PBVPxVec3@1@@Z 10006d20 f   BigConvexDataBuilder.obj
 0001:00005d40       ??1BigConvexDataBuilder@physx@@QAE@XZ 10006d40 f   BigConvexDataBuilder.obj
 0001:00005d50       ?Precompute@BigConvexDataBuilder@physx@@QAE_NI@Z 10006d50 f   BigConvexDataBuilder.obj
 0001:00006040       ?Initialize@BigConvexDataBuilder@physx@@QAE_NXZ 10007040 f   BigConvexDataBuilder.obj
 0001:000060b0       ?PrecomputeSample@BigConvexDataBuilder@physx@@QAE_NIABVPxVec3@2@@Z 100070b0 f   BigConvexDataBuilder.obj
 0001:00006170       ?Save@BigConvexDataBuilder@physx@@QBE_NAAVPxOutputStream@2@_NIPBUHullTriangleData@2@@Z 10007170 f   BigConvexDataBuilder.obj
 0001:00006250       ?ComputeValencies@BigConvexDataBuilder@physx@@QBE_NIPBUHullTriangleData@2@@Z 10007250 f   BigConvexDataBuilder.obj
 0001:000062a0       ?Compute@BigConvexDataBuilder@physx@@QBE_NABUVALENCIESCREATE@2@@Z 100072a0 f   BigConvexDataBuilder.obj
 0001:000064c0       ?Save@BigConvexDataBuilder@physx@@QBE_NAAVPxOutputStream@2@_N@Z 100074c0 f   BigConvexDataBuilder.obj
 0001:000065f0       ??$?_UE@@YAPAXIV?$ReflectionAllocator@E@shdfnd@physx@@PBDH@Z 100075f0 f i BigConvexDataBuilder.obj
 0001:00006650       ??$?_UG@@YAPAXIV?$ReflectionAllocator@G@shdfnd@physx@@PBDH@Z 10007650 f i BigConvexDataBuilder.obj
 0001:000066b0       ??$?_UUValency@Gu@physx@@@@YAPAXIV?$ReflectionAllocator@UValency@Gu@physx@@@shdfnd@physx@@PBDH@Z 100076b0 f i BigConvexDataBuilder.obj
 0001:00006710       ??0?$ReflectionAllocator@E@shdfnd@physx@@QAE@PBD@Z 10007710 f i BigConvexDataBuilder.obj
 0001:00006720       ??0?$ReflectionAllocator@G@shdfnd@physx@@QAE@PBD@Z 10007720 f i BigConvexDataBuilder.obj
 0001:00006730       ??0?$ReflectionAllocator@UValency@Gu@physx@@@shdfnd@physx@@QAE@PBD@Z 10007730 f i BigConvexDataBuilder.obj
 0001:00006740       ??0EDGELISTCREATE@Gu@physx@@QAE@XZ 10007740 f i BigConvexDataBuilder.obj
 0001:00006770       ??0PxVec3@physx@@QAE@XZ    10007770 f i BigConvexDataBuilder.obj
 0001:00006780       ??0VALENCIESCREATE@physx@@QAE@XZ 10007780 f i BigConvexDataBuilder.obj
 0001:000067a0       ??_0PxVec3@physx@@QAEAAV01@M@Z 100077a0 f i BigConvexDataBuilder.obj
 0001:000067e0       ?GetEdge@EdgeList@Gu@physx@@QBEABUEdgeData@23@I@Z 100077e0 f i BigConvexDataBuilder.obj
 0001:000067f0       ?GetNbEdges@EdgeList@Gu@physx@@QBEIXZ 100077f0 f i BigConvexDataBuilder.obj
 0001:00006800       ?PxMemZero@physx@@YAPAXPIAXI@Z 10007800 f i BigConvexDataBuilder.obj
 0001:00006820       ?PxSqrt@physx@@YAMM@Z      10007820 f i BigConvexDataBuilder.obj
 0001:00006840       ?allocate@?$ReflectionAllocator@E@shdfnd@physx@@QAEPAXIPBDH@Z 10007840 f i BigConvexDataBuilder.obj
 0001:000068a0       ?allocate@?$ReflectionAllocator@G@shdfnd@physx@@QAEPAXIPBDH@Z 100078a0 f i BigConvexDataBuilder.obj
 0001:00006900       ?allocate@?$ReflectionAllocator@UValency@Gu@physx@@@shdfnd@physx@@QAEPAXIPBDH@Z 10007900 f i BigConvexDataBuilder.obj
 0001:00006960       ?dot@PxVec3@physx@@QBEMABV12@@Z 10007960 f i BigConvexDataBuilder.obj
 0001:00006980       ?getName@?$ReflectionAllocator@E@shdfnd@physx@@CAPBDXZ 10007980 f i BigConvexDataBuilder.obj
 0001:000069b0       ?getName@?$ReflectionAllocator@G@shdfnd@physx@@CAPBDXZ 100079b0 f i BigConvexDataBuilder.obj
 0001:000069e0       ?getName@?$ReflectionAllocator@UValency@Gu@physx@@@shdfnd@physx@@CAPBDXZ 100079e0 f i BigConvexDataBuilder.obj
 0001:00006a10       ?magnitude@PxVec3@physx@@QBEMXZ 10007a10 f i BigConvexDataBuilder.obj
 0001:00006a50       ?magnitudeSquared@PxVec3@physx@@QBEMXZ 10007a50 f i BigConvexDataBuilder.obj
 0001:00006a90       ?memZero@intrinsics@physx@@YAPAXPIAXI@Z 10007a90 f i BigConvexDataBuilder.obj
 0001:00006ab0       ?normalize@PxVec3@physx@@QAEMXZ 10007ab0 f i BigConvexDataBuilder.obj
 0001:00006b20       ?sqrt@intrinsics@physx@@YAMM@Z 10007b20 f i BigConvexDataBuilder.obj
 0001:00006b40       _sqrtf                     10007b40 f i BigConvexDataBuilder.obj
 0001:00006bc0       ??0ConvexHullBuilder@physx@@QAE@PAUConvexHullData@Gu@1@@Z 10007bc0 f   ConvexHullBuilder.obj
 0001:00006c10       ??1ConvexHullBuilder@physx@@QAE@XZ 10007c10 f   ConvexHullBuilder.obj
 0001:00006c90       ?Init@ConvexHullBuilder@physx@@QAE_NIPBVPxVec3@2@IPBIIPBUPxHullPolygon@2@@Z 10007c90 f   ConvexHullBuilder.obj
 0001:000071c0       ?Save@ConvexHullBuilder@physx@@QBE_NAAVPxOutputStream@2@_N@Z 100081c0 f   ConvexHullBuilder.obj
 0001:00007440       ?CreateEdgeList@ConvexHullBuilder@physx@@QAE_NXZ 10008440 f   ConvexHullBuilder.obj
 0001:00007c70       ?CreatePolygonData@ConvexHullBuilder@physx@@QAE_NXZ 10008c70 f   ConvexHullBuilder.obj
 0001:00008450       ?CheckHullPolygons@ConvexHullBuilder@physx@@QBE_NXZ 10009450 f   ConvexHullBuilder.obj
 0001:000086c0       ?CreateTrianglesFromPolygons@ConvexHullBuilder@physx@@QAE_NXZ 100096c0 f   ConvexHullBuilder.obj
 0001:00008bc0       ?ComputeGeomCenter@ConvexHullBuilder@physx@@QBE_NAAVPxVec3@2@@Z 10009bc0 f   ConvexHullBuilder.obj
 0001:00008dc0       ?CalculateVertexMapTable@ConvexHullBuilder@physx@@QAE_NI_N@Z 10009dc0 f   ConvexHullBuilder.obj
 0001:00008f70       ?ComputeHullPolygons@ConvexHullBuilder@physx@@QAE_NABIPBVPxVec3@2@0PBI@Z 10009f70 f   ConvexHullBuilder.obj
 0001:0000acb0       ??$?_UUEdgeDescData@Gu@physx@@@@YAPAXIV?$ReflectionAllocator@UEdgeDescData@Gu@physx@@@shdfnd@physx@@PBDH@Z 1000bcb0 f i ConvexHullBuilder.obj
 0001:0000ad10       ??$?_UUHullTriangleData@physx@@@@YAPAXIV?$ReflectionAllocator@UHullTriangleData@physx@@@shdfnd@physx@@PBDH@Z 1000bd10 f i ConvexHullBuilder.obj
 0001:0000ad70       ??$PX_UNUSED@H@@YAXABH@Z   1000bd70 f i ConvexHullBuilder.obj
 0001:0000ad80       ??$PlaneEquation@U?$TriangleT@I@Gu@physx@@@@YA?AVPxPlane@physx@@ABU?$TriangleT@I@Gu@1@PBVPxVec3@1@@Z 1000bd80 f i ConvexHullBuilder.obj
 0001:0000aee0       ??$swap@E@shdfnd@physx@@YAXAAE0@Z 1000bee0 f i ConvexHullBuilder.obj
 0001:0000af00       ??0?$ReflectionAllocator@UEdgeDescData@Gu@physx@@@shdfnd@physx@@QAE@PBD@Z 1000bf00 f i ConvexHullBuilder.obj
 0001:0000af10       ??0?$ReflectionAllocator@UHullTriangleData@physx@@@shdfnd@physx@@QAE@PBD@Z 1000bf10 f i ConvexHullBuilder.obj
 0001:0000af20       ??0?$TriangleT@I@Gu@physx@@QAE@III@Z 1000bf20 f i ConvexHullBuilder.obj
 0001:0000af40       ??0ADJACENCIESCREATE@physx@@QAE@XZ 1000bf40 f i ConvexHullBuilder.obj
 0001:0000af70       ??0HullPolygonData@Gu@physx@@QAE@ABU012@@Z 1000bf70 f i ConvexHullBuilder.obj
 0001:0000afb0       ??0PxPlane@physx@@QAE@ABV01@@Z 1000bfb0 f i ConvexHullBuilder.obj
 0001:0000afe0       ??0PxPlane@physx@@QAE@ABVPxVec3@1@00@Z 1000bfe0 f i ConvexHullBuilder.obj
 0001:0000b130       ??0PxPlane@physx@@QAE@MMMM@Z 1000c130 f i ConvexHullBuilder.obj
 0001:0000b160       ??4PxPlane@physx@@QAEAAV01@ABV01@@Z 1000c160 f i ConvexHullBuilder.obj
 0001:0000b190       ??DPxVec3@physx@@QBE?AV01@M@Z 1000c190 f i ConvexHullBuilder.obj
 0001:0000b1d0       ??GPxVec3@physx@@QBE?AV01@ABV01@@Z 1000c1d0 f i ConvexHullBuilder.obj
 0001:0000b210       ??GPxVec3@physx@@QBE?AV01@XZ 1000c210 f i ConvexHullBuilder.obj
 0001:0000b250       ??YPxVec3@physx@@QAEAAV01@ABV01@@Z 1000c250 f i ConvexHullBuilder.obj
 0001:0000b290       ?ComputeNbPolygons@ConvexHullBuilder@physx@@QBEIXZ 1000c290 f i ConvexHullBuilder.obj
 0001:0000b2b0       ?Flip@physx@@YAXAAUHullTriangleData@1@@Z 1000c2b0 f i ConvexHullBuilder.obj
 0001:0000b2d0       ?GetAdjTri@AdjTriangle@physx@@QBEIW4SharedEdgeIndex@2@@Z 1000c2d0 f i ConvexHullBuilder.obj
 0001:0000b2f0       ?GetFaces@ConvexHullBuilder@physx@@QBEPBUHullTriangleData@2@XZ 1000c2f0 f i ConvexHullBuilder.obj
 0001:0000b300       ?GetNbFaces@ConvexHullBuilder@physx@@QBEIXZ 1000c300 f i ConvexHullBuilder.obj
 0001:0000b310       ?HasActiveEdge01@AdjTriangle@physx@@QBEHXZ 1000c310 f i ConvexHullBuilder.obj
 0001:0000b320       ?HasActiveEdge12@AdjTriangle@physx@@QBEHXZ 1000c320 f i ConvexHullBuilder.obj
 0001:0000b330       ?HasActiveEdge20@AdjTriangle@physx@@QBEHXZ 1000c330 f i ConvexHullBuilder.obj
 0001:0000b340       ?HasActiveEdge@AdjTriangle@physx@@QBEHI@Z 1000c340 f i ConvexHullBuilder.obj
 0001:0000b360       ?PxRecipSqrt@physx@@YAMM@Z 1000c360 f i ConvexHullBuilder.obj
 0001:0000b390       ?allocate@?$ReflectionAllocator@UEdgeDescData@Gu@physx@@@shdfnd@physx@@QAEPAXIPBDH@Z 1000c390 f i ConvexHullBuilder.obj
 0001:0000b3f0       ?allocate@?$ReflectionAllocator@UHullTriangleData@physx@@@shdfnd@physx@@QAEPAXIPBDH@Z 1000c3f0 f i ConvexHullBuilder.obj
 0001:0000b450       ?area@?$TriangleT@I@Gu@physx@@QBEMPBVPxVec3@3@@Z 1000c450 f i ConvexHullBuilder.obj
 0001:0000b510       ?center@?$TriangleT@I@Gu@physx@@QBEXPBVPxVec3@3@AAV43@@Z 1000c510 f i ConvexHullBuilder.obj
 0001:0000b5a0       ?cross@PxVec3@physx@@QBE?AV12@ABV12@@Z 1000c5a0 f i ConvexHullBuilder.obj
 0001:0000b610       ?distance@PxPlane@physx@@QBEMABVPxVec3@2@@Z 1000c610 f i ConvexHullBuilder.obj
 0001:0000b650       ?flip@?$TriangleT@I@Gu@physx@@QAEXXZ 1000c650 f i ConvexHullBuilder.obj
 0001:0000b660       ?flip@physx@@YAXAAG@Z      1000c660 f i ConvexHullBuilder.obj
 0001:0000b680       ?flip@physx@@YAXAAM@Z      1000c680 f i ConvexHullBuilder.obj
 0001:0000b6a0       ?flipData@Gu@physx@@YAXAAUHullPolygonData@12@@Z 1000c6a0 f i ConvexHullBuilder.obj
 0001:0000b720       ?getName@?$ReflectionAllocator@UEdgeDescData@Gu@physx@@@shdfnd@physx@@CAPBDXZ 1000c720 f i ConvexHullBuilder.obj
 0001:0000b750       ?getName@?$ReflectionAllocator@UHullTriangleData@physx@@@shdfnd@physx@@CAPBDXZ 1000c750 f i ConvexHullBuilder.obj
 0001:0000b780       ?getNormalized@PxVec3@physx@@QBE?AV12@XZ 1000c780 f i ConvexHullBuilder.obj
 0001:0000b820       ?recipSqrt@intrinsics@physx@@YAMM@Z 1000c820 f i ConvexHullBuilder.obj
 0001:0000b850       ?to8@shdfnd@physx@@YAEI@Z  1000c850 f i ConvexHullBuilder.obj
 0001:0000b860       ??0ConvexMeshBuilder@physx@@QAE@XZ 1000c860 f   ConvexMeshBuilder.obj
 0001:0000b890       ??1ConvexMeshBuilder@physx@@UAE@XZ 1000c890 f   ConvexMeshBuilder.obj
 0001:0000b8c0       ?loadFromDesc@ConvexMeshBuilder@physx@@QAE_NABVPxConvexMeshDesc@2@W4Enum@PxPlatform@2@@Z 1000c8c0 f   ConvexMeshBuilder.obj
 0001:0000b980       ?save@ConvexMeshBuilder@physx@@QBE_NAAVPxOutputStream@2@_N@Z 1000c980 f   ConvexMeshBuilder.obj
 0001:0000bb70       ?loadConvexHull@ConvexMeshBuilder@physx@@QAE_NABVPxConvexMeshDesc@2@@Z 1000cb70 f   ConvexMeshBuilder.obj
 0001:0000bd70       ?computeHullPolygons@ConvexMeshBuilder@physx@@QAE_NABIPBVPxVec3@2@0PBIAAVPxAllocatorCallback@2@AAIAAPAV32@4AAPAI4AAPAUPxHullPolygon@2@@Z 1000cd70 f   ConvexMeshBuilder.obj
 0001:0000bf00       ?computeGaussMaps@ConvexMeshBuilder@physx@@QAE_NXZ 1000cf00 f   ConvexMeshBuilder.obj
 0001:0000bfb0       ?computeMassInfo@ConvexMeshBuilder@physx@@QAEXXZ 1000cfb0 f   ConvexMeshBuilder.obj
 0001:0000c3c0       ?computeInternalObjects@ConvexMeshBuilder@physx@@QAEXXZ 1000d3c0 f   ConvexMeshBuilder.obj
 0001:0000c870       ??$?2V?$ReflectionAllocator@VBigConvexData@physx@@@shdfnd@physx@@@UserAllocated@shdfnd@physx@@SAPAXIV?$ReflectionAllocator@VBigConvexData@physx@@@12@PBDH@Z 1000d870 f i ConvexMeshBuilder.obj
 0001:0000c8d0       ??0?$PxFlags@W4Enum@PxBaseFlag@physx@@G@physx@@QAE@ABV01@@Z 1000d8d0 f i ConvexMeshBuilder.obj
 0001:0000c8f0       ??0?$PxFlags@W4Enum@PxConvexFlag@physx@@G@physx@@QAE@ABV01@@Z 1000d8f0 f i ConvexMeshBuilder.obj
 0001:0000c910       ??0?$ReflectionAllocator@VBigConvexData@physx@@@shdfnd@physx@@QAE@PBD@Z 1000d910 f i ConvexMeshBuilder.obj
 0001:0000c920       ??0PxBoundedData@physx@@QAE@XZ 1000d920 f i ConvexMeshBuilder.obj
 0001:0000c940       ??0PxIntegrals@physx@@QAE@XZ 1000d940 f i ConvexMeshBuilder.obj
 0001:0000c950       ??0PxMat33@physx@@QAE@ABVPxVec3@1@00@Z 1000d950 f i ConvexMeshBuilder.obj
 0001:0000c9a0       ??0PxSimpleTriangleMesh@physx@@QAE@XZ 1000d9a0 f i ConvexMeshBuilder.obj
 0001:0000c9e0       ??0PxStridedData@physx@@QAE@XZ 1000d9e0 f i ConvexMeshBuilder.obj
 0001:0000c9f0       ??3UserAllocated@shdfnd@physx@@SAXPAX@Z 1000d9f0 f i ConvexMeshBuilder.obj
 0001:0000ca10       ??4PxMat33@physx@@QAEAAV01@ABV01@@Z 1000da10 f i ConvexMeshBuilder.obj
 0001:0000ca50       ??APxMat33@physx@@QAEAAVPxVec3@1@I@Z 1000da50 f i ConvexMeshBuilder.obj
 0001:0000ca60       ??B?$PxFlags@W4Enum@PxBaseFlag@physx@@G@physx@@QBE_NXZ 1000da60 f i ConvexMeshBuilder.obj
 0001:0000ca70       ??B?$PxFlags@W4Enum@PxConvexFlag@physx@@G@physx@@QBE_NXZ 1000da70 f i ConvexMeshBuilder.obj
 0001:0000ca80       ??GPxMat33@physx@@QBE?AV01@XZ 1000da80 f i ConvexMeshBuilder.obj
 0001:0000cb00       ??I?$PxFlags@W4Enum@PxBaseFlag@physx@@G@physx@@QBE?AV01@W4Enum@PxBaseFlag@1@@Z 1000db00 f i ConvexMeshBuilder.obj
 0001:0000cb20       ??I?$PxFlags@W4Enum@PxConvexFlag@physx@@G@physx@@QBE?AV01@W4Enum@PxConvexFlag@1@@Z 1000db20 f i ConvexMeshBuilder.obj
 0001:0000cb40       ??RPxMat33@physx@@QAEAAMII@Z 1000db40 f i ConvexMeshBuilder.obj
 0001:0000cb60       ??XPxVec3@physx@@QAEAAV01@M@Z 1000db60 f i ConvexMeshBuilder.obj
 0001:0000cb96       ??_EConvexMeshBuilder@physx@@W7AEPAXI@Z 1000db96 f i ConvexMeshBuilder.obj
 0001:0000cba0       ??_GBigConvexData@physx@@QAEPAXI@Z 1000dba0 f i ConvexMeshBuilder.obj
 0001:0000cbd0       ??_EConvexMeshBuilder@physx@@UAEPAXI@Z 1000dbd0 f i ConvexMeshBuilder.obj
 0001:0000cbd0       ??_GConvexMeshBuilder@physx@@UAEPAXI@Z 1000dbd0 f i ConvexMeshBuilder.obj
 0001:0000cc10       ?PxGetGaussMapVertexLimitForPlatform@physx@@YAIW4Enum@PxPlatform@1@@Z 1000dc10 f i ConvexMeshBuilder.obj
 0001:0000cc50       ?PxIsFinite@physx@@YA_NM@Z 1000dc50 f i ConvexMeshBuilder.obj
 0001:0000cc80       ?allocate@?$ReflectionAllocator@VBigConvexData@physx@@@shdfnd@physx@@QAEPAXIPBDH@Z 1000dc80 f i ConvexMeshBuilder.obj
 0001:0000cce0       ?getName@?$ReflectionAllocator@VBigConvexData@physx@@@shdfnd@physx@@CAPBDXZ 1000dce0 f i ConvexMeshBuilder.obj
 0001:0000cd10       ?getOriginInertia@PxIntegrals@physx@@QAEXAAVPxMat33@2@@Z 1000dd10 f i ConvexMeshBuilder.obj
 0001:0000cda0       ?isFinite@PxVec3@physx@@QBE_NXZ 1000dda0 f i ConvexMeshBuilder.obj
 0001:0000ce10       ?isFinite@intrinsics@physx@@YA_NM@Z 1000de10 f i ConvexMeshBuilder.obj
 0001:0000ce40       ?isReleasable@PxBase@physx@@UBE_NXZ 1000de40 f i ConvexMeshBuilder.obj
 0001:0000ce50       ?isValid@PxConvexMeshDesc@physx@@QBE_NXZ 1000de50 f i ConvexMeshBuilder.obj
 0001:0000cef0       ?largestAxis@shdfnd@physx@@YAIABVPxVec3@2@@Z 1000def0 f i ConvexMeshBuilder.obj
 0001:0000cf20       ?requires@ConvexMesh@Gu@physx@@UAEXAAVPxProcessPxBaseCallback@3@@Z 1000df20 f i ConvexMeshBuilder.obj
 0001:0000cf30       ??0HullLibrary@physx@@QAE@XZ 1000df30 f   hulllib.obj
 0001:0000cf70       ??1HullLibrary@physx@@QAE@XZ 1000df70 f   hulllib.obj
 0001:0000cfc0       ?CreateConvexHull@HullLibrary@physx@@QAE?AW4HullError@2@ABVHullDesc@2@AAVHullResult@2@@Z 1000dfc0 f   hulllib.obj
 0001:0000d410       ?ReleaseResult@HullLibrary@physx@@QAE?AW4HullError@2@AAVHullResult@2@@Z 1000e410 f   hulllib.obj
 0001:0000d450       ?CreateTriangleMesh@HullLibrary@physx@@QAE?AW4HullError@2@AAVHullResult@2@PAVConvexHullTriangleInterface@2@@Z 1000e450 f   hulllib.obj
 0001:0000d730       ?b2bfix@HullLibrary@physx@@AAEXPAVTri@2@0@Z 1000e730 f   hulllib.obj
 0001:0000d850       ?removeb2b@HullLibrary@physx@@AAEXPAVTri@2@0@Z 1000e850 f   hulllib.obj
 0001:0000d8a0       ?checkit@HullLibrary@physx@@ABEXPAVTri@2@@Z 1000e8a0 f   hulllib.obj
 0001:0000d8b0       ?extrude@HullLibrary@physx@@AAEXPAVTri@2@H@Z 1000e8b0 f   hulllib.obj
 0001:0000dbf0       ?extrudable@HullLibrary@physx@@ABEPAVTri@2@M@Z 1000ebf0 f   hulllib.obj
 0001:0000dc40       ?calchullgen@HullLibrary@physx@@AAE?AW4HullError@2@PAVfloat3@2@HHM@Z 1000ec40 f   hulllib.obj
 0001:0000ead0       ?calchull@HullLibrary@physx@@AAE?AW4HullError@2@PAVfloat3@2@HAAPAHAAHAAPAV42@2HM@Z 1000fad0 f   hulllib.obj
 0001:0000ed50       ?expandhull@HullLibrary@physx@@AAE?AW4HullError@2@PAVfloat3@2@HAAPAV42@AAHM@Z 1000fd50 f   hulllib.obj
 0001:0000f5b0       ?calchullpbev@HullLibrary@physx@@AAE?AW4HullError@2@PAVfloat3@2@HHAAV?$Array@VPlane@physx@@@hullLibArray@2@M@Z 100105b0 f   hulllib.obj
 0001:000102e0       ?ComputeHull@HullLibrary@physx@@AAE?AW4HullError@2@IPBMAAVPHullResult@2@IMM@Z 100112e0 f   hulllib.obj
 0001:000104f0       ?overhullv@HullLibrary@physx@@AAE?AW4HullError@2@PAVfloat3@2@HHAAPAV42@AAHAAPAH2MMHM@Z 100114f0 f   hulllib.obj
 0001:00011000       ??0ConvexH@physx@@QAE@HHH@Z 10012000 f   hulllib.obj
 0001:00012b80       ?neib@Tri@physx@@QAEAAHHH@Z 10013b80 f   hulllib.obj
 0001:00014530       ??$?2V?$ReflectionAllocator@VConvexH@physx@@@shdfnd@physx@@@UserAllocated@shdfnd@physx@@SAPAXIV?$ReflectionAllocator@VConvexH@physx@@@12@PBDH@Z 10015530 f i hulllib.obj
 0001:00014590       ??$?2V?$ReflectionAllocator@VTri@physx@@@shdfnd@physx@@@UserAllocated@shdfnd@physx@@SAPAXIV?$ReflectionAllocator@VTri@physx@@@12@PBDH@Z 10015590 f i hulllib.obj
 0001:000145f0       ??$?_UM@@YAPAXIV?$ReflectionAllocator@M@shdfnd@physx@@PBDH@Z 100155f0 f i hulllib.obj
 0001:00014650       ??$Max@M@physx@@YAMABM0@Z  10015650 f i hulllib.obj
 0001:00014680       ??$Min@H@physx@@YAHABH0@Z  10015680 f i hulllib.obj
 0001:000146a0       ??$Min@M@physx@@YAMABM0@Z  100156a0 f i hulllib.obj
 0001:000146d0       ??$Swap@H@physx@@YAXAAH0@Z 100156d0 f i hulllib.obj
 0001:000146f0       ??$maxdir@Vfloat3@physx@@@physx@@YAHPBVfloat3@0@HABV10@@Z 100156f0 f i hulllib.obj
 0001:000147a0       ??$maxdirfiltered@Vfloat3@physx@@@physx@@YAHPBVfloat3@0@HABV10@PA_N@Z 100157a0 f i hulllib.obj
 0001:00014860       ??$maxdirsterid@Vfloat3@physx@@@physx@@YAHPBVfloat3@0@HABV10@AAV?$Array@H@hullLibArray@0@@Z 10015860 f i hulllib.obj
 0001:00014cc0       ??0?$Array@H@hullLibArray@physx@@QAE@H@Z 10015cc0 f i hulllib.obj
 0001:00014cf0       ??0?$Array@PAVTri@physx@@@hullLibArray@physx@@QAE@H@Z 10015cf0 f i hulllib.obj
 0001:00014d20       ??0?$Array@UExpandPlane@physx@@@hullLibArray@physx@@QAE@H@Z 10015d20 f i hulllib.obj
 0001:00014d50       ??0?$Array@VHalfEdge@ConvexH@physx@@@hullLibArray@physx@@QAE@H@Z 10015d50 f i hulllib.obj
 0001:00014d80       ??0?$Array@VPlane@physx@@@hullLibArray@physx@@QAE@H@Z 10015d80 f i hulllib.obj
 0001:00014db0       ??0?$Array@Vfloat3@physx@@@hullLibArray@physx@@QAE@H@Z 10015db0 f i hulllib.obj
 0001:00014de0       ??0?$Array@Vint3@physx@@@hullLibArray@physx@@QAE@H@Z 10015de0 f i hulllib.obj
 0001:00014e10       ??0?$ReflectionAllocator@M@shdfnd@physx@@QAE@PBD@Z 10015e10 f i hulllib.obj
 0001:00014e20       ??0?$ReflectionAllocator@VConvexH@physx@@@shdfnd@physx@@QAE@PBD@Z 10015e20 f i hulllib.obj
 0001:00014e30       ??0?$ReflectionAllocator@VTri@physx@@@shdfnd@physx@@QAE@PBD@Z 10015e30 f i hulllib.obj
 0001:00014e40       ??0?$ScopedPointer@_NVTempAllocator@shdfnd@physx@@@shdfnd@physx@@QAE@XZ 10015e40 f i hulllib.obj
 0001:00014e50       ??0ExpandPlane@physx@@QAE@XZ 10015e50 f i hulllib.obj
 0001:00014eb0       ??0HalfEdge@ConvexH@physx@@QAE@FEE@Z 10015eb0 f i hulllib.obj
 0001:00014ed0       ??0HalfEdge@ConvexH@physx@@QAE@XZ 10015ed0 f i hulllib.obj
 0001:00014ee0       ??0PHullResult@physx@@QAE@XZ 10015ee0 f i hulllib.obj
 0001:00014f10       ??0Plane@physx@@QAE@ABVfloat3@1@M@Z 10015f10 f i hulllib.obj
 0001:00014f40       ??0Plane@physx@@QAE@XZ     10015f40 f i hulllib.obj
 0001:00014f60       ??0Tri@physx@@QAE@HHHPAV?$Array@PAVTri@physx@@@hullLibArray@1@@Z 10015f60 f i hulllib.obj
 0001:00014fe0       ??0float3@physx@@QAE@MMM@Z 10015fe0 f i hulllib.obj
 0001:00015010       ??0float3@physx@@QAE@XZ    10016010 f i hulllib.obj
 0001:00015030       ??0float3x3@physx@@QAE@Vfloat3@1@00@Z 10016030 f i hulllib.obj
 0001:00015070       ??0float3x3@physx@@QAE@XZ  10016070 f i hulllib.obj
 0001:000150c0       ??0int3@physx@@QAE@HHH@Z   100160c0 f i hulllib.obj
 0001:000150e0       ??0int4@physx@@QAE@HHHH@Z  100160e0 f i hulllib.obj
 0001:00015100       ??1?$Array@H@hullLibArray@physx@@QAE@XZ 10016100 f i hulllib.obj
 0001:00015140       ??1?$Array@PAVTri@physx@@@hullLibArray@physx@@QAE@XZ 10016140 f i hulllib.obj
 0001:00015180       ??1?$Array@UExpandPlane@physx@@@hullLibArray@physx@@QAE@XZ 10016180 f i hulllib.obj
 0001:000151c0       ??1?$Array@VHalfEdge@ConvexH@physx@@@hullLibArray@physx@@QAE@XZ 100161c0 f i hulllib.obj
 0001:00015200       ??1?$Array@VPlane@physx@@@hullLibArray@physx@@QAE@XZ 10016200 f i hulllib.obj
 0001:00015240       ??1?$Array@Vfloat3@physx@@@hullLibArray@physx@@QAE@XZ 10016240 f i hulllib.obj
 0001:00015280       ??1?$Array@Vint3@physx@@@hullLibArray@physx@@QAE@XZ 10016280 f i hulllib.obj
 0001:000152c0       ??1?$ScopedPointer@_NVTempAllocator@shdfnd@physx@@@shdfnd@physx@@QAE@XZ 100162c0 f i hulllib.obj
 0001:000152d0       ??1ConvexH@physx@@QAE@XZ   100162d0 f i hulllib.obj
 0001:00015360       ??1Tri@physx@@IAE@XZ       10016360 f i hulllib.obj
 0001:00015370       ??8physx@@YAHABVPlane@0@0@Z 10016370 f i hulllib.obj
 0001:000153c0       ??8physx@@YAHABVfloat3@0@0@Z 100163c0 f i hulllib.obj
 0001:00015400       ??9physx@@YAHABVfloat3@0@0@Z 10016400 f i hulllib.obj
 0001:00015440       ??A?$Array@H@hullLibArray@physx@@QAEAAHH@Z 10016440 f i hulllib.obj
 0001:00015450       ??A?$Array@PAVTri@physx@@@hullLibArray@physx@@QAEAAPAVTri@2@H@Z 10016450 f i hulllib.obj
 0001:00015460       ??A?$Array@UExpandPlane@physx@@@hullLibArray@physx@@QAEAAUExpandPlane@2@H@Z 10016460 f i hulllib.obj
 0001:00015470       ??A?$Array@VHalfEdge@ConvexH@physx@@@hullLibArray@physx@@QAEAAVHalfEdge@ConvexH@2@H@Z 10016470 f i hulllib.obj
 0001:00015480       ??A?$Array@VPlane@physx@@@hullLibArray@physx@@QAEAAVPlane@2@H@Z 10016480 f i hulllib.obj
 0001:00015490       ??A?$Array@Vfloat3@physx@@@hullLibArray@physx@@QAEAAVfloat3@2@H@Z 10016490 f i hulllib.obj
 0001:000154b0       ??Afloat3@physx@@QAEAAMH@Z 100164b0 f i hulllib.obj
 0001:000154c0       ??Afloat3@physx@@QBEABMH@Z 100164c0 f i hulllib.obj
 0001:000154d0       ??Afloat3x3@physx@@QAEAAVfloat3@1@H@Z 100164d0 f i hulllib.obj
 0001:000154e0       ??Afloat3x3@physx@@QBEABVfloat3@1@H@Z 100164e0 f i hulllib.obj
 0001:000154f0       ??Aint3@physx@@QAEAAHH@Z   100164f0 f i hulllib.obj
 0001:00015500       ??Aint3@physx@@QBEABHH@Z   10016500 f i hulllib.obj
 0001:00015510       ??Aint4@physx@@QAEAAHH@Z   10016510 f i hulllib.obj
 0001:00015520       ??B?$ScopedPointer@_NVTempAllocator@shdfnd@physx@@@shdfnd@physx@@QBEPA_NXZ 10016520 f i hulllib.obj
 0001:00015530       ??_G?$Array@PAVTri@physx@@@hullLibArray@physx@@QAEPAXI@Z 10016530 f i hulllib.obj
 0001:00015580       ??_GConvexH@physx@@QAEPAXI@Z 10016580 f i hulllib.obj
 0001:000155b0       ??_GTri@physx@@IAEPAXI@Z   100165b0 f i hulllib.obj
 0001:000155d0       ?Add@?$Array@H@hullLibArray@physx@@QAEAAHH@Z 100165d0 f i hulllib.obj
 0001:00015610       ?Add@?$Array@PAVTri@physx@@@hullLibArray@physx@@QAEAAPAVTri@3@PAV43@@Z 10016610 f i hulllib.obj
 0001:00015650       ?Add@?$Array@UExpandPlane@physx@@@hullLibArray@physx@@QAEAAUExpandPlane@3@U43@@Z 10016650 f i hulllib.obj
 0001:000156b0       ?Add@?$Array@VPlane@physx@@@hullLibArray@physx@@QAEAAVPlane@3@V43@@Z 100166b0 f i hulllib.obj
 0001:00015700       ?Add@?$Array@Vfloat3@physx@@@hullLibArray@physx@@QAEAAVfloat3@3@V43@@Z 10016700 f i hulllib.obj
 0001:00015760       ?Add@?$Array@Vint3@physx@@@hullLibArray@physx@@QAEAAVint3@3@V43@@Z 10016760 f i hulllib.obj
 0001:000157c0       ?HasHullFlag@HullDesc@physx@@QBE_NW4HullFlag@2@@Z 100167c0 f i hulllib.obj
 0001:000157e0       ?PxMemSet@physx@@YAPAXPIAXHI@Z 100167e0 f i hulllib.obj
 0001:000157f0       ?SetSize@?$Array@PAVTri@physx@@@hullLibArray@physx@@QAEXH@Z 100167f0 f i hulllib.obj
 0001:00015830       ?SetSize@?$Array@Vint3@physx@@@hullLibArray@physx@@QAEXH@Z 10016830 f i hulllib.obj
 0001:00015870       ?allocate@?$Array@H@hullLibArray@physx@@QAEXH@Z 10016870 f i hulllib.obj
 0001:000158d0       ?allocate@?$Array@PAVTri@physx@@@hullLibArray@physx@@QAEXH@Z 100168d0 f i hulllib.obj
 0001:00015930       ?allocate@?$Array@UExpandPlane@physx@@@hullLibArray@physx@@QAEXH@Z 10016930 f i hulllib.obj
 0001:000159b0       ?allocate@?$Array@VHalfEdge@ConvexH@physx@@@hullLibArray@physx@@QAEXH@Z 100169b0 f i hulllib.obj
 0001:00015a10       ?allocate@?$Array@VPlane@physx@@@hullLibArray@physx@@QAEXH@Z 10016a10 f i hulllib.obj
 0001:00015a70       ?allocate@?$Array@Vfloat3@physx@@@hullLibArray@physx@@QAEXH@Z 10016a70 f i hulllib.obj
 0001:00015ae0       ?allocate@?$Array@Vint3@physx@@@hullLibArray@physx@@QAEXH@Z 10016ae0 f i hulllib.obj
 0001:00015b50       ?allocate@?$ReflectionAllocator@M@shdfnd@physx@@QAEPAXIPBDH@Z 10016b50 f i hulllib.obj
 0001:00015bb0       ?allocate@?$ReflectionAllocator@VConvexH@physx@@@shdfnd@physx@@QAEPAXIPBDH@Z 10016bb0 f i hulllib.obj
 0001:00015c10       ?allocate@?$ReflectionAllocator@VTri@physx@@@shdfnd@physx@@QAEPAXIPBDH@Z 10016c10 f i hulllib.obj
 0001:00015c70       ?cos@@YAMM@Z               10016c70 f i hulllib.obj
 0001:00015c90       ?distance@Plane@physx@@QBEMABVfloat3@2@@Z 10016c90 f i hulllib.obj
 0001:00015cd0       ?getName@?$ReflectionAllocator@M@shdfnd@physx@@CAPBDXZ 10016cd0 f i hulllib.obj
 0001:00015d00       ?getName@?$ReflectionAllocator@VConvexH@physx@@@shdfnd@physx@@CAPBDXZ 10016d00 f i hulllib.obj
 0001:00015d30       ?getName@?$ReflectionAllocator@VTri@physx@@@shdfnd@physx@@CAPBDXZ 10016d30 f i hulllib.obj
 0001:00015d60       ?memSet@intrinsics@physx@@YAPAXPIAXHI@Z 10016d60 f i hulllib.obj
 0001:00015d70       ?to8@shdfnd@physx@@YAEG@Z  10016d70 f i hulllib.obj
 0001:00015d80       _cosf                      10016d80 f i hulllib.obj
 0001:00015da0       _sinf                      10016da0 f i hulllib.obj
 0001:00015e00       ?computeVolumeIntegrals@physx@@YA_NABVPxSimpleTriangleMesh@1@MAAUPxIntegrals@1@@Z 10016e00 f   VolumeIntegration.obj
 0001:00015e70       ?computeVolumeIntegralsEberly@physx@@YA_NABVPxSimpleTriangleMesh@1@MAAUPxIntegrals@1@ABVPxVec3@1@@Z 10016e70 f   VolumeIntegration.obj
 0001:00015eb0       ??0VolumeIntegrator@?A0xcaa98087@physx@@QAE@VPxSimpleTriangleMesh@2@N@Z 10016eb0 f   VolumeIntegration.obj
 0001:00015f20       ??1VolumeIntegrator@?A0xcaa98087@physx@@QAE@XZ 10016f20 f   VolumeIntegration.obj
 0001:00015f30       ?computeVolumeIntegrals@VolumeIntegrator@?A0xcaa98087@physx@@QAE_NAAUPxIntegrals@3@@Z 10016f30 f   VolumeIntegration.obj
 0001:000164c0       ?computeCenterOfMass@VolumeIntegrator@?A0xcaa98087@physx@@AAE?AVPxVec3@3@XZ 100174c0 f   VolumeIntegration.obj
 0001:00016540       ?computeInertiaTensor@VolumeIntegrator@?A0xcaa98087@physx@@AAEXPAN@Z 10017540 f   VolumeIntegration.obj
 0001:00016600       ?computeCOMInertiaTensor@VolumeIntegrator@?A0xcaa98087@physx@@AAEXPAN@Z 10017600 f   VolumeIntegration.obj
 0001:00016860       ?computeFaceNormal@VolumeIntegrator@?A0xcaa98087@physx@@AAEXAAUFace@123@PAI@Z 10017860 f   VolumeIntegration.obj
 0001:000169b0       ?computeProjectionIntegrals@VolumeIntegrator@?A0xcaa98087@physx@@AAEXABUFace@123@@Z 100179b0 f   VolumeIntegration.obj
 0001:00016e40       ?computeFaceIntegrals@VolumeIntegrator@?A0xcaa98087@physx@@AAEXABUFace@123@@Z 10017e40 f   VolumeIntegration.obj
 0001:00017170       ??0VolumeIntegratorEberly@?A0xcaa98087@physx@@QAE@ABVPxSimpleTriangleMesh@2@N@Z 10018170 f   VolumeIntegration.obj
 0001:00017190       ??1VolumeIntegratorEberly@?A0xcaa98087@physx@@QAE@XZ 10018190 f   VolumeIntegration.obj
 0001:000171a0       ?computeVolumeIntegrals@VolumeIntegratorEberly@?A0xcaa98087@physx@@QAE_NAAUPxIntegrals@3@ABVPxVec3@3@@Z 100181a0 f   VolumeIntegration.obj
 0001:00017bc0       ?subexpressions@VolumeIntegratorEberly@?A0xcaa98087@physx@@AAEXNNNAAN00000@Z 10018bc0 f   VolumeIntegration.obj
 0001:00017c70       ??4?$PxFlags@W4Enum@PxMeshFlag@physx@@G@physx@@QAEAAV01@ABV01@@Z 10018c70 f i VolumeIntegration.obj
 0001:00017c90       ??4PxSimpleTriangleMesh@physx@@QAEAAV01@ABV01@@Z 10018c90 f i VolumeIntegration.obj
 0001:00017cd0       ?isZero@PxVec3@physx@@QBE_NXZ 10018cd0 f i VolumeIntegration.obj
 0001:00017d10       ?ComputeNbBoundaryEdges@AdjTriangle@physx@@QBEIXZ 10018d10 f   Adjacencies.obj
 0001:00017d50       ?ComputeNbNeighbors@AdjTriangle@physx@@QBEIXZ 10018d50 f   Adjacencies.obj
 0001:00017d90       ?HasNeighbor@AdjTriangle@physx@@QBE_NIPAI@Z 10018d90 f   Adjacencies.obj
 0001:00017e10       ?Flip@AdjTriangle@physx@@QAEXXZ 10018e10 f   Adjacencies.obj
 0001:00017e20       ??0Adjacencies@physx@@QAE@XZ 10018e20 f   Adjacencies.obj
 0001:00017e30       ??1Adjacencies@physx@@QAE@XZ 10018e30 f   Adjacencies.obj
 0001:00017e60       ?Load@Adjacencies@physx@@QAE_NAAVPxInputStream@2@@Z 10018e60 f   Adjacencies.obj
 0001:00017f40       ?Walk@Adjacencies@physx@@QAE_NP6AXABUCommonWalkParams@2@IIII@ZPAX@Z 10018f40 f   Adjacencies.obj
 0001:000180a0       ?Walk2@Adjacencies@physx@@QAE_NP6AXABUCommonWalkParams@2@IIII@ZPAXPBVPxVec3@2@PBU?$TriangleT@I@Gu@2@@Z 100190a0 f   Adjacencies.obj
 0001:00018200       ?ComputeNbBoundaryEdges@Adjacencies@physx@@QBEIXZ 10019200 f   Adjacencies.obj
 0001:00018260       ?GetBoundaryVertices@Adjacencies@physx@@QBE_NIPA_NPBU?$TriangleT@I@Gu@2@@Z 10019260 f   Adjacencies.obj
 0001:000183c0       ?MakeLastRef@Adjacencies@physx@@QAE_NAAVAdjTriangle@2@IPAU?$TriangleT@I@Gu@2@@Z 100193c0 f   Adjacencies.obj
 0001:00018580       ?AssignNewEdgeCode@Adjacencies@physx@@AAEXIE@Z 10019580 f   Adjacencies.obj
 0001:000185c0       ??0AdjacenciesBuilder@physx@@QAE@XZ 100195c0 f   Adjacencies.obj
 0001:000185d0       ??1AdjacenciesBuilder@physx@@QAE@XZ 100195d0 f   Adjacencies.obj
 0001:00018600       ?Init@AdjacenciesBuilder@physx@@QAE_NABUADJACENCIESCREATE@2@@Z 10019600 f   Adjacencies.obj
 0001:000191f0       ??$?_UV?$ReflectionAllocator@VAdjEdge@@@shdfnd@physx@@@UserAllocated@shdfnd@physx@@SAPAXIV?$ReflectionAllocator@VAdjEdge@@@12@PBDH@Z 1001a1f0 f i Adjacencies.obj
 0001:00019250       ??$?_UV?$ReflectionAllocator@VAdjTriangle@physx@@@shdfnd@physx@@@UserAllocated@shdfnd@physx@@SAPAXIV?$ReflectionAllocator@VAdjTriangle@physx@@@12@PBDH@Z 1001a250 f i Adjacencies.obj
 0001:000192b0       ??$swap@M@shdfnd@physx@@YAXAAM0@Z 1001a2b0 f i Adjacencies.obj
 0001:000192d0       ??0?$ReflectionAllocator@VAdjEdge@@@shdfnd@physx@@QAE@PBD@Z 1001a2d0 f i Adjacencies.obj
 0001:000192e0       ??0?$ReflectionAllocator@VAdjTriangle@physx@@@shdfnd@physx@@QAE@PBD@Z 1001a2e0 f i Adjacencies.obj
 0001:000192f0       ??0?$TriangleT@I@Gu@physx@@QAE@XZ 1001a2f0 f i Adjacencies.obj
 0001:00019300       ??0AdjEdge@@QAE@XZ         1001a300 f i Adjacencies.obj
 0001:00019310       ??0AdjTriangle@physx@@QAE@XZ 1001a310 f i Adjacencies.obj
 0001:00019320       ??0PrivateWalkParams@?1??Walk2@Adjacencies@physx@@QAE_NP6AXABUCommonWalkParams@3@IIII@ZPAXPBVPxVec3@3@PBU?$TriangleT@I@Gu@3@@Z@QAE@XZ 1001a320 f i Adjacencies.obj
 0001:00019330       ??1AdjEdge@@QAE@XZ         1001a330 f i Adjacencies.obj
 0001:00019340       ??1AdjTriangle@physx@@QAE@XZ 1001a340 f i Adjacencies.obj
 0001:00019350       ??_EAdjEdge@@QAEPAXI@Z     1001a350 f i Adjacencies.obj
 0001:00019380       ??_EAdjTriangle@physx@@QAEPAXI@Z 1001a380 f i Adjacencies.obj
 0001:000193b0       ??_I@YGXPAXIHP6EX0@Z@Z     1001a3b0 f i Adjacencies.obj
 0001:000193f0       ??_VUserAllocated@shdfnd@physx@@SAXPAX@Z 1001a3f0 f i Adjacencies.obj
 0001:00019410       ?GetEdgeTriangle@EdgeList@Gu@physx@@QBEABUEdgeTriangleData@23@I@Z 1001a410 f i Adjacencies.obj
 0001:00019430       ?HasActiveEdge01@EdgeTriangleAC@Gu@physx@@SAHABUEdgeTriangleData@23@@Z 1001a430 f i Adjacencies.obj
 0001:00019440       ?HasActiveEdge12@EdgeTriangleAC@Gu@physx@@SAHABUEdgeTriangleData@23@@Z 1001a440 f i Adjacencies.obj
 0001:00019450       ?HasActiveEdge20@EdgeTriangleAC@Gu@physx@@SAHABUEdgeTriangleData@23@@Z 1001a450 f i Adjacencies.obj
 0001:00019460       ?allocate@?$ReflectionAllocator@VAdjEdge@@@shdfnd@physx@@QAEPAXIPBDH@Z 1001a460 f i Adjacencies.obj
 0001:000194c0       ?allocate@?$ReflectionAllocator@VAdjTriangle@physx@@@shdfnd@physx@@QAEPAXIPBDH@Z 1001a4c0 f i Adjacencies.obj
 0001:00019520       ?findEdge@?$TriangleT@I@Gu@physx@@QBEEII@Z 1001a520 f i Adjacencies.obj
 0001:00019590       ?getName@?$ReflectionAllocator@VAdjEdge@@@shdfnd@physx@@CAPBDXZ 1001a590 f i Adjacencies.obj
 0001:000195c0       ?getName@?$ReflectionAllocator@VAdjTriangle@physx@@@shdfnd@physx@@CAPBDXZ 1001a5c0 f i Adjacencies.obj
 0001:000195f0       _PxCreateCooking           1001a5f0 f   Cooking.obj
 0001:000196a0       ?release@Cooking@physx@@UAEXXZ 1001a6a0 f   Cooking.obj
 0001:000196c0       ?setParams@Cooking@physx@@UAEXABUPxCookingParams@2@@Z 1001a6c0 f   Cooking.obj
 0001:00019720       ?getParams@Cooking@physx@@UAEABUPxCookingParams@2@XZ 1001a720 f   Cooking.obj
 0001:00019730       ?platformMismatch@Cooking@physx@@UAE_NXZ 1001a730 f   Cooking.obj
 0001:00019760       ?cookTriangleMesh@Cooking@physx@@UAE_NABVPxTriangleMeshDesc@2@AAVPxOutputStream@2@@Z 1001a760 f   Cooking.obj
 0001:00019840       ?createTriangleMesh@Cooking@physx@@UAEPAVPxTriangleMesh@2@ABVPxTriangleMeshDesc@2@AAVPxPhysicsInsertionCallback@2@@Z 1001a840 f   Cooking.obj
 0001:00019900       ?validateTriangleMesh@Cooking@physx@@UAE_NABVPxTriangleMeshDesc@2@@Z 1001a900 f   Cooking.obj
 0001:000199b0       ?cookConvexMesh@Cooking@physx@@UAE_NABVPxConvexMeshDesc@2@AAVPxOutputStream@2@PAW4Enum@PxConvexMeshCookingResult@2@@Z 1001a9b0 f   Cooking.obj
 0001:00019cd0       ?computeHullPolygons@Cooking@physx@@UAE_NABVPxSimpleTriangleMesh@2@AAVPxAllocatorCallback@2@AAIAAPAVPxVec3@2@2AAPAI2AAPAUPxHullPolygon@2@@Z 1001acd0 f   Cooking.obj
 0001:00019df0       ?cookHeightField@Cooking@physx@@UAE_NABVPxHeightFieldDesc@2@AAVPxOutputStream@2@@Z 1001adf0 f   Cooking.obj
 0001:00019f50       ?createHeightField@Cooking@physx@@UAEPAVPxHeightField@2@ABVPxHeightFieldDesc@2@AAVPxPhysicsInsertionCallback@2@@Z 1001af50 f   Cooking.obj
 0001:0001a070       ?loadTriangleMeshDesc@Cooking@physx@@AAE_NABVPxTriangleMeshDesc@2@AAVTriangleMeshBuilder@2@@Z 1001b070 f   Cooking.obj
 0001:0001a140       ??$?2V?$ReflectionAllocator@VCooking@physx@@@shdfnd@physx@@@UserAllocated@shdfnd@physx@@SAPAXIV?$ReflectionAllocator@VCooking@physx@@@12@PBDH@Z 1001b140 f i Cooking.obj
 0001:0001a1a0       ??$?2V?$ReflectionAllocator@VHeightField@Gu@physx@@@shdfnd@physx@@@UserAllocated@shdfnd@physx@@SAPAXIV?$ReflectionAllocator@VHeightField@Gu@physx@@@12@PBDH@Z 1001b1a0 f i Cooking.obj
 0001:0001a200       ??$?2V?$ReflectionAllocator@VTriangleMeshBuilder@physx@@@shdfnd@physx@@@UserAllocated@shdfnd@physx@@SAPAXIV?$ReflectionAllocator@VTriangleMeshBuilder@physx@@@12@PBDH@Z 1001b200 f i Cooking.obj
 0001:0001a260       ??$PX_UNUSED@VPxFoundation@physx@@@@YAXABVPxFoundation@physx@@@Z 1001b260 f i Cooking.obj
 0001:0001a270       ??0?$PxFlags@W4Enum@PxConvexFlag@physx@@G@physx@@QAE@W4Enum@PxConvexFlag@1@@Z 1001b270 f i Cooking.obj
 0001:0001a280       ??0?$PxFlags@W4Enum@PxConvexFlag@physx@@G@physx@@QAE@XZ 1001b280 f i Cooking.obj
 0001:0001a290       ??0?$PxFlags@W4Enum@PxHeightFieldFlag@physx@@G@physx@@QAE@ABV01@@Z 1001b290 f i Cooking.obj
 0001:0001a2b0       ??0?$ReflectionAllocator@VCooking@physx@@@shdfnd@physx@@QAE@PBD@Z 1001b2b0 f i Cooking.obj
 0001:0001a2c0       ??0?$ReflectionAllocator@VHeightField@Gu@physx@@@shdfnd@physx@@QAE@PBD@Z 1001b2c0 f i Cooking.obj
 0001:0001a2d0       ??0?$ReflectionAllocator@VTriangleMeshBuilder@physx@@@shdfnd@physx@@QAE@PBD@Z 1001b2d0 f i Cooking.obj
 0001:0001a2e0       ??0Cooking@physx@@QAE@ABUPxCookingParams@1@@Z 1001b2e0 f i Cooking.obj
 0001:0001a340       ??0HullDesc@physx@@QAE@XZ  1001b340 f i Cooking.obj
 0001:0001a380       ??0HullResult@physx@@QAE@XZ 1001b380 f i Cooking.obj
 0001:0001a3b0       ??0PxConvexMeshDesc@physx@@QAE@ABV01@@Z 1001b3b0 f i Cooking.obj
 0001:0001a410       ??0PxCooking@physx@@QAE@XZ 1001b410 f i Cooking.obj
 0001:0001a420       ??0PxCookingParams@physx@@QAE@ABU01@@Z 1001b420 f i Cooking.obj
 0001:0001a480       ??0TriangleMeshBuilder@physx@@QAE@XZ 1001b480 f i Cooking.obj
 0001:0001a4a0       ??1Cooking@physx@@UAE@XZ   1001b4a0 f i Cooking.obj
 0001:0001a4b0       ??1PxCooking@physx@@MAE@XZ 1001b4b0 f i Cooking.obj
 0001:0001a4c0       ??1TriangleMeshBuilder@physx@@UAE@XZ 1001b4c0 f i Cooking.obj
 0001:0001a4d0       ??4?$PxFlags@W4Enum@PxMeshPreprocessingFlag@physx@@I@physx@@QAEAAV01@ABV01@@Z 1001b4d0 f i Cooking.obj
 0001:0001a4e0       ??4PxCookingParams@physx@@QAEAAU01@ABU01@@Z 1001b4e0 f i Cooking.obj
 0001:0001a540       ??9?$PxFlags@W4Enum@PxHeightFieldFlag@physx@@G@physx@@QBE_NABV01@@Z 1001b540 f i Cooking.obj
 0001:0001a560       ??I?$PxFlags@W4Enum@PxHeightFieldFlag@physx@@G@physx@@QBE?AV01@W4Enum@PxHeightFieldFlag@1@@Z 1001b560 f i Cooking.obj
 0001:0001a580       ??S?$PxFlags@W4Enum@PxConvexFlag@physx@@G@physx@@QBE?AV01@XZ 1001b580 f i Cooking.obj
 0001:0001a5a0       ??Sphysx@@YA?AV?$PxFlags@W4Enum@PxConvexFlag@physx@@G@0@W4Enum@PxConvexFlag@0@@Z 1001b5a0 f i Cooking.obj
 0001:0001a5b0       ??_4?$PxFlags@W4Enum@PxConvexFlag@physx@@G@physx@@QAEAAV01@ABV01@@Z 1001b5b0 f i Cooking.obj
 0001:0001a5c2       ??_ETriangleMeshBuilder@physx@@W7AEPAXI@Z 1001b5c2 f i Cooking.obj
 0001:0001a5d0       ??_ECooking@physx@@UAEPAXI@Z 1001b5d0 f i Cooking.obj
 0001:0001a5d0       ??_GCooking@physx@@UAEPAXI@Z 1001b5d0 f i Cooking.obj
 0001:0001a600       ??_GPxCooking@physx@@MAEPAXI@Z 1001b600 f i Cooking.obj
 0001:0001a600       ??_EPxCooking@physx@@MAEPAXI@Z 1001b600 f i Cooking.obj
 0001:0001a630       ??_ETriangleMeshBuilder@physx@@UAEPAXI@Z 1001b630 f i Cooking.obj
 0001:0001a630       ??_GTriangleMeshBuilder@physx@@UAEPAXI@Z 1001b630 f i Cooking.obj
 0001:0001a660       ?allocate@?$ReflectionAllocator@VCooking@physx@@@shdfnd@physx@@QAEPAXIPBDH@Z 1001b660 f i Cooking.obj
 0001:0001a6c0       ?allocate@?$ReflectionAllocator@VHeightField@Gu@physx@@@shdfnd@physx@@QAEPAXIPBDH@Z 1001b6c0 f i Cooking.obj
 0001:0001a720       ?allocate@?$ReflectionAllocator@VTriangleMeshBuilder@physx@@@shdfnd@physx@@QAEPAXIPBDH@Z 1001b720 f i Cooking.obj
 0001:0001a780       ?getName@?$ReflectionAllocator@VCooking@physx@@@shdfnd@physx@@CAPBDXZ 1001b780 f i Cooking.obj
 0001:0001a7b0       ?getName@?$ReflectionAllocator@VHeightField@Gu@physx@@@shdfnd@physx@@CAPBDXZ 1001b7b0 f i Cooking.obj
 0001:0001a7e0       ?getName@?$ReflectionAllocator@VTriangleMeshBuilder@physx@@@shdfnd@physx@@CAPBDXZ 1001b7e0 f i Cooking.obj
 0001:0001a810       ?isValid@PxHeightFieldDesc@physx@@QBE_NXZ 1001b810 f i Cooking.obj
 0001:0001a870       ?littleEndian@shdfnd@physx@@YADXZ 1001b870 f i Cooking.obj
 0001:0001a880       ?requires@TriangleMesh@Gu@physx@@UAEXAAVPxProcessPxBaseCallback@3@@Z 1001b880 f i Cooking.obj
 0001:0001a890       ??0ReducedVertexCloud@physx@@QAE@PBVPxVec3@1@I@Z 1001b890 f   CookingUtils.obj
 0001:0001a8c0       ??1ReducedVertexCloud@physx@@QAE@XZ 1001b8c0 f   CookingUtils.obj
 0001:0001a900       ?Clean@ReducedVertexCloud@physx@@QAEAAV12@XZ 1001b900 f   CookingUtils.obj
 0001:0001a940       ?Reduce@ReducedVertexCloud@physx@@QAE_NPAUREDUCEDCLOUD@2@@Z 1001b940 f   CookingUtils.obj
 0001:0001aba0       ??0EdgeList@Gu@physx@@QAE@XZ 1001bba0 f   EdgeList.obj
 0001:0001abd0       ??1EdgeList@Gu@physx@@QAE@XZ 1001bbd0 f   EdgeList.obj
 0001:0001ac20       ?Load@EdgeList@Gu@physx@@QAE_NAAVPxInputStream@3@@Z 1001bc20 f   EdgeList.obj
 0001:0001ad30       ??0EdgeListBuilder@Gu@physx@@QAE@XZ 1001bd30 f   EdgeList.obj
 0001:0001ad60       ??1EdgeListBuilder@Gu@physx@@QAE@XZ 1001bd60 f   EdgeList.obj
 0001:0001adb0       ?Init@EdgeListBuilder@Gu@physx@@QAE_NABUEDGELISTCREATE@23@@Z 1001bdb0 f   EdgeList.obj
 0001:0001ae80       ?CreateFacesToEdges@EdgeListBuilder@Gu@physx@@AAE_NIPBIPBG@Z 1001be80 f   EdgeList.obj
 0001:0001b180       ?CreateEdgesToFaces@EdgeListBuilder@Gu@physx@@AAE_NIPBIPBG@Z 1001c180 f   EdgeList.obj
 0001:0001b320       ?ComputeActiveEdges@EdgeListBuilder@Gu@physx@@AAE_NIPBIPBGPBVPxVec3@3@M@Z 1001c320 f   EdgeList.obj
 0001:0001cb40       ??$?_UUEdgeData@Gu@physx@@@@YAPAXIV?$ReflectionAllocator@UEdgeData@Gu@physx@@@shdfnd@physx@@PBDH@Z 1001db40 f i EdgeList.obj
 0001:0001cba0       ??$?_UUEdgeTriangleData@Gu@physx@@@@YAPAXIV?$ReflectionAllocator@UEdgeTriangleData@Gu@physx@@@shdfnd@physx@@PBDH@Z 1001dba0 f i EdgeList.obj
 0001:0001cc00       ??0?$ReflectionAllocator@UEdgeData@Gu@physx@@@shdfnd@physx@@QAE@PBD@Z 1001dc00 f i EdgeList.obj
 0001:0001cc10       ??0?$ReflectionAllocator@UEdgeTriangleData@Gu@physx@@@shdfnd@physx@@QAE@PBD@Z 1001dc10 f i EdgeList.obj
 0001:0001cc20       ??0PxTriangle@physx@@QAE@ABVPxVec3@1@00@Z 1001dc20 f i EdgeList.obj
 0001:0001cc70       ??1PxTriangle@physx@@QAE@XZ 1001dc70 f i EdgeList.obj
 0001:0001cc80       ?GetEdgeToTriangles@EdgeList@Gu@physx@@QBEPBUEdgeDescData@23@XZ 1001dc80 f i EdgeList.obj
 0001:0001cc90       ?GetEdges@EdgeList@Gu@physx@@QBEPBUEdgeData@23@XZ 1001dc90 f i EdgeList.obj
 0001:0001cca0       ?GetFacesByEdges@EdgeList@Gu@physx@@QBEPBIXZ 1001dca0 f i EdgeList.obj
 0001:0001ccb0       ?OppositeVertex@@YAIIIIII@Z 1001dcb0 f i EdgeList.obj
 0001:0001cd10       ?PxAtan2@physx@@YAMMM@Z    1001dd10 f i EdgeList.obj
 0001:0001cd20       ?allocate@?$ReflectionAllocator@UEdgeData@Gu@physx@@@shdfnd@physx@@QAEPAXIPBDH@Z 1001dd20 f i EdgeList.obj
[...]
 0002:00000c54       _PxTwoPi                   10044c54     ConvexMeshBuilder.obj
 0002:00000c58       _PxInvPi                   10044c58     ConvexMeshBuilder.obj
 0002:00000c5c       _PxInvTwoPi                10044c5c     ConvexMeshBuilder.obj
 0002:00000c60       _PxPiDivTwo                10044c60     ConvexMeshBuilder.obj
 0002:00000f60       _minadjangle               10044f60     hulllib.obj
 0002:00001040       _PxPi                      10045040     VolumeIntegration.obj
 0002:00001284       _PxPi                      10045284     Cooking.obj
 0002:000015d4       _PxPi                      100455d4     EdgeList.obj
 0002:00001760       _PxPi                      10045760     InternalTriangleMeshBuilder.obj
 0002:000018e0       _Int32ToUInt32             100458e0     LIBCMT:ftol3.obj
 0002:000018f0       _MantissaMask              100458f0     LIBCMT:ftol3.obj
 0002:000018f8       _IntegerBit                100458f8     LIBCMT:ftol3.obj
 0002:00001900       _SignBit64                 10045900     LIBCMT:ftol3.obj
 0002:00001908       _MinFP64                   10045908     LIBCMT:ftol3.obj
 0002:00001910       _MinInt64                  10045910     LIBCMT:ftol3.obj
 0002:00001918       _MaxInt64                  10045918     LIBCMT:ftol3.obj
 0002:00001920       _MaxUInt64                 10045920     LIBCMT:ftol3.obj
 0002:00001928       _MaxFP32                   10045928     LIBCMT:ftol3.obj
 0002:00001930       _MinFP32                   10045930     LIBCMT:ftol3.obj
 0002:00001938       _MinSubInexact             10045938     LIBCMT:ftol3.obj
 0002:00001940       _FpExcptTable              10045940     LIBCMT:ftol3.obj
 0002:00001950       _i1075                     10045950     LIBCMT:ftol3.obj
 0002:00001954       _i1087                     10045954     LIBCMT:ftol3.obj
 0002:00001958       _x0800                     10045958     LIBCMT:ftol3.obj
 0002:0000195c       _x17FF                     1004595c     LIBCMT:ftol3.obj
 0002:00001960       _CWMask                    10045960     LIBCMT:ftol3.obj
 0002:00001980       _T_tbl                     10045980     LIBCMT:powf_sse2.obj
 0002:00001b90       _B_table                   10045b90     LIBCMT:powf_sse2.obj
 0002:00001da0       _exp2_tbl                  10045da0     LIBCMT:powf_sse2.obj
 0002:00001ea0       _cv                        10045ea0     LIBCMT:powf_sse2.obj
 0002:00001ec0       _cev                       10045ec0     LIBCMT:powf_sse2.obj
 0002:00001ee0       _ABSVALS                   10045ee0     LIBCMT:powf_sse2.obj
 0002:00001ef0       _ABSVALMASK                10045ef0     LIBCMT:powf_sse2.obj
 0002:00001ef8       _SIGMASK                   10045ef8     LIBCMT:powf_sse2.obj
 0002:00001f00       _EXPMASK                   10045f00     LIBCMT:powf_sse2.obj
 0002:00001f08       _SCALE5                    10045f08     LIBCMT:powf_sse2.obj
 0002:00001f10       _Shifter                   10045f10     LIBCMT:powf_sse2.obj
 0002:00001f18       _NEG_ZEROD                 10045f18     LIBCMT:powf_sse2.obj
 0002:00001f20       _INF                       10045f20     LIBCMT:powf_sse2.obj
 0002:00001f24       _NEG_INF                   10045f24     LIBCMT:powf_sse2.obj
 0002:00001f28       _ONEMASK                   10045f28     LIBCMT:powf_sse2.obj
 0002:00001f2c       _NEG_ZERO                  10045f2c     LIBCMT:powf_sse2.obj
 0002:00001f30       _sNaN                      10045f30     LIBCMT:powf_sse2.obj
 0002:00001f34       _dword_mask                10045f34     LIBCMT:powf_sse2.obj
 0002:00001f40       _Ctable                    10045f40     LIBCMT:cosf_sse2.obj
 0002:00002340       _BIT_31                    10046340     LIBCMT:cosf_sse2.obj
 0002:00002350       _P_2                       10046350     LIBCMT:cosf_sse2.obj
 0002:00002358       _P_1                       10046358     LIBCMT:cosf_sse2.obj
 0002:00002360       _ONE                       10046360     LIBCMT:cosf_sse2.obj
 0002:00002368       _S_1                       10046368     LIBCMT:cosf_sse2.obj
 0002:00002370       _S_2                       10046370     LIBCMT:cosf_sse2.obj
 0002:00002378       _C_1                       10046378     LIBCMT:cosf_sse2.obj
 0002:00002380       _C_2                       10046380     LIBCMT:cosf_sse2.obj
 0002:00002388       _PI_32_RECIP               10046388     LIBCMT:cosf_sse2.obj
 0002:00002390       _SHIFTER                   10046390     LIBCMT:cosf_sse2.obj
 0002:000023a0       _Ctable                    100463a0     LIBCMT:sinf_sse2.obj
 0002:000027a0       _BIT_31                    100467a0     LIBCMT:sinf_sse2.obj
 0002:000027b0       _P_2                       100467b0     LIBCMT:sinf_sse2.obj
 0002:000027b8       _P_1                       100467b8     LIBCMT:sinf_sse2.obj
 0002:000027c0       _ONE                       100467c0     LIBCMT:sinf_sse2.obj
 0002:000027c8       _S_1                       100467c8     LIBCMT:sinf_sse2.obj
 0002:000027d0       _S_2                       100467d0     LIBCMT:sinf_sse2.obj
 0002:000027d8       _C_1                       100467d8     LIBCMT:sinf_sse2.obj
 0002:000027e0       _C_2                       100467e0     LIBCMT:sinf_sse2.obj
 0002:000027e8       _ONE_M230                  100467e8     LIBCMT:sinf_sse2.obj
 0002:000027f0       _PI_32_RECIP               100467f0     LIBCMT:sinf_sse2.obj
 0002:000027f8       _SHIFTER                   100467f8     LIBCMT:sinf_sse2.obj
 0002:00002d10       __mb_locale_names          10046d10     LIBCMT:mbctype.obj
 0002:000030b0       _tokenTable                100470b0     LIBCMT:undname.obj
 0002:000030e8       _nameTable                 100470e8     LIBCMT:undname.obj
 0002:00003228       _rttiTable                 10047228     LIBCMT:undname.obj
 0002:00003c0c       ?ExceptionTemplate@?1??_CxxThrowException@@9@8@4UEHExceptionRecord@@B 10047c0c     LIBCMT:throw.obj
 0002:00003c90       Ctable                     10047c90     LIBCMT:cos_pentium4.obj
 0002:00004490       SC_1                       10048490     LIBCMT:cos_pentium4.obj
 0002:000044a0       SC_2                       100484a0     LIBCMT:cos_pentium4.obj
 0002:000044b0       SC_3                       100484b0     LIBCMT:cos_pentium4.obj
 0002:000044c0       SC_4                       100484c0     LIBCMT:cos_pentium4.obj
 0002:000044d0       PI32INV                    100484d0     LIBCMT:cos_pentium4.obj
 0002:000044d8       SHIFTER                    100484d8     LIBCMT:cos_pentium4.obj
 0002:000044e0       P_2                        100484e0     LIBCMT:cos_pentium4.obj
 0002:000044f0       P_1                        100484f0     LIBCMT:cos_pentium4.obj
 0002:000044f8       P_3                        100484f8     LIBCMT:cos_pentium4.obj
 0002:00004500       TWO_POW_55                 10048500     LIBCMT:cos_pentium4.obj
 0002:00004508       TWO_POW_M55                10048508     LIBCMT:cos_pentium4.obj
 0002:00004510       ALL_ONES                   10048510     LIBCMT:cos_pentium4.obj
 0002:00004518       NEG_ZERO                   10048518     LIBCMT:cos_pentium4.obj
 0002:00004520       ONE                        10048520     LIBCMT:cos_pentium4.obj
 0002:00004530       SIGN_MASK                  10048530     LIBCMT:cos_pentium4.obj
 0002:00004554       One                        10048554     LIBCMT:87disp.obj
 0002:0000455c       XAMtoTagTab                1004855c     LIBCMT:87disp.obj
 0002:00004570       One                        10048570     LIBCMT:common.obj
 0002:00004584       DblMax                     10048584     LIBCMT:common.obj
 0002:0000458c       DblMin                     1004858c     LIBCMT:common.obj
 0002:00004594       IeeeAdjO                   10048594     LIBCMT:common.obj
 0002:0000459c       IeeeAdjU                   1004859c     LIBCMT:common.obj
 0002:000045a4       _infinity                  100485a4     LIBCMT:common.obj
 0002:000045ac       _zero                      100485ac     LIBCMT:common.obj
 0002:000045c0       Ctable                     100485c0     LIBCMT:sin_pentium4.obj
 0002:00004dc0       SC_1                       10048dc0     LIBCMT:sin_pentium4.obj
 0002:00004dd0       SC_2                       10048dd0     LIBCMT:sin_pentium4.obj
 0002:00004de0       SC_3                       10048de0     LIBCMT:sin_pentium4.obj
 0002:00004df0       SC_4                       10048df0     LIBCMT:sin_pentium4.obj
 0002:00004e00       PI32INV                    10048e00     LIBCMT:sin_pentium4.obj
 0002:00004e08       SHIFTER                    10048e08     LIBCMT:sin_pentium4.obj
 0002:00004e10       P_2                        10048e10     LIBCMT:sin_pentium4.obj
 0002:00004e20       P_1                        10048e20     LIBCMT:sin_pentium4.obj
 0002:00004e28       P_3                        10048e28     LIBCMT:sin_pentium4.obj
 0002:00004e30       TWO_POW_55                 10048e30     LIBCMT:sin_pentium4.obj
 0002:00004e38       TWO_POW_M55                10048e38     LIBCMT:sin_pentium4.obj
 0002:00004e40       ALL_ONES                   10048e40     LIBCMT:sin_pentium4.obj
 0002:00004e48       NEG_ZERO                   10048e48     LIBCMT:sin_pentium4.obj
 0002:00004e50       ONE                        10048e50     LIBCMT:sin_pentium4.obj
 0002:00006ed8       _rterrs                    1004aed8     LIBCMT:crt0msg.obj
 0002:00007a38       __first_127char            1004ba38     LIBCMT:wsetloca.obj
 0002:00007afc       _GS_ExceptionPointers      1004bafc     LIBCMT:gs_report.obj
 0002:000095c0       __sehtable$_printf         1004d5c0     LIBCMT:printf.obj
 0002:000095e0       __sehtable$__CRT_INIT@12   1004d5e0     LIBCMT:dllcrt0.obj
 0002:00009600       __sehtable$___DllMainCRTStartup 1004d600     LIBCMT:dllcrt0.obj
 0002:00009620       __sehtable$?_Name_base@type_info@@CAPBDPBV1@PAU__type_info_node@@@Z 1004d620     LIBCMT:typname.obj
 0002:00009640       __sehtable$?_Type_info_dtor@type_info@@CAXPAV1@@Z 1004d640     LIBCMT:typname.obj
 0002:00009660       __sehtable$?_Name_base_internal@type_info@@CAPBDPBV1@PAU__type_info_node@@@Z 1004d660     LIBCMT:typname.obj
 0002:00009680       __sehtable$?_Type_info_dtor_internal@type_info@@CAXPAV1@@Z 1004d680     LIBCMT:typname.obj
 0002:000096a0       __sehtable$___clean_type_info_names_internal 1004d6a0     LIBCMT:typname.obj
 0002:00009710       __sehtable$___set_fpsr_sse2 1004d710     LIBCMT:fpctrl.obj
 0002:00009730       __sehtable$_vprintf_helper 1004d730     LIBCMT:vprintf.obj
 0002:00009750       __sehtable$__freefls@4     1004d750     LIBCMT:tidtable.obj
 0002:00009778       __sehtable$__initptd       1004d778     LIBCMT:tidtable.obj
 0002:000097a0       __sehtable$_doexit         1004d7a0     LIBCMT:crt0dat.obj
 0002:000097c0       __sehtable$__ioinit        1004d7c0     LIBCMT:ioinit.obj
 0002:000097e0       __sehtable$___updatetlocinfo 1004d7e0     LIBCMT:localref.obj
 0002:00009800       __sehtable$___updatetmbcinfo 1004d800     LIBCMT:mbctype.obj
 0002:00009820       __sehtable$__setmbcp       1004d820     LIBCMT:mbctype.obj
 0002:00009840       __sehtable$__mtinitlocknum 1004d840     LIBCMT:mlock.obj
 0002:00009860       __sehtable$___unDName      1004d860     LIBCMT:undname.obj
 0002:00009880       __sehtable$___unDNameEx    1004d880     LIBCMT:undname.obj
 0002:000098a0       __sehtable$__fcloseall     1004d8a0     LIBCMT:closeall.obj
 0002:000098c0       __sehtable$_fflush         1004d8c0     LIBCMT:fflush.obj
 0002:000098e0       __sehtable$_flsall         1004d8e0     LIBCMT:fflush.obj
 0002:00009908       __sehtable$__IsNonwritableInCurrentImage 1004d908     LIBCMT:pesect.obj
 0002:00009928       __sehtable$_signal         1004d928     LIBCMT:winsig.obj
 0002:00009948       __sehtable$_raise          1004d948     LIBCMT:winsig.obj
 0002:00009968       __sehtable$_ctrlevent_capture@4 1004d968     LIBCMT:winsig.obj
 0002:00009988       __sehtable$__onexit        1004d988     LIBCMT:onexit.obj
 0002:000099a8       __sehtable$?terminate@@YAXXZ 1004d9a8     LIBCMT:hooks.obj
 0002:000099c8       __sehtable$?_inconsistency@@YAXXZ 1004d9c8     LIBCMT:hooks.obj
 0002:000099e8       __sehtable$__get_current_locale 1004d9e8     LIBCMT:wsetloca.obj
 0002:00009a10       __sehtable$__free_locale   1004da10     LIBCMT:wsetloca.obj
 0002:00009a38       __sehtable$__wsetlocale    1004da38     LIBCMT:wsetloca.obj
 0002:00009a70       __sehtable$__locterm       1004da70     LIBCMT:wsetloca.obj
 0002:00009a90       __sehtable$_fclose         1004da90     LIBCMT:fclose.obj
 0002:00009ab0       __sehtable$__commit        1004dab0     LIBCMT:commit.obj
 0002:00009ad0       __sehtable$__write         1004dad0     LIBCMT:write.obj
 0002:00009af0       __sehtable$__lseeki64      1004daf0     LIBCMT:lseeki64.obj
 0002:00009b10       __sehtable$__close         1004db10     LIBCMT:close.obj
 0002:00009b30       __sehtable$__alloc_osfhnd  1004db30     LIBCMT:osfinfo.obj
 0002:00009b58       __sehtable$___lock_fhandle 1004db58     LIBCMT:osfinfo.obj
 0002:00009b78       __sehtable$__open_osfhandle 1004db78     LIBCMT:osfinfo.obj
 0002:00009b98       __sehtable$__putwch        1004db98     LIBCMT:putwch.obj
 0002:0000ae70       .edata                     1004ee70     PhysX3Cooking_x86.exp
 0002:0000ae98       rgpv                       1004ee98     PhysX3Cooking_x86.exp
 0002:0000aea0       rgszName                   1004eea0     PhysX3Cooking_x86.exp
 0002:0000aea8       rgwOrd                     1004eea8     PhysX3Cooking_x86.exp
 0002:0000aeac       szName                     1004eeac     PhysX3Cooking_x86.exp
 0002:0000aec2       $N00001                    1004eec2     PhysX3Cooking_x86.exp
 0002:0000aed2       $N00002                    1004eed2     PhysX3Cooking_x86.exp
 0002:0000b07e       .idata$6                   1004f07e     kernel32:KERNEL32.dll
 0003:00000000       _physXCommonDebugx64       10050000     WindowsCookingDelayLoadHook.obj
 0003:00000004       _physXCommonCheckedx64     10050004     WindowsCookingDelayLoadHook.obj
 0003:00000008       _physXCommonProfilex64     10050008     WindowsCookingDelayLoadHook.obj
 0003:0000000c       _physXCommonReleasex64     1005000c     WindowsCookingDelayLoadHook.obj
 0003:00000010       _physXCommonDebugx86       10050010     WindowsCookingDelayLoadHook.obj
 0003:00000014       _physXCommonCheckedx86     10050014     WindowsCookingDelayLoadHook.obj
 0003:00000018       _physXCommonProfilex86     10050018     WindowsCookingDelayLoadHook.obj
 0003:0000001c       _physXCommonReleasex86     1005001c     WindowsCookingDelayLoadHook.obj
 0003:00000020       _physXCommonDebugARM       10050020     WindowsCookingDelayLoadHook.obj
 0003:00000024       _physXCommonCheckedARM     10050024     WindowsCookingDelayLoadHook.obj
 0003:00000028       _physXCommonProfileARM     10050028     WindowsCookingDelayLoadHook.obj
 0003:0000002c       _physXCommonReleaseARM     1005002c     WindowsCookingDelayLoadHook.obj
 0003:000000a4       ?er@?1??neib@Tri@physx@@QAEAAHHH@Z@4HA 100500a4     hulllib.obj
 0003:00000100       ?_names@?1??_get_fname@@9@9 10050100     LIBCMT:fpexcept.obj
 0003:00000210       _over                      10050210     LIBCMT:fpctrl.obj
 0003:0000021c       _under                     1005021c     LIBCMT:fpctrl.obj
 0003:00000228       ?__DAZ_ENABLED@?1??__set_fpsr_sse2@@9@9 10050228     LIBCMT:fpctrl.obj
 0003:000004b8       _errtable                  100504b8     LIBCMT:dosmap.obj
 0003:00000620       _ErrnoNoMem                10050620     LIBCMT:dosmap.obj
 0003:00000624       _DoserrorNoMem             10050624     LIBCMT:dosmap.obj
 0003:00000640       _NAME_                     10050640     LIBCMT:cos.obj
 0003:00000650       _NAME_                     10050650     LIBCMT:sin.obj
 0003:000006a0       ?isPackaged@?1??__crtIsPackagedApp@@9@9 100506a0     LIBCMT:winapisupp.obj
 0003:00000ad0       ___rgctypeflag             10050ad0     LIBCMT:mbctype.obj
 0003:00000ad8       ___rgcode_page_info        10050ad8     LIBCMT:mbctype.obj
 0003:00000e08       __locktable                10050e08     LIBCMT:mlock.obj
 0003:00000f9c       __ctype_loc_style          10050f9c     LIBCMT:wsetloca.obj
 0003:00000fa0       _DoubleFormat              10050fa0     LIBCMT:intrncvt.obj
 0003:00000fb8       _FloatFormat               10050fb8     LIBCMT:intrncvt.obj
 0003:00001800       _gDelayLoadHook            10051800     WindowsCookingDelayLoadHook.obj
 0003:00001810       _minV4Error                10051810     RTreeCooking.obj
 0003:00001820       _maxV4Error                10051820     RTreeCooking.obj
 0003:00001830       _minFError                 10051830     RTreeCooking.obj
 0003:00001840       _minV3Error                10051840     RTreeCooking.obj
 0003:00001850       _maxV3Error                10051850     RTreeCooking.obj
 0003:00001860       _maxFError                 10051860     RTreeCooking.obj
 0003:00001870       _minV4Error                10051870     TriangleMeshBuilder.obj
 0003:00001880       _maxV4Error                10051880     TriangleMeshBuilder.obj
 0003:00001890       _minFError                 10051890     TriangleMeshBuilder.obj
 0003:000018a0       _minV3Error                100518a0     TriangleMeshBuilder.obj
 0003:000018b0       _maxV3Error                100518b0     TriangleMeshBuilder.obj
 0003:000018c0       _maxFError                 100518c0     TriangleMeshBuilder.obj
 0003:000018d0       _minV4Error                100518d0     ConvexMeshBuilder.obj
 0003:000018e0       _maxV4Error                100518e0     ConvexMeshBuilder.obj
 0003:000018f0       _minFError                 100518f0     ConvexMeshBuilder.obj
 0003:00001900       _minV3Error                10051900     ConvexMeshBuilder.obj
 0003:00001910       _maxV3Error                10051910     ConvexMeshBuilder.obj
 0003:00001920       _maxFError                 10051920     ConvexMeshBuilder.obj
 0003:00001944       ___enable_percent_n        10051944     LIBCMT:printf.obj
 0003:00001948       ___proc_attached           10051948     LIBCMT:dllcrt0.obj
 0003:0000195c       ___type_info_root_node     1005195c     LIBCMT:typname.obj
 0003:00001ab0       ?_pgmname@?1??_setargv@@9@9 10051ab0     LIBCMT:stdargv.obj
 0003:00001bd4       _fSystemSet                10051bd4     LIBCMT:mbctype.obj
 0003:00001be0       _lclcritsects              10051be0     LIBCMT:mlock.obj
 0003:00001d58       _heap                      10051d58     LIBCMT:undname.obj
 0003:00001da4       _ctrlc_action              10051da4     LIBCMT:winsig.obj
 0003:00001da8       _ctrlbreak_action          10051da8     LIBCMT:winsig.obj
 0003:00001dac       _abort_action              10051dac     LIBCMT:winsig.obj
 0003:00001db0       _term_action               10051db0     LIBCMT:winsig.obj
 0003:00001db4       _ConsoleCtrlHandler_Installed 10051db4     LIBCMT:winsig.obj
 0003:00001db8       ___crtCallProc             10051db8     LIBCMT:winapinls.obj
 0003:00001dc8       ?outmsg@?9??_NMSG_WRITE@@9@9 10051dc8     LIBCMT:crt0msg.obj
 0003:000023f4       _g_pfnRtlGenRandom         100523f4     LIBCMT:rand_s.obj
 0003:00002408       _GS_ExceptionRecord        10052408     LIBCMT:gs_report.obj
 0003:00002458       _GS_ContextRecord          10052458     LIBCMT:gs_report.obj
 0003:00002724       _DebuggerWasPresent        10052724     LIBCMT:gs_report.obj
 0003:00002730       ?pfnMessageBox@?1??__crtMessageBoxW@@9@9 10052730     LIBCMT:crtmboxw.obj
 0003:00002734       ?pfnGetActiveWindow@?1??__crtMessageBoxW@@9@9 10052734     LIBCMT:crtmboxw.obj
 0003:00002738       ?pfnGetLastActivePopup@?1??__crtMessageBoxW@@9@9 10052738     LIBCMT:crtmboxw.obj
 0003:0000273c       ?pfnGetProcessWindowStation@?1??__crtMessageBoxW@@9@9 1005273c     LIBCMT:crtmboxw.obj
 0003:00002740       ?pfnGetUserObjectInformation@?1??__crtMessageBoxW@@9@9 10052740     LIBCMT:crtmboxw.obj
 0004:000000a0       $R000000                   100540a0     PhysX3Cooking.res
 0004:000003d8       $R000338                   100543d8     PhysX3Cooking.res
