 PhysX3Common_x86

 Timestamp is 5758ce20 (Wed Jun  8 19:02:08 2016)

 Preferred load address is 10000000

 Start         Length     Name                   Class
 0001:00000000 00005390H .text$di                CODE
 0001:00005390 00132120H .text$mn                CODE
 0001:001374b0 0000000bH .text$yd                CODE
 0002:00000000 0000020cH .idata$5                DATA
 0002:0000020c 00000004H .00cfg                  DATA
 0002:00000210 00000004H .CRT$XCA                DATA
 0002:00000214 000009c8H .CRT$XCU                DATA
 0002:00000bdc 00000004H .CRT$XCZ                DATA
 0002:00000be0 00000004H .CRT$XIA                DATA
 0002:00000be4 00000004H .CRT$XIZ                DATA
 0002:00000be8 00000004H .CRT$XPA                DATA
 0002:00000bec 00000004H .CRT$XPZ                DATA
 0002:00000bf0 00000004H .CRT$XTA                DATA
 0002:00000bf4 0000000cH .CRT$XTZ                DATA
 0002:00000c00 00004284H .rdata                  DATA
 0002:00004e84 0000012cH .rdata$r                DATA
 0002:00004fb0 00000008H .rdata$sxdata           DATA
 0002:00004fb8 00000314H .rdata$zzzdbg           DATA
 0002:000052cc 00000004H .rtc$IAA                DATA
 0002:000052d0 00000004H .rtc$IZZ                DATA
 0002:000052d4 00000004H .rtc$TAA                DATA
 0002:000052d8 00000008H .rtc$TZZ                DATA
 0002:000052e0 00000120H .xdata$x                DATA
 0002:00005400 00012c40H .edata                  DATA
 0002:00018040 000000a0H .idata$2                DATA
 0002:000180e0 00000014H .idata$3                DATA
 0002:000180f4 0000020cH .idata$4                DATA
 0002:00018300 00000866H .idata$6                DATA
 0003:00000000 00000bbcH .data                   DATA
 0003:00000bbc 00000344H .data$r                 DATA
 0003:00000f00 00002708H .bss                    DATA
 0004:00000000 0000004cH .gfids$y                DATA
 0005:00000000 000000a0H .rsrc$01                DATA
 0005:000000a0 000004b8H .rsrc$02                DATA

  Address         Publics by Value              Rva+Base       Lib:Object

 0000:00000000       ___dynamic_value_reloc_table 00000000     <absolute>
 0000:00000000       ___guard_fids_count        00000000     <absolute>
 0000:00000000       ___guard_longjmp_count     00000000     <absolute>
 0000:00000000       ___guard_longjmp_table     00000000     <absolute>
 0000:00000000       ___guard_fids_table        00000000     <absolute>
 0000:00000000       ___guard_iat_count         00000000     <absolute>
 0000:00000000       ___guard_iat_table         00000000     <absolute>
 0000:00000002       ___safe_se_handler_count   00000002     <absolute>
 0000:00000100       ___guard_flags             00000100     <absolute>
 0000:00000000       ___ImageBase               10000000     <linker-defined>
 0001:00005390       ?atomicExchange@shdfnd@physx@@YAHPCHH@Z 10006390 f   PsWindowsAtomic.obj
 0001:000053a0       ?atomicCompareExchange@shdfnd@physx@@YAHPCHHH@Z 100063a0 f   PsWindowsAtomic.obj
 0001:000053c0       ?atomicCompareExchangePointer@shdfnd@physx@@YAPAXPAPCXPAX1@Z 100063c0 f   PsWindowsAtomic.obj
 0001:000053e0       ?atomicIncrement@shdfnd@physx@@YAHPCH@Z 100063e0 f   PsWindowsAtomic.obj
 0001:00005400       ?atomicDecrement@shdfnd@physx@@YAHPCH@Z 10006400 f   PsWindowsAtomic.obj
 0001:00005410       ?atomicAdd@shdfnd@physx@@YAHPCHH@Z 10006410 f   PsWindowsAtomic.obj
 0001:00005440       ?atomicMax@shdfnd@physx@@YAHPCHH@Z 10006440 f   PsWindowsAtomic.obj
 0001:00005470       ?getCpuId@Cpu@shdfnd@physx@@SAEXZ 10006470 f   PsWindowsCpu.obj
 0001:000054b0       ??0FPUGuard@shdfnd@physx@@QAE@XZ 100064b0 f   PsWindowsFPU.obj
 0001:000054f0       ??1FPUGuard@shdfnd@physx@@QAE@XZ 100064f0 f   PsWindowsFPU.obj
 0001:00005530       ?enableFPExceptions@shdfnd@physx@@YAXXZ 10006530 f   PsWindowsFPU.obj
 0001:00005550       ?disableFPExceptions@shdfnd@physx@@YAXXZ 10006550 f   PsWindowsFPU.obj
 0001:00005570       ??4FPUGuard@shdfnd@physx@@QAEAAV012@ABV012@@Z 10006570 f i PsWindowsFPU.obj
 0001:00005590       ??0MemoryMappedFile@shdfnd@physx@@QAE@PBDI@Z 10006590 f   PsWindowsMemoryMappedFile.obj
 0001:00005610       ??1MemoryMappedFile@shdfnd@physx@@QAE@XZ 10006610 f   PsWindowsMemoryMappedFile.obj
 0001:00005650       ?getBaseAddress@MemoryMappedFile@shdfnd@physx@@QAEPAXXZ 10006650 f   PsWindowsMemoryMappedFile.obj
 0001:00005660       ??0Allocator@shdfnd@physx@@QAE@PBD@Z 10006660 f i PsWindowsMemoryMappedFile.obj
 0001:00005670       ??0PxFoundation@physx@@QAE@ABV01@@Z 10006670 f i PsWindowsMemoryMappedFile.obj
 0001:00005680       ??0PxFoundation@physx@@QAE@XZ 10006680 f i PsWindowsMemoryMappedFile.obj
 0001:00005690       ??1PxFoundation@physx@@MAE@XZ 10006690 f i PsWindowsMemoryMappedFile.obj
 0001:000056a0       ??4Allocator@shdfnd@physx@@QAEAAV012@$$QAV012@@Z 100066a0 f i PsWindowsMemoryMappedFile.obj
 0001:000056b0       ??4Allocator@shdfnd@physx@@QAEAAV012@ABV012@@Z 100066b0 f i PsWindowsMemoryMappedFile.obj
 0001:000056c0       ??4ErrorHandler@shdfnd@physx@@QAEAAV012@ABV012@@Z 100066c0 f i PsWindowsMemoryMappedFile.obj
 0001:000056e0       ??4MutexImpl@shdfnd@physx@@QAEAAV012@ABV012@@Z 100066e0 f i PsWindowsMemoryMappedFile.obj
 0001:000056f0       ??4PAUtils@shdfnd@physx@@QAEAAV012@ABV012@@Z 100066f0 f i PsWindowsMemoryMappedFile.obj
 0001:00005700       ??4PxFoundation@physx@@QAEAAV01@ABV01@@Z 10006700 f i PsWindowsMemoryMappedFile.obj
 0001:00005710       ??_EPxFoundation@physx@@MAEPAXI@Z 10006710 f i PsWindowsMemoryMappedFile.obj
 0001:00005780       ??_FAllocator@shdfnd@physx@@QAEXXZ 10006780 f i PsWindowsMemoryMappedFile.obj
 0001:00005790       ??_GPxFoundation@physx@@MAEPAXI@Z 10006790 f i PsWindowsMemoryMappedFile.obj
 0001:000057c0       ??_I@YGXPAXIIP6EX0@Z@Z     100067c0 f i PsWindowsMemoryMappedFile.obj
 0001:00005800       ?getAllocator@Foundation@shdfnd@physx@@UBEAAVPxBroadcastingAllocator@3@XZ 10006800 f i PsWindowsMemoryMappedFile.obj
 0001:00005810       ?getCallbackCount@ErrorHandler@shdfnd@physx@@QBEIXZ 10006810 f i PsWindowsMemoryMappedFile.obj
 0001:00005820       ?getCheckedAllocator@Foundation@shdfnd@physx@@QAEAAVPxAllocatorCallback@3@XZ 10006820 f i PsWindowsMemoryMappedFile.obj
 0001:00005830       ?getErrorCallback@ErrorHandler@shdfnd@physx@@QBEPAVPxErrorCallback@3@H@Z 10006830 f i PsWindowsMemoryMappedFile.obj
 0001:00005840       ?getErrorHandler@Foundation@shdfnd@physx@@QAEAAVErrorHandler@23@XZ 10006840 f i PsWindowsMemoryMappedFile.obj
 0001:00005850       ?getErrorMutex@Foundation@shdfnd@physx@@QAEAAV?$MutexT@V?$ReflectionAllocator@VMutexImpl@shdfnd@physx@@@shdfnd@physx@@@23@XZ 10006850 f i PsWindowsMemoryMappedFile.obj
 0001:00005860       ?getMaxCallbackNum@ErrorHandler@shdfnd@physx@@QBEIXZ 10006860 f i PsWindowsMemoryMappedFile.obj
 0001:00005870       ?getNamedAllocMap@Foundation@shdfnd@physx@@QAEAAV?$HashMap@PBVNamedAllocator@shdfnd@physx@@PBDU?$Hash@PBVNamedAllocator@shdfnd@physx@@@23@VNonTrackingAllocator@23@@23@XZ 10006870 f i PsWindowsMemoryMappedFile.obj
 0001:00005880       ?getNamedAllocMutex@Foundation@shdfnd@physx@@QAEAAV?$MutexT@V?$ReflectionAllocator@VMutexImpl@shdfnd@physx@@@shdfnd@physx@@@23@XZ 10006880 f i PsWindowsMemoryMappedFile.obj
 0001:00005890       ?getPAUtils@Foundation@shdfnd@physx@@QAEAAVPAUtils@23@XZ 10006890 f i PsWindowsMemoryMappedFile.obj
 0001:000058a0       ?getReportAllocationNames@Foundation@shdfnd@physx@@UBE_NXZ 100068a0 f i PsWindowsMemoryMappedFile.obj
 0001:000058b0       ?getTempAllocFreeTable@Foundation@shdfnd@physx@@QAEAAV?$Array@PATTempAllocatorChunk@shdfnd@physx@@VAllocator@23@@23@XZ 100068b0 f i PsWindowsMemoryMappedFile.obj
 0001:000058c0       ?getTempAllocMutex@Foundation@shdfnd@physx@@QAEAAV?$MutexT@V?$ReflectionAllocator@VMutexImpl@shdfnd@physx@@@shdfnd@physx@@@23@XZ 100068c0 f i PsWindowsMemoryMappedFile.obj
 0001:000058d0       ?setReportAllocationNames@Foundation@shdfnd@physx@@UAEX_N@Z 100068d0 f i PsWindowsMemoryMappedFile.obj
 0001:000058e0       ??0PsModuleUpdateLoader@shdfnd@physx@@QAE@PBD@Z 100068e0 f   PsWindowsModuleUpdateLoader.obj
 0001:00005920       ??1PsModuleUpdateLoader@shdfnd@physx@@QAE@XZ 10006920 f   PsWindowsModuleUpdateLoader.obj
 0001:00005940       ?LoadModule@PsModuleUpdateLoader@shdfnd@physx@@QAEPAUHINSTANCE__@@PBD0@Z 10006940 f   PsWindowsModuleUpdateLoader.obj
 0001:00005970       ??4PsModuleUpdateLoader@shdfnd@physx@@QAEAAV012@ABV012@@Z 10006970 f i PsWindowsModuleUpdateLoader.obj
 0001:00005990       ??0MutexImpl@shdfnd@physx@@QAE@XZ 10006990 f   PsWindowsMutex.obj
 0001:000059b0       ??1MutexImpl@shdfnd@physx@@QAE@XZ 100069b0 f   PsWindowsMutex.obj
 0001:000059c0       ?lock@MutexImpl@shdfnd@physx@@QAEXXZ 100069c0 f   PsWindowsMutex.obj
 0001:000059d0       ?trylock@MutexImpl@shdfnd@physx@@QAE_NXZ 100069d0 f   PsWindowsMutex.obj
 0001:000059e0       ?unlock@MutexImpl@shdfnd@physx@@QAEXXZ 100069e0 f   PsWindowsMutex.obj
 0001:000059f0       ?getSize@MutexImpl@shdfnd@physx@@SAABIXZ 100069f0 f   PsWindowsMutex.obj
 0001:00005a00       ??0ReadWriteLock@shdfnd@physx@@QAE@XZ 10006a00 f   PsWindowsMutex.obj
 0001:00005a40       ??1ReadWriteLock@shdfnd@physx@@QAE@XZ 10006a40 f   PsWindowsMutex.obj
 0001:00005a80       ?lockReader@ReadWriteLock@shdfnd@physx@@QAEXXZ 10006a80 f   PsWindowsMutex.obj
 0001:00005ab0       ?lockWriter@ReadWriteLock@shdfnd@physx@@QAEXXZ 10006ab0 f   PsWindowsMutex.obj
 0001:00005ad0       ?unlockReader@ReadWriteLock@shdfnd@physx@@QAEXXZ 10006ad0 f   PsWindowsMutex.obj
 0001:00005ae0       ?unlockWriter@ReadWriteLock@shdfnd@physx@@QAEXXZ 10006ae0 f   PsWindowsMutex.obj
 0001:00005af0       ??0?$MutexT@V?$ReflectionAllocator@VMutexImpl@shdfnd@physx@@@shdfnd@physx@@@shdfnd@physx@@QAE@ABV?$ReflectionAllocator@VMutexImpl@shdfnd@physx@@@12@@Z 10006af0 f i PsWindowsMutex.obj
 0001:00005b60       ??4ThreadImpl@shdfnd@physx@@QAEAAV012@ABV012@@Z 10006b60 f i PsWindowsMutex.obj
 0001:00005b70       ?__empty_global_delete@@YAXPAX@Z 10006b70 f i PsWindowsMutex.obj
 0001:00005b80       ?__empty_global_delete@@YAXPAXI@Z 10006b80 f i PsWindowsMutex.obj
 0001:00005b90       ??0PAUtils@shdfnd@physx@@QAE@XZ 10006b90 f   PsWindowsPAEventSrc.obj
 0001:00005ba0       ??1PAUtils@shdfnd@physx@@QAE@XZ 10006ba0 f   PsWindowsPAEventSrc.obj
 0001:00005bf0       ?isEnabled@PAUtils@shdfnd@physx@@QAE_NXZ 10006bf0 f   PsWindowsPAEventSrc.obj
 0001:00005c10       ?isEventEnabled@PAUtils@shdfnd@physx@@QAE_NG@Z 10006c10 f   PsWindowsPAEventSrc.obj
 0001:00005c40       ?registerEvent@PAUtils@shdfnd@physx@@QAEGPBD@Z 10006c40 f   PsWindowsPAEventSrc.obj
 0001:00005cd0       ?startEvent@PAUtils@shdfnd@physx@@QAEXGG@Z 10006cd0 f   PsWindowsPAEventSrc.obj
 0001:00005d70       ?stopEvent@PAUtils@shdfnd@physx@@QAEXGG@Z 10006d70 f   PsWindowsPAEventSrc.obj
 0001:00005e10       ?statEvent@PAUtils@shdfnd@physx@@QAEXGI@Z 10006e10 f   PsWindowsPAEventSrc.obj
 0001:00005e50       ?statEvent@PAUtils@shdfnd@physx@@QAEXGII@Z 10006e50 f   PsWindowsPAEventSrc.obj
 0001:00005e80       ?debugEvent@PAUtils@shdfnd@physx@@QAEXGII@Z 10006e80 f   PsWindowsPAEventSrc.obj
 0001:00005eb0       ?rawEvent@PAUtils@shdfnd@physx@@QAEXGIIE@Z 10006eb0 f   PsWindowsPAEventSrc.obj
 0001:00005ee0       ?rawEventWithTimestamp@PAUtils@shdfnd@physx@@QAE_NG_KIIE@Z 10006ee0 f   PsWindowsPAEventSrc.obj
 0001:00005f10       ?lock@PAUtils@shdfnd@physx@@QAE_NXZ 10006f10 f   PsWindowsPAEventSrc.obj
 0001:00005f60       ?unlock@PAUtils@shdfnd@physx@@QAE_NXZ 10006f60 f   PsWindowsPAEventSrc.obj
 0001:00005f80       ??0ConnImpl@shdfnd@physx@@QAE@XZ 10006f80 f   PsWindowsPAEventSrc.obj
 0001:000060e0       ??1ConnImpl@shdfnd@physx@@QAE@XZ 100070e0 f   PsWindowsPAEventSrc.obj
 0001:00006120       ?GetProcID@ConnImpl@shdfnd@physx@@QAEEXZ 10007120 f i PsWindowsPAEventSrc.obj
 0001:00006150       ?printFormatted@shdfnd@physx@@YAXPBDZZ 10007150 f   PsWindowsPrintString.obj
 0001:000061b0       ?printString@shdfnd@physx@@YAXPBD@Z 100071b0 f   PsWindowsPrintString.obj
 0001:000061e0       ??$__vcrt_va_start_verify_argument_type@PBD@@YAXXZ 100071e0 f i PsWindowsPrintString.obj
 0001:000061f0       ___local_stdio_printf_options 100071f0 f i PsWindowsPrintString.obj
 0001:00006200       ??0SListImpl@shdfnd@physx@@QAE@XZ 10007200 f   PsWindowsSList.obj
 0001:00006210       ??1SListImpl@shdfnd@physx@@QAE@XZ 10007210 f   PsWindowsSList.obj
 0001:00006220       ?push@SListImpl@shdfnd@physx@@QAEXPAVSListEntry@23@@Z 10007220 f   PsWindowsSList.obj
 0001:00006240       ?pop@SListImpl@shdfnd@physx@@QAEPAVSListEntry@23@XZ 10007240 f   PsWindowsSList.obj
 0001:00006250       ?flush@SListImpl@shdfnd@physx@@QAEPAVSListEntry@23@XZ 10007250 f   PsWindowsSList.obj
 0001:00006260       ?getSize@SListImpl@shdfnd@physx@@SAABIXZ 10007260 f   PsWindowsSList.obj
 0001:00006270       ??4SListImpl@shdfnd@physx@@QAEAAU012@ABU012@@Z 10007270 f i PsWindowsSList.obj
 0001:00006280       ??0Socket@shdfnd@physx@@QAE@_N@Z 10007280 f   PsWindowsSocket.obj
 0001:000062f0       ??1Socket@shdfnd@physx@@UAE@XZ 100072f0 f   PsWindowsSocket.obj
 0001:00006330       ?connect@Socket@shdfnd@physx@@QAE_NPBDGI@Z 10007330 f   PsWindowsSocket.obj
 0001:00006340       ?listen@Socket@shdfnd@physx@@QAE_NGPAVConnection@123@@Z 10007340 f   PsWindowsSocket.obj
 0001:00006350       ?disconnect@Socket@shdfnd@physx@@QAEXXZ 10007350 f   PsWindowsSocket.obj
 0001:00006360       ?isConnected@Socket@shdfnd@physx@@QBE_NXZ 10007360 f   PsWindowsSocket.obj
 0001:00006370       ?getHost@Socket@shdfnd@physx@@QBEPBDXZ 10007370 f   PsWindowsSocket.obj
 0001:00006380       ?getPort@Socket@shdfnd@physx@@QBEGXZ 10007380 f   PsWindowsSocket.obj
 0001:00006390       ?flush@Socket@shdfnd@physx@@QAE_NXZ 10007390 f   PsWindowsSocket.obj
 0001:000063b0       ?write@Socket@shdfnd@physx@@QAEIPBEI@Z 100073b0 f   PsWindowsSocket.obj
 0001:000063d0       ?read@Socket@shdfnd@physx@@QAEIPAEI@Z 100073d0 f   PsWindowsSocket.obj
 0001:000063f0       ?setBlocking@Socket@shdfnd@physx@@QAEX_N@Z 100073f0 f   PsWindowsSocket.obj
 0001:00006430       ?isBlocking@Socket@shdfnd@physx@@QBE_NXZ 10007430 f   PsWindowsSocket.obj
 0001:00006440       ??0SocketImpl@shdfnd@physx@@QAE@XZ 10007440 f   PsWindowsSocket.obj
 0001:000064b0       ??1SocketImpl@shdfnd@physx@@UAE@XZ 100074b0 f   PsWindowsSocket.obj
 0001:00006500       ?connect@SocketImpl@shdfnd@physx@@QAE_NPBDGI@Z 10007500 f   PsWindowsSocket.obj
 0001:00006710       ?listen@SocketImpl@shdfnd@physx@@QAE_NGPAVConnection@Socket@23@@Z 10007710 f   PsWindowsSocket.obj
 0001:000067e0       ?disconnect@SocketImpl@shdfnd@physx@@QAEXXZ 100077e0 f   PsWindowsSocket.obj
 0001:00006840       ?setBlocking@SocketImpl@shdfnd@physx@@QAEX_N@Z 10007840 f   PsWindowsSocket.obj
 0001:00006870       ?write@SocketImpl@shdfnd@physx@@UAEIPBEI@Z 10007870 f   PsWindowsSocket.obj
 0001:000068d0       ?flush@SocketImpl@shdfnd@physx@@UAE_NXZ 100078d0 f   PsWindowsSocket.obj
 0001:000068e0       ?read@SocketImpl@shdfnd@physx@@QAEIPAEI@Z 100078e0 f   PsWindowsSocket.obj
 0001:00006990       ?execute@SocketImpl@shdfnd@physx@@UAEXXZ 10007990 f   PsWindowsSocket.obj
 0001:000069e0       ??0BufferedSocketImpl@shdfnd@physx@@QAE@XZ 100079e0 f   PsWindowsSocket.obj
 0001:00006a60       ?flush@BufferedSocketImpl@shdfnd@physx@@UAE_NXZ 10007a60 f   PsWindowsSocket.obj
 0001:00006ae0       ?write@BufferedSocketImpl@shdfnd@physx@@UAEIPBEI@Z 10007ae0 f   PsWindowsSocket.obj
 0001:00006b90       ??0?$ThreadT@V?$ReflectionAllocator@VThreadImpl@shdfnd@physx@@@shdfnd@physx@@@shdfnd@physx@@QAE@ABV?$ReflectionAllocator@VThreadImpl@shdfnd@physx@@@12@@Z 10007b90 f i PsWindowsSocket.obj
 0001:00006c10       ??0Socket@shdfnd@physx@@QAE@ABV012@@Z 10007c10 f i PsWindowsSocket.obj
 0001:00006c30       ??1?$ThreadT@V?$ReflectionAllocator@VThreadImpl@shdfnd@physx@@@shdfnd@physx@@@shdfnd@physx@@UAE@XZ 10007c30 f i PsWindowsSocket.obj
 0001:00006c60       ??1BufferedSocketImpl@shdfnd@physx@@UAE@XZ 10007c60 f i PsWindowsSocket.obj
 0001:00006cb0       ??1Runnable@shdfnd@physx@@UAE@XZ 10007cb0 f i PsWindowsSocket.obj
 0001:00006cc0       ??4Socket@shdfnd@physx@@QAEAAV012@ABV012@@Z 10007cc0 f i PsWindowsSocket.obj
 0001:00006ce0       ??_ESocket@shdfnd@physx@@UAEPAXI@Z 10007ce0 f i PsWindowsSocket.obj
 0001:00006e40       ??_FSocket@shdfnd@physx@@QAEXXZ 10007e40 f i PsWindowsSocket.obj
 0001:00006e90       ??_E?$ThreadT@V?$ReflectionAllocator@VThreadImpl@shdfnd@physx@@@shdfnd@physx@@@shdfnd@physx@@UAEPAXI@Z 10007e90 f i PsWindowsSocket.obj
 0001:00006e90       ??_G?$ThreadT@V?$ReflectionAllocator@VThreadImpl@shdfnd@physx@@@shdfnd@physx@@@shdfnd@physx@@UAEPAXI@Z 10007e90 f i PsWindowsSocket.obj
 0001:00006ef0       ??_EBufferedSocketImpl@shdfnd@physx@@UAEPAXI@Z 10007ef0 f i PsWindowsSocket.obj
 0001:00006ef0       ??_GBufferedSocketImpl@shdfnd@physx@@UAEPAXI@Z 10007ef0 f i PsWindowsSocket.obj
 0001:00006f70       ??_GRunnable@shdfnd@physx@@UAEPAXI@Z 10007f70 f i PsWindowsSocket.obj
 0001:00006f70       ??_ERunnable@shdfnd@physx@@UAEPAXI@Z 10007f70 f i PsWindowsSocket.obj
 0001:00006fa0       ??_GSocket@shdfnd@physx@@UAEPAXI@Z 10007fa0 f i PsWindowsSocket.obj
 0001:00007010       ??_GSocketImpl@shdfnd@physx@@UAEPAXI@Z 10008010 f i PsWindowsSocket.obj
 0001:00007010       ??_ESocketImpl@shdfnd@physx@@UAEPAXI@Z 10008010 f i PsWindowsSocket.obj
 0001:00007080       ?__global_array_delete@@YAXPAX@Z 10008080 f i PsWindowsSocket.obj
 0001:00007090       ?__global_array_delete@@YAXPAXI@Z 10008090 f i PsWindowsSocket.obj
 0001:000070a0       ?__global_delete@@YAXPAX@Z 100080a0 f i PsWindowsSocket.obj
 0001:000070b0       ?__global_delete@@YAXPAXI@Z 100080b0 f i PsWindowsSocket.obj
 0001:000070c0       ?execute@?$ThreadT@V?$ReflectionAllocator@VThreadImpl@shdfnd@physx@@@shdfnd@physx@@@shdfnd@physx@@UAEXXZ 100080c0 f i PsWindowsSocket.obj
 0001:000070d0       ?execute@Runnable@shdfnd@physx@@UAEXXZ 100080d0 f i PsWindowsSocket.obj
 0001:000070e0       ??0SyncImpl@shdfnd@physx@@QAE@XZ 100080e0 f   PsWindowsSync.obj
 0001:00007100       ??1SyncImpl@shdfnd@physx@@QAE@XZ 10008100 f   PsWindowsSync.obj
 0001:00007110       ?wait@SyncImpl@shdfnd@physx@@QAE_NI@Z 10008110 f   PsWindowsSync.obj
 0001:00007140       ?set@SyncImpl@shdfnd@physx@@QAEXXZ 10008140 f   PsWindowsSync.obj
 0001:00007150       ?reset@SyncImpl@shdfnd@physx@@QAEXXZ 10008150 f   PsWindowsSync.obj
 0001:00007160       ?getSize@SyncImpl@shdfnd@physx@@SAABIXZ 10008160 f   PsWindowsSync.obj
 0001:00007170       ??4SyncImpl@shdfnd@physx@@QAEAAV012@ABV012@@Z 10008170 f i PsWindowsSync.obj
 0001:00007180       ?getDefaultStackSize@ThreadImpl@shdfnd@physx@@SAIXZ 10008180 f   PsWindowsThread.obj
 0001:00007190       ?getId@ThreadImpl@shdfnd@physx@@SAIXZ 10008190 f   PsWindowsThread.obj
 0001:000071a0       ??0ThreadImpl@shdfnd@physx@@QAE@XZ 100081a0 f   PsWindowsThread.obj
 0001:000071d0       ??0ThreadImpl@shdfnd@physx@@QAE@P6APAXPAX@Z0@Z 100081d0 f   PsWindowsThread.obj
 0001:00007240       ??1ThreadImpl@shdfnd@physx@@QAE@XZ 10008240 f   PsWindowsThread.obj
 0001:00007270       ?start@ThreadImpl@shdfnd@physx@@QAEXIPAVRunnable@23@@Z 10008270 f   PsWindowsThread.obj
 0001:000072e0       ?kill@ThreadImpl@shdfnd@physx@@QAEXXZ 100082e0 f   PsWindowsThread.obj
 0001:00007300       ?signalQuit@ThreadImpl@shdfnd@physx@@QAEXXZ 10008300 f   PsWindowsThread.obj
 0001:00007310       ?waitForQuit@ThreadImpl@shdfnd@physx@@QAE_NXZ 10008310 f   PsWindowsThread.obj
 0001:00007330       ?quitIsSignalled@ThreadImpl@shdfnd@physx@@QAE_NXZ 10008330 f   PsWindowsThread.obj
 0001:00007350       ?quit@ThreadImpl@shdfnd@physx@@QAEXXZ 10008350 f   PsWindowsThread.obj
 0001:00007360       ?setAffinityMask@ThreadImpl@shdfnd@physx@@QAEII@Z 10008360 f   PsWindowsThread.obj
 0001:00007390       ?getPriority@ThreadImpl@shdfnd@physx@@SA?AW4Enum@ThreadPriority@23@I@Z 10008390 f   PsWindowsThread.obj
 0001:000073e0       ?setPriority@ThreadImpl@shdfnd@physx@@QAEXW4Enum@ThreadPriority@23@@Z 100083e0 f   PsWindowsThread.obj
 0001:00007450       ?setName@ThreadImpl@shdfnd@physx@@QAEXPBD@Z 10008450 f   PsWindowsThread.obj
 0001:000074d0       ?sleep@ThreadImpl@shdfnd@physx@@SAXI@Z 100084d0 f   PsWindowsThread.obj
 0001:000074e0       ?yield@ThreadImpl@shdfnd@physx@@SAXXZ 100084e0 f   PsWindowsThread.obj
 0001:000074f0       ?getNbPhysicalCores@ThreadImpl@shdfnd@physx@@SAIXZ 100084f0 f   PsWindowsThread.obj
 0001:000075c0       ?getSize@ThreadImpl@shdfnd@physx@@SAABIXZ 100085c0 f   PsWindowsThread.obj
 0001:000075d0       ?TlsAlloc@shdfnd@physx@@YAIXZ 100085d0 f   PsWindowsThread.obj
 0001:000075e0       ?TlsFree@shdfnd@physx@@YAXI@Z 100085e0 f   PsWindowsThread.obj
 0001:000075f0       ?TlsGet@shdfnd@physx@@YAPAXI@Z 100085f0 f   PsWindowsThread.obj
 0001:00007600       ?TlsSet@shdfnd@physx@@YAIIPAX@Z 10008600 f   PsWindowsThread.obj
 0001:00007650       ?getBootCounterFrequency@Time@shdfnd@physx@@SAABUCounterFrequencyToTensOfNanos@23@XZ 10008650 f   PsWindowsTime.obj
 0001:00007660       ?getCounterFrequency@Time@shdfnd@physx@@SA?AUCounterFrequencyToTensOfNanos@23@XZ 10008660 f   PsWindowsTime.obj
 0001:00007690       ?getCurrentCounterValue@Time@shdfnd@physx@@SA_KXZ 10008690 f   PsWindowsTime.obj
 0001:000076b0       ??0Time@shdfnd@physx@@QAE@XZ 100086b0 f   PsWindowsTime.obj
 0001:000076f0       ?getElapsedSeconds@Time@shdfnd@physx@@QAENXZ 100086f0 f   PsWindowsTime.obj
 0001:00007740       ?peekElapsedSeconds@Time@shdfnd@physx@@QAENXZ 10008740 f   PsWindowsTime.obj
 0001:00007780       ?getLastTime@Time@shdfnd@physx@@QBENXZ 10008780 f   PsWindowsTime.obj
 0001:000077b0       ??4Time@shdfnd@physx@@QAEAAV012@$$QAV012@@Z 100087b0 f i PsWindowsTime.obj
 0001:000077d0       ??4Time@shdfnd@physx@@QAEAAV012@ABV012@@Z 100087d0 f i PsWindowsTime.obj
 0001:000077f0       ?getCurrentTimeInTensOfNanoSeconds@Time@shdfnd@physx@@SA_KXZ 100087f0 f i PsWindowsTime.obj
 0001:00007830       ?allocate@Allocator@shdfnd@physx@@QAEPAXIPBDH@Z 10008830 f   PsAllocator.obj
 0001:00007860       ?deallocate@Allocator@shdfnd@physx@@QAEXPAX@Z 10008860 f   PsAllocator.obj
 0001:00007880       ?PxGetAssertHandler@physx@@YAAAVPxAssertHandler@1@XZ 10008880 f   PsAssert.obj
 0001:00007890       ?PxSetAssertHandler@physx@@YAXAAVPxAssertHandler@1@@Z 10008890 f   PsAssert.obj
 0001:000078a0       ??$__vcrt_va_start_verify_argument_type@QBD@@YAXXZ 100088a0 f i PsAssert.obj
 0001:000078b0       ??1PxAssertHandler@physx@@UAE@XZ 100088b0 f i PsAssert.obj
 0001:00007900       ??_EDefaultAssertHandler@?A0x8c7671c9@@UAEPAXI@Z 10008900 f i PsAssert.obj
 0001:00007900       ??_GDefaultAssertHandler@?A0x8c7671c9@@UAEPAXI@Z 10008900 f i PsAssert.obj
 0001:00007930       ??_EPxAssertHandler@physx@@UAEPAXI@Z 10008930 f i PsAssert.obj
 0001:00007930       ??_GPxAssertHandler@physx@@UAEPAXI@Z 10008930 f i PsAssert.obj
 0001:00007960       _sprintf                   10008960 f i PsAssert.obj
 0001:000079a0       ??0ErrorHandler@shdfnd@physx@@QAE@XZ 100089a0 f   PsErrorHandler.obj
 0001:000079c0       ??1ErrorHandler@shdfnd@physx@@QAE@XZ 100089c0 f   PsErrorHandler.obj
 0001:00007a00       ?reportError@ErrorHandler@shdfnd@physx@@QAEXW4Enum@PxErrorCode@3@PBD1H@Z 10008a00 f   PsErrorHandler.obj
 0001:00007a50       ?registerErrorCallback@ErrorHandler@shdfnd@physx@@QAEHAAVPxErrorCallback@3@@Z 10008a50 f   PsErrorHandler.obj
 0001:00007ac0       ?unRegisterErrorCallback@ErrorHandler@shdfnd@physx@@QAEXAAVPxErrorCallback@3@@Z 10008ac0 f   PsErrorHandler.obj
 0001:00007b20       ?unRegisterErrorCallback@ErrorHandler@shdfnd@physx@@QAEXH@Z 10008b20 f   PsErrorHandler.obj
 0001:00007b70       ?createFastIPC@shdfnd@physx@@YAPAVPxIPC@12@AAW4ErrorCode@312@W4ConnectionType@312@PBDII_N3I@Z 10008b70 f   PsFastIPC.obj
 0001:00007c10       ??0FastIPC@shdfnd@physx@@QAE@AAW4ErrorCode@PxIPC@12@W4ConnectionType@412@PBDII_N3I@Z 10008c10 f i PsFastIPC.obj
 0001:00007fe0       ??0MultiPartPacket@PxRingBuffer@shdfnd@physx@@QAE@W4MessageType@123@PBXIIPAV123@@Z 10008fe0 f i PsFastIPC.obj
 0001:00008050       ??1PxIPC@shdfnd@physx@@MAE@XZ 10009050 f i PsFastIPC.obj
 0001:00008060       ??1PxRingBuffer@shdfnd@physx@@QAE@XZ 10009060 f i PsFastIPC.obj
 0001:000080c0       ??_GFastIPC@shdfnd@physx@@UAEPAXI@Z 100090c0 f i PsFastIPC.obj
 0001:000080c0       ??_EFastIPC@shdfnd@physx@@UAEPAXI@Z 100090c0 f i PsFastIPC.obj
 0001:00008150       ??_GPxIPC@shdfnd@physx@@MAEPAXI@Z 10009150 f i PsFastIPC.obj
 0001:00008150       ??_EPxIPC@shdfnd@physx@@MAEPAXI@Z 10009150 f i PsFastIPC.obj
 0001:00008180       ?canSend@FastIPC@shdfnd@physx@@UAE_NI@Z 10009180 f i PsFastIPC.obj
 0001:000081d0       ?canSend@PxRingBuffer@shdfnd@physx@@QBE?AW4ErrorCode@123@I@Z 100091d0 f i PsFastIPC.obj
 0001:00008260       ?haveConnection@FastIPC@shdfnd@physx@@UBE_NXZ 10009260 f i PsFastIPC.obj
 0001:00008280       ?init@PxRingBuffer@shdfnd@physx@@QAEXPAXI_N1IPAI2@Z 10009280 f i PsFastIPC.obj
 0001:00008310       ?isServer@FastIPC@shdfnd@physx@@UBE_NXZ 10009310 f i PsFastIPC.obj
 0001:00008320       ?process@MultiPartPacket@PxRingBuffer@shdfnd@physx@@QAE?AW4ErrorCode@234@XZ 10009320 f i PsFastIPC.obj
 0001:000083a0       ?pumpPendingSends@FastIPC@shdfnd@physx@@UAE_NXZ 100093a0 f i PsFastIPC.obj
 0001:00008400       ?pumpPendingSends@PxRingBuffer@shdfnd@physx@@QAE_NXZ 10009400 f i PsFastIPC.obj
 0001:00008450       ?receiveAcknowledge@FastIPC@shdfnd@physx@@UAE?AW4ErrorCode@PxIPC@23@XZ 10009450 f i PsFastIPC.obj
 0001:00008470       ?receiveAcknowledge@PxRingBuffer@shdfnd@physx@@QAE?AW4ErrorCode@123@XZ 10009470 f i PsFastIPC.obj
 0001:00008500       ?receiveData@FastIPC@shdfnd@physx@@UAEPBXAAI@Z 10009500 f i PsFastIPC.obj
 0001:00008540       ?receiveData@PxRingBuffer@shdfnd@physx@@QAE?AW4MessageType@123@AAPBXAAI@Z 10009540 f i PsFastIPC.obj
 0001:00008750       ?release@FastIPC@shdfnd@physx@@UAEXXZ 10009750 f i PsFastIPC.obj
 0001:00008760       ?sendData@FastIPC@shdfnd@physx@@UAE?AW4ErrorCode@PxIPC@23@PBXI_N@Z 10009760 f i PsFastIPC.obj
 0001:00008790       ?sendData@PxRingBuffer@shdfnd@physx@@QAE?AW4ErrorCode@123@W4MessageType@123@PBXI_N@Z 10009790 f i PsFastIPC.obj
 0001:000088b0       ?sendHeader@MultiPartPacket@PxRingBuffer@shdfnd@physx@@QAE?AW4ErrorCode@234@XZ 100098b0 f i PsFastIPC.obj
 0001:00008920       ?writeData@PxRingBuffer@shdfnd@physx@@AAEXW4MessageType@123@PBXI@Z 10009920 f i PsFastIPC.obj
 0001:00008a00       ?createFastXml@shdfnd@physx@@YAPAVFastXml@12@PAVCallback@312@@Z 10009a00 f   PsFastXml.obj
 0001:00008b30       ??1FastXml@shdfnd@physx@@MAE@XZ 10009b30 f i PsFastXml.obj
 0001:00008b60       ??_EFastXml@shdfnd@physx@@MAEPAXI@Z 10009b60 f i PsFastXml.obj
 0001:00008b60       ??_GFastXml@shdfnd@physx@@MAEPAXI@Z 10009b60 f i PsFastXml.obj
 0001:00008b90       ??_GMyFastXml@?A0x376bbd1f@@EAEPAXI@Z 10009b90 f i PsFastXml.obj
 0001:00008b90       ??_EMyFastXml@?A0x376bbd1f@@EAEPAXI@Z 10009b90 f i PsFastXml.obj
 0001:00009990       _PxCreateFoundation        1000a990 f   PsFoundation.obj
 0001:000099b0       _PxGetFoundation           1000a9b0 f   PsFoundation.obj
 0001:000099c0       ?getAllocator@shdfnd@physx@@YAAAVPxAllocatorCallback@2@XZ 1000a9c0 f   PsFoundation.obj
 0001:000099d0       ??0Foundation@shdfnd@physx@@AAE@AAVPxErrorCallback@2@AAVPxAllocatorCallback@2@@Z 1000a9d0 f   PsFoundation.obj
 0001:00009ab0       ??1Foundation@shdfnd@physx@@EAE@XZ 1000aab0 f   PsFoundation.obj
 0001:00009bc0       ?release@Foundation@shdfnd@physx@@UAEXXZ 1000abc0 f   PsFoundation.obj
 0001:00009bd0       ?createInstance@Foundation@shdfnd@physx@@SAPAV123@IAAVPxErrorCallback@3@AAVPxAllocatorCallback@3@@Z 1000abd0 f   PsFoundation.obj
 0001:00009cc0       ?destroyInstance@Foundation@shdfnd@physx@@SAXXZ 1000acc0 f   PsFoundation.obj
 0001:00009d20       ?getInstance@Foundation@shdfnd@physx@@SAAAV123@XZ 1000ad20 f   PsFoundation.obj
 0001:00009d30       ?incRefCount@Foundation@shdfnd@physx@@SAXXZ 1000ad30 f   PsFoundation.obj
 0001:00009d60       ?decRefCount@Foundation@shdfnd@physx@@SAXXZ 1000ad60 f   PsFoundation.obj
 0001:00009d90       ?getErrorCallback@Foundation@shdfnd@physx@@UBEAAVPxErrorCallback@3@XZ 1000ad90 f   PsFoundation.obj
 0001:00009da0       ?setErrorLevel@Foundation@shdfnd@physx@@UAEXW4Enum@PxErrorCode@3@@Z 1000ada0 f   PsFoundation.obj
 0001:00009db0       ?getErrorLevel@Foundation@shdfnd@physx@@UBE?AW4Enum@PxErrorCode@3@XZ 1000adb0 f   PsFoundation.obj
 0001:00009dc0       ?getAllocatorCallback@Foundation@shdfnd@physx@@UBEAAVPxAllocatorCallback@3@XZ 1000adc0 f   PsFoundation.obj
 0001:00009dd0       ?error@Foundation@shdfnd@physx@@QAAXW4Enum@PxErrorCode@3@PBDH1ZZ 1000add0 f   PsFoundation.obj
 0001:00009df0       ?errorImpl@Foundation@shdfnd@physx@@QAEXW4Enum@PxErrorCode@3@PBDH1PAD@Z 1000adf0 f   PsFoundation.obj
 0001:00009e60       ?getWarnOnceTimestamp@Foundation@shdfnd@physx@@SAIXZ 1000ae60 f   PsFoundation.obj
 0001:00009e70       ?allocate@AlignCheckAllocator@Foundation@shdfnd@physx@@UAEPAXIPBD0H@Z 1000ae70 f   PsFoundation.obj
 0001:00009f10       ??0TempAllocator@shdfnd@physx@@QAE@PBD@Z 1000af10 f i PsFoundation.obj
 0001:00009f20       ??1PxAllocatorCallback@physx@@UAE@XZ 1000af20 f i PsFoundation.obj
 0001:00009f30       ??1PxBroadcastingAllocator@physx@@MAE@XZ 1000af30 f i PsFoundation.obj
 0001:00009f40       ??4TempAllocator@shdfnd@physx@@QAEAAV012@$$QAV012@@Z 1000af40 f i PsFoundation.obj
 0001:00009f50       ??4TempAllocator@shdfnd@physx@@QAEAAV012@ABV012@@Z 1000af50 f i PsFoundation.obj
 0001:00009f60       ??_EFoundation@shdfnd@physx@@EAEPAXI@Z 1000af60 f i PsFoundation.obj
 0001:00009ff0       ??_FTempAllocator@shdfnd@physx@@QAEXXZ 1000aff0 f i PsFoundation.obj
 0001:0000a000       ??_GAlignCheckAllocator@Foundation@shdfnd@physx@@UAEPAXI@Z 1000b000 f i PsFoundation.obj
 0001:0000a000       ??_EAlignCheckAllocator@Foundation@shdfnd@physx@@UAEPAXI@Z 1000b000 f i PsFoundation.obj
 0001:0000a030       ??_GFoundation@shdfnd@physx@@EAEPAXI@Z 1000b030 f i PsFoundation.obj
 0001:0000a060       ??_EPxAllocatorCallback@physx@@UAEPAXI@Z 1000b060 f i PsFoundation.obj
 0001:0000a060       ??_GPxAllocatorCallback@physx@@UAEPAXI@Z 1000b060 f i PsFoundation.obj
 0001:0000a090       ??_EPxBroadcastingAllocator@physx@@MAEPAXI@Z 1000b090 f i PsFoundation.obj
 0001:0000a090       ??_GPxBroadcastingAllocator@physx@@MAEPAXI@Z 1000b090 f i PsFoundation.obj
 0001:0000a0c0       ?deallocate@AlignCheckAllocator@Foundation@shdfnd@physx@@UAEXPAX@Z 1000b0c0 f i PsFoundation.obj
 0001:0000a110       ?deregisterAllocationListener@AlignCheckAllocator@Foundation@shdfnd@physx@@UAEXAAVPxAllocationListener@4@@Z 1000b110 f i PsFoundation.obj
 0001:0000a150       ?recreate@?$Array@PATTempAllocatorChunk@shdfnd@physx@@VAllocator@23@@shdfnd@physx@@IAEXI@Z 1000b150 f i PsFoundation.obj
 0001:0000a1d0       ?registerAllocationListener@AlignCheckAllocator@Foundation@shdfnd@physx@@UAEXAAVPxAllocationListener@4@@Z 1000b1d0 f i PsFoundation.obj
 0001:0000a1f0       ?reserveInternal@?$HashBase@V?$Pair@QBVNamedAllocator@shdfnd@physx@@PBD@shdfnd@physx@@PBVNamedAllocator@23@U?$Hash@PBVNamedAllocator@shdfnd@physx@@@23@UGetKey@?$HashMapBase@PBVNamedAllocator@shdfnd@physx@@PBDU?$Hash@PBVNamedAllocator@shdfnd@physx@@@23@VNonTrackingAllocator@23@@internal@23@VNonTrackingAllocator@23@$00@internal@shdfnd@physx@@AAEXI@Z 1000b1f0 f i PsFoundation.obj
 0001:0000a380       ?resize@?$Array@PATTempAllocatorChunk@shdfnd@physx@@VAllocator@23@@shdfnd@physx@@QAEXIABQATTempAllocatorChunk@23@@Z 1000b380 f i PsFoundation.obj
 0001:0000a3d0       ?sprintf_s@string@physx@@YAHPADIPBDZZ 1000b3d0 f i PsFoundation.obj
 0001:0000a400       ?computeQuatFromNormal@shdfnd@physx@@YA?AVPxQuat@2@ABVPxVec3@2@@Z 1000b400 f   PsMathUtils.obj
 0001:0000a560       ?optimizeBoundingBox@shdfnd@physx@@YA?AVPxVec3@2@AAVPxMat33@2@@Z 1000b560 f   PsMathUtils.obj
 0001:0000a8f0       ?slerp@shdfnd@physx@@YA?AVPxQuat@2@MABV32@0@Z 1000b8f0 f   PsMathUtils.obj
 0001:0000aa40       ?integrateTransform@shdfnd@physx@@YAXABVPxTransform@2@ABVPxVec3@2@1MAAV32@@Z 1000ba40 f   PsMathUtils.obj
 0001:0000ac70       ?allocate@TempAllocator@shdfnd@physx@@QAEPAXIPBDH@Z 1000bc70 f   PsTempAllocator.obj
 0001:0000ad60       ?deallocate@TempAllocator@shdfnd@physx@@QAEXPAX@Z 1000bd60 f   PsTempAllocator.obj
 0001:0000adf0       ?checkValid@shdfnd@physx@@YA_NABM@Z 1000bdf0 f   PsUtilities.obj
 0001:0000ae20       ?checkValid@shdfnd@physx@@YA_NABVPxVec3@2@@Z 1000be20 f   PsUtilities.obj
 0001:0000ae90       ?checkValid@shdfnd@physx@@YA_NABVPxQuat@2@@Z 1000be90 f   PsUtilities.obj
 0001:0000af20       ?checkValid@shdfnd@physx@@YA_NABVPxMat33@2@@Z 1000bf20 f   PsUtilities.obj
 0001:0000b050       ?checkValid@shdfnd@physx@@YA_NABVPxTransform@2@@Z 1000c050 f   PsUtilities.obj
 0001:0000b0d0       ?checkValid@shdfnd@physx@@YA_NPBD@Z 1000c0d0 f   PsUtilities.obj
 0001:0000b0f0       ?PxCreateCollection@@YAPAVPxCollection@physx@@XZ 1000c0f0 f   CmCollection.obj
 0001:0000b150       ?add@Collection@Cm@physx@@UAEXAAVPxBase@3@_K@Z 1000c150 f   CmCollection.obj
 0001:0000b240       ?remove@Collection@Cm@physx@@UAEXAAVPxBase@3@@Z 1000c240 f   CmCollection.obj
 0001:0000b280       ?contains@Collection@Cm@physx@@UBE_NAAVPxBase@3@@Z 1000c280 f   CmCollection.obj
 0001:0000b2a0       ?addId@Collection@Cm@physx@@UAEXAAVPxBase@3@_K@Z 1000c2a0 f   CmCollection.obj
 0001:0000b350       ?removeId@Collection@Cm@physx@@UAEX_K@Z 1000c350 f   CmCollection.obj
 0001:0000b3c0       ?find@Collection@Cm@physx@@UBEPAVPxBase@3@_K@Z 1000c3c0 f   CmCollection.obj
 0001:0000b3e0       ?add@Collection@Cm@physx@@UAEXAAVPxCollection@3@@Z 1000c3e0 f   CmCollection.obj
 0001:0000b540       ?remove@Collection@Cm@physx@@UAEXAAVPxCollection@3@@Z 1000c540 f   CmCollection.obj
 0001:0000b5a0       ?getNbObjects@Collection@Cm@physx@@UBEIXZ 1000c5a0 f   CmCollection.obj
 0001:0000b5b0       ?getObject@Collection@Cm@physx@@UBEAAVPxBase@3@I@Z 1000c5b0 f   CmCollection.obj
 0001:0000b5d0       ?getObjects@Collection@Cm@physx@@UBEIPAPAVPxBase@3@II@Z 1000c5d0 f   CmCollection.obj
 0001:0000b620       ?getNbIds@Collection@Cm@physx@@UBEIXZ 1000c620 f   CmCollection.obj
 0001:0000b630       ?getId@Collection@Cm@physx@@UBE_KABVPxBase@3@@Z 1000c630 f   CmCollection.obj
 0001:0000b670       ?getIds@Collection@Cm@physx@@UBEIPA_KII@Z 1000c670 f   CmCollection.obj
 0001:0000b710       ??0Collection@Cm@physx@@QAE@XZ 1000c710 f i CmCollection.obj
 0001:0000b7c0       ??0Iter@?$HashBase@V?$Pair@$$CB_KPAVPxBase@physx@@@shdfnd@physx@@_KU?$Hash@_K@23@UGetKey@?$HashMapBase@_KPAVPxBase@physx@@U?$Hash@_K@shdfnd@2@VAllocator@42@@internal@23@VAllocator@23@$00@internal@shdfnd@physx@@QAE@AAV1234@@Z 1000c7c0 f i CmCollection.obj
 0001:0000b820       ??1PxCollection@physx@@MAE@XZ 1000c820 f i CmCollection.obj
 0001:0000b830       ??_ECollection@Cm@physx@@UAEPAXI@Z 1000c830 f i CmCollection.obj
 0001:0000b830       ??_GCollection@Cm@physx@@UAEPAXI@Z 1000c830 f i CmCollection.obj
 0001:0000b890       ??_GPxCollection@physx@@MAEPAXI@Z 1000c890 f i CmCollection.obj
 0001:0000b890       ??_EPxCollection@physx@@MAEPAXI@Z 1000c890 f i CmCollection.obj
 0001:0000b8c0       ?create@?$HashBase@V?$Pair@$$CB_KPAVPxBase@physx@@@shdfnd@physx@@_KU?$Hash@_K@23@UGetKey@?$HashMapBase@_KPAVPxBase@physx@@U?$Hash@_K@shdfnd@2@VAllocator@42@@internal@23@VAllocator@23@$00@internal@shdfnd@physx@@QAEPAV?$Pair@$$CB_KPAVPxBase@physx@@@34@AB_KAA_N@Z 1000c8c0 f i CmCollection.obj
 0001:0000b9c0       ?create@?$HashBase@V?$Pair@QAVPxBase@physx@@_K@shdfnd@physx@@PAVPxBase@3@U?$Hash@PAVPxBase@physx@@@23@UGetKey@?$HashMapBase@PAVPxBase@physx@@_KU?$Hash@PAVPxBase@physx@@@shdfnd@2@VAllocator@42@@internal@23@VAllocator@23@$00@internal@shdfnd@physx@@QAEPAV?$Pair@QAVPxBase@physx@@_K@34@ABQAVPxBase@4@AA_N@Z 1000c9c0 f i CmCollection.obj
 0001:0000bae0       ?erase@?$HashBase@V?$Pair@$$CB_KPAVPxBase@physx@@@shdfnd@physx@@_KU?$Hash@_K@23@UGetKey@?$HashMapBase@_KPAVPxBase@physx@@U?$Hash@_K@shdfnd@2@VAllocator@42@@internal@23@VAllocator@23@$00@internal@shdfnd@physx@@QAE_NAB_K@Z 1000cae0 f i CmCollection.obj
 0001:0000bb90       ?erase@?$HashBase@V?$Pair@QAVPxBase@physx@@_K@shdfnd@physx@@PAVPxBase@3@U?$Hash@PAVPxBase@physx@@@23@UGetKey@?$HashMapBase@PAVPxBase@physx@@_KU?$Hash@PAVPxBase@physx@@@shdfnd@2@VAllocator@42@@internal@23@VAllocator@23@$00@internal@shdfnd@physx@@QAE_NABQAVPxBase@4@@Z 1000cb90 f i CmCollection.obj
 0001:0000bc40       ?find@?$HashBase@V?$Pair@$$CB_KPAVPxBase@physx@@@shdfnd@physx@@_KU?$Hash@_K@23@UGetKey@?$HashMapBase@_KPAVPxBase@physx@@U?$Hash@_K@shdfnd@2@VAllocator@42@@internal@23@VAllocator@23@$00@internal@shdfnd@physx@@QBEPBV?$Pair@$$CB_KPAVPxBase@physx@@@34@AB_K@Z 1000cc40 f i CmCollection.obj
 0001:0000bcc0       ?find@?$HashBase@V?$Pair@QAVPxBase@physx@@_K@shdfnd@physx@@PAVPxBase@3@U?$Hash@PAVPxBase@physx@@@23@UGetKey@?$HashMapBase@PAVPxBase@physx@@_KU?$Hash@PAVPxBase@physx@@@shdfnd@2@VAllocator@42@@internal@23@VAllocator@23@$00@internal@shdfnd@physx@@QBEPBV?$Pair@QAVPxBase@physx@@_K@34@ABQAVPxBase@4@@Z 1000ccc0 f i CmCollection.obj
 0001:0000bd50       ?hash@shdfnd@physx@@YAI_K@Z 1000cd50 f i CmCollection.obj
 0001:0000bde0       ?release@Collection@Cm@physx@@UAEXXZ 1000cde0 f i CmCollection.obj
 0001:0000bdf0       ?replaceWithLast@?$HashBase@V?$Pair@$$CB_KPAVPxBase@physx@@@shdfnd@physx@@_KU?$Hash@_K@23@UGetKey@?$HashMapBase@_KPAVPxBase@physx@@U?$Hash@_K@shdfnd@2@VAllocator@42@@internal@23@VAllocator@23@$00@internal@shdfnd@physx@@AAEXI@Z 1000cdf0 f i CmCollection.obj
 0001:0000be70       ?replaceWithLast@?$HashBase@V?$Pair@QAVPxBase@physx@@_K@shdfnd@physx@@PAVPxBase@3@U?$Hash@PAVPxBase@physx@@@23@UGetKey@?$HashMapBase@PAVPxBase@physx@@_KU?$Hash@PAVPxBase@physx@@@shdfnd@2@VAllocator@42@@internal@23@VAllocator@23@$00@internal@shdfnd@physx@@AAEXI@Z 1000ce70 f i CmCollection.obj
 0001:0000bf10       ?reserveInternal@?$HashBase@V?$Pair@$$CB_KPAVPxBase@physx@@@shdfnd@physx@@_KU?$Hash@_K@23@UGetKey@?$HashMapBase@_KPAVPxBase@physx@@U?$Hash@_K@shdfnd@2@VAllocator@42@@internal@23@VAllocator@23@$00@internal@shdfnd@physx@@AAEXI@Z 1000cf10 f i CmCollection.obj
 0001:0000c100       ?reserveInternal@?$HashBase@V?$Pair@QAVPxBase@physx@@_K@shdfnd@physx@@PAVPxBase@3@U?$Hash@PAVPxBase@physx@@@23@UGetKey@?$HashMapBase@PAVPxBase@physx@@_KU?$Hash@PAVPxBase@physx@@@shdfnd@2@VAllocator@42@@internal@23@VAllocator@23@$00@internal@shdfnd@physx@@AAEXI@Z 1000d100 f i CmCollection.obj
 0001:0000c280       ?getProfileNames@CmEventNameProvider@Cm@physx@@UBE?AUPxProfileNames@3@XZ 1000d280 f   CmEventProfiler.obj
 0001:0000c2a0       ?enableNVTXSupport@Cm@physx@@YAX_N@Z 1000d2a0 f   CmEventProfiler.obj
 0001:0000c2b0       ?isNVTXSupportEnabled@Cm@physx@@YA_NXZ 1000d2b0 f   CmEventProfiler.obj
 0001:0000c2c0       ?GetMBPPostUpdate@BroadPhase@ProfileEventId@Cm@physx@@SAABUPxProfileEventId@4@XZ 1000d2c0 f i CmEventProfiler.obj
 0001:0000c2d0       ?GetMBPPostUpdateSPU@BroadPhase@ProfileEventId@Cm@physx@@SAABUPxProfileEventId@4@XZ 1000d2d0 f i CmEventProfiler.obj
 0001:0000c2e0       ?GetMBPUpdate@BroadPhase@ProfileEventId@Cm@physx@@SAABUPxProfileEventId@4@XZ 1000d2e0 f i CmEventProfiler.obj
 0001:0000c2f0       ?GetMBPUpdateSPU@BroadPhase@ProfileEventId@Cm@physx@@SAABUPxProfileEventId@4@XZ 1000d2f0 f i CmEventProfiler.obj
 0001:0000c300       ?GetSapPostUpdate@BroadPhase@ProfileEventId@Cm@physx@@SAABUPxProfileEventId@4@XZ 1000d300 f i CmEventProfiler.obj
 0001:0000c310       ?GetSapPostUpdateSPU@BroadPhase@ProfileEventId@Cm@physx@@SAABUPxProfileEventId@4@XZ 1000d310 f i CmEventProfiler.obj
 0001:0000c320       ?GetSapUpdate@BroadPhase@ProfileEventId@Cm@physx@@SAABUPxProfileEventId@4@XZ 1000d320 f i CmEventProfiler.obj
 0001:0000c330       ?GetSapUpdateSPU@BroadPhase@ProfileEventId@Cm@physx@@SAABUPxProfileEventId@4@XZ 1000d330 f i CmEventProfiler.obj
 0001:0000c340       ?GetaddActor@API@ProfileEventId@Cm@physx@@SAABUPxProfileEventId@4@XZ 1000d340 f i CmEventProfiler.obj
 0001:0000c350       ?GetaddActorToSim@API@ProfileEventId@Cm@physx@@SAABUPxProfileEventId@4@XZ 1000d350 f i CmEventProfiler.obj
 0001:0000c360       ?GetaddActors@API@ProfileEventId@Cm@physx@@SAABUPxProfileEventId@4@XZ 1000d360 f i CmEventProfiler.obj
 0001:0000c370       ?GetaddAggregate@API@ProfileEventId@Cm@physx@@SAABUPxProfileEventId@4@XZ 1000d370 f i CmEventProfiler.obj
 0001:0000c380       ?GetaddArticulation@API@ProfileEventId@Cm@physx@@SAABUPxProfileEventId@4@XZ 1000d380 f i CmEventProfiler.obj
 0001:0000c390       ?GetaddCloth@API@ProfileEventId@Cm@physx@@SAABUPxProfileEventId@4@XZ 1000d390 f i CmEventProfiler.obj
 0001:0000c3a0       ?GetaddCollection@API@ProfileEventId@Cm@physx@@SAABUPxProfileEventId@4@XZ 1000d3a0 f i CmEventProfiler.obj
 0001:0000c3b0       ?GetaddParticleFluid@API@ProfileEventId@Cm@physx@@SAABUPxProfileEventId@4@XZ 1000d3b0 f i CmEventProfiler.obj
 0001:0000c3c0       ?GetaddParticleSystem@API@ProfileEventId@Cm@physx@@SAABUPxProfileEventId@4@XZ 1000d3c0 f i CmEventProfiler.obj
 0001:0000c3d0       ?GetaddShapesToSQ@API@ProfileEventId@Cm@physx@@SAABUPxProfileEventId@4@XZ 1000d3d0 f i CmEventProfiler.obj
 0001:0000c3e0       ?GetaddShapesToSim@API@ProfileEventId@Cm@physx@@SAABUPxProfileEventId@4@XZ 1000d3e0 f i CmEventProfiler.obj
 0001:0000c3f0       ?GetapplyExternalImpulses@Articulations@ProfileEventId@Cm@physx@@SAABUPxProfileEventId@4@XZ 1000d3f0 f i CmEventProfiler.obj
 0001:0000c400       ?GetapplyJointDrives@Articulations@ProfileEventId@Cm@physx@@SAABUPxProfileEventId@4@XZ 1000d400 f i CmEventProfiler.obj
 0001:0000c410       ?GetbroadPhase@Basic@ProfileEventId@Cm@physx@@SAABUPxProfileEventId@4@XZ 1000d410 f i CmEventProfiler.obj
 0001:0000c420       ?GetbrokenEdgeIslands@IslandGen@ProfileEventId@Cm@physx@@SAABUPxProfileEventId@4@XZ 1000d420 f i CmEventProfiler.obj
 0001:0000c430       ?GetbuildActiveTransforms@Sim@ProfileEventId@Cm@physx@@SAABUPxProfileEventId@4@XZ 1000d430 f i CmEventProfiler.obj
 0001:0000c440       ?GetccdBroadPhase@Sim@ProfileEventId@Cm@physx@@SAABUPxProfileEventId@4@XZ 1000d440 f i CmEventProfiler.obj
 0001:0000c450       ?GetccdBroadPhaseComplete@Sim@ProfileEventId@Cm@physx@@SAABUPxProfileEventId@4@XZ 1000d450 f i CmEventProfiler.obj
 0001:0000c460       ?GetccdIsland@Sim@ProfileEventId@Cm@physx@@SAABUPxProfileEventId@4@XZ 1000d460 f i CmEventProfiler.obj
 0001:0000c470       ?GetccdPair@Sim@ProfileEventId@Cm@physx@@SAABUPxProfileEventId@4@XZ 1000d470 f i CmEventProfiler.obj
 0001:0000c480       ?GetccdSweep@Sim@ProfileEventId@Cm@physx@@SAABUPxProfileEventId@4@XZ 1000d480 f i CmEventProfiler.obj
 0001:0000c490       ?GetccdSweepMerge@Sim@ProfileEventId@Cm@physx@@SAABUPxProfileEventId@4@XZ 1000d490 f i CmEventProfiler.obj
 0001:0000c4a0       ?GetcheckCollision@Basic@ProfileEventId@Cm@physx@@SAABUPxProfileEventId@4@XZ 1000d4a0 f i CmEventProfiler.obj
 0001:0000c4b0       ?GetcheckConstraintBreakage@Sim@ProfileEventId@Cm@physx@@SAABUPxProfileEventId@4@XZ 1000d4b0 f i CmEventProfiler.obj
 0001:0000c4c0       ?GetcheckResults@Basic@ProfileEventId@Cm@physx@@SAABUPxProfileEventId@4@XZ 1000d4c0 f i CmEventProfiler.obj
 0001:0000c4d0       ?GetcleanupEdgeEvents@IslandGen@ProfileEventId@Cm@physx@@SAABUPxProfileEventId@4@XZ 1000d4d0 f i CmEventProfiler.obj
 0001:0000c4e0       ?GetcollideQueueTasks@Sim@ProfileEventId@Cm@physx@@SAABUPxProfileEventId@4@XZ 1000d4e0 f i CmEventProfiler.obj
 0001:0000c4f0       ?Getcollision@Basic@ProfileEventId@Cm@physx@@SAABUPxProfileEventId@4@XZ 1000d4f0 f i CmEventProfiler.obj
 0001:0000c500       ?GetcomputeAABBUpdateLists@BroadPhase@ProfileEventId@Cm@physx@@SAABUPxProfileEventId@4@XZ 1000d500 f i CmEventProfiler.obj
 0001:0000c510       ?GetcomputeAggAggShapePairs@BroadPhase@ProfileEventId@Cm@physx@@SAABUPxProfileEventId@4@XZ 1000d510 f i CmEventProfiler.obj
 0001:0000c520       ?GetcomputeJointDrives@Articulations@ProfileEventId@Cm@physx@@SAABUPxProfileEventId@4@XZ 1000d520 f i CmEventProfiler.obj
 0001:0000c530       ?GetcorrelatePatches@Dynamics@ProfileEventId@Cm@physx@@SAABUPxProfileEventId@4@XZ 1000d530 f i CmEventProfiler.obj
 0001:0000c540       ?GetcreateBatchQuery@API@ProfileEventId@Cm@physx@@SAABUPxProfileEventId@4@XZ 1000d540 f i CmEventProfiler.obj
 0001:0000c550       ?GetcreateContactPatches@Dynamics@ProfileEventId@Cm@physx@@SAABUPxProfileEventId@4@XZ 1000d550 f i CmEventProfiler.obj
 0001:0000c560       ?GetcreateFinalize@Dynamics@ProfileEventId@Cm@physx@@SAABUPxProfileEventId@4@XZ 1000d560 f i CmEventProfiler.obj
 0001:0000c570       ?GetcreatePVDInstance@PVD@ProfileEventId@Cm@physx@@SAABUPxProfileEventId@4@XZ 1000d570 f i CmEventProfiler.obj
 0001:0000c580       ?GetcreatedNodes@IslandGen@ProfileEventId@Cm@physx@@SAABUPxProfileEventId@4@XZ 1000d580 f i CmEventProfiler.obj
 0001:0000c590       ?GetdeletedNodesEdges@IslandGen@ProfileEventId@Cm@physx@@SAABUPxProfileEventId@4@XZ 1000d590 f i CmEventProfiler.obj
 0001:0000c5a0       ?GetduplicateKinematicNodes@IslandGen@ProfileEventId@Cm@physx@@SAABUPxProfileEventId@4@XZ 1000d5a0 f i CmEventProfiler.obj
 0001:0000c5b0       ?Getdynamics@Basic@ProfileEventId@Cm@physx@@SAABUPxProfileEventId@4@XZ 1000d5b0 f i CmEventProfiler.obj
 0001:0000c5c0       ?GetemptyIslands@IslandGen@ProfileEventId@Cm@physx@@SAABUPxProfileEventId@4@XZ 1000d5c0 f i CmEventProfiler.obj
 0001:0000c5d0       ?GetendStep@ParticleSim@ProfileEventId@Cm@physx@@SAABUPxProfileEventId@4@XZ 1000d5d0 f i CmEventProfiler.obj
 0001:0000c5e0       ?Getexecute@BatchedSceneQuery@ProfileEventId@Cm@physx@@SAABUPxProfileEventId@4@XZ 1000d5e0 f i CmEventProfiler.obj
 0001:0000c5f0       ?GetfetchResults@Basic@ProfileEventId@Cm@physx@@SAABUPxProfileEventId@4@XZ 1000d5f0 f i CmEventProfiler.obj
 0001:0000c600       ?GetfetchResults@Sim@ProfileEventId@Cm@physx@@SAABUPxProfileEventId@4@XZ 1000d600 f i CmEventProfiler.obj
 0001:0000c610       ?GetfindAndReplaceWithLast@API@ProfileEventId@Cm@physx@@SAABUPxProfileEventId@4@XZ 1000d610 f i CmEventProfiler.obj
 0001:0000c620       ?GetfinishModifiablePairs@Sim@ProfileEventId@Cm@physx@@SAABUPxProfileEventId@4@XZ 1000d620 f i CmEventProfiler.obj
 0001:0000c630       ?GetfireCallBacksPostSync@Sim@ProfileEventId@Cm@physx@@SAABUPxProfileEventId@4@XZ 1000d630 f i CmEventProfiler.obj
 0001:0000c640       ?GetfireCallBacksPreSync@Sim@ProfileEventId@Cm@physx@@SAABUPxProfileEventId@4@XZ 1000d640 f i CmEventProfiler.obj
 0001:0000c650       ?GetfireCustomFilteringCallbacks@Sim@ProfileEventId@Cm@physx@@SAABUPxProfileEventId@4@XZ 1000d650 f i CmEventProfiler.obj
 0001:0000c660       ?GetflushQueryUpdates@API@ProfileEventId@Cm@physx@@SAABUPxProfileEventId@4@XZ 1000d660 f i CmEventProfiler.obj
 0001:0000c670       ?GetflushSimulation@API@ProfileEventId@Cm@physx@@SAABUPxProfileEventId@4@XZ 1000d670 f i CmEventProfiler.obj
 0001:0000c680       ?GetflushUpdates@SceneQuery@ProfileEventId@Cm@physx@@SAABUPxProfileEventId@4@XZ 1000d680 f i CmEventProfiler.obj
 0001:0000c690       ?GetforceDynamicTreeRebuild@API@ProfileEventId@Cm@physx@@SAABUPxProfileEventId@4@XZ 1000d690 f i CmEventProfiler.obj
 0001:0000c6a0       ?GetfreeBuffers@IslandGen@ProfileEventId@Cm@physx@@SAABUPxProfileEventId@4@XZ 1000d6a0 f i CmEventProfiler.obj
 0001:0000c6b0       ?GetgetFrictionPatch@Dynamics@ProfileEventId@Cm@physx@@SAABUPxProfileEventId@4@XZ 1000d6b0 f i CmEventProfiler.obj
 0001:0000c6c0       ?GetgetSimEvents@Sim@ProfileEventId@Cm@physx@@SAABUPxProfileEventId@4@XZ 1000d6c0 f i CmEventProfiler.obj
 0001:0000c6d0       ?GetgrowPatches@Dynamics@ProfileEventId@Cm@physx@@SAABUPxProfileEventId@4@XZ 1000d6d0 f i CmEventProfiler.obj
 0001:0000c6e0       ?Getintegrate@Articulations@ProfileEventId@Cm@physx@@SAABUPxProfileEventId@4@XZ 1000d6e0 f i CmEventProfiler.obj
 0001:0000c6f0       ?GetislandGen@Basic@ProfileEventId@Cm@physx@@SAABUPxProfileEventId@4@XZ 1000d6f0 f i CmEventProfiler.obj
 0001:0000c700       ?GetjoinedEdges@IslandGen@ProfileEventId@Cm@physx@@SAABUPxProfileEventId@4@XZ 1000d700 f i CmEventProfiler.obj
 0001:0000c710       ?GetjointLoads@Articulations@ProfileEventId@Cm@physx@@SAABUPxProfileEventId@4@XZ 1000d710 f i CmEventProfiler.obj
 0001:0000c720       ?GetnarrowPhase@Basic@ProfileEventId@Cm@physx@@SAABUPxProfileEventId@4@XZ 1000d720 f i CmEventProfiler.obj
 0001:0000c730       ?GetnarrowPhase@Sim@ProfileEventId@Cm@physx@@SAABUPxProfileEventId@4@XZ 1000d730 f i CmEventProfiler.obj
 0001:0000c740       ?GetnarrowPhaseMerge@Sim@ProfileEventId@Cm@physx@@SAABUPxProfileEventId@4@XZ 1000d740 f i CmEventProfiler.obj
 0001:0000c750       ?GetoriginShift@PVD@ProfileEventId@Cm@physx@@SAABUPxProfileEventId@4@XZ 1000d750 f i CmEventProfiler.obj
 0001:0000c760       ?GetoverlapMultiple@BatchedSceneQuery@ProfileEventId@Cm@physx@@SAABUPxProfileEventId@4@XZ 1000d760 f i CmEventProfiler.obj
 0001:0000c770       ?GetoverlapMultiple@SceneQuery@ProfileEventId@Cm@physx@@SAABUPxProfileEventId@4@XZ 1000d770 f i CmEventProfiler.obj
 0001:0000c780       ?GetparallelSolve@Dynamics@ProfileEventId@Cm@physx@@SAABUPxProfileEventId@4@XZ 1000d780 f i CmEventProfiler.obj
 0001:0000c790       ?GetpostIslandGenSecondPass@Sim@ProfileEventId@Cm@physx@@SAABUPxProfileEventId@4@XZ 1000d790 f i CmEventProfiler.obj
 0001:0000c7a0       ?GetpreIslandGen@Sim@ProfileEventId@Cm@physx@@SAABUPxProfileEventId@4@XZ 1000d7a0 f i CmEventProfiler.obj
 0001:0000c7b0       ?GetpreIslandGenSecondPass@Sim@ProfileEventId@Cm@physx@@SAABUPxProfileEventId@4@XZ 1000d7b0 f i CmEventProfiler.obj
 0001:0000c7c0       ?GetprepareDataBlock@Articulations@ProfileEventId@Cm@physx@@SAABUPxProfileEventId@4@XZ 1000d7c0 f i CmEventProfiler.obj
 0001:0000c7d0       ?GetprepareFsData@Articulations@ProfileEventId@Cm@physx@@SAABUPxProfileEventId@4@XZ 1000d7d0 f i CmEventProfiler.obj
 0001:0000c7e0       ?GetprocessBPResults@BroadPhase@ProfileEventId@Cm@physx@@SAABUPxProfileEventId@4@XZ 1000d7e0 f i CmEventProfiler.obj
 0001:0000c7f0       ?GetprocessLostOverlaps@Sim@ProfileEventId@Cm@physx@@SAABUPxProfileEventId@4@XZ 1000d7f0 f i CmEventProfiler.obj
 0001:0000c800       ?GetprocessNewOverlaps@Sim@ProfileEventId@Cm@physx@@SAABUPxProfileEventId@4@XZ 1000d800 f i CmEventProfiler.obj
 0001:0000c810       ?GetprocessSleepingIslands@IslandGen@ProfileEventId@Cm@physx@@SAABUPxProfileEventId@4@XZ 1000d810 f i CmEventProfiler.obj
 0001:0000c820       ?GetprocessTriggers@Sim@ProfileEventId@Cm@physx@@SAABUPxProfileEventId@4@XZ 1000d820 f i CmEventProfiler.obj
 0001:0000c830       ?GetprojectConstraints@Sim@ProfileEventId@Cm@physx@@SAABUPxProfileEventId@4@XZ 1000d830 f i CmEventProfiler.obj
 0001:0000c840       ?GetprojectContacts@Sim@ProfileEventId@Cm@physx@@SAABUPxProfileEventId@4@XZ 1000d840 f i CmEventProfiler.obj
 0001:0000c850       ?GetprojectionTreeUpdates@Sim@ProfileEventId@Cm@physx@@SAABUPxProfileEventId@4@XZ 1000d850 f i CmEventProfiler.obj
 0001:0000c860       ?GetpropagateDrivenInertia@Articulations@ProfileEventId@Cm@physx@@SAABUPxProfileEventId@4@XZ 1000d860 f i CmEventProfiler.obj
 0001:0000c870       ?GetpvdFrameStart@Basic@ProfileEventId@Cm@physx@@SAABUPxProfileEventId@4@XZ 1000d870 f i CmEventProfiler.obj
 0001:0000c880       ?GetqueueNarrowPhase@Sim@ProfileEventId@Cm@physx@@SAABUPxProfileEventId@4@XZ 1000d880 f i CmEventProfiler.obj
 0001:0000c890       ?GetraycastAny@BatchedSceneQuery@ProfileEventId@Cm@physx@@SAABUPxProfileEventId@4@XZ 1000d890 f i CmEventProfiler.obj
 0001:0000c8a0       ?GetraycastAny@SceneQuery@ProfileEventId@Cm@physx@@SAABUPxProfileEventId@4@XZ 1000d8a0 f i CmEventProfiler.obj
 0001:0000c8b0       ?GetraycastMultiple@BatchedSceneQuery@ProfileEventId@Cm@physx@@SAABUPxProfileEventId@4@XZ 1000d8b0 f i CmEventProfiler.obj
 0001:0000c8c0       ?GetraycastMultiple@SceneQuery@ProfileEventId@Cm@physx@@SAABUPxProfileEventId@4@XZ 1000d8c0 f i CmEventProfiler.obj
 0001:0000c8d0       ?GetraycastSingle@BatchedSceneQuery@ProfileEventId@Cm@physx@@SAABUPxProfileEventId@4@XZ 1000d8d0 f i CmEventProfiler.obj
 0001:0000c8e0       ?GetraycastSingle@SceneQuery@ProfileEventId@Cm@physx@@SAABUPxProfileEventId@4@XZ 1000d8e0 f i CmEventProfiler.obj
 0001:0000c8f0       ?GetreleaseBatchQuery@API@ProfileEventId@Cm@physx@@SAABUPxProfileEventId@4@XZ 1000d8f0 f i CmEventProfiler.obj
 0001:0000c900       ?GetreleasePVDInstance@PVD@ProfileEventId@Cm@physx@@SAABUPxProfileEventId@4@XZ 1000d900 f i CmEventProfiler.obj
 0001:0000c910       ?GetremoveActor@API@ProfileEventId@Cm@physx@@SAABUPxProfileEventId@4@XZ 1000d910 f i CmEventProfiler.obj
 0001:0000c920       ?GetremoveActorFromSim@API@ProfileEventId@Cm@physx@@SAABUPxProfileEventId@4@XZ 1000d920 f i CmEventProfiler.obj
 0001:0000c930       ?GetremoveActors@API@ProfileEventId@Cm@physx@@SAABUPxProfileEventId@4@XZ 1000d930 f i CmEventProfiler.obj
 0001:0000c940       ?GetremoveAggregate@API@ProfileEventId@Cm@physx@@SAABUPxProfileEventId@4@XZ 1000d940 f i CmEventProfiler.obj
 0001:0000c950       ?GetremoveArticulation@API@ProfileEventId@Cm@physx@@SAABUPxProfileEventId@4@XZ 1000d950 f i CmEventProfiler.obj
 0001:0000c960       ?GetremoveCloth@API@ProfileEventId@Cm@physx@@SAABUPxProfileEventId@4@XZ 1000d960 f i CmEventProfiler.obj
 0001:0000c970       ?GetremoveParticleFluid@API@ProfileEventId@Cm@physx@@SAABUPxProfileEventId@4@XZ 1000d970 f i CmEventProfiler.obj
 0001:0000c980       ?GetremoveParticleSystem@API@ProfileEventId@Cm@physx@@SAABUPxProfileEventId@4@XZ 1000d980 f i CmEventProfiler.obj
 0001:0000c990       ?GetremoveShapesFromSQ@API@ProfileEventId@Cm@physx@@SAABUPxProfileEventId@4@XZ 1000d990 f i CmEventProfiler.obj
 0001:0000c9a0       ?GetremoveShapesFromSim@API@ProfileEventId@Cm@physx@@SAABUPxProfileEventId@4@XZ 1000d9a0 f i CmEventProfiler.obj
 0001:0000c9b0       ?GetresetDependencies@Sim@ProfileEventId@Cm@physx@@SAABUPxProfileEventId@4@XZ 1000d9b0 f i CmEventProfiler.obj
 0001:0000c9c0       ?GetresizeArrays@IslandGen@ProfileEventId@Cm@physx@@SAABUPxProfileEventId@4@XZ 1000d9c0 f i CmEventProfiler.obj
 0001:0000c9d0       ?GetresizeForKinematics@IslandGen@ProfileEventId@Cm@physx@@SAABUPxProfileEventId@4@XZ 1000d9d0 f i CmEventProfiler.obj
 0001:0000c9e0       ?GetrigidBodySolver@Basic@ProfileEventId@Cm@physx@@SAABUPxProfileEventId@4@XZ 1000d9e0 f i CmEventProfiler.obj
 0001:0000c9f0       ?GetsceneFinalization@Sim@ProfileEventId@Cm@physx@@SAABUPxProfileEventId@4@XZ 1000d9f0 f i CmEventProfiler.obj
 0001:0000ca00       ?GetsceneUpdate@PVD@ProfileEventId@Cm@physx@@SAABUPxProfileEventId@4@XZ 1000da00 f i CmEventProfiler.obj
 0001:0000ca10       ?GetsendPVDArrays@PVD@ProfileEventId@Cm@physx@@SAABUPxProfileEventId@4@XZ 1000da10 f i CmEventProfiler.obj
 0001:0000ca20       ?GetsetupConstraints@Articulations@ProfileEventId@Cm@physx@@SAABUPxProfileEventId@4@XZ 1000da20 f i CmEventProfiler.obj
 0001:0000ca30       ?GetsetupDrives@Articulations@ProfileEventId@Cm@physx@@SAABUPxProfileEventId@4@XZ 1000da30 f i CmEventProfiler.obj
 0001:0000ca40       ?GetsetupFinalize@Dynamics@ProfileEventId@Cm@physx@@SAABUPxProfileEventId@4@XZ 1000da40 f i CmEventProfiler.obj
 0001:0000ca50       ?GetsetupProject@Articulations@ProfileEventId@Cm@physx@@SAABUPxProfileEventId@4@XZ 1000da50 f i CmEventProfiler.obj
 0001:0000ca60       ?GetshapesUpdateProcessing@ParticleSim@ProfileEventId@Cm@physx@@SAABUPxProfileEventId@4@XZ 1000da60 f i CmEventProfiler.obj
 0001:0000ca70       ?GetshiftOrigin@API@ProfileEventId@Cm@physx@@SAABUPxProfileEventId@4@XZ 1000da70 f i CmEventProfiler.obj
 0001:0000ca80       ?GetsimAddShapeToBroadPhase@API@ProfileEventId@Cm@physx@@SAABUPxProfileEventId@4@XZ 1000da80 f i CmEventProfiler.obj
 0001:0000ca90       ?Getsimulate@Basic@ProfileEventId@Cm@physx@@SAABUPxProfileEventId@4@XZ 1000da90 f i CmEventProfiler.obj
 0001:0000caa0       ?GetsolveGroup@Dynamics@ProfileEventId@Cm@physx@@SAABUPxProfileEventId@4@XZ 1000daa0 f i CmEventProfiler.obj
 0001:0000cab0       ?GetsolveQueueTasks@Sim@ProfileEventId@Cm@physx@@SAABUPxProfileEventId@4@XZ 1000dab0 f i CmEventProfiler.obj
 0001:0000cac0       ?Getsolver@Dynamics@ProfileEventId@Cm@physx@@SAABUPxProfileEventId@4@XZ 1000dac0 f i CmEventProfiler.obj
 0001:0000cad0       ?GetsolverMergeResults@Dynamics@ProfileEventId@Cm@physx@@SAABUPxProfileEventId@4@XZ 1000dad0 f i CmEventProfiler.obj
 0001:0000cae0       ?GetsolverQueueTasks@Dynamics@ProfileEventId@Cm@physx@@SAABUPxProfileEventId@4@XZ 1000dae0 f i CmEventProfiler.obj
 0001:0000caf0       ?GetstartStep@ParticleSim@ProfileEventId@Cm@physx@@SAABUPxProfileEventId@4@XZ 1000daf0 f i CmEventProfiler.obj
 0001:0000cb00       ?GetstepSetupCollide@Sim@ProfileEventId@Cm@physx@@SAABUPxProfileEventId@4@XZ 1000db00 f i CmEventProfiler.obj
 0001:0000cb10       ?GetstepSetupSimulate@Sim@ProfileEventId@Cm@physx@@SAABUPxProfileEventId@4@XZ 1000db10 f i CmEventProfiler.obj
 0001:0000cb20       ?GetstepSetupSolve@Sim@ProfileEventId@Cm@physx@@SAABUPxProfileEventId@4@XZ 1000db20 f i CmEventProfiler.obj
 0001:0000cb30       ?GetsweepAny@SceneQuery@ProfileEventId@Cm@physx@@SAABUPxProfileEventId@4@XZ 1000db30 f i CmEventProfiler.obj
 0001:0000cb40       ?GetsweepAnyList@SceneQuery@ProfileEventId@Cm@physx@@SAABUPxProfileEventId@4@XZ 1000db40 f i CmEventProfiler.obj
 0001:0000cb50       ?GetsweepMultiple@BatchedSceneQuery@ProfileEventId@Cm@physx@@SAABUPxProfileEventId@4@XZ 1000db50 f i CmEventProfiler.obj
 0001:0000cb60       ?GetsweepMultiple@SceneQuery@ProfileEventId@Cm@physx@@SAABUPxProfileEventId@4@XZ 1000db60 f i CmEventProfiler.obj
 0001:0000cb70       ?GetsweepMultipleList@SceneQuery@ProfileEventId@Cm@physx@@SAABUPxProfileEventId@4@XZ 1000db70 f i CmEventProfiler.obj
 0001:0000cb80       ?GetsweepSingle@BatchedSceneQuery@ProfileEventId@Cm@physx@@SAABUPxProfileEventId@4@XZ 1000db80 f i CmEventProfiler.obj
 0001:0000cb90       ?GetsweepSingle@SceneQuery@ProfileEventId@Cm@physx@@SAABUPxProfileEventId@4@XZ 1000db90 f i CmEventProfiler.obj
 0001:0000cba0       ?GetsweepSingleList@SceneQuery@ProfileEventId@Cm@physx@@SAABUPxProfileEventId@4@XZ 1000dba0 f i CmEventProfiler.obj
 0001:0000cbb0       ?GetsyncBodiesAfterIntegration@Sim@ProfileEventId@Cm@physx@@SAABUPxProfileEventId@4@XZ 1000dbb0 f i CmEventProfiler.obj
 0001:0000cbc0       ?GetsyncBodiesAfterSolver@Sim@ProfileEventId@Cm@physx@@SAABUPxProfileEventId@4@XZ 1000dbc0 f i CmEventProfiler.obj
 0001:0000cbd0       ?GetsyncState@Sim@ProfileEventId@Cm@physx@@SAABUPxProfileEventId@4@XZ 1000dbd0 f i CmEventProfiler.obj
 0001:0000cbe0       ?GettaskFrameworkSetup@Sim@ProfileEventId@Cm@physx@@SAABUPxProfileEventId@4@XZ 1000dbe0 f i CmEventProfiler.obj
 0001:0000cbf0       ?GetupdateAggAABBs@BroadPhase@ProfileEventId@Cm@physx@@SAABUPxProfileEventId@4@XZ 1000dbf0 f i CmEventProfiler.obj
 0001:0000cc00       ?GetupdateAggLocalSpaceBounds@BroadPhase@ProfileEventId@Cm@physx@@SAABUPxProfileEventId@4@XZ 1000dc00 f i CmEventProfiler.obj
 0001:0000cc10       ?GetupdateBroadphase@BroadPhase@ProfileEventId@Cm@physx@@SAABUPxProfileEventId@4@XZ 1000dc10 f i CmEventProfiler.obj
 0001:0000cc20       ?GetupdateCCDMultiPass@Sim@ProfileEventId@Cm@physx@@SAABUPxProfileEventId@4@XZ 1000dc20 f i CmEventProfiler.obj
 0001:0000cc30       ?GetupdateCCDSinglePass@Sim@ProfileEventId@Cm@physx@@SAABUPxProfileEventId@4@XZ 1000dc30 f i CmEventProfiler.obj
 0001:0000cc40       ?GetupdateCloths@PVD@ProfileEventId@Cm@physx@@SAABUPxProfileEventId@4@XZ 1000dc40 f i CmEventProfiler.obj
 0001:0000cc50       ?GetupdateCollision@ParticleSim@ProfileEventId@Cm@physx@@SAABUPxProfileEventId@4@XZ 1000dc50 f i CmEventProfiler.obj
 0001:0000cc60       ?GetupdateContacts@PVD@ProfileEventId@Cm@physx@@SAABUPxProfileEventId@4@XZ 1000dc60 f i CmEventProfiler.obj
 0001:0000cc70       ?GetupdateDirtyShaders@Sim@ProfileEventId@Cm@physx@@SAABUPxProfileEventId@4@XZ 1000dc70 f i CmEventProfiler.obj
 0001:0000cc80       ?GetupdateDynamicBodies@PVD@ProfileEventId@Cm@physx@@SAABUPxProfileEventId@4@XZ 1000dc80 f i CmEventProfiler.obj
 0001:0000cc90       ?GetupdateForces@Sim@ProfileEventId@Cm@physx@@SAABUPxProfileEventId@4@XZ 1000dc90 f i CmEventProfiler.obj
 0001:0000cca0       ?GetupdateIslands@Sim@ProfileEventId@Cm@physx@@SAABUPxProfileEventId@4@XZ 1000dca0 f i CmEventProfiler.obj
 0001:0000ccb0       ?GetupdateIslandsSecondPass@Sim@ProfileEventId@Cm@physx@@SAABUPxProfileEventId@4@XZ 1000dcb0 f i CmEventProfiler.obj
 0001:0000ccc0       ?GetupdateJoints@PVD@ProfileEventId@Cm@physx@@SAABUPxProfileEventId@4@XZ 1000dcc0 f i CmEventProfiler.obj
 0001:0000ccd0       ?GetupdateKinematics@Dynamics@ProfileEventId@Cm@physx@@SAABUPxProfileEventId@4@XZ 1000dcd0 f i CmEventProfiler.obj
 0001:0000cce0       ?GetupdateLazyAggShapeAABBs@BroadPhase@ProfileEventId@Cm@physx@@SAABUPxProfileEventId@4@XZ 1000dce0 f i CmEventProfiler.obj
 0001:0000ccf0       ?GetupdatePVDProperties@PVD@ProfileEventId@Cm@physx@@SAABUPxProfileEventId@4@XZ 1000dcf0 f i CmEventProfiler.obj
 0001:0000cd00       ?GetupdatePariclesAndFluids@PVD@ProfileEventId@Cm@physx@@SAABUPxProfileEventId@4@XZ 1000dd00 f i CmEventProfiler.obj
 0001:0000cd10       ?GetupdatePositions@Dynamics@ProfileEventId@Cm@physx@@SAABUPxProfileEventId@4@XZ 1000dd10 f i CmEventProfiler.obj
 0001:0000cd20       ?GetupdatePruningTrees@Sim@ProfileEventId@Cm@physx@@SAABUPxProfileEventId@4@XZ 1000dd20 f i CmEventProfiler.obj
 0001:0000cd30       ?GetupdateShapeAABBs@BroadPhase@ProfileEventId@Cm@physx@@SAABUPxProfileEventId@4@XZ 1000dd30 f i CmEventProfiler.obj
 0001:0000cd40       ?GetupdateSleeping@PVD@ProfileEventId@Cm@physx@@SAABUPxProfileEventId@4@XZ 1000dd40 f i CmEventProfiler.obj
 0001:0000cd50       ?GetupdateVelocities@Dynamics@ProfileEventId@Cm@physx@@SAABUPxProfileEventId@4@XZ 1000dd50 f i CmEventProfiler.obj
 0001:0000cd60       ?GetvisualizeEndStep@Sim@ProfileEventId@Cm@physx@@SAABUPxProfileEventId@4@XZ 1000dd60 f i CmEventProfiler.obj
 0001:0000cd70       ?GetvisualizeStartStep@Sim@ProfileEventId@Cm@physx@@SAABUPxProfileEventId@4@XZ 1000dd70 f i CmEventProfiler.obj
 0001:0000cd80       ?dumpFreeListAllocatorState@Cm@physx@@YAXAAVFreeListAllocator@12@@Z 1000dd80 f   CmFreeListAllocator.obj
 0001:0000ce60       ??0FreeListAllocator@Cm@physx@@QAE@AAVPxAllocatorCallback@2@@Z 1000de60 f   CmFreeListAllocator.obj
 0001:0000cef0       ??1FreeListAllocator@Cm@physx@@UAE@XZ 1000def0 f   CmFreeListAllocator.obj
 0001:0000cf70       ?getQWSize@FreeListAllocator@Cm@physx@@SAII@Z 1000df70 f   CmFreeListAllocator.obj
 0001:0000cf90       ?allocate@FreeListAllocator@Cm@physx@@UAEPAXIPBD0H@Z 1000df90 f   CmFreeListAllocator.obj
 0001:0000d010       ?deallocate@FreeListAllocator@Cm@physx@@UAEXPAX@Z 1000e010 f   CmFreeListAllocator.obj
 0001:0000d060       ?findBestFit@FreeListAllocator@Cm@physx@@AAEPAVChunk@23@IAAI@Z 1000e060 f   CmFreeListAllocator.obj
 0001:0000d0e0       ?pushOnFreeList@FreeListAllocator@Cm@physx@@AAEXPAVChunk@23@I@Z 1000e0e0 f   CmFreeListAllocator.obj
 0001:0000d140       ?popFromFreeList@FreeListAllocator@Cm@physx@@AAEPAVChunk@23@I@Z 1000e140 f   CmFreeListAllocator.obj
 0001:0000d1c0       ?unlinkFromFreeList@FreeListAllocator@Cm@physx@@AAEXPAVChunk@23@@Z 1000e1c0 f   CmFreeListAllocator.obj
 0001:0000d240       ?allocChunk@FreeListAllocator@Cm@physx@@AAEPAXI@Z 1000e240 f   CmFreeListAllocator.obj
 0001:0000d330       ?freeChunk@FreeListAllocator@Cm@physx@@AAEXPAVChunk@23@@Z 1000e330 f   CmFreeListAllocator.obj
 0001:0000d4d0       ?directAlloc@FreeListAllocator@Cm@physx@@AAEPAXI@Z 1000e4d0 f   CmFreeListAllocator.obj
 0001:0000d500       ?directFree@FreeListAllocator@Cm@physx@@AAEXPAX@Z 1000e500 f   CmFreeListAllocator.obj
 0001:0000d520       ?createFreeListAllocator@Cm@physx@@YAPAVFreeListAllocator@12@AAVPxAllocatorCallback@2@@Z 1000e520 f   CmFreeListAllocator.obj
 0001:0000d560       ?destroyFreeListAllocator@Cm@physx@@YAXAAVFreeListAllocator@12@@Z 1000e560 f   CmFreeListAllocator.obj
 0001:0000d580       ??$addAddr@VBlock@Cm@physx@@@Cm@physx@@YAPAVBlock@01@PAV201@H@Z 1000e580 f i CmFreeListAllocator.obj
 0001:0000d590       ??$addAddr@VChunk@Cm@physx@@@Cm@physx@@YAPAVChunk@01@PAV201@H@Z 1000e590 f i CmFreeListAllocator.obj
 0001:0000d5a0       ??$addAddr@X@Cm@physx@@YAPAXPAXH@Z 1000e5a0 f i CmFreeListAllocator.obj
 0001:0000d5b0       ??_EFreeListAllocator@Cm@physx@@UAEPAXI@Z 1000e5b0 f i CmFreeListAllocator.obj
 0001:0000d5b0       ??_GFreeListAllocator@Cm@physx@@UAEPAXI@Z 1000e5b0 f i CmFreeListAllocator.obj
 0001:0000d5e0       ?split@Chunk@Cm@physx@@QAEPAV123@I@Z 1000e5e0 f i CmFreeListAllocator.obj
 0001:0000d650       _printf                    1000e650 f i CmFreeListAllocator.obj
 0001:0000d680       ?PxShortestRotation@physx@@YA?AVPxQuat@1@ABVPxVec3@1@0@Z 1000e680 f   CmMathUtils.obj
 0001:0000d800       ?PxTransformFromPlaneEquation@physx@@YA?AVPxTransform@1@ABVPxPlane@1@@Z 1000e800 f   CmMathUtils.obj
 0001:0000d9b0       ?PxTransformFromSegment@physx@@YA?AVPxTransform@1@ABVPxVec3@1@0PAM@Z 1000e9b0 f   CmMathUtils.obj
 0001:0000daf0       ?PxDiagonalize@physx@@YA?AVPxVec3@1@ABVPxMat33@1@AAVPxQuat@1@@Z 1000eaf0 f   CmMathUtils.obj
 0001:0000e2e0       ??0PtrTable@Cm@physx@@QAE@XZ 1000f2e0 f   CmPtrTable.obj
 0001:0000e2f0       ??1PtrTable@Cm@physx@@QAE@XZ 1000f2f0 f   CmPtrTable.obj
 0001:0000e300       ?add@PtrTable@Cm@physx@@QAEXPAXAAVPtrTableStorageManager@23@@Z 1000f300 f   CmPtrTable.obj
 0001:0000e3b0       ?replaceWithLast@PtrTable@Cm@physx@@QAEXIAAVPtrTableStorageManager@23@@Z 1000f3b0 f   CmPtrTable.obj
 0001:0000e480       ?clear@PtrTable@Cm@physx@@QAEXAAVPtrTableStorageManager@23@@Z 1000f480 f   CmPtrTable.obj
 0001:0000e4f0       ?find@PtrTable@Cm@physx@@QBEIPBX@Z 1000f4f0 f   CmPtrTable.obj
 0001:0000e530       ?exportExtraData@PtrTable@Cm@physx@@QAEXAAVPxSerializationContext@3@@Z 1000f530 f   CmPtrTable.obj
 0001:0000e570       ?importExtraData@PtrTable@Cm@physx@@QAEXAAVPxDeserializationContext@3@@Z 1000f570 f   CmPtrTable.obj
 0001:0000e5a0       ?getBinaryMetaData@PtrTable@Cm@physx@@SAXAAVPxOutputStream@3@@Z 1000f5a0 f   CmPtrTable.obj
 0001:0000e750       ?realloc@PtrTable@Cm@physx@@AAEXIIAAVPtrTableStorageManager@23@@Z 1000f750 f   CmPtrTable.obj
 0001:0000e7c0       ??0PtrTable@Cm@physx@@QAE@ABW4PxEMPTY@2@@Z 1000f7c0 f i CmPtrTable.obj
 0001:0000e7e0       ??4PtrTable@Cm@physx@@QAEAAU012@ABU012@@Z 1000f7e0 f i CmPtrTable.obj
 0001:0000e800       ?getCount@PtrTable@Cm@physx@@QBEIXZ 1000f800 f i CmPtrTable.obj
 0001:0000e810       ?getPtrs@PtrTable@Cm@physx@@QAEPAPAXXZ 1000f810 f i CmPtrTable.obj
 0001:0000e820       ?getPtrs@PtrTable@Cm@physx@@QBEPBQAXXZ 1000f820 f i CmPtrTable.obj
 0001:0000e830       ??6RenderOutput@Cm@physx@@QAEAAV012@W4Primitive@012@@Z 1000f830 f   CmRenderOutput.obj
 0001:0000e850       ??6RenderOutput@Cm@physx@@QAEAAV012@I@Z 1000f850 f   CmRenderOutput.obj
 0001:0000e860       ??6RenderOutput@Cm@physx@@QAEAAV012@ABVPxMat44@2@@Z 1000f860 f   CmRenderOutput.obj
 0001:0000e880       ??6RenderOutput@Cm@physx@@QAEAAV012@ABVPxTransform@2@@Z 1000f880 f   CmRenderOutput.obj
 0001:0000e8b0       ??6RenderOutput@Cm@physx@@QAEAAV012@VPxVec3@2@@Z 1000f8b0 f   CmRenderOutput.obj
 0001:0000ec10       ??6RenderOutput@Cm@physx@@QAEAAV012@ABUDebugText@12@@Z 1000fc10 f   CmRenderOutput.obj
 0001:0000ee00       ?outputCapsule@RenderOutput@Cm@physx@@QAEAAV123@MMABVMatrix34@23@@Z 1000fe00 f   CmRenderOutput.obj
 0001:0000fa90       ??0DebugText@Cm@physx@@QAA@ABVPxVec3@2@MPBDZZ 10010a90 f   CmRenderOutput.obj
 0001:0000fb00       ??6Cm@physx@@YAAAVRenderOutput@01@AAV201@ABUDebugBox@01@@Z 10010b00 f   CmRenderOutput.obj
 0001:0000ff50       ??6Cm@physx@@YAAAVRenderOutput@01@AAV201@ABUDebugArrow@01@@Z 10010f50 f   CmRenderOutput.obj
 0001:00010310       ??6Cm@physx@@YAAAVRenderOutput@01@AAV201@ABUDebugBasis@01@@Z 10011310 f   CmRenderOutput.obj
 0001:00010410       ??6Cm@physx@@YAAAVRenderOutput@01@AAV201@ABUDebugCircle@01@@Z 10011410 f   CmRenderOutput.obj
 0001:00010500       ??6Cm@physx@@YAAAVRenderOutput@01@AAV201@ABUDebugArc@01@@Z 10011500 f   CmRenderOutput.obj
 0001:00010600       ??0DebugText@Cm@physx@@QAE@$$QAU012@@Z 10011600 f i CmRenderOutput.obj
 0001:00010650       ??0DebugText@Cm@physx@@QAE@ABU012@@Z 10011650 f i CmRenderOutput.obj
 0001:000106a0       ??0PxDebugLine@physx@@QAE@ABU01@@Z 100116a0 f i CmRenderOutput.obj
 0001:000106e0       ??0PxDebugLine@physx@@QAE@ABVPxVec3@1@0ABI@Z 100116e0 f i CmRenderOutput.obj
 0001:00010730       ??0PxDebugTriangle@physx@@QAE@ABU01@@Z 10011730 f i CmRenderOutput.obj
 0001:00010790       ??0PxDebugTriangle@physx@@QAE@ABVPxVec3@1@00ABI@Z 10011790 f i CmRenderOutput.obj
 0001:000107f0       ??0PxMat44@physx@@QAE@ABV01@@Z 100117f0 f i CmRenderOutput.obj
 0001:00010860       ??0PxMat44@physx@@QAE@ABVPxTransform@1@@Z 10011860 f i CmRenderOutput.obj
 0001:000109f0       ??0PxMat44@physx@@QAE@W4PxIDENTITY@1@@Z 100119f0 f i CmRenderOutput.obj
 0001:00010a70       ??0RenderOutput@Cm@physx@@QAE@AAVRenderBuffer@12@@Z 10011a70 f i CmRenderOutput.obj
 0001:00010ad0       ??0RenderOutput@Cm@physx@@QAE@ABV012@@Z 10011ad0 f i CmRenderOutput.obj
 0001:00010b30       ??4DebugText@Cm@physx@@QAEAAU012@$$QAU012@@Z 10011b30 f i CmRenderOutput.obj
 0001:00010b90       ??4DebugText@Cm@physx@@QAEAAU012@ABU012@@Z 10011b90 f i CmRenderOutput.obj
 0001:00010bf0       ??4PxMat44@physx@@QAEABV01@ABV01@@Z 10011bf0 f i CmRenderOutput.obj
 0001:00010c60       ?allocate@?$Array@UPxDebugLine@physx@@V?$ReflectionAllocator@UPxDebugLine@physx@@@shdfnd@2@@shdfnd@physx@@IAEPAUPxDebugLine@3@I@Z 10011c60 f i CmRenderOutput.obj
 0001:00010cd0       ?allocate@?$Array@UPxDebugPoint@physx@@V?$ReflectionAllocator@UPxDebugPoint@physx@@@shdfnd@2@@shdfnd@physx@@IAEPAUPxDebugPoint@3@I@Z 10011cd0 f i CmRenderOutput.obj
 0001:00010d40       ?allocate@?$Array@UPxDebugText@physx@@V?$ReflectionAllocator@UPxDebugText@physx@@@shdfnd@2@@shdfnd@physx@@IAEPAUPxDebugText@3@I@Z 10011d40 f i CmRenderOutput.obj
 0001:00010db0       ?allocate@?$Array@UPxDebugTriangle@physx@@V?$ReflectionAllocator@UPxDebugTriangle@physx@@@shdfnd@2@@shdfnd@physx@@IAEPAUPxDebugTriangle@3@I@Z 10011db0 f i CmRenderOutput.obj
 0001:00010e20       ?copy@?$Array@UPxDebugLine@physx@@V?$ReflectionAllocator@UPxDebugLine@physx@@@shdfnd@2@@shdfnd@physx@@KAXPAUPxDebugLine@3@0PBU43@@Z 10011e20 f i CmRenderOutput.obj
 0001:00010e90       ?copy@?$Array@UPxDebugPoint@physx@@V?$ReflectionAllocator@UPxDebugPoint@physx@@@shdfnd@2@@shdfnd@physx@@KAXPAUPxDebugPoint@3@0PBU43@@Z 10011e90 f i CmRenderOutput.obj
 0001:00010ee0       ?copy@?$Array@UPxDebugText@physx@@V?$ReflectionAllocator@UPxDebugText@physx@@@shdfnd@2@@shdfnd@physx@@KAXPAUPxDebugText@3@0PBU43@@Z 10011ee0 f i CmRenderOutput.obj
 0001:00010f40       ?copy@?$Array@UPxDebugTriangle@physx@@V?$ReflectionAllocator@UPxDebugTriangle@physx@@@shdfnd@2@@shdfnd@physx@@KAXPAUPxDebugTriangle@3@0PBU43@@Z 10011f40 f i CmRenderOutput.obj
 0001:00010fc0       ?growAndPushBack@?$Array@DV?$ReflectionAllocator@D@shdfnd@physx@@@shdfnd@physx@@IAEAADABD@Z 10011fc0 f i CmRenderOutput.obj
 0001:000110a0       ?growAndPushBack@?$Array@UPxDebugLine@physx@@V?$ReflectionAllocator@UPxDebugLine@physx@@@shdfnd@2@@shdfnd@physx@@IAEAAUPxDebugLine@3@ABU43@@Z 100120a0 f i CmRenderOutput.obj
 0001:00011150       ?growAndPushBack@?$Array@UPxDebugPoint@physx@@V?$ReflectionAllocator@UPxDebugPoint@physx@@@shdfnd@2@@shdfnd@physx@@IAEAAUPxDebugPoint@3@ABU43@@Z 10012150 f i CmRenderOutput.obj
 0001:000111f0       ?growAndPushBack@?$Array@UPxDebugText@physx@@V?$ReflectionAllocator@UPxDebugText@physx@@@shdfnd@2@@shdfnd@physx@@IAEAAUPxDebugText@3@ABU43@@Z 100121f0 f i CmRenderOutput.obj
 0001:000112a0       ?growAndPushBack@?$Array@UPxDebugTriangle@physx@@V?$ReflectionAllocator@UPxDebugTriangle@physx@@@shdfnd@2@@shdfnd@physx@@IAEAAUPxDebugTriangle@3@ABU43@@Z 100122a0 f i CmRenderOutput.obj
 0001:00011370       ?outputSegment@RenderOutput@Cm@physx@@QAEXABVPxVec3@3@0@Z 10012370 f i CmRenderOutput.obj
 0001:00011420       ?recreate@?$Array@DV?$ReflectionAllocator@D@shdfnd@physx@@@shdfnd@physx@@IAEXI@Z 10012420 f i CmRenderOutput.obj
 0001:000114d0       ?recreate@?$Array@UPxDebugLine@physx@@V?$ReflectionAllocator@UPxDebugLine@physx@@@shdfnd@2@@shdfnd@physx@@IAEXI@Z 100124d0 f i CmRenderOutput.obj
 0001:00011530       ?reserveSegments@RenderOutput@Cm@physx@@QAEPAUPxDebugLine@3@I@Z 10012530 f i CmRenderOutput.obj
 0001:00011560       ?resizeUninitialized@?$Array@UPxDebugLine@physx@@V?$ReflectionAllocator@UPxDebugLine@physx@@@shdfnd@2@@shdfnd@physx@@QAEXI@Z 10012560 f i CmRenderOutput.obj
 0001:00011590       ?visualizeJointFrames@Cm@physx@@YAXAAVRenderOutput@12@MABVPxTransform@2@1@Z 10012590 f   CmVisualization.obj
 0001:00011630       ?visualizeLinearLimit@Cm@physx@@YAXAAVRenderOutput@12@MABVPxTransform@2@1M_N@Z 10012630 f   CmVisualization.obj
 0001:000118a0       ?visualizeAngularLimit@Cm@physx@@YAXAAVRenderOutput@12@MABVPxTransform@2@MM_N@Z 100128a0 f   CmVisualization.obj
 0001:00011a40       ?visualizeLimitCone@Cm@physx@@YAXAAVRenderOutput@12@MABVPxTransform@2@MM_N@Z 10012a40 f   CmVisualization.obj
 0001:00011cc0       ?visualizeDoubleCone@Cm@physx@@YAXAAVRenderOutput@12@MABVPxTransform@2@M_N@Z 10012cc0 f   CmVisualization.obj
 0001:00011f20       ?contactCapsuleMesh@Gu@physx@@YA_NABVGeometryUnion@12@0ABVPxTransform@2@1ABMAAUCache@12@AAVContactBuffer@12@@Z 10012f20 f   GuContactCapsuleMesh.obj
 0001:00012640       ?contactCapsuleHeightfield@Gu@physx@@YA_NABVGeometryUnion@12@0ABVPxTransform@2@1ABMAAUCache@12@AAVContactBuffer@12@@Z 10013640 f   GuContactCapsuleMesh.obj
 0001:00012c90       ??$processTriangleCache@$0BA@@ContactCapsuleMesh@@QAE_NAAU?$TriangleCache@$0BA@@Gu@physx@@@Z 10013c90 f i GuContactCapsuleMesh.obj
 0001:00012f20       ??0Box@Gu@physx@@QAE@ABV012@@Z 10013f20 f i GuContactCapsuleMesh.obj
 0001:00012f90       ??0Box@Gu@physx@@QAE@ABVPxVec3@2@0ABVPxMat33@2@@Z 10013f90 f i GuContactCapsuleMesh.obj
 0001:00013000       ??0Box@Gu@physx@@QAE@XZ    10014000 f i GuContactCapsuleMesh.obj
 0001:00013010       ??0FastVertex2ShapeScaling@Cm@physx@@QAE@XZ 10014010 f i GuContactCapsuleMesh.obj
 0001:00013090       ??0GeometryUnion@Gu@physx@@QAE@ABW4PxEMPTY@2@@Z 10014090 f i GuContactCapsuleMesh.obj
 0001:000130a0       ??0GeometryUnion@Gu@physx@@QAE@XZ 100140a0 f i GuContactCapsuleMesh.obj
 0001:000130b0       ??0HeightFieldData@Gu@physx@@QAE@$$QAU012@@Z 100140b0 f i GuContactCapsuleMesh.obj
 0001:00013140       ??0HeightFieldData@Gu@physx@@QAE@ABU012@@Z 10014140 f i GuContactCapsuleMesh.obj
 0001:000131d0       ??0HeightFieldData@Gu@physx@@QAE@ABW4PxEMPTY@2@@Z 100141d0 f i GuContactCapsuleMesh.obj
 0001:000131e0       ??0HeightFieldData@Gu@physx@@QAE@XZ 100141e0 f i GuContactCapsuleMesh.obj
 0001:000131f0       ??0HeightFieldUtil@Gu@physx@@QAE@ABVPxHeightFieldGeometry@2@@Z 100141f0 f i GuContactCapsuleMesh.obj
 0001:00013230       ??0HeightFieldUtil@Gu@physx@@QAE@ABVPxHeightFieldGeometry@2@ABVHeightField@12@@Z 10014230 f i GuContactCapsuleMesh.obj
 0001:00013270       ??0HeightFieldUtil@Gu@physx@@QAE@XZ 10014270 f i GuContactCapsuleMesh.obj
 0001:00013280       ??0MaterialIndicesStruct@physx@@QAE@ABW4PxEMPTY@1@@Z 10014280 f i GuContactCapsuleMesh.obj
 0001:00013290       ??0MaterialIndicesStruct@physx@@QAE@XZ 10014290 f i GuContactCapsuleMesh.obj
 0001:000132a0       ??0PxQuat@physx@@QAE@ABVPxMat33@1@@Z 100142a0 f i GuContactCapsuleMesh.obj
 0001:000134d0       ??0PxVec3@physx@@QAE@XZ    100144d0 f i GuContactCapsuleMesh.obj
 0001:000134e0       ??0RTree@Gu@physx@@QAE@ABU012@@Z 100144e0 f i GuContactCapsuleMesh.obj
 0001:00013580       ??0RTreeMidphase@Gu@physx@@QAE@ABV012@@Z 10014580 f i GuContactCapsuleMesh.obj
 0001:000135b0       ??0RTreeMidphase@Gu@physx@@QAE@ABW4PxEMPTY@2@@Z 100145b0 f i GuContactCapsuleMesh.obj
 0001:000135e0       ??1?$EntityReport@I@Gu@physx@@UAE@XZ 100145e0 f i GuContactCapsuleMesh.obj
 0001:000135f0       ??1?$MeshHitCallback@UPxRaycastHit@physx@@@Gu@physx@@UAE@XZ 100145f0 f i GuContactCapsuleMesh.obj
 0001:00013600       ??1Box@Gu@physx@@QAE@XZ    10014600 f i GuContactCapsuleMesh.obj
 0001:00013610       ??1MaterialIndicesStruct@physx@@QAE@XZ 10014610 f i GuContactCapsuleMesh.obj
 0001:00013620       ??1PxBase@physx@@MAE@XZ    10014620 f i GuContactCapsuleMesh.obj
 0001:00013630       ??1PxHeightField@physx@@MAE@XZ 10014630 f i GuContactCapsuleMesh.obj
 0001:00013640       ??1PxTriangleMesh@physx@@MAE@XZ 10014640 f i GuContactCapsuleMesh.obj
 0001:00013650       ??1RTree@Gu@physx@@QAE@XZ  10014650 f i GuContactCapsuleMesh.obj
 0001:00013660       ??4Box@Gu@physx@@QAEABV012@ABV012@@Z 10014660 f i GuContactCapsuleMesh.obj
 0001:000136d0       ??4GeometryUnion@Gu@physx@@QAEAAV012@$$QAV012@@Z 100146d0 f i GuContactCapsuleMesh.obj
 0001:00013700       ??4GeometryUnion@Gu@physx@@QAEAAV012@ABV012@@Z 10014700 f i GuContactCapsuleMesh.obj
 0001:00013730       ??4HeightFieldData@Gu@physx@@QAEAAU012@$$QAU012@@Z 10014730 f i GuContactCapsuleMesh.obj
 0001:000137c0       ??4HeightFieldData@Gu@physx@@QAEAAU012@ABU012@@Z 100147c0 f i GuContactCapsuleMesh.obj
 0001:00013850       ??4HeightFieldUtil@Gu@physx@@QAEAAV012@$$QAV012@@Z 10014850 f i GuContactCapsuleMesh.obj
 0001:00013880       ??4HeightFieldUtil@Gu@physx@@QAEAAV012@ABV012@@Z 10014880 f i GuContactCapsuleMesh.obj
 0001:000138a0       ??4MaterialIndicesStruct@physx@@QAEAAU01@ABU01@@Z 100148a0 f i GuContactCapsuleMesh.obj
 0001:000138c0       ??4MeshInterface@Gu@physx@@QAEAAV012@ABV012@@Z 100148c0 f i GuContactCapsuleMesh.obj
 0001:000138e0       ??4RTree@Gu@physx@@QAEAAU012@ABU012@@Z 100148e0 f i GuContactCapsuleMesh.obj
 0001:00013980       ??4RTreeMidphase@Gu@physx@@QAEAAV012@ABV012@@Z 10014980 f i GuContactCapsuleMesh.obj
 0001:000139b0       ??_G?$EntityReport@I@Gu@physx@@UAEPAXI@Z 100149b0 f i GuContactCapsuleMesh.obj
 0001:000139b0       ??_E?$EntityReport@I@Gu@physx@@UAEPAXI@Z 100149b0 f i GuContactCapsuleMesh.obj
 0001:000139e0       ??_G?$MeshHitCallback@UPxRaycastHit@physx@@@Gu@physx@@UAEPAXI@Z 100149e0 f i GuContactCapsuleMesh.obj
 0001:000139e0       ??_E?$MeshHitCallback@UPxRaycastHit@physx@@@Gu@physx@@UAEPAXI@Z 100149e0 f i GuContactCapsuleMesh.obj
 0001:00013a10       ??_ECapsuleHeightfieldContactGenerationCallback@@UAEPAXI@Z 10014a10 f i GuContactCapsuleMesh.obj
 0001:00013a10       ??_GCapsuleHeightfieldContactGenerationCallback@@UAEPAXI@Z 10014a10 f i GuContactCapsuleMesh.obj
 0001:00013a40       ??_EContactCapsuleMeshCallback@@UAEPAXI@Z 10014a40 f i GuContactCapsuleMesh.obj
 0001:00013a40       ??_GContactCapsuleMeshCallback@@UAEPAXI@Z 10014a40 f i GuContactCapsuleMesh.obj
 0001:00013a70       ??_EPxBase@physx@@MAEPAXI@Z 10014a70 f i GuContactCapsuleMesh.obj
 0001:00013a70       ??_GPxBase@physx@@MAEPAXI@Z 10014a70 f i GuContactCapsuleMesh.obj
 0001:00013aa0       ??_H@YGXPAXIIP6EPAX0@Z@Z   10014aa0 f i GuContactCapsuleMesh.obj
 0001:00013ad0       ?GetMeshInterface@RTreeMidphase@Gu@physx@@QBEPBVMeshInterface@23@XZ 10014ad0 f i GuContactCapsuleMesh.obj
 0001:00013ae0       ?GetNbTriangles@MeshInterface@Gu@physx@@QBEIXZ 10014ae0 f i GuContactCapsuleMesh.obj
 0001:00013af0       ?GetNbVertices@MeshInterface@Gu@physx@@QBEIXZ 10014af0 f i GuContactCapsuleMesh.obj
 0001:00013b00       ?GetTriangle@MeshInterface@Gu@physx@@QBEXAAUVertexPointers@23@I@Z 10014b00 f i GuContactCapsuleMesh.obj
 0001:00013b90       ?GetTriangleVerts@MeshInterface@Gu@physx@@SAXIIIIAAVPxVec3@3@00@Z 10014b90 f i GuContactCapsuleMesh.obj
 0001:00013c20       ?GetTriangleVerts@MeshInterface@Gu@physx@@SAXIIIIAAVPxVec3@3@00AAI11@Z 10014c20 f i GuContactCapsuleMesh.obj
 0001:00013cd0       ?GetTris@MeshInterface@Gu@physx@@QBEPBXXZ 10014cd0 f i GuContactCapsuleMesh.obj
 0001:00013ce0       ?GetVerts@MeshInterface@Gu@physx@@QBEPBVPxVec3@3@XZ 10014ce0 f i GuContactCapsuleMesh.obj
 0001:000150e0       ?SetMeshInterface@RTreeMidphase@Gu@physx@@QAEXPBVMeshInterface@23@@Z 100160e0 f i GuContactCapsuleMesh.obj
 0001:000150f0       ?SetNbTriangles@MeshInterface@Gu@physx@@QAEXI@Z 100160f0 f i GuContactCapsuleMesh.obj
 0001:00015100       ?SetNbVertices@MeshInterface@Gu@physx@@QAEXI@Z 10016100 f i GuContactCapsuleMesh.obj
 0001:00015110       ?addTriangle@?$TriangleCache@$0BA@@Gu@physx@@QAEXPBVPxVec3@3@PBIIE@Z 10016110 f i GuContactCapsuleMesh.obj
 0001:000151b0       ?allocate@MaterialIndicesStruct@physx@@QAEXG@Z 100161b0 f i GuContactCapsuleMesh.obj
 0001:000151e0       ?ceilUp@HeightFieldUtil@Gu@physx@@SAMM@Z 100161e0 f i GuContactCapsuleMesh.obj
 0001:00015220       ?clipShapeNormalToVertexVoronoi@HeightFieldUtil@Gu@physx@@QBE_NAAVPxVec3@3@III@Z 10016220 f i GuContactCapsuleMesh.obj
 0001:000155c0       ?computeAABBExtent@Box@Gu@physx@@QBE?AVPxVec3@3@XZ 100165c0 f i GuContactCapsuleMesh.obj
 0001:00015680       ?computeBounds@GeometryUnion@Gu@physx@@QBE?AVPxBounds3@3@ABVPxTransform@3@@Z 10016680 f i GuContactCapsuleMesh.obj
[...]
 0003:000028d0       ?maxFError@_VecMathTests@aos@shdfnd@physx@@3T__m128@@B 101548d0     GuPCMContactCapsuleMesh.obj
 0003:000028e0       ?maxV3Error@_VecMathTests@aos@shdfnd@physx@@3T__m128@@B 101548e0     GuPCMContactConvexCommon.obj
 0003:000028f0       ?minFError@_VecMathTests@aos@shdfnd@physx@@3T__m128@@B 101548f0     GuPCMContactConvexCommon.obj
 0003:00002900       ?maxV4Error@_VecMathTests@aos@shdfnd@physx@@3T__m128@@B 10154900     GuPCMContactConvexCommon.obj
 0003:00002910       ?minV4Error@_VecMathTests@aos@shdfnd@physx@@3T__m128@@B 10154910     GuPCMContactConvexCommon.obj
 0003:00002920       ?minV3Error@_VecMathTests@aos@shdfnd@physx@@3T__m128@@B 10154920     GuPCMContactConvexCommon.obj
 0003:00002930       ?maxFError@_VecMathTests@aos@shdfnd@physx@@3T__m128@@B 10154930     GuPCMContactConvexCommon.obj
 0003:00002940       ?maxV3Error@_VecMathTests@aos@shdfnd@physx@@3T__m128@@B 10154940     GuPCMContactConvexConvex.obj
 0003:00002950       ?minFError@_VecMathTests@aos@shdfnd@physx@@3T__m128@@B 10154950     GuPCMContactConvexConvex.obj
 0003:00002960       ?maxV4Error@_VecMathTests@aos@shdfnd@physx@@3T__m128@@B 10154960     GuPCMContactConvexConvex.obj
 0003:00002970       ?minV4Error@_VecMathTests@aos@shdfnd@physx@@3T__m128@@B 10154970     GuPCMContactConvexConvex.obj
 0003:00002980       ?minV3Error@_VecMathTests@aos@shdfnd@physx@@3T__m128@@B 10154980     GuPCMContactConvexConvex.obj
 0003:00002990       ?maxFError@_VecMathTests@aos@shdfnd@physx@@3T__m128@@B 10154990     GuPCMContactConvexConvex.obj
 0003:000029a0       ?maxV3Error@_VecMathTests@aos@shdfnd@physx@@3T__m128@@B 101549a0     GuPCMContactConvexHeightField.obj
 0003:000029b0       ?minFError@_VecMathTests@aos@shdfnd@physx@@3T__m128@@B 101549b0     GuPCMContactConvexHeightField.obj
 0003:000029c0       ?maxV4Error@_VecMathTests@aos@shdfnd@physx@@3T__m128@@B 101549c0     GuPCMContactConvexHeightField.obj
 0003:000029d0       ?minV4Error@_VecMathTests@aos@shdfnd@physx@@3T__m128@@B 101549d0     GuPCMContactConvexHeightField.obj
 0003:000029e0       ?minV3Error@_VecMathTests@aos@shdfnd@physx@@3T__m128@@B 101549e0     GuPCMContactConvexHeightField.obj
 0003:000029f0       ?maxFError@_VecMathTests@aos@shdfnd@physx@@3T__m128@@B 101549f0     GuPCMContactConvexHeightField.obj
 0003:00002a00       ?maxV3Error@_VecMathTests@aos@shdfnd@physx@@3T__m128@@B 10154a00     GuPCMContactConvexMesh.obj
 0003:00002a10       ?minFError@_VecMathTests@aos@shdfnd@physx@@3T__m128@@B 10154a10     GuPCMContactConvexMesh.obj
 0003:00002a20       ?maxV4Error@_VecMathTests@aos@shdfnd@physx@@3T__m128@@B 10154a20     GuPCMContactConvexMesh.obj
 0003:00002a30       ?minV4Error@_VecMathTests@aos@shdfnd@physx@@3T__m128@@B 10154a30     GuPCMContactConvexMesh.obj
 0003:00002a40       ?minV3Error@_VecMathTests@aos@shdfnd@physx@@3T__m128@@B 10154a40     GuPCMContactConvexMesh.obj
 0003:00002a50       ?maxFError@_VecMathTests@aos@shdfnd@physx@@3T__m128@@B 10154a50     GuPCMContactConvexMesh.obj
 0003:00002a60       ?maxV3Error@_VecMathTests@aos@shdfnd@physx@@3T__m128@@B 10154a60     GuPCMContactGenBoxConvex.obj
 0003:00002a70       ?minFError@_VecMathTests@aos@shdfnd@physx@@3T__m128@@B 10154a70     GuPCMContactGenBoxConvex.obj
 0003:00002a80       ?maxV4Error@_VecMathTests@aos@shdfnd@physx@@3T__m128@@B 10154a80     GuPCMContactGenBoxConvex.obj
 0003:00002a90       ?minV4Error@_VecMathTests@aos@shdfnd@physx@@3T__m128@@B 10154a90     GuPCMContactGenBoxConvex.obj
 0003:00002aa0       ?minV3Error@_VecMathTests@aos@shdfnd@physx@@3T__m128@@B 10154aa0     GuPCMContactGenBoxConvex.obj
 0003:00002ab0       ?maxFError@_VecMathTests@aos@shdfnd@physx@@3T__m128@@B 10154ab0     GuPCMContactGenBoxConvex.obj
 0003:00002ac0       ?maxV3Error@_VecMathTests@aos@shdfnd@physx@@3T__m128@@B 10154ac0     GuPCMContactGenSphereCapsule.obj
 0003:00002ad0       ?minFError@_VecMathTests@aos@shdfnd@physx@@3T__m128@@B 10154ad0     GuPCMContactGenSphereCapsule.obj
 0003:00002ae0       ?maxV4Error@_VecMathTests@aos@shdfnd@physx@@3T__m128@@B 10154ae0     GuPCMContactGenSphereCapsule.obj
 0003:00002af0       ?minV4Error@_VecMathTests@aos@shdfnd@physx@@3T__m128@@B 10154af0     GuPCMContactGenSphereCapsule.obj
 0003:00002b00       ?minV3Error@_VecMathTests@aos@shdfnd@physx@@3T__m128@@B 10154b00     GuPCMContactGenSphereCapsule.obj
 0003:00002b10       ?maxFError@_VecMathTests@aos@shdfnd@physx@@3T__m128@@B 10154b10     GuPCMContactGenSphereCapsule.obj
 0003:00002b20       ?maxV3Error@_VecMathTests@aos@shdfnd@physx@@3T__m128@@B 10154b20     GuPCMContactPlaneBox.obj
 0003:00002b30       ?minFError@_VecMathTests@aos@shdfnd@physx@@3T__m128@@B 10154b30     GuPCMContactPlaneBox.obj
 0003:00002b40       ?maxV4Error@_VecMathTests@aos@shdfnd@physx@@3T__m128@@B 10154b40     GuPCMContactPlaneBox.obj
 0003:00002b50       ?minV4Error@_VecMathTests@aos@shdfnd@physx@@3T__m128@@B 10154b50     GuPCMContactPlaneBox.obj
 0003:00002b60       ?minV3Error@_VecMathTests@aos@shdfnd@physx@@3T__m128@@B 10154b60     GuPCMContactPlaneBox.obj
 0003:00002b70       ?maxFError@_VecMathTests@aos@shdfnd@physx@@3T__m128@@B 10154b70     GuPCMContactPlaneBox.obj
 0003:00002b80       ?maxV3Error@_VecMathTests@aos@shdfnd@physx@@3T__m128@@B 10154b80     GuPCMContactPlaneCapsule.obj
 0003:00002b90       ?minFError@_VecMathTests@aos@shdfnd@physx@@3T__m128@@B 10154b90     GuPCMContactPlaneCapsule.obj
 0003:00002ba0       ?maxV4Error@_VecMathTests@aos@shdfnd@physx@@3T__m128@@B 10154ba0     GuPCMContactPlaneCapsule.obj
 0003:00002bb0       ?minV4Error@_VecMathTests@aos@shdfnd@physx@@3T__m128@@B 10154bb0     GuPCMContactPlaneCapsule.obj
 0003:00002bc0       ?minV3Error@_VecMathTests@aos@shdfnd@physx@@3T__m128@@B 10154bc0     GuPCMContactPlaneCapsule.obj
 0003:00002bd0       ?maxFError@_VecMathTests@aos@shdfnd@physx@@3T__m128@@B 10154bd0     GuPCMContactPlaneCapsule.obj
 0003:00002be0       ?maxV3Error@_VecMathTests@aos@shdfnd@physx@@3T__m128@@B 10154be0     GuPCMContactPlaneConvex.obj
 0003:00002bf0       ?minFError@_VecMathTests@aos@shdfnd@physx@@3T__m128@@B 10154bf0     GuPCMContactPlaneConvex.obj
 0003:00002c00       ?maxV4Error@_VecMathTests@aos@shdfnd@physx@@3T__m128@@B 10154c00     GuPCMContactPlaneConvex.obj
 0003:00002c10       ?minV4Error@_VecMathTests@aos@shdfnd@physx@@3T__m128@@B 10154c10     GuPCMContactPlaneConvex.obj
 0003:00002c20       ?minV3Error@_VecMathTests@aos@shdfnd@physx@@3T__m128@@B 10154c20     GuPCMContactPlaneConvex.obj
 0003:00002c30       ?maxFError@_VecMathTests@aos@shdfnd@physx@@3T__m128@@B 10154c30     GuPCMContactPlaneConvex.obj
 0003:00002c40       ?maxV3Error@_VecMathTests@aos@shdfnd@physx@@3T__m128@@B 10154c40     GuPCMContactSphereConvex.obj
 0003:00002c50       ?minFError@_VecMathTests@aos@shdfnd@physx@@3T__m128@@B 10154c50     GuPCMContactSphereConvex.obj
 0003:00002c60       ?maxV4Error@_VecMathTests@aos@shdfnd@physx@@3T__m128@@B 10154c60     GuPCMContactSphereConvex.obj
 0003:00002c70       ?minV4Error@_VecMathTests@aos@shdfnd@physx@@3T__m128@@B 10154c70     GuPCMContactSphereConvex.obj
 0003:00002c80       ?minV3Error@_VecMathTests@aos@shdfnd@physx@@3T__m128@@B 10154c80     GuPCMContactSphereConvex.obj
 0003:00002c90       ?maxFError@_VecMathTests@aos@shdfnd@physx@@3T__m128@@B 10154c90     GuPCMContactSphereConvex.obj
 0003:00002ca0       ?maxV3Error@_VecMathTests@aos@shdfnd@physx@@3T__m128@@B 10154ca0     GuPCMContactSphereHeightField.obj
 0003:00002cb0       ?minFError@_VecMathTests@aos@shdfnd@physx@@3T__m128@@B 10154cb0     GuPCMContactSphereHeightField.obj
 0003:00002cc0       ?maxV4Error@_VecMathTests@aos@shdfnd@physx@@3T__m128@@B 10154cc0     GuPCMContactSphereHeightField.obj
 0003:00002cd0       ?minV4Error@_VecMathTests@aos@shdfnd@physx@@3T__m128@@B 10154cd0     GuPCMContactSphereHeightField.obj
 0003:00002ce0       ?minV3Error@_VecMathTests@aos@shdfnd@physx@@3T__m128@@B 10154ce0     GuPCMContactSphereHeightField.obj
 0003:00002cf0       ?maxFError@_VecMathTests@aos@shdfnd@physx@@3T__m128@@B 10154cf0     GuPCMContactSphereHeightField.obj
 0003:00002d00       ?maxV3Error@_VecMathTests@aos@shdfnd@physx@@3T__m128@@B 10154d00     GuPCMContactSphereMesh.obj
 0003:00002d10       ?minFError@_VecMathTests@aos@shdfnd@physx@@3T__m128@@B 10154d10     GuPCMContactSphereMesh.obj
 0003:00002d20       ?maxV4Error@_VecMathTests@aos@shdfnd@physx@@3T__m128@@B 10154d20     GuPCMContactSphereMesh.obj
 0003:00002d30       ?minV4Error@_VecMathTests@aos@shdfnd@physx@@3T__m128@@B 10154d30     GuPCMContactSphereMesh.obj
 0003:00002d40       ?minV3Error@_VecMathTests@aos@shdfnd@physx@@3T__m128@@B 10154d40     GuPCMContactSphereMesh.obj
 0003:00002d50       ?maxFError@_VecMathTests@aos@shdfnd@physx@@3T__m128@@B 10154d50     GuPCMContactSphereMesh.obj
 0003:00002d60       ?maxV3Error@_VecMathTests@aos@shdfnd@physx@@3T__m128@@B 10154d60     GuPCMShapeConvex.obj
 0003:00002d70       ?minFError@_VecMathTests@aos@shdfnd@physx@@3T__m128@@B 10154d70     GuPCMShapeConvex.obj
 0003:00002d80       ?maxV4Error@_VecMathTests@aos@shdfnd@physx@@3T__m128@@B 10154d80     GuPCMShapeConvex.obj
 0003:00002d90       ?minV4Error@_VecMathTests@aos@shdfnd@physx@@3T__m128@@B 10154d90     GuPCMShapeConvex.obj
 0003:00002da0       ?minV3Error@_VecMathTests@aos@shdfnd@physx@@3T__m128@@B 10154da0     GuPCMShapeConvex.obj
 0003:00002db0       ?maxFError@_VecMathTests@aos@shdfnd@physx@@3T__m128@@B 10154db0     GuPCMShapeConvex.obj
 0003:00002dc0       ?maxV3Error@_VecMathTests@aos@shdfnd@physx@@3T__m128@@B 10154dc0     GuPCMTriangleContactGen.obj
 0003:00002dd0       ?minFError@_VecMathTests@aos@shdfnd@physx@@3T__m128@@B 10154dd0     GuPCMTriangleContactGen.obj
 0003:00002de0       ?maxV4Error@_VecMathTests@aos@shdfnd@physx@@3T__m128@@B 10154de0     GuPCMTriangleContactGen.obj
 0003:00002df0       ?minV4Error@_VecMathTests@aos@shdfnd@physx@@3T__m128@@B 10154df0     GuPCMTriangleContactGen.obj
 0003:00002e00       ?minV3Error@_VecMathTests@aos@shdfnd@physx@@3T__m128@@B 10154e00     GuPCMTriangleContactGen.obj
 0003:00002e10       ?maxFError@_VecMathTests@aos@shdfnd@physx@@3T__m128@@B 10154e10     GuPCMTriangleContactGen.obj
 0003:00002e20       ?maxV3Error@_VecMathTests@aos@shdfnd@physx@@3T__m128@@B 10154e20     GuPersistentContactManifold.obj
 0003:00002e30       ?minFError@_VecMathTests@aos@shdfnd@physx@@3T__m128@@B 10154e30     GuPersistentContactManifold.obj
 0003:00002e40       ?maxV4Error@_VecMathTests@aos@shdfnd@physx@@3T__m128@@B 10154e40     GuPersistentContactManifold.obj
 0003:00002e50       ?minV4Error@_VecMathTests@aos@shdfnd@physx@@3T__m128@@B 10154e50     GuPersistentContactManifold.obj
 0003:00002e60       ?minV3Error@_VecMathTests@aos@shdfnd@physx@@3T__m128@@B 10154e60     GuPersistentContactManifold.obj
 0003:00002e70       ?maxFError@_VecMathTests@aos@shdfnd@physx@@3T__m128@@B 10154e70     GuPersistentContactManifold.obj
 0003:00002e80       ?maxV3Error@_VecMathTests@aos@shdfnd@physx@@3T__m128@@B 10154e80     GuBox.obj
 0003:00002e90       ?minFError@_VecMathTests@aos@shdfnd@physx@@3T__m128@@B 10154e90     GuBox.obj
 0003:00002ea0       ?maxV4Error@_VecMathTests@aos@shdfnd@physx@@3T__m128@@B 10154ea0     GuBox.obj
 0003:00002eb0       ?minV4Error@_VecMathTests@aos@shdfnd@physx@@3T__m128@@B 10154eb0     GuBox.obj
 0003:00002ec0       ?minV3Error@_VecMathTests@aos@shdfnd@physx@@3T__m128@@B 10154ec0     GuBox.obj
 0003:00002ed0       ?maxFError@_VecMathTests@aos@shdfnd@physx@@3T__m128@@B 10154ed0     GuBox.obj
 0003:00002ee0       ?maxV3Error@_VecMathTests@aos@shdfnd@physx@@3T__m128@@B 10154ee0     GuCapsule.obj
 0003:00002ef0       ?minFError@_VecMathTests@aos@shdfnd@physx@@3T__m128@@B 10154ef0     GuCapsule.obj
 0003:00002f00       ?maxV4Error@_VecMathTests@aos@shdfnd@physx@@3T__m128@@B 10154f00     GuCapsule.obj
 0003:00002f10       ?minV4Error@_VecMathTests@aos@shdfnd@physx@@3T__m128@@B 10154f10     GuCapsule.obj
 0003:00002f20       ?minV3Error@_VecMathTests@aos@shdfnd@physx@@3T__m128@@B 10154f20     GuCapsule.obj
 0003:00002f30       ?maxFError@_VecMathTests@aos@shdfnd@physx@@3T__m128@@B 10154f30     GuCapsule.obj
 0003:00002f40       ?maxV3Error@_VecMathTests@aos@shdfnd@physx@@3T__m128@@B 10154f40     GuCCTSweepTests.obj
 0003:00002f50       ?minFError@_VecMathTests@aos@shdfnd@physx@@3T__m128@@B 10154f50     GuCCTSweepTests.obj
 0003:00002f60       ?maxV4Error@_VecMathTests@aos@shdfnd@physx@@3T__m128@@B 10154f60     GuCCTSweepTests.obj
 0003:00002f70       ?minV4Error@_VecMathTests@aos@shdfnd@physx@@3T__m128@@B 10154f70     GuCCTSweepTests.obj
 0003:00002f80       ?minV3Error@_VecMathTests@aos@shdfnd@physx@@3T__m128@@B 10154f80     GuCCTSweepTests.obj
 0003:00002f90       ?maxFError@_VecMathTests@aos@shdfnd@physx@@3T__m128@@B 10154f90     GuCCTSweepTests.obj
 0003:00002fa0       ?maxV3Error@_VecMathTests@aos@shdfnd@physx@@3T__m128@@B 10154fa0     GuGeometryQuery.obj
 0003:00002fb0       ?minFError@_VecMathTests@aos@shdfnd@physx@@3T__m128@@B 10154fb0     GuGeometryQuery.obj
 0003:00002fc0       ?maxV4Error@_VecMathTests@aos@shdfnd@physx@@3T__m128@@B 10154fc0     GuGeometryQuery.obj
 0003:00002fd0       ?minV4Error@_VecMathTests@aos@shdfnd@physx@@3T__m128@@B 10154fd0     GuGeometryQuery.obj
 0003:00002fe0       ?minV3Error@_VecMathTests@aos@shdfnd@physx@@3T__m128@@B 10154fe0     GuGeometryQuery.obj
 0003:00002ff0       ?maxFError@_VecMathTests@aos@shdfnd@physx@@3T__m128@@B 10154ff0     GuGeometryQuery.obj
 0003:00003000       ?maxV3Error@_VecMathTests@aos@shdfnd@physx@@3T__m128@@B 10155000     GuGeomUtilsInternal.obj
 0003:00003010       ?minFError@_VecMathTests@aos@shdfnd@physx@@3T__m128@@B 10155010     GuGeomUtilsInternal.obj
 0003:00003020       ?maxV4Error@_VecMathTests@aos@shdfnd@physx@@3T__m128@@B 10155020     GuGeomUtilsInternal.obj
 0003:00003030       ?minV4Error@_VecMathTests@aos@shdfnd@physx@@3T__m128@@B 10155030     GuGeomUtilsInternal.obj
 0003:00003040       ?minV3Error@_VecMathTests@aos@shdfnd@physx@@3T__m128@@B 10155040     GuGeomUtilsInternal.obj
 0003:00003050       ?maxFError@_VecMathTests@aos@shdfnd@physx@@3T__m128@@B 10155050     GuGeomUtilsInternal.obj
 0003:00003060       ?maxV3Error@_VecMathTests@aos@shdfnd@physx@@3T__m128@@B 10155060     GuMTD.obj
 0003:00003070       ?minFError@_VecMathTests@aos@shdfnd@physx@@3T__m128@@B 10155070     GuMTD.obj
 0003:00003080       ?maxV4Error@_VecMathTests@aos@shdfnd@physx@@3T__m128@@B 10155080     GuMTD.obj
 0003:00003090       ?minV4Error@_VecMathTests@aos@shdfnd@physx@@3T__m128@@B 10155090     GuMTD.obj
 0003:000030a0       ?minV3Error@_VecMathTests@aos@shdfnd@physx@@3T__m128@@B 101550a0     GuMTD.obj
 0003:000030b0       ?maxFError@_VecMathTests@aos@shdfnd@physx@@3T__m128@@B 101550b0     GuMTD.obj
 0003:000030c0       ?maxV3Error@_VecMathTests@aos@shdfnd@physx@@3T__m128@@B 101550c0     GuOverlapTests.obj
 0003:000030d0       ?minFError@_VecMathTests@aos@shdfnd@physx@@3T__m128@@B 101550d0     GuOverlapTests.obj
 0003:000030e0       ?maxV4Error@_VecMathTests@aos@shdfnd@physx@@3T__m128@@B 101550e0     GuOverlapTests.obj
 0003:000030f0       ?minV4Error@_VecMathTests@aos@shdfnd@physx@@3T__m128@@B 101550f0     GuOverlapTests.obj
 0003:00003100       ?minV3Error@_VecMathTests@aos@shdfnd@physx@@3T__m128@@B 10155100     GuOverlapTests.obj
 0003:00003110       ?maxFError@_VecMathTests@aos@shdfnd@physx@@3T__m128@@B 10155110     GuOverlapTests.obj
 0003:00003120       ?maxV3Error@_VecMathTests@aos@shdfnd@physx@@3T__m128@@B 10155120     GuRaycastTests.obj
 0003:00003130       ?minFError@_VecMathTests@aos@shdfnd@physx@@3T__m128@@B 10155130     GuRaycastTests.obj
 0003:00003140       ?maxV4Error@_VecMathTests@aos@shdfnd@physx@@3T__m128@@B 10155140     GuRaycastTests.obj
 0003:00003150       ?minV4Error@_VecMathTests@aos@shdfnd@physx@@3T__m128@@B 10155150     GuRaycastTests.obj
 0003:00003160       ?minV3Error@_VecMathTests@aos@shdfnd@physx@@3T__m128@@B 10155160     GuRaycastTests.obj
 0003:00003170       ?maxFError@_VecMathTests@aos@shdfnd@physx@@3T__m128@@B 10155170     GuRaycastTests.obj
 0003:00003180       ?maxV3Error@_VecMathTests@aos@shdfnd@physx@@3T__m128@@B 10155180     GuSweepMTD.obj
 0003:00003190       ?minFError@_VecMathTests@aos@shdfnd@physx@@3T__m128@@B 10155190     GuSweepMTD.obj
 0003:000031a0       ?maxV4Error@_VecMathTests@aos@shdfnd@physx@@3T__m128@@B 101551a0     GuSweepMTD.obj
 0003:000031b0       ?minV4Error@_VecMathTests@aos@shdfnd@physx@@3T__m128@@B 101551b0     GuSweepMTD.obj
 0003:000031c0       ?minV3Error@_VecMathTests@aos@shdfnd@physx@@3T__m128@@B 101551c0     GuSweepMTD.obj
 0003:000031d0       ?maxFError@_VecMathTests@aos@shdfnd@physx@@3T__m128@@B 101551d0     GuSweepMTD.obj
 0003:000031e0       ?maxV3Error@_VecMathTests@aos@shdfnd@physx@@3T__m128@@B 101551e0     GuSweepSharedTests.obj
 0003:000031f0       ?minFError@_VecMathTests@aos@shdfnd@physx@@3T__m128@@B 101551f0     GuSweepSharedTests.obj
 0003:00003200       ?maxV4Error@_VecMathTests@aos@shdfnd@physx@@3T__m128@@B 10155200     GuSweepSharedTests.obj
 0003:00003210       ?minV4Error@_VecMathTests@aos@shdfnd@physx@@3T__m128@@B 10155210     GuSweepSharedTests.obj
 0003:00003220       ?minV3Error@_VecMathTests@aos@shdfnd@physx@@3T__m128@@B 10155220     GuSweepSharedTests.obj
 0003:00003230       ?maxFError@_VecMathTests@aos@shdfnd@physx@@3T__m128@@B 10155230     GuSweepSharedTests.obj
 0003:00003240       ?maxV3Error@_VecMathTests@aos@shdfnd@physx@@3T__m128@@B 10155240     GuSweepTests.obj
 0003:00003250       ?minFError@_VecMathTests@aos@shdfnd@physx@@3T__m128@@B 10155250     GuSweepTests.obj
 0003:00003260       ?maxV4Error@_VecMathTests@aos@shdfnd@physx@@3T__m128@@B 10155260     GuSweepTests.obj
 0003:00003270       ?minV4Error@_VecMathTests@aos@shdfnd@physx@@3T__m128@@B 10155270     GuSweepTests.obj
 0003:00003280       ?minV3Error@_VecMathTests@aos@shdfnd@physx@@3T__m128@@B 10155280     GuSweepTests.obj
 0003:00003290       ?maxFError@_VecMathTests@aos@shdfnd@physx@@3T__m128@@B 10155290     GuSweepTests.obj
 0003:000032b0       ?module_local_atexit_table@@3U_onexit_table_t@@A 101552b0     MSVCRT:utility.obj
 0003:000032bc       ?module_local_at_quick_exit_table@@3U_onexit_table_t@@A 101552bc     MSVCRT:utility.obj
 0003:000032c8       ?is_initialized_as_dll@@3_NA 101552c8     MSVCRT:utility.obj
 0003:000032cc       ?__proc_attached@@3HA      101552cc     MSVCRT:dll_dllmain.obj
 0003:000032e8       _GS_ExceptionRecord        101552e8     MSVCRT:gs_report.obj
 0003:00003338       _GS_ContextRecord          10155338     MSVCRT:gs_report.obj
 0004:00000000       __guard_fids__             10156000     MSVCRT:std_type_info_static.obj
 0004:00000004       __guard_fids_?dllmain_crt_process_attach@@YAHQAUHINSTANCE__@@QAX@Z 10156004     MSVCRT:dll_dllmain.obj
 0004:0000000c       __guard_fids_?dllmain_dispatch@@YAHQAUHINSTANCE__@@KQAX@Z 1015600c     MSVCRT:dll_dllmain.obj
 0004:00000010       __guard_fids____scrt_set_unhandled_exception_filter 10156010     MSVCRT:utility_desktop.obj
 0004:00000014       __guard_fids___except_handler4 10156014     MSVCRT:_chandler4gs_.obj
 0004:00000018       __guard_fids__             10156018     MSVCRT:guard_support.obj
 0004:0000001c       __guard_fids___guard_icall_checks_enforced 1015601c     MSVCRT:guard_support.obj
 0004:00000020       __guard_fids__             10156020     MSVCRT:throw_bad_alloc.obj
 0004:00000028       __guard_fids__             10156028     MSVCRT:throw_bad_alloc.obj
 0004:00000030       __guard_fids__             10156030     MSVCRT:throw_bad_alloc.obj
 0004:00000038       __guard_fids__             10156038     MSVCRT:throw_bad_alloc.obj
 0004:0000003c       __guard_fids__             1015603c     MSVCRT:throw_bad_alloc.obj
 0004:00000040       __guard_fids__             10156040     MSVCRT:throw_bad_alloc.obj
 0004:00000044       __guard_fids__             10156044     MSVCRT:throw_bad_alloc.obj
 0004:00000048       __guard_fids__             10156048     MSVCRT:throw_bad_alloc.obj
 0005:000000a0       $R000000                   101570a0     PhysX3Common.res
 0005:000003d8       $R000338                   101573d8     PhysX3Common.res
