 PhysX3CommonDEBUG_x86

 Timestamp is 55b9b32f (Wed Jul 29 22:16:31 2015)

 Preferred load address is 10000000

 Start         Length     Name                   Class
 0001:00000000 0001fa86H .text$di                CODE
 0001:0001fa90 00146cd2H .text$mn                CODE
 0001:00166770 00001012H .text$yd                CODE
 0002:00000000 00000104H .CRT$XCA                DATA
 0002:00000104 00000d14H .CRT$XCU                DATA
 0002:00000e18 00000104H .CRT$XCZ                DATA
 0002:00000f1c 00000104H .CRT$XIA                DATA
 0002:00001020 00000104H .CRT$XIAA               DATA
 0002:00001124 00000109H .CRT$XIC                DATA
 0002:00001230 00000104H .CRT$XIZ                DATA
 0002:00001340 0000c774H .rdata                  DATA
 0002:0000dab4 00000194H .rdata$debug            DATA
 0002:0000dc48 00000156H .rdata$r                DATA
 0002:0000dda0 00000109H .rdata$sxdata           DATA
 0002:0000deac 00000104H .rtc$IAA                DATA
 0002:0000dfb0 00000383H .rtc$IMZ                DATA
 0002:0000e334 00000104H .rtc$IZZ                DATA
 0002:0000e438 00000104H .rtc$TAA                DATA
 0002:0000e53c 00000383H .rtc$TMZ                DATA
 0002:0000e8c0 00000104H .rtc$TZZ                DATA
 0002:0000e9c8 00000223H .xdata$x                DATA
 0002:0000ebf0 00016d21H .edata                  DATA
 0003:00000000 00000689H .data                   DATA
 0003:0000068c 00000392H .data$r                 DATA
 0003:00000a20 00003d84H .bss                    DATA
 0004:00000000 00000324H .idata$5                DATA
 0004:00000324 0000003cH .idata$2                DATA
 0004:00000360 00000014H .idata$3                DATA
 0004:00000374 00000324H .idata$4                DATA
 0004:00000698 000009deH .idata$6                DATA
 0005:00000000 000001c0H .rsrc$01                DATA
 0005:000001c0 000006a9H .rsrc$02                DATA

  Address         Publics by Value              Rva+Base       Lib:Object

 0000:00000000       __except_list              00000000     <absolute>
 0000:00000000       ___guard_fids_table        00000000     <absolute>
 0000:00000000       ___guard_flags             00000000     <absolute>
 0000:00000000       ___guard_fids_count        00000000     <absolute>
 0000:00000002       ___safe_se_handler_count   00000002     <absolute>
 0000:00009876       __fltused                  00009876     <absolute>
 0000:00009876       __ldused                   00009876     <absolute>
 0000:00000000       ___ImageBase               10000000     <linker-defined>
 0001:0001fa90       ?atomicExchange@shdfnd@physx@@YAHPCHH@Z 10020a90 f   PsWindowsAtomic.obj
 0001:0001faa0       ?atomicCompareExchange@shdfnd@physx@@YAHPCHHH@Z 10020aa0 f   PsWindowsAtomic.obj
 0001:0001fac0       ?atomicCompareExchangePointer@shdfnd@physx@@YAPAXPAPCXPAX1@Z 10020ac0 f   PsWindowsAtomic.obj
 0001:0001fae0       ?atomicIncrement@shdfnd@physx@@YAHPCH@Z 10020ae0 f   PsWindowsAtomic.obj
 0001:0001fb00       ?atomicDecrement@shdfnd@physx@@YAHPCH@Z 10020b00 f   PsWindowsAtomic.obj
 0001:0001fb20       ?atomicAdd@shdfnd@physx@@YAHPCHH@Z 10020b20 f   PsWindowsAtomic.obj
 0001:0001fb50       ?atomicMax@shdfnd@physx@@YAHPCHH@Z 10020b50 f   PsWindowsAtomic.obj
 0001:0001fbd0       __InlineInterlockedCompareExchangePointer 10020bd0 f i PsWindowsAtomic.obj
 0001:0001fbf0       ?getCpuId@Cpu@shdfnd@physx@@SAEXZ 10020bf0 f   PsWindowsCpu.obj
 0001:0001fc40       ??0FPUGuard@shdfnd@physx@@QAE@XZ 10020c40 f   PsWindowsFPU.obj
 0001:0001fc90       ??1FPUGuard@shdfnd@physx@@QAE@XZ 10020c90 f   PsWindowsFPU.obj
 0001:0001fcf0       ?enableFPExceptions@shdfnd@physx@@YAXXZ 10020cf0 f   PsWindowsFPU.obj
 0001:0001fd10       ?disableFPExceptions@shdfnd@physx@@YAXXZ 10020d10 f   PsWindowsFPU.obj
 0001:0001fd70       ??4FPUGuard@shdfnd@physx@@QAEAAV012@ABV012@@Z 10020d70 f i PsWindowsFPU.obj
 0001:0001fda0       ??0MemoryMappedFile@shdfnd@physx@@QAE@PBDI@Z 10020da0 f   PsWindowsMemoryMappedFile.obj
 0001:0001fe60       ??1MemoryMappedFile@shdfnd@physx@@QAE@XZ 10020e60 f   PsWindowsMemoryMappedFile.obj
 0001:0001fec0       ?getBaseAddress@MemoryMappedFile@shdfnd@physx@@QAEPAXXZ 10020ec0 f   PsWindowsMemoryMappedFile.obj
 0001:0001ff20       ??0Allocator@shdfnd@physx@@QAE@PBD@Z 10020f20 f i PsWindowsMemoryMappedFile.obj
 0001:0001ff40       ??0PxFoundation@physx@@QAE@ABV01@@Z 10020f40 f i PsWindowsMemoryMappedFile.obj
 0001:0001ff60       ??0PxFoundation@physx@@QAE@XZ 10020f60 f i PsWindowsMemoryMappedFile.obj
 0001:0001ff80       ??1PxFoundation@physx@@MAE@XZ 10020f80 f i PsWindowsMemoryMappedFile.obj
 0001:0001ffa0       ??4Allocator@shdfnd@physx@@QAEAAV012@ABV012@@Z 10020fa0 f i PsWindowsMemoryMappedFile.obj
 0001:0001ffc0       ??4ErrorHandler@shdfnd@physx@@QAEAAV012@ABV012@@Z 10020fc0 f i PsWindowsMemoryMappedFile.obj
 0001:00020000       ??4MutexImpl@shdfnd@physx@@QAEAAV012@ABV012@@Z 10021000 f i PsWindowsMemoryMappedFile.obj
 0001:00020020       ??4PAUtils@shdfnd@physx@@QAEAAV012@ABV012@@Z 10021020 f i PsWindowsMemoryMappedFile.obj
 0001:00020040       ??4PxFoundation@physx@@QAEAAV01@ABV01@@Z 10021040 f i PsWindowsMemoryMappedFile.obj
 0001:00020060       ??_EPxFoundation@physx@@MAEPAXI@Z 10021060 f i PsWindowsMemoryMappedFile.obj
 0001:000200f0       ??_FAllocator@shdfnd@physx@@QAEXXZ 100210f0 f i PsWindowsMemoryMappedFile.obj
 0001:00020110       ??_FNamedAllocator@shdfnd@physx@@QAEXXZ 10021110 f i PsWindowsMemoryMappedFile.obj
 0001:00020130       ??_GPxFoundation@physx@@MAEPAXI@Z 10021130 f i PsWindowsMemoryMappedFile.obj
 0001:00020170       ??_I@YGXPAXIHP6EX0@Z@Z     10021170 f i PsWindowsMemoryMappedFile.obj
 0001:000201b0       ?getAllocator@Foundation@shdfnd@physx@@UBEAAVPxBroadcastingAllocator@3@XZ 100211b0 f i PsWindowsMemoryMappedFile.obj
 0001:000201d0       ?getCallbackCount@ErrorHandler@shdfnd@physx@@QBEIXZ 100211d0 f i PsWindowsMemoryMappedFile.obj
 0001:000201f0       ?getCheckedAllocator@Foundation@shdfnd@physx@@QAEAAVPxAllocatorCallback@3@XZ 100211f0 f i PsWindowsMemoryMappedFile.obj
 0001:00020210       ?getErrorCallback@ErrorHandler@shdfnd@physx@@QBEPAVPxErrorCallback@3@H@Z 10021210 f i PsWindowsMemoryMappedFile.obj
 0001:00020230       ?getErrorHandler@Foundation@shdfnd@physx@@QAEAAVErrorHandler@23@XZ 10021230 f i PsWindowsMemoryMappedFile.obj
 0001:00020250       ?getErrorMutex@Foundation@shdfnd@physx@@QAEAAV?$MutexT@VAllocator@shdfnd@physx@@@23@XZ 10021250 f i PsWindowsMemoryMappedFile.obj
 0001:00020270       ?getMaxCallbackNum@ErrorHandler@shdfnd@physx@@QBEIXZ 10021270 f i PsWindowsMemoryMappedFile.obj
 0001:00020290       ?getNamedAllocMap@Foundation@shdfnd@physx@@QAEAAV?$HashMap@PBVNamedAllocator@shdfnd@physx@@PBDU?$Hash@PBVNamedAllocator@shdfnd@physx@@@23@VNonTrackingAllocator@23@@23@XZ 10021290 f i PsWindowsMemoryMappedFile.obj
 0001:000202b0       ?getNamedAllocMutex@Foundation@shdfnd@physx@@QAEAAV?$MutexT@VAllocator@shdfnd@physx@@@23@XZ 100212b0 f i PsWindowsMemoryMappedFile.obj
 0001:000202d0       ?getPAUtils@Foundation@shdfnd@physx@@QAEAAVPAUtils@23@XZ 100212d0 f i PsWindowsMemoryMappedFile.obj
 0001:000202f0       ?getReportAllocationNames@Foundation@shdfnd@physx@@UBE_NXZ 100212f0 f i PsWindowsMemoryMappedFile.obj
 0001:00020310       ?getTempAllocFreeTable@Foundation@shdfnd@physx@@QAEAAV?$Array@PATTempAllocatorChunk@shdfnd@physx@@VAllocator@23@@23@XZ 10021310 f i PsWindowsMemoryMappedFile.obj
 0001:00020330       ?getTempAllocMutex@Foundation@shdfnd@physx@@QAEAAV?$MutexT@VAllocator@shdfnd@physx@@@23@XZ 10021330 f i PsWindowsMemoryMappedFile.obj
 0001:00020350       ?setReportAllocationNames@Foundation@shdfnd@physx@@UAEX_N@Z 10021350 f i PsWindowsMemoryMappedFile.obj
 0001:00020370       ??0PsModuleUpdateLoader@shdfnd@physx@@QAE@PBD@Z 10021370 f   PsWindowsModuleUpdateLoader.obj
 0001:000203c0       ??1PsModuleUpdateLoader@shdfnd@physx@@QAE@XZ 100213c0 f   PsWindowsModuleUpdateLoader.obj
 0001:000203f0       ?LoadModule@PsModuleUpdateLoader@shdfnd@physx@@QAEPAUHINSTANCE__@@PBD0@Z 100213f0 f   PsWindowsModuleUpdateLoader.obj
 0001:00020470       ??4PsModuleUpdateLoader@shdfnd@physx@@QAEAAV012@ABV012@@Z 10021470 f i PsWindowsModuleUpdateLoader.obj
 0001:000204a0       ?loadLibrary@shdfnd@physx@@YGPAUHINSTANCE__@@PBD@Z 100214a0 f i PsWindowsModuleUpdateLoader.obj
 0001:000204c0       ??0MutexImpl@shdfnd@physx@@QAE@XZ 100214c0 f   PsWindowsMutex.obj
 0001:00020500       ??1MutexImpl@shdfnd@physx@@QAE@XZ 10021500 f   PsWindowsMutex.obj
 0001:00020520       ?lock@MutexImpl@shdfnd@physx@@QAEXXZ 10021520 f   PsWindowsMutex.obj
 0001:00020560       ?trylock@MutexImpl@shdfnd@physx@@QAE_NXZ 10021560 f   PsWindowsMutex.obj
 0001:000205c0       ?unlock@MutexImpl@shdfnd@physx@@QAEXXZ 100215c0 f   PsWindowsMutex.obj
 0001:00020620       ?getSize@MutexImpl@shdfnd@physx@@SAABIXZ 10021620 f   PsWindowsMutex.obj
 0001:00020630       ??0ReadWriteLock@shdfnd@physx@@QAE@XZ 10021630 f   PsWindowsMutex.obj
 0001:000206b0       ??1ReadWriteLock@shdfnd@physx@@QAE@XZ 100216b0 f   PsWindowsMutex.obj
 0001:000206e0       ?lockReader@ReadWriteLock@shdfnd@physx@@QAEXXZ 100216e0 f   PsWindowsMutex.obj
 0001:00020710       ?lockWriter@ReadWriteLock@shdfnd@physx@@QAEXXZ 10021710 f   PsWindowsMutex.obj
 0001:00020740       ?unlockReader@ReadWriteLock@shdfnd@physx@@QAEXXZ 10021740 f   PsWindowsMutex.obj
 0001:00020760       ?unlockWriter@ReadWriteLock@shdfnd@physx@@QAEXXZ 10021760 f   PsWindowsMutex.obj
 0001:00020780       ?getMutex@?A0xc8e00268@shdfnd@physx@@YAPAUMutexWinImpl@123@PAVMutexImpl@23@@Z 10021780 f   PsWindowsMutex.obj
 0001:00020840       ??0?$MutexT@V?$ReflectionAllocator@VMutexImpl@shdfnd@physx@@@shdfnd@physx@@@shdfnd@physx@@QAE@ABV?$ReflectionAllocator@VMutexImpl@shdfnd@physx@@@12@@Z 10021840 f i PsWindowsMutex.obj
 0001:000208c0       ??0?$ReflectionAllocator@VMutexImpl@shdfnd@physx@@@shdfnd@physx@@QAE@ABV012@@Z 100218c0 f i PsWindowsMutex.obj
 0001:000208e0       ??0?$ReflectionAllocator@VMutexImpl@shdfnd@physx@@@shdfnd@physx@@QAE@PBD@Z 100218e0 f i PsWindowsMutex.obj
 0001:00020900       ??0ReadWriteLockImpl@shdfnd@physx@@QAE@XZ 10021900 f i PsWindowsMutex.obj
 0001:00020930       ??1?$MutexT@V?$ReflectionAllocator@VMutexImpl@shdfnd@physx@@@shdfnd@physx@@@shdfnd@physx@@QAE@XZ 10021930 f i PsWindowsMutex.obj
 0001:00020960       ??1ReadWriteLockImpl@shdfnd@physx@@QAE@XZ 10021960 f i PsWindowsMutex.obj
 0001:00020980       ??2@YAPAXIPAX@Z            10021980 f i PsWindowsMutex.obj
 0001:00020990       ??4ThreadImpl@shdfnd@physx@@QAEAAV012@ABV012@@Z 10021990 f i PsWindowsMutex.obj
 0001:000209b0       ??_GMutexImpl@shdfnd@physx@@QAEPAXI@Z 100219b0 f i PsWindowsMutex.obj
 0001:000209f0       ??_GReadWriteLockImpl@shdfnd@physx@@QAEPAXI@Z 100219f0 f i PsWindowsMutex.obj
 0001:00020a30       ?allocate@?$ReflectionAllocator@VMutexImpl@shdfnd@physx@@@shdfnd@physx@@QAEPAXIPBDH@Z 10021a30 f i PsWindowsMutex.obj
 0001:00020a90       ?deallocate@?$ReflectionAllocator@VMutexImpl@shdfnd@physx@@@shdfnd@physx@@QAEXPAX@Z 10021a90 f i PsWindowsMutex.obj
 0001:00020ad0       ?getFoundation@shdfnd@physx@@YAAAVFoundation@12@XZ 10021ad0 f i PsWindowsMutex.obj
 0001:00020ae0       ?getId@?$ThreadT@V?$ReflectionAllocator@VThreadImpl@shdfnd@physx@@@shdfnd@physx@@@shdfnd@physx@@SAIXZ 10021ae0 f i PsWindowsMutex.obj
 0001:00020af0       ?getName@?$ReflectionAllocator@VMutexImpl@shdfnd@physx@@@shdfnd@physx@@CAPBDXZ 10021af0 f i PsWindowsMutex.obj
 0001:00020b40       ?lock@?$MutexT@V?$ReflectionAllocator@VMutexImpl@shdfnd@physx@@@shdfnd@physx@@@shdfnd@physx@@QBEXXZ 10021b40 f i PsWindowsMutex.obj
 0001:00020b60       ?unlock@?$MutexT@V?$ReflectionAllocator@VMutexImpl@shdfnd@physx@@@shdfnd@physx@@@shdfnd@physx@@QBEXXZ 10021b60 f i PsWindowsMutex.obj
 0001:00020b80       ??0PAUtils@shdfnd@physx@@QAE@XZ 10021b80 f   PsWindowsPAEventSrc.obj
 0001:00020ba0       ??1PAUtils@shdfnd@physx@@QAE@XZ 10021ba0 f   PsWindowsPAEventSrc.obj
 0001:00020be0       ?isEnabled@PAUtils@shdfnd@physx@@QAE_NXZ 10021be0 f   PsWindowsPAEventSrc.obj
 0001:00020c10       ?isEventEnabled@PAUtils@shdfnd@physx@@QAE_NG@Z 10021c10 f   PsWindowsPAEventSrc.obj
 0001:00020c40       ?registerEvent@PAUtils@shdfnd@physx@@QAEGPBD@Z 10021c40 f   PsWindowsPAEventSrc.obj
 0001:00020cb0       ?startEvent@PAUtils@shdfnd@physx@@QAEXGG@Z 10021cb0 f   PsWindowsPAEventSrc.obj
 0001:00020d40       ?stopEvent@PAUtils@shdfnd@physx@@QAEXGG@Z 10021d40 f   PsWindowsPAEventSrc.obj
 0001:00020dd0       ?statEvent@PAUtils@shdfnd@physx@@QAEXGI@Z 10021dd0 f   PsWindowsPAEventSrc.obj
 0001:00020e10       ?statEvent@PAUtils@shdfnd@physx@@QAEXGII@Z 10021e10 f   PsWindowsPAEventSrc.obj
 0001:00020e40       ?debugEvent@PAUtils@shdfnd@physx@@QAEXGII@Z 10021e40 f   PsWindowsPAEventSrc.obj
 0001:00020e70       ?rawEvent@PAUtils@shdfnd@physx@@QAEXGIIE@Z 10021e70 f   PsWindowsPAEventSrc.obj
 0001:00020eb0       ?rawEventWithTimestamp@PAUtils@shdfnd@physx@@QAE_NG_KIIE@Z 10021eb0 f   PsWindowsPAEventSrc.obj
 0001:00020ef0       ?lock@PAUtils@shdfnd@physx@@QAE_NXZ 10021ef0 f   PsWindowsPAEventSrc.obj
 0001:00020f60       ?unlock@PAUtils@shdfnd@physx@@QAE_NXZ 10021f60 f   PsWindowsPAEventSrc.obj
 0001:00020f90       ??0ConnImpl@shdfnd@physx@@QAE@XZ 10021f90 f   PsWindowsPAEventSrc.obj
 0001:000211e0       ??1ConnImpl@shdfnd@physx@@QAE@XZ 100221e0 f   PsWindowsPAEventSrc.obj
 0001:000213f0       ??$?2V?$ReflectionAllocator@VConnImpl@shdfnd@physx@@@shdfnd@physx@@@UserAllocated@shdfnd@physx@@SAPAXIV?$ReflectionAllocator@VConnImpl@shdfnd@physx@@@12@PBDH@Z 100223f0 f i PsWindowsPAEventSrc.obj
 0001:00021410       ??0?$ReflectionAllocator@VConnImpl@shdfnd@physx@@@shdfnd@physx@@QAE@PBD@Z 10022410 f i PsWindowsPAEventSrc.obj
 0001:00021430       ??3UserAllocated@shdfnd@physx@@SAXPAX@Z 10022430 f i PsWindowsPAEventSrc.obj
 0001:00021460       ??_GConnImpl@shdfnd@physx@@QAEPAXI@Z 10022460 f i PsWindowsPAEventSrc.obj
 0001:000214a0       ?GetProcID@ConnImpl@shdfnd@physx@@QAEEXZ 100224a0 f i PsWindowsPAEventSrc.obj
 0001:000214d0       ?GetThreadPriority@ConnImpl@shdfnd@physx@@QAEIXZ 100224d0 f i PsWindowsPAEventSrc.obj
 0001:00021530       ?allocate@?$ReflectionAllocator@VConnImpl@shdfnd@physx@@@shdfnd@physx@@QAEPAXIPBDH@Z 10022530 f i PsWindowsPAEventSrc.obj
 0001:00021590       ?eventEnabled@ConnImpl@shdfnd@physx@@QAE_NG@Z 10022590 f i PsWindowsPAEventSrc.obj
 0001:000215d0       ?eventLoggingEnabled@ConnImpl@shdfnd@physx@@QAE_NXZ 100225d0 f i PsWindowsPAEventSrc.obj
 0001:00021610       ?getName@?$ReflectionAllocator@VConnImpl@shdfnd@physx@@@shdfnd@physx@@CAPBDXZ 10022610 f i PsWindowsPAEventSrc.obj
 0001:00021660       ?registerEvent@ConnImpl@shdfnd@physx@@QAEGPBD@Z 10022660 f i PsWindowsPAEventSrc.obj
 0001:000216a0       ?submitEvent@ConnImpl@shdfnd@physx@@QAE_NGIIE@Z 100226a0 f i PsWindowsPAEventSrc.obj
 0001:000216f0       ?printFormatted@shdfnd@physx@@YAXPBDZZ 100226f0 f   PsWindowsPrintString.obj
 0001:00021740       ?printString@shdfnd@physx@@YAXPBD@Z 10022740 f   PsWindowsPrintString.obj
 0001:00021790       ??0SListImpl@shdfnd@physx@@QAE@XZ 10022790 f   PsWindowsSList.obj
 0001:000217c0       ??1SListImpl@shdfnd@physx@@QAE@XZ 100227c0 f   PsWindowsSList.obj
 0001:000217d0       ?push@SListImpl@shdfnd@physx@@QAEXPAVSListEntry@23@@Z 100227d0 f   PsWindowsSList.obj
 0001:00021800       ?pop@SListImpl@shdfnd@physx@@QAEPAVSListEntry@23@XZ 10022800 f   PsWindowsSList.obj
 0001:00021820       ?flush@SListImpl@shdfnd@physx@@QAEPAVSListEntry@23@XZ 10022820 f   PsWindowsSList.obj
 0001:00021840       ?getSize@SListImpl@shdfnd@physx@@SAABIXZ 10022840 f   PsWindowsSList.obj
 0001:00021880       ??$getDetail@USListImpl@shdfnd@physx@@@?A0x65960a6c@shdfnd@physx@@YAPAT_SLIST_HEADER@@PAUSListImpl@12@@Z 10022880 f i PsWindowsSList.obj
 0001:00021890       ??4SListImpl@shdfnd@physx@@QAEAAU012@ABU012@@Z 10022890 f i PsWindowsSList.obj
 0001:000218b0       ??0Socket@shdfnd@physx@@QAE@_N@Z 100228b0 f   PsWindowsSocket.obj
 0001:000219a0       ??1Socket@shdfnd@physx@@UAE@XZ 100229a0 f   PsWindowsSocket.obj
 0001:00021a00       ?connect@Socket@shdfnd@physx@@QAE_NPBDGI@Z 10022a00 f   PsWindowsSocket.obj
 0001:00021a30       ?listen@Socket@shdfnd@physx@@QAE_NGPAVConnection@123@@Z 10022a30 f   PsWindowsSocket.obj
 0001:00021a60       ?disconnect@Socket@shdfnd@physx@@QAEXXZ 10022a60 f   PsWindowsSocket.obj
 0001:00021a80       ?isConnected@Socket@shdfnd@physx@@QBE_NXZ 10022a80 f   PsWindowsSocket.obj
 0001:00021aa0       ?getHost@Socket@shdfnd@physx@@QBEPBDXZ 10022aa0 f   PsWindowsSocket.obj
 0001:00021ac0       ?getPort@Socket@shdfnd@physx@@QBEGXZ 10022ac0 f   PsWindowsSocket.obj
 0001:00021ae0       ?flush@Socket@shdfnd@physx@@QAE_NXZ 10022ae0 f   PsWindowsSocket.obj
 0001:00021b20       ?write@Socket@shdfnd@physx@@QAEIPBEI@Z 10022b20 f   PsWindowsSocket.obj
 0001:00021b60       ?read@Socket@shdfnd@physx@@QAEIPAEI@Z 10022b60 f   PsWindowsSocket.obj
 0001:00021ba0       ?setBlocking@Socket@shdfnd@physx@@QAEX_N@Z 10022ba0 f   PsWindowsSocket.obj
 0001:00021be0       ?isBlocking@Socket@shdfnd@physx@@QBE_NXZ 10022be0 f   PsWindowsSocket.obj
 0001:00021c10       ??0SocketImpl@shdfnd@physx@@QAE@XZ 10022c10 f   PsWindowsSocket.obj
 0001:00021cd0       ??1SocketImpl@shdfnd@physx@@UAE@XZ 10022cd0 f   PsWindowsSocket.obj
 0001:00021d00       ?connect@SocketImpl@shdfnd@physx@@QAE_NPBDGI@Z 10022d00 f   PsWindowsSocket.obj
 0001:00021fa0       ?listen@SocketImpl@shdfnd@physx@@QAE_NGPAVConnection@Socket@23@@Z 10022fa0 f   PsWindowsSocket.obj
 0001:00022070       ?disconnect@SocketImpl@shdfnd@physx@@QAEXXZ 10023070 f   PsWindowsSocket.obj
 0001:00022100       ?setBlocking@SocketImpl@shdfnd@physx@@QAEX_N@Z 10023100 f   PsWindowsSocket.obj
 0001:00022160       ?write@SocketImpl@shdfnd@physx@@UAEIPBEI@Z 10023160 f   PsWindowsSocket.obj
 0001:000221c0       ?flush@SocketImpl@shdfnd@physx@@UAE_NXZ 100231c0 f   PsWindowsSocket.obj
 0001:000221d0       ?read@SocketImpl@shdfnd@physx@@QAEIPAEI@Z 100231d0 f   PsWindowsSocket.obj
 0001:00022290       ?execute@SocketImpl@shdfnd@physx@@UAEXXZ 10023290 f   PsWindowsSocket.obj
 0001:00022300       ??0BufferedSocketImpl@shdfnd@physx@@QAE@XZ 10023300 f   PsWindowsSocket.obj
 0001:00022330       ?flush@BufferedSocketImpl@shdfnd@physx@@UAE_NXZ 10023330 f   PsWindowsSocket.obj
 0001:000223c0       ?write@BufferedSocketImpl@shdfnd@physx@@UAEIPBEI@Z 100233c0 f   PsWindowsSocket.obj
 0001:000227d0       ??0?$ReflectionAllocator@VThreadImpl@shdfnd@physx@@@shdfnd@physx@@QAE@ABV012@@Z 100237d0 f i PsWindowsSocket.obj
 0001:000227f0       ??0?$ReflectionAllocator@VThreadImpl@shdfnd@physx@@@shdfnd@physx@@QAE@PBD@Z 100237f0 f i PsWindowsSocket.obj
 0001:00022810       ??0?$ThreadT@V?$ReflectionAllocator@VThreadImpl@shdfnd@physx@@@shdfnd@physx@@@shdfnd@physx@@QAE@ABV?$ReflectionAllocator@VThreadImpl@shdfnd@physx@@@12@@Z 10023810 f i PsWindowsSocket.obj
 0001:000228c0       ??0Runnable@shdfnd@physx@@QAE@XZ 100238c0 f i PsWindowsSocket.obj
 0001:000228e0       ??0Socket@shdfnd@physx@@QAE@ABV012@@Z 100238e0 f i PsWindowsSocket.obj
 0001:00022930       ??1?$ThreadT@V?$ReflectionAllocator@VThreadImpl@shdfnd@physx@@@shdfnd@physx@@@shdfnd@physx@@UAE@XZ 10023930 f i PsWindowsSocket.obj
 0001:00022980       ??1BufferedSocketImpl@shdfnd@physx@@UAE@XZ 10023980 f i PsWindowsSocket.obj
 0001:000229b0       ??1Runnable@shdfnd@physx@@UAE@XZ 100239b0 f i PsWindowsSocket.obj
 0001:000229d0       ??2UserAllocated@shdfnd@physx@@SAPAXIPAX@Z 100239d0 f i PsWindowsSocket.obj
 0001:000229e0       ??4Socket@shdfnd@physx@@QAEAAV012@ABV012@@Z 100239e0 f i PsWindowsSocket.obj
 0001:00022a10       ??_ESocket@shdfnd@physx@@UAEPAXI@Z 10023a10 f i PsWindowsSocket.obj
 0001:00022aa0       ??_FSocket@shdfnd@physx@@QAEXXZ 10023aa0 f i PsWindowsSocket.obj
 0001:00022ac0       ??_E?$ThreadT@V?$ReflectionAllocator@VThreadImpl@shdfnd@physx@@@shdfnd@physx@@@shdfnd@physx@@UAEPAXI@Z 10023ac0 f i PsWindowsSocket.obj
 0001:00022ac0       ??_G?$ThreadT@V?$ReflectionAllocator@VThreadImpl@shdfnd@physx@@@shdfnd@physx@@@shdfnd@physx@@UAEPAXI@Z 10023ac0 f i PsWindowsSocket.obj
 0001:00022b00       ??_GBufferedSocketImpl@shdfnd@physx@@UAEPAXI@Z 10023b00 f i PsWindowsSocket.obj
 0001:00022b00       ??_EBufferedSocketImpl@shdfnd@physx@@UAEPAXI@Z 10023b00 f i PsWindowsSocket.obj
 0001:00022b40       ??_ERunnable@shdfnd@physx@@UAEPAXI@Z 10023b40 f i PsWindowsSocket.obj
 0001:00022b40       ??_GRunnable@shdfnd@physx@@UAEPAXI@Z 10023b40 f i PsWindowsSocket.obj
 0001:00022b80       ??_GSocket@shdfnd@physx@@UAEPAXI@Z 10023b80 f i PsWindowsSocket.obj
 0001:00022bc0       ??_GSocketImpl@shdfnd@physx@@UAEPAXI@Z 10023bc0 f i PsWindowsSocket.obj
 0001:00022bc0       ??_ESocketImpl@shdfnd@physx@@UAEPAXI@Z 10023bc0 f i PsWindowsSocket.obj
 0001:00022c00       ??_GThreadImpl@shdfnd@physx@@QAEPAXI@Z 10023c00 f i PsWindowsSocket.obj
 0001:00022c40       ??_VUserAllocated@shdfnd@physx@@SAXPAX@Z 10023c40 f i PsWindowsSocket.obj
 0001:00022c70       ?PxMemCopy@physx@@YAPAXPIAXPIBXI@Z 10023c70 f i PsWindowsSocket.obj
 0001:00022c90       ?PxMemSet@physx@@YAPAXPIAXHI@Z 10023c90 f i PsWindowsSocket.obj
 0001:00022cb0       ?allocate@?$ReflectionAllocator@VThreadImpl@shdfnd@physx@@@shdfnd@physx@@QAEPAXIPBDH@Z 10023cb0 f i PsWindowsSocket.obj
 0001:00022d10       ?deallocate@?$ReflectionAllocator@VThreadImpl@shdfnd@physx@@@shdfnd@physx@@QAEXPAX@Z 10023d10 f i PsWindowsSocket.obj
 0001:00022d50       ?execute@?$ThreadT@V?$ReflectionAllocator@VThreadImpl@shdfnd@physx@@@shdfnd@physx@@@shdfnd@physx@@UAEXXZ 10023d50 f i PsWindowsSocket.obj
 0001:00022d60       ?execute@Runnable@shdfnd@physx@@UAEXXZ 10023d60 f i PsWindowsSocket.obj
 0001:00022d70       ?getDefaultStackSize@?$ThreadT@V?$ReflectionAllocator@VThreadImpl@shdfnd@physx@@@shdfnd@physx@@@shdfnd@physx@@SAIXZ 10023d70 f i PsWindowsSocket.obj
 0001:00022d80       ?getHost@SocketImpl@shdfnd@physx@@QBEPBDXZ 10023d80 f i PsWindowsSocket.obj
 0001:00022da0       ?getName@?$ReflectionAllocator@VThreadImpl@shdfnd@physx@@@shdfnd@physx@@CAPBDXZ 10023da0 f i PsWindowsSocket.obj
 0001:00022df0       ?getPort@SocketImpl@shdfnd@physx@@QBEGXZ 10023df0 f i PsWindowsSocket.obj
 0001:00022e10       ?isBlocking@SocketImpl@shdfnd@physx@@QBE_NXZ 10023e10 f i PsWindowsSocket.obj
 0001:00022e30       ?isConnected@SocketImpl@shdfnd@physx@@QBE_NXZ 10023e30 f i PsWindowsSocket.obj
 0001:00022e50       ?memCopy@intrinsics@physx@@YAPAXPIAXPIBXI@Z 10023e50 f i PsWindowsSocket.obj
 0001:00022e70       ?memSet@intrinsics@physx@@YAPAXPIAXHI@Z 10023e70 f i PsWindowsSocket.obj
 0001:00022e90       ?quit@?$ThreadT@V?$ReflectionAllocator@VThreadImpl@shdfnd@physx@@@shdfnd@physx@@@shdfnd@physx@@QAEXXZ 10023e90 f i PsWindowsSocket.obj
 0001:00022eb0       ?quitIsSignalled@?$ThreadT@V?$ReflectionAllocator@VThreadImpl@shdfnd@physx@@@shdfnd@physx@@@shdfnd@physx@@QAE_NXZ 10023eb0 f i PsWindowsSocket.obj
 0001:00022ed0       ?signalQuit@?$ThreadT@V?$ReflectionAllocator@VThreadImpl@shdfnd@physx@@@shdfnd@physx@@@shdfnd@physx@@QAEXXZ 10023ed0 f i PsWindowsSocket.obj
 0001:00022ef0       ?sleep@?$ThreadT@V?$ReflectionAllocator@VThreadImpl@shdfnd@physx@@@shdfnd@physx@@@shdfnd@physx@@SAXI@Z 10023ef0 f i PsWindowsSocket.obj
 0001:00022f10       ?start@?$ThreadT@V?$ReflectionAllocator@VThreadImpl@shdfnd@physx@@@shdfnd@physx@@@shdfnd@physx@@QAEXI@Z 10023f10 f i PsWindowsSocket.obj
 0001:00022f40       ?waitForQuit@?$ThreadT@V?$ReflectionAllocator@VThreadImpl@shdfnd@physx@@@shdfnd@physx@@@shdfnd@physx@@QAE_NXZ 10023f40 f i PsWindowsSocket.obj
 0001:00022f60       ??0SyncImpl@shdfnd@physx@@QAE@XZ 10023f60 f   PsWindowsSync.obj
 0001:00022f90       ??1SyncImpl@shdfnd@physx@@QAE@XZ 10023f90 f   PsWindowsSync.obj
 0001:00022fb0       ?wait@SyncImpl@shdfnd@physx@@QAE_NI@Z 10023fb0 f   PsWindowsSync.obj
 0001:00023000       ?set@SyncImpl@shdfnd@physx@@QAEXXZ 10024000 f   PsWindowsSync.obj
 0001:00023020       ?reset@SyncImpl@shdfnd@physx@@QAEXXZ 10024020 f   PsWindowsSync.obj
 0001:00023040       ?getSize@SyncImpl@shdfnd@physx@@SAABIXZ 10024040 f   PsWindowsSync.obj
 0001:00023050       ?getSync@?A0x8141929d@shdfnd@physx@@YAAAPAXPAVSyncImpl@23@@Z 10024050 f   PsWindowsSync.obj
 0001:000230a0       ??4SyncImpl@shdfnd@physx@@QAEAAV012@ABV012@@Z 100240a0 f i PsWindowsSync.obj
 0001:000230c0       ?getDefaultStackSize@ThreadImpl@shdfnd@physx@@SAIXZ 100240c0 f   PsWindowsThread.obj
 0001:000230d0       ?getId@ThreadImpl@shdfnd@physx@@SAIXZ 100240d0 f   PsWindowsThread.obj
 0001:000230e0       ??0ThreadImpl@shdfnd@physx@@QAE@XZ 100240e0 f   PsWindowsThread.obj
 0001:00023160       ??0ThreadImpl@shdfnd@physx@@QAE@P6APAXPAX@Z0@Z 10024160 f   PsWindowsThread.obj
 0001:000231f0       ??1ThreadImpl@shdfnd@physx@@QAE@XZ 100241f0 f   PsWindowsThread.obj
 0001:00023230       ?start@ThreadImpl@shdfnd@physx@@QAEXIPAVRunnable@23@@Z 10024230 f   PsWindowsThread.obj
 0001:00023320       ?kill@ThreadImpl@shdfnd@physx@@QAEXXZ 10024320 f   PsWindowsThread.obj
 0001:00023370       ?signalQuit@ThreadImpl@shdfnd@physx@@QAEXXZ 10024370 f   PsWindowsThread.obj
 0001:000233a0       ?waitForQuit@ThreadImpl@shdfnd@physx@@QAE_NXZ 100243a0 f   PsWindowsThread.obj
 0001:000233e0       ?quitIsSignalled@ThreadImpl@shdfnd@physx@@QAE_NXZ 100243e0 f   PsWindowsThread.obj
 0001:00023420       ?quit@ThreadImpl@shdfnd@physx@@QAEXXZ 10024420 f   PsWindowsThread.obj
 0001:00023450       ?setAffinityMask@ThreadImpl@shdfnd@physx@@QAEII@Z 10024450 f   PsWindowsThread.obj
 0001:000234b0       ?getPriority@ThreadImpl@shdfnd@physx@@SA?AW4Enum@ThreadPriority@23@I@Z 100244b0 f   PsWindowsThread.obj
 0001:00023510       ?setPriority@ThreadImpl@shdfnd@physx@@QAEXW4Enum@ThreadPriority@23@@Z 10024510 f   PsWindowsThread.obj
 0001:000235d0       ?setName@ThreadImpl@shdfnd@physx@@QAEXPBD@Z 100245d0 f   PsWindowsThread.obj
 0001:00023670       ?sleep@ThreadImpl@shdfnd@physx@@SAXI@Z 10024670 f   PsWindowsThread.obj
 0001:00023680       ?yield@ThreadImpl@shdfnd@physx@@SAXXZ 10024680 f   PsWindowsThread.obj
 0001:00023690       ?getNbPhysicalCores@ThreadImpl@shdfnd@physx@@SAIXZ 10024690 f   PsWindowsThread.obj
 0001:00023810       ?getSize@ThreadImpl@shdfnd@physx@@SAABIXZ 10024810 f   PsWindowsThread.obj
 0001:00023820       ?TlsAlloc@shdfnd@physx@@YAIXZ 10024820 f   PsWindowsThread.obj
 0001:00023880       ?TlsFree@shdfnd@physx@@YAXI@Z 10024880 f   PsWindowsThread.obj
 0001:00023890       ?TlsGet@shdfnd@physx@@YAPAXI@Z 10024890 f   PsWindowsThread.obj
 0001:000238a0       ?TlsSet@shdfnd@physx@@YAIIPAX@Z 100248a0 f   PsWindowsThread.obj
 0001:000238c0       ?getThread@?A0xa6256d9c@shdfnd@physx@@YAPAV_ThreadImpl@123@PAVThreadImpl@23@@Z 100248c0 f   PsWindowsThread.obj
 0001:000238d0       ?PxThreadStart@?A0xa6256d9c@shdfnd@physx@@YGKPAX@Z 100248d0 f   PsWindowsThread.obj
 0001:00023b40       ??$PX_UNUSED@K@@YAXABK@Z   10024b40 f i PsWindowsThread.obj
 0001:00023b50       ?getBootCounterFrequency@Time@shdfnd@physx@@SAABUCounterFrequencyToTensOfNanos@23@XZ 10024b50 f   PsWindowsTime.obj
 0001:00023b60       ?getCounterFrequency@Time@shdfnd@physx@@SA?AUCounterFrequencyToTensOfNanos@23@XZ 10024b60 f   PsWindowsTime.obj
 0001:00023b90       ?getCurrentCounterValue@Time@shdfnd@physx@@SA_KXZ 10024b90 f   PsWindowsTime.obj
 0001:00023bb0       ??0Time@shdfnd@physx@@QAE@XZ 10024bb0 f   PsWindowsTime.obj
 0001:00023be0       ?getElapsedSeconds@Time@shdfnd@physx@@QAENXZ 10024be0 f   PsWindowsTime.obj
 0001:00023c30       ?peekElapsedSeconds@Time@shdfnd@physx@@QAENXZ 10024c30 f   PsWindowsTime.obj
 0001:00023c70       ?getLastTime@Time@shdfnd@physx@@QBENXZ 10024c70 f   PsWindowsTime.obj
 0001:00023ca0       ?getTimeTicks@?A0x7e2a37ff@@YA_JXZ 10024ca0 f   PsWindowsTime.obj
 0001:00023cc0       ?getTickDuration@?A0x7e2a37ff@@YANXZ 10024cc0 f   PsWindowsTime.obj
 0001:00023d60       ??0CounterFrequencyToTensOfNanos@shdfnd@physx@@QAE@_K0@Z 10024d60 f i PsWindowsTime.obj
 0001:00023da0       ??4Time@shdfnd@physx@@QAEAAV012@ABV012@@Z 10024da0 f i PsWindowsTime.obj
 0001:00023dd0       ?getCurrentTimeInTensOfNanoSeconds@Time@shdfnd@physx@@SA_KXZ 10024dd0 f i PsWindowsTime.obj
 0001:00023e10       ?toTensOfNanos@CounterFrequencyToTensOfNanos@shdfnd@physx@@QBE_K_K@Z 10024e10 f i PsWindowsTime.obj
 0001:00023e60       ?allocate@Allocator@shdfnd@physx@@QAEPAXIPBDH@Z 10024e60 f   PsAllocator.obj
 0001:00023ea0       ?deallocate@Allocator@shdfnd@physx@@QAEXPAX@Z 10024ea0 f   PsAllocator.obj
 0001:00023ed0       ??0NamedAllocator@shdfnd@physx@@QAE@ABW4PxEMPTY@2@@Z 10024ed0 f   PsAllocator.obj
 0001:00023f10       ??0NamedAllocator@shdfnd@physx@@QAE@PBD@Z 10024f10 f   PsAllocator.obj
 0001:00023f50       ??0NamedAllocator@shdfnd@physx@@QAE@ABV012@@Z 10024f50 f   PsAllocator.obj
 0001:00023fe0       ??1NamedAllocator@shdfnd@physx@@QAE@XZ 10024fe0 f   PsAllocator.obj
 0001:00024070       ??4NamedAllocator@shdfnd@physx@@QAEAAV012@ABV012@@Z 10025070 f   PsAllocator.obj
 0001:00024110       ?allocate@NamedAllocator@shdfnd@physx@@QAEPAXIPBDH@Z 10025110 f   PsAllocator.obj
 0001:000241c0       ?deallocate@NamedAllocator@shdfnd@physx@@QAEXPAX@Z 100251c0 f   PsAllocator.obj
 0001:000242e0       ??$PX_UNUSED@_N@@YAXAB_N@Z 100252e0 f i PsAllocator.obj
 0001:000242f0       ??0?$Pair@QBVNamedAllocator@shdfnd@physx@@PBD@shdfnd@physx@@QAE@ABQBVNamedAllocator@12@ABQBD@Z 100252f0 f i PsAllocator.obj
 0001:00024320       ??0?$Pair@QBVNamedAllocator@shdfnd@physx@@PBD@shdfnd@physx@@QAE@ABV012@@Z 10025320 f i PsAllocator.obj
 0001:00024350       ??0ScopedLock@?$MutexT@VAllocator@shdfnd@physx@@@shdfnd@physx@@QAE@AAV123@@Z 10025350 f i PsAllocator.obj
 0001:00024380       ??1ScopedLock@?$MutexT@VAllocator@shdfnd@physx@@@shdfnd@physx@@QAE@XZ 10025380 f i PsAllocator.obj
 0001:000243a0       ??A?$HashMapBase@PBVNamedAllocator@shdfnd@physx@@PBDU?$Hash@PBVNamedAllocator@shdfnd@physx@@@23@VNonTrackingAllocator@23@@internal@shdfnd@physx@@QAEAAPBDABQBVNamedAllocator@23@@Z 100253a0 f i PsAllocator.obj
 0001:00024430       ??R?$Hash@PBVNamedAllocator@shdfnd@physx@@@shdfnd@physx@@QBEIABQBVNamedAllocator@12@@Z 10025430 f i PsAllocator.obj
 0001:00024460       ??R?$Hash@PBVNamedAllocator@shdfnd@physx@@@shdfnd@physx@@QBE_NABQBVNamedAllocator@12@0@Z 10025460 f i PsAllocator.obj
 0001:000244a0       ??RGetKey@?$HashMapBase@PBVNamedAllocator@shdfnd@physx@@PBDU?$Hash@PBVNamedAllocator@shdfnd@physx@@@23@VNonTrackingAllocator@23@@internal@shdfnd@physx@@QAEABQBVNamedAllocator@34@ABV?$Pair@QBVNamedAllocator@shdfnd@physx@@PBD@34@@Z 100254a0 f i PsAllocator.obj
 0001:000244c0       ?allocate@NonTrackingAllocator@shdfnd@physx@@QAEPAXIPBDH@Z 100254c0 f i PsAllocator.obj
 0001:00024520       ?create@?$HashBase@V?$Pair@QBVNamedAllocator@shdfnd@physx@@PBD@shdfnd@physx@@PBVNamedAllocator@23@U?$Hash@PBVNamedAllocator@shdfnd@physx@@@23@UGetKey@?$HashMapBase@PBVNamedAllocator@shdfnd@physx@@PBDU?$Hash@PBVNamedAllocator@shdfnd@physx@@@23@VNonTrackingAllocator@23@@internal@23@VNonTrackingAllocator@23@$00@internal@shdfnd@physx@@QAEPAV?$Pair@QBVNamedAllocator@shdfnd@physx@@PBD@34@ABQBVNamedAllocator@34@AA_N@Z 10025520 f i PsAllocator.obj
 0001:000246d0       ?deallocate@NonTrackingAllocator@shdfnd@physx@@QAEXPAX@Z 100256d0 f i PsAllocator.obj
 0001:00024720       ?erase@?$HashBase@V?$Pair@QBVNamedAllocator@shdfnd@physx@@PBD@shdfnd@physx@@PBVNamedAllocator@23@U?$Hash@PBVNamedAllocator@shdfnd@physx@@@23@UGetKey@?$HashMapBase@PBVNamedAllocator@shdfnd@physx@@PBDU?$Hash@PBVNamedAllocator@shdfnd@physx@@@23@VNonTrackingAllocator@23@@internal@23@VNonTrackingAllocator@23@$00@internal@shdfnd@physx@@QAE_NABQBVNamedAllocator@34@@Z 10025720 f i PsAllocator.obj
 0001:00024860       ?erase@?$HashMapBase@PBVNamedAllocator@shdfnd@physx@@PBDU?$Hash@PBVNamedAllocator@shdfnd@physx@@@23@VNonTrackingAllocator@23@@internal@shdfnd@physx@@QAE_NABQBVNamedAllocator@34@@Z 10025860 f i PsAllocator.obj
 0001:00024880       ?find@?$HashBase@V?$Pair@QBVNamedAllocator@shdfnd@physx@@PBD@shdfnd@physx@@PBVNamedAllocator@23@U?$Hash@PBVNamedAllocator@shdfnd@physx@@@23@UGetKey@?$HashMapBase@PBVNamedAllocator@shdfnd@physx@@PBDU?$Hash@PBVNamedAllocator@shdfnd@physx@@@23@VNonTrackingAllocator@23@@internal@23@VNonTrackingAllocator@23@$00@internal@shdfnd@physx@@QBEPBV?$Pair@QBVNamedAllocator@shdfnd@physx@@PBD@34@ABQBVNamedAllocator@34@@Z 10025880 f i PsAllocator.obj
 0001:00024960       ?find@?$HashMapBase@PBVNamedAllocator@shdfnd@physx@@PBDU?$Hash@PBVNamedAllocator@shdfnd@physx@@@23@VNonTrackingAllocator@23@@internal@shdfnd@physx@@QBEPBV?$Pair@QBVNamedAllocator@shdfnd@physx@@PBD@34@ABQBVNamedAllocator@34@@Z 10025960 f i PsAllocator.obj
 0001:00024980       ?freeListAdd@?$HashBase@V?$Pair@QBVNamedAllocator@shdfnd@physx@@PBD@shdfnd@physx@@PBVNamedAllocator@23@U?$Hash@PBVNamedAllocator@shdfnd@physx@@@23@UGetKey@?$HashMapBase@PBVNamedAllocator@shdfnd@physx@@PBDU?$Hash@PBVNamedAllocator@shdfnd@physx@@@23@VNonTrackingAllocator@23@@internal@23@VNonTrackingAllocator@23@$00@internal@shdfnd@physx@@AAEXI@Z 10025980 f i PsAllocator.obj
 0001:00024a30       ?freeListAdd@?$HashBase@V?$Pair@QBVNamedAllocator@shdfnd@physx@@PBD@shdfnd@physx@@PBVNamedAllocator@23@U?$Hash@PBVNamedAllocator@shdfnd@physx@@@23@UGetKey@?$HashMapBase@PBVNamedAllocator@shdfnd@physx@@PBDU?$Hash@PBVNamedAllocator@shdfnd@physx@@@23@VNonTrackingAllocator@23@@internal@23@VNonTrackingAllocator@23@$00@internal@shdfnd@physx@@AAEXII@Z 10025a30 f i PsAllocator.obj
 0001:00024b20       ?freeListEmpty@?$HashBase@V?$Pair@QBVNamedAllocator@shdfnd@physx@@PBD@shdfnd@physx@@PBVNamedAllocator@23@U?$Hash@PBVNamedAllocator@shdfnd@physx@@@23@UGetKey@?$HashMapBase@PBVNamedAllocator@shdfnd@physx@@PBDU?$Hash@PBVNamedAllocator@shdfnd@physx@@@23@VNonTrackingAllocator@23@@internal@23@VNonTrackingAllocator@23@$00@internal@shdfnd@physx@@ABE_NXZ 10025b20 f i PsAllocator.obj
 0001:00024b90       ?freeListGetNext@?$HashBase@V?$Pair@QBVNamedAllocator@shdfnd@physx@@PBD@shdfnd@physx@@PBVNamedAllocator@23@U?$Hash@PBVNamedAllocator@shdfnd@physx@@@23@UGetKey@?$HashMapBase@PBVNamedAllocator@shdfnd@physx@@PBDU?$Hash@PBVNamedAllocator@shdfnd@physx@@@23@VNonTrackingAllocator@23@@internal@23@VNonTrackingAllocator@23@$00@internal@shdfnd@physx@@AAEIXZ 10025b90 f i PsAllocator.obj
 0001:00024cb0       ?getMap@?A0xaba39963@shdfnd@physx@@YAAAV?$HashMap@PBVNamedAllocator@shdfnd@physx@@PBDU?$Hash@PBVNamedAllocator@shdfnd@physx@@@23@VNonTrackingAllocator@23@@23@XZ 10025cb0 f i PsAllocator.obj
 0001:00024cd0       ?getMutex@?A0xaba39963@shdfnd@physx@@YAAAV?$MutexT@VAllocator@shdfnd@physx@@@23@XZ 10025cd0 f i PsAllocator.obj
 0001:00024cf0       ?grow@?$HashBase@V?$Pair@QBVNamedAllocator@shdfnd@physx@@PBD@shdfnd@physx@@PBVNamedAllocator@23@U?$Hash@PBVNamedAllocator@shdfnd@physx@@@23@UGetKey@?$HashMapBase@PBVNamedAllocator@shdfnd@physx@@PBDU?$Hash@PBVNamedAllocator@shdfnd@physx@@@23@VNonTrackingAllocator@23@@internal@23@VNonTrackingAllocator@23@$00@internal@shdfnd@physx@@AAEXXZ 10025cf0 f i PsAllocator.obj
 0001:00024db0       ?hash@?$HashBase@V?$Pair@QBVNamedAllocator@shdfnd@physx@@PBD@shdfnd@physx@@PBVNamedAllocator@23@U?$Hash@PBVNamedAllocator@shdfnd@physx@@@23@UGetKey@?$HashMapBase@PBVNamedAllocator@shdfnd@physx@@PBDU?$Hash@PBVNamedAllocator@shdfnd@physx@@@23@VNonTrackingAllocator@23@@internal@23@VNonTrackingAllocator@23@$00@internal@shdfnd@physx@@ABEIABQBVNamedAllocator@34@@Z 10025db0 f i PsAllocator.obj
 0001:00024de0       ?hash@?$HashBase@V?$Pair@QBVNamedAllocator@shdfnd@physx@@PBD@shdfnd@physx@@PBVNamedAllocator@23@U?$Hash@PBVNamedAllocator@shdfnd@physx@@@23@UGetKey@?$HashMapBase@PBVNamedAllocator@shdfnd@physx@@PBDU?$Hash@PBVNamedAllocator@shdfnd@physx@@@23@VNonTrackingAllocator@23@@internal@23@VNonTrackingAllocator@23@$00@internal@shdfnd@physx@@ABEIABQBVNamedAllocator@34@I@Z 10025de0 f i PsAllocator.obj
 0001:00024e20       ?hash@shdfnd@physx@@YAII@Z 10025e20 f i PsAllocator.obj
 0001:00024ea0       ?hash@shdfnd@physx@@YAIPBX@Z 10025ea0 f i PsAllocator.obj
 0001:00024ec0       ?insert@?$HashMapBase@PBVNamedAllocator@shdfnd@physx@@PBDU?$Hash@PBVNamedAllocator@shdfnd@physx@@@23@VNonTrackingAllocator@23@@internal@shdfnd@physx@@QAE_NQBVNamedAllocator@34@QBD@Z 10025ec0 f i PsAllocator.obj
 0001:00024f60       ?isPowerOfTwo@shdfnd@physx@@YA_NI@Z 10025f60 f i PsAllocator.obj
 0001:00024fa0       ?lock@?$MutexT@VAllocator@shdfnd@physx@@@shdfnd@physx@@QBEXXZ 10025fa0 f i PsAllocator.obj
 0001:00024fc0       ?nextPowerOfTwo@shdfnd@physx@@YAII@Z 10025fc0 f i PsAllocator.obj
 0001:00025020       ?replaceWithLast@?$HashBase@V?$Pair@QBVNamedAllocator@shdfnd@physx@@PBD@shdfnd@physx@@PBVNamedAllocator@23@U?$Hash@PBVNamedAllocator@shdfnd@physx@@@23@UGetKey@?$HashMapBase@PBVNamedAllocator@shdfnd@physx@@PBDU?$Hash@PBVNamedAllocator@shdfnd@physx@@@23@VNonTrackingAllocator@23@@internal@23@VNonTrackingAllocator@23@$00@internal@shdfnd@physx@@AAEXI@Z 10026020 f i PsAllocator.obj
 0001:00025170       ?reserve@?$HashBase@V?$Pair@QBVNamedAllocator@shdfnd@physx@@PBD@shdfnd@physx@@PBVNamedAllocator@23@U?$Hash@PBVNamedAllocator@shdfnd@physx@@@23@UGetKey@?$HashMapBase@PBVNamedAllocator@shdfnd@physx@@PBDU?$Hash@PBVNamedAllocator@shdfnd@physx@@@23@VNonTrackingAllocator@23@@internal@23@VNonTrackingAllocator@23@$00@internal@shdfnd@physx@@QAEXI@Z 10026170 f i PsAllocator.obj
 0001:000251a0       ?reserveInternal@?$HashBase@V?$Pair@QBVNamedAllocator@shdfnd@physx@@PBD@shdfnd@physx@@PBVNamedAllocator@23@U?$Hash@PBVNamedAllocator@shdfnd@physx@@@23@UGetKey@?$HashMapBase@PBVNamedAllocator@shdfnd@physx@@PBDU?$Hash@PBVNamedAllocator@shdfnd@physx@@@23@VNonTrackingAllocator@23@@internal@23@VNonTrackingAllocator@23@$00@internal@shdfnd@physx@@AAEXI@Z 100261a0 f i PsAllocator.obj
 0001:00025660       ?unlock@?$MutexT@VAllocator@shdfnd@physx@@@shdfnd@physx@@QBEXXZ 10026660 f i PsAllocator.obj
 0001:00025680       ?PxGetAssertHandler@physx@@YAAAVPxAssertHandler@1@XZ 10026680 f   PsAssert.obj
 0001:00025690       ?PxSetAssertHandler@physx@@YAXAAVPxAssertHandler@1@@Z 10026690 f   PsAssert.obj
 0001:000256b0       ??0DefaultAssertHandler@?A0x8c7671c9@@QAE@XZ 100266b0 f i PsAssert.obj
 0001:000256e0       ??0PxAssertHandler@physx@@QAE@XZ 100266e0 f i PsAssert.obj
 0001:00025700       ??1DefaultAssertHandler@?A0x8c7671c9@@UAE@XZ 10026700 f i PsAssert.obj
 0001:00025720       ??1PxAssertHandler@physx@@UAE@XZ 10026720 f i PsAssert.obj
 0001:00025740       ??RDefaultAssertHandler@?A0x8c7671c9@@EAEXPBD0HAA_N@Z 10026740 f i PsAssert.obj
 0001:00025820       ??_GDefaultAssertHandler@?A0x8c7671c9@@UAEPAXI@Z 10026820 f i PsAssert.obj
 0001:00025820       ??_EDefaultAssertHandler@?A0x8c7671c9@@UAEPAXI@Z 10026820 f i PsAssert.obj
 0001:00025860       ??_EPxAssertHandler@physx@@UAEPAXI@Z 10026860 f i PsAssert.obj
 0001:00025860       ??_GPxAssertHandler@physx@@UAEPAXI@Z 10026860 f i PsAssert.obj
 0001:000258a0       ??0ErrorHandler@shdfnd@physx@@QAE@XZ 100268a0 f   PsErrorHandler.obj
 0001:000258f0       ??1ErrorHandler@shdfnd@physx@@QAE@XZ 100268f0 f   PsErrorHandler.obj
 0001:00025950       ?reportError@ErrorHandler@shdfnd@physx@@QAEXW4Enum@PxErrorCode@3@PBD1H@Z 10026950 f   PsErrorHandler.obj
 0001:000259d0       ?registerErrorCallback@ErrorHandler@shdfnd@physx@@QAEHAAVPxErrorCallback@3@@Z 100269d0 f   PsErrorHandler.obj
 0001:00025aa0       ?unRegisterErrorCallback@ErrorHandler@shdfnd@physx@@QAEXAAVPxErrorCallback@3@@Z 10026aa0 f   PsErrorHandler.obj
 0001:00025af0       ?unRegisterErrorCallback@ErrorHandler@shdfnd@physx@@QAEXH@Z 10026af0 f   PsErrorHandler.obj
 0001:00025c10       ?getMutex@?A0x322ecad1@@YAAAV?$MutexT@VAllocator@shdfnd@physx@@@shdfnd@physx@@XZ 10026c10 f i PsErrorHandler.obj
 0001:00025c30       ?lowestSetBit@shdfnd@physx@@YAII@Z 10026c30 f i PsErrorHandler.obj
 0001:00025c90       ?lowestSetBitUnsafe@shdfnd@physx@@YAII@Z 10026c90 f i PsErrorHandler.obj
 0001:00025cb0       ?createFastIPC@shdfnd@physx@@YAPAVPxIPC@12@AAW4ErrorCode@312@W4ConnectionType@312@PBDII_N3I@Z 10026cb0 f   PsFastIPC.obj
 0001:00025da0       ??$?2V?$ReflectionAllocator@VFastIPC@shdfnd@physx@@@shdfnd@physx@@@UserAllocated@shdfnd@physx@@SAPAXIV?$ReflectionAllocator@VFastIPC@shdfnd@physx@@@12@PBDH@Z 10026da0 f i PsFastIPC.obj
 0001:00025dc0       ??$?2V?$ReflectionAllocator@VMemoryMappedFile@shdfnd@physx@@@shdfnd@physx@@@UserAllocated@shdfnd@physx@@SAPAXIV?$ReflectionAllocator@VMemoryMappedFile@shdfnd@physx@@@12@PBDH@Z 10026dc0 f i PsFastIPC.obj
 0001:00025de0       ??$?2V?$ReflectionAllocator@VMultiPartData@PxRingBuffer@shdfnd@physx@@@shdfnd@physx@@@UserAllocated@shdfnd@physx@@SAPAXIV?$ReflectionAllocator@VMultiPartData@PxRingBuffer@shdfnd@physx@@@12@PBDH@Z 10026de0 f i PsFastIPC.obj
 0001:00025e00       ??$?2V?$ReflectionAllocator@VMultiPartPacket@PxRingBuffer@shdfnd@physx@@@shdfnd@physx@@@UserAllocated@shdfnd@physx@@SAPAXIV?$ReflectionAllocator@VMultiPartPacket@PxRingBuffer@shdfnd@physx@@@12@PBDH@Z 10026e00 f i PsFastIPC.obj
 0001:00025e20       ??0?$ReflectionAllocator@VFastIPC@shdfnd@physx@@@shdfnd@physx@@QAE@PBD@Z 10026e20 f i PsFastIPC.obj
 0001:00025e40       ??0?$ReflectionAllocator@VMemoryMappedFile@shdfnd@physx@@@shdfnd@physx@@QAE@PBD@Z 10026e40 f i PsFastIPC.obj
 0001:00025e60       ??0?$ReflectionAllocator@VMultiPartData@PxRingBuffer@shdfnd@physx@@@shdfnd@physx@@QAE@PBD@Z 10026e60 f i PsFastIPC.obj
 0001:00025e80       ??0?$ReflectionAllocator@VMultiPartPacket@PxRingBuffer@shdfnd@physx@@@shdfnd@physx@@QAE@PBD@Z 10026e80 f i PsFastIPC.obj
 0001:00025ea0       ??0FastIPC@shdfnd@physx@@QAE@AAW4ErrorCode@PxIPC@12@W4ConnectionType@412@PBDII_N3I@Z 10026ea0 f i PsFastIPC.obj
 0001:000263c0       ??0MultiPartData@PxRingBuffer@shdfnd@physx@@QAE@PBVMultiPartPacketHeader@123@@Z 100273c0 f i PsFastIPC.obj
 0001:00026450       ??0MultiPartPacket@PxRingBuffer@shdfnd@physx@@QAE@W4MessageType@123@PBXIIPAV123@@Z 10027450 f i PsFastIPC.obj
 0001:00026530       ??0PxIPC@shdfnd@physx@@QAE@XZ 10027530 f i PsFastIPC.obj
 0001:00026550       ??0PxRingBuffer@shdfnd@physx@@QAE@XZ 10027550 f i PsFastIPC.obj
 0001:000265f0       ??1FastIPC@shdfnd@physx@@UAE@XZ 100275f0 f i PsFastIPC.obj
 0001:000266b0       ??1MultiPartData@PxRingBuffer@shdfnd@physx@@QAE@XZ 100276b0 f i PsFastIPC.obj
 0001:000266e0       ??1MultiPartPacket@PxRingBuffer@shdfnd@physx@@QAE@XZ 100276e0 f i PsFastIPC.obj
 0001:00026710       ??1PxIPC@shdfnd@physx@@MAE@XZ 10027710 f i PsFastIPC.obj
 0001:00026730       ??1PxRingBuffer@shdfnd@physx@@QAE@XZ 10027730 f i PsFastIPC.obj
 0001:00026800       ??_GFastIPC@shdfnd@physx@@UAEPAXI@Z 10027800 f i PsFastIPC.obj
 0001:00026800       ??_EFastIPC@shdfnd@physx@@UAEPAXI@Z 10027800 f i PsFastIPC.obj
 0001:00026840       ??_GMemoryMappedFile@shdfnd@physx@@QAEPAXI@Z 10027840 f i PsFastIPC.obj
 0001:00026880       ??_GMultiPartData@PxRingBuffer@shdfnd@physx@@QAEPAXI@Z 10027880 f i PsFastIPC.obj
 0001:000268c0       ??_GMultiPartPacket@PxRingBuffer@shdfnd@physx@@QAEPAXI@Z 100278c0 f i PsFastIPC.obj
 0001:00026900       ??_EPxIPC@shdfnd@physx@@MAEPAXI@Z 10027900 f i PsFastIPC.obj
 0001:00026900       ??_GPxIPC@shdfnd@physx@@MAEPAXI@Z 10027900 f i PsFastIPC.obj
 0001:00026940       ?acknowledgeInternal@PxRingBuffer@shdfnd@physx@@AAEXXZ 10027940 f i PsFastIPC.obj
 0001:00026a10       ?allocate@?$ReflectionAllocator@VFastIPC@shdfnd@physx@@@shdfnd@physx@@QAEPAXIPBDH@Z 10027a10 f i PsFastIPC.obj
 0001:00026a70       ?allocate@?$ReflectionAllocator@VMemoryMappedFile@shdfnd@physx@@@shdfnd@physx@@QAEPAXIPBDH@Z 10027a70 f i PsFastIPC.obj
 0001:00026ad0       ?allocate@?$ReflectionAllocator@VMultiPartData@PxRingBuffer@shdfnd@physx@@@shdfnd@physx@@QAEPAXIPBDH@Z 10027ad0 f i PsFastIPC.obj
 0001:00026b30       ?allocate@?$ReflectionAllocator@VMultiPartPacket@PxRingBuffer@shdfnd@physx@@@shdfnd@physx@@QAEPAXIPBDH@Z 10027b30 f i PsFastIPC.obj
 0001:00026b90       ?canSend@FastIPC@shdfnd@physx@@UAE_NI@Z 10027b90 f i PsFastIPC.obj
 0001:00026c00       ?canSend@PxRingBuffer@shdfnd@physx@@QBE?AW4ErrorCode@123@I@Z 10027c00 f i PsFastIPC.obj
 0001:00026d50       ?getData@MultiPartData@PxRingBuffer@shdfnd@physx@@QBEPBXXZ 10027d50 f i PsFastIPC.obj
 0001:00026d70       ?getDataLen@PacketHeader@PxRingBuffer@shdfnd@physx@@QBEIXZ 10027d70 f i PsFastIPC.obj
 0001:00026d90       ?getMessageSize@MultiPartData@PxRingBuffer@shdfnd@physx@@QBEIXZ 10027d90 f i PsFastIPC.obj
 0001:00026db0       ?getMessageSize@MultiPartPacket@PxRingBuffer@shdfnd@physx@@QBEIXZ 10027db0 f i PsFastIPC.obj
 0001:00026dd0       ?getMessageType@MultiPartData@PxRingBuffer@shdfnd@physx@@QBE?AW4MessageType@234@XZ 10027dd0 f i PsFastIPC.obj
 0001:00026df0       ?getMessageType@PacketHeader@PxRingBuffer@shdfnd@physx@@QBE?AW4MessageType@234@XZ 10027df0 f i PsFastIPC.obj
 0001:00026e10       ?getName@?$ReflectionAllocator@VFastIPC@shdfnd@physx@@@shdfnd@physx@@CAPBDXZ 10027e10 f i PsFastIPC.obj
 0001:00026e60       ?getName@?$ReflectionAllocator@VMemoryMappedFile@shdfnd@physx@@@shdfnd@physx@@CAPBDXZ 10027e60 f i PsFastIPC.obj
 0001:00026eb0       ?getName@?$ReflectionAllocator@VMultiPartData@PxRingBuffer@shdfnd@physx@@@shdfnd@physx@@CAPBDXZ 10027eb0 f i PsFastIPC.obj
 0001:00026f00       ?getName@?$ReflectionAllocator@VMultiPartPacket@PxRingBuffer@shdfnd@physx@@@shdfnd@physx@@CAPBDXZ 10027f00 f i PsFastIPC.obj
 0001:00026f50       ?getNext@MultiPartPacket@PxRingBuffer@shdfnd@physx@@QBEPAV1234@XZ 10027f50 f i PsFastIPC.obj
 0001:00026f70       ?getReadAddress@PxRingBuffer@shdfnd@physx@@ABEIXZ 10027f70 f i PsFastIPC.obj
 0001:00026fe0       ?getWriteAddress@PxRingBuffer@shdfnd@physx@@ABEIXZ 10027fe0 f i PsFastIPC.obj
 0001:00027050       ?haveConnection@FastIPC@shdfnd@physx@@UBE_NXZ 10028050 f i PsFastIPC.obj
 0001:000270b0       ?init@PacketHeader@PxRingBuffer@shdfnd@physx@@QAEXIII@Z 100280b0 f i PsFastIPC.obj
 0001:00027100       ?init@PxRingBuffer@shdfnd@physx@@QAEXPAXI_N1IPAI2@Z 10028100 f i PsFastIPC.obj
 0001:00027280       ?isFinished@MultiPartData@PxRingBuffer@shdfnd@physx@@QBE_NXZ 10028280 f i PsFastIPC.obj
 0001:000272c0       ?isPadded@PacketHeader@PxRingBuffer@shdfnd@physx@@QBE_NXZ 100282c0 f i PsFastIPC.obj
 0001:00027300       ?isServer@FastIPC@shdfnd@physx@@UBE_NXZ 10028300 f i PsFastIPC.obj
 0001:00027320       ?process@MultiPartData@PxRingBuffer@shdfnd@physx@@QAE_NPBXI@Z 10028320 f i PsFastIPC.obj
 0001:00027450       ?process@MultiPartPacket@PxRingBuffer@shdfnd@physx@@QAE?AW4ErrorCode@234@XZ 10028450 f i PsFastIPC.obj
 0001:00027580       ?pumpPendingSends@FastIPC@shdfnd@physx@@UAE_NXZ 10028580 f i PsFastIPC.obj
 0001:00027610       ?pumpPendingSends@PxRingBuffer@shdfnd@physx@@QAE_NXZ 10028610 f i PsFastIPC.obj
 0001:000276e0       ?readData@PxRingBuffer@shdfnd@physx@@AAEPBXAAII@Z 100286e0 f i PsFastIPC.obj
 0001:00027770       ?receiveAcknowledge@FastIPC@shdfnd@physx@@UAE?AW4ErrorCode@PxIPC@23@XZ 10028770 f i PsFastIPC.obj
 0001:00027820       ?receiveAcknowledge@PxRingBuffer@shdfnd@physx@@QAE?AW4ErrorCode@123@XZ 10028820 f i PsFastIPC.obj
 0001:00027930       ?receiveData@FastIPC@shdfnd@physx@@UAEPBXAAI@Z 10028930 f i PsFastIPC.obj
 0001:000279e0       ?receiveData@PxRingBuffer@shdfnd@physx@@QAE?AW4MessageType@123@AAPBXAAI@Z 100289e0 f i PsFastIPC.obj
 0001:00027e00       ?release@FastIPC@shdfnd@physx@@UAEXXZ 10028e00 f i PsFastIPC.obj
 0001:00027e50       ?sendData@FastIPC@shdfnd@physx@@UAE?AW4ErrorCode@PxIPC@23@PBXI_N@Z 10028e50 f i PsFastIPC.obj
 0001:00027f10       ?sendData@PxRingBuffer@shdfnd@physx@@QAE?AW4ErrorCode@123@W4MessageType@123@PBXI_N@Z 10028f10 f i PsFastIPC.obj
 0001:00028100       ?sendDataInternal@PxRingBuffer@shdfnd@physx@@AAE?AW4ErrorCode@123@W4MessageType@123@PBXI@Z 10029100 f i PsFastIPC.obj
 0001:00028190       ?sendHeader@MultiPartPacket@PxRingBuffer@shdfnd@physx@@QAE?AW4ErrorCode@234@XZ 10029190 f i PsFastIPC.obj
 0001:00028240       ?setNext@MultiPartPacket@PxRingBuffer@shdfnd@physx@@QAEXPAV1234@@Z 10029240 f i PsFastIPC.obj
 0001:00028260       ?setReadAddress@PxRingBuffer@shdfnd@physx@@AAEXI@Z 10029260 f i PsFastIPC.obj
 0001:00028330       ?setWriteAddress@PxRingBuffer@shdfnd@physx@@AAEXI@Z 10029330 f i PsFastIPC.obj
 0001:00028400       ?writeData@PxRingBuffer@shdfnd@physx@@AAEXW4MessageType@123@PBXI@Z 10029400 f i PsFastIPC.obj
 0001:00028660       ?createFastXml@shdfnd@physx@@YAPAVFastXml@12@PAVCallback@312@@Z 10029660 f   PsFastXml.obj
 0001:000286d0       ??0AttributePairs@FastXml@shdfnd@physx@@QAE@HPAPBD@Z 100296d0 f i PsFastXml.obj
 0001:00028700       ??0FastXml@shdfnd@physx@@QAE@XZ 10029700 f i PsFastXml.obj
 0001:00028720       ??0MyFastXml@?A0x376bbd1f@@QAE@PAVCallback@FastXml@shdfnd@physx@@@Z 10029720 f i PsFastXml.obj
 0001:00028910       ??1FastXml@shdfnd@physx@@MAE@XZ 10029910 f i PsFastXml.obj
 0001:00028930       ??1MyFastXml@?A0x376bbd1f@@EAE@XZ 10029930 f i PsFastXml.obj
 0001:00028960       ??_EFastXml@shdfnd@physx@@MAEPAXI@Z 10029960 f i PsFastXml.obj
 0001:00028960       ??_GFastXml@shdfnd@physx@@MAEPAXI@Z 10029960 f i PsFastXml.obj
 0001:000289a0       ??_EMyFastXml@?A0x376bbd1f@@EAEPAXI@Z 100299a0 f i PsFastXml.obj
 0001:000289a0       ??_GMyFastXml@?A0x376bbd1f@@EAEPAXI@Z 100299a0 f i PsFastXml.obj
 0001:000289e0       ?getCharType@MyFastXml@?A0x376bbd1f@@ABE?AW4CharType@12@PAD@Z 100299e0 f i PsFastXml.obj
 0001:00028a00       ?getError@MyFastXml@?A0x376bbd1f@@UAEPBDAAH@Z 10029a00 f i PsFastXml.obj
 0001:00028a50       ?nextSep@MyFastXml@?A0x376bbd1f@@AAEPADPAD@Z 10029a50 f i PsFastXml.obj
 0001:00028ab0       ?nextSoftOrClose@MyFastXml@?A0x376bbd1f@@AAEPADPADAA_N@Z 10029ab0 f i PsFastXml.obj
 0001:00028b30       ?popElement@MyFastXml@?A0x376bbd1f@@AAEPBDXZ 10029b30 f i PsFastXml.obj
 0001:00028c70       ?processClose@MyFastXml@?A0x376bbd1f@@QAEPADDPBDPADHPAPBDPAVCallback@FastXml@shdfnd@physx@@AA_N@Z 10029c70 f i PsFastXml.obj
 0001:00029610       ?processClose@MyFastXml@?A0x376bbd1f@@QAEPADPADPAVCallback@FastXml@shdfnd@physx@@AA_N@Z 1002a610 f i PsFastXml.obj
 0001:00029760       ?processXml@MyFastXml@?A0x376bbd1f@@QAE_NPAVCallback@FastXml@shdfnd@physx@@@Z 1002a760 f i PsFastXml.obj
 0001:0002a010       ?processXml@MyFastXml@?A0x376bbd1f@@UAE_NAAVPxInputData@physx@@_N@Z 1002b010 f i PsFastXml.obj
 0001:0002a060       ?pushElement@MyFastXml@?A0x376bbd1f@@AAEXPBD@Z 1002b060 f i PsFastXml.obj
 0001:0002a190       ?readData@MyFastXml@?A0x376bbd1f@@QAEPADPAD@Z 1002b190 f i PsFastXml.obj
 0001:0002a6a0       ?release@MyFastXml@?A0x376bbd1f@@UAEXXZ 1002b6a0 f i PsFastXml.obj
 0001:0002a6f0       ?releaseMemory@MyFastXml@?A0x376bbd1f@@AAEXXZ 1002b6f0 f i PsFastXml.obj
 0001:0002a840       ?skipNextData@MyFastXml@?A0x376bbd1f@@AAEPADPAD@Z 1002b840 f i PsFastXml.obj
 0001:0002a8c0       ?strchr@@YAPADPADH@Z       1002b8c0 f i PsFastXml.obj
 0001:0002a8e0       ?strstr@@YAPADPADPBD@Z     1002b8e0 f i PsFastXml.obj
 0001:0002a900       _PxCreateFoundation        1002b900 f   PsFoundation.obj
 0001:0002a920       _PxGetFoundation           1002b920 f   PsFoundation.obj
 0001:0002a930       ?getAllocator@shdfnd@physx@@YAAAVPxAllocatorCallback@2@XZ 1002b930 f   PsFoundation.obj
 0001:0002a950       ??0Foundation@shdfnd@physx@@AAE@AAVPxErrorCallback@2@AAVPxAllocatorCallback@2@@Z 1002b950 f   PsFoundation.obj
 0001:0002aa90       ??1Foundation@shdfnd@physx@@EAE@XZ 1002ba90 f   PsFoundation.obj
 0001:0002ab80       ?release@Foundation@shdfnd@physx@@UAEXXZ 1002bb80 f   PsFoundation.obj
 0001:0002ab90       ?createInstance@Foundation@shdfnd@physx@@SAPAV123@IAAVPxErrorCallback@3@AAVPxAllocatorCallback@3@@Z 1002bb90 f   PsFoundation.obj
 0001:0002ad30       ?destroyInstance@Foundation@shdfnd@physx@@SAXXZ 1002bd30 f   PsFoundation.obj
 0001:0002adf0       ?getInstance@Foundation@shdfnd@physx@@SAAAV123@XZ 1002bdf0 f   PsFoundation.obj
 0001:0002ae40       ?incRefCount@Foundation@shdfnd@physx@@SAXXZ 1002be40 f   PsFoundation.obj
 0001:0002aec0       ?decRefCount@Foundation@shdfnd@physx@@SAXXZ 1002bec0 f   PsFoundation.obj
 0001:0002af40       ?getErrorCallback@Foundation@shdfnd@physx@@UBEAAVPxErrorCallback@3@XZ 1002bf40 f   PsFoundation.obj
 0001:0002af60       ?setErrorLevel@Foundation@shdfnd@physx@@UAEXW4Enum@PxErrorCode@3@@Z 1002bf60 f   PsFoundation.obj
 0001:0002af80       ?getErrorLevel@Foundation@shdfnd@physx@@UBE?AW4Enum@PxErrorCode@3@XZ 1002bf80 f   PsFoundation.obj
 0001:0002afa0       ?getAllocatorCallback@Foundation@shdfnd@physx@@UBEAAVPxAllocatorCallback@3@XZ 1002bfa0 f   PsFoundation.obj
 0001:0002afc0       ?error@Foundation@shdfnd@physx@@QAAXW4Enum@PxErrorCode@3@PBDH1ZZ 1002bfc0 f   PsFoundation.obj
 0001:0002b000       ?errorImpl@Foundation@shdfnd@physx@@QAEXW4Enum@PxErrorCode@3@PBDH1PAD@Z 1002c000 f   PsFoundation.obj
 0001:0002b0c0       ?getWarnOnceTimestamp@Foundation@shdfnd@physx@@SAIXZ 1002c0c0 f   PsFoundation.obj
 0001:0002b110       ?allocate@AlignCheckAllocator@Foundation@shdfnd@physx@@UAEPAXIPBD0H@Z 1002c110 f   PsFoundation.obj
 0001:0002b430       ??$PX_UNUSED@H@@YAXABH@Z   1002c430 f i PsFoundation.obj
 0001:0002b440       ??0?$Array@PATTempAllocatorChunk@shdfnd@physx@@VAllocator@23@@shdfnd@physx@@QAE@ABVAllocator@12@@Z 1002c440 f i PsFoundation.obj
 0001:0002b480       ??0?$HashBase@V?$Pair@QBVNamedAllocator@shdfnd@physx@@PBD@shdfnd@physx@@PBVNamedAllocator@23@U?$Hash@PBVNamedAllocator@shdfnd@physx@@@23@UGetKey@?$HashMapBase@PBVNamedAllocator@shdfnd@physx@@PBDU?$Hash@PBVNamedAllocator@shdfnd@physx@@@23@VNonTrackingAllocator@23@@internal@23@VNonTrackingAllocator@23@$00@internal@shdfnd@physx@@QAE@IM@Z 1002c480 f i PsFoundation.obj
 0001:0002b4d0       ??0?$HashMap@PBVNamedAllocator@shdfnd@physx@@PBDU?$Hash@PBVNamedAllocator@shdfnd@physx@@@23@VNonTrackingAllocator@23@@shdfnd@physx@@QAE@IM@Z 1002c4d0 f i PsFoundation.obj
 0001:0002b500       ??0?$HashMapBase@PBVNamedAllocator@shdfnd@physx@@PBDU?$Hash@PBVNamedAllocator@shdfnd@physx@@@23@VNonTrackingAllocator@23@@internal@shdfnd@physx@@QAE@IM@Z 1002c500 f i PsFoundation.obj
 0001:0002b530       ??0?$MutexT@VAllocator@shdfnd@physx@@@shdfnd@physx@@QAE@ABVAllocator@12@@Z 1002c530 f i PsFoundation.obj
 0001:0002b5b0       ??0AlignCheckAllocator@Foundation@shdfnd@physx@@QAE@AAVPxAllocatorCallback@3@@Z 1002c5b0 f i PsFoundation.obj
 0001:0002b600       ??0NonTrackingAllocator@shdfnd@physx@@QAE@PBD@Z 1002c600 f i PsFoundation.obj
 0001:0002b620       ??0PxAllocatorCallback@physx@@QAE@XZ 1002c620 f i PsFoundation.obj
 0001:0002b640       ??0PxBroadcastingAllocator@physx@@QAE@XZ 1002c640 f i PsFoundation.obj
 0001:0002b670       ??0TempAllocator@shdfnd@physx@@QAE@PBD@Z 1002c670 f i PsFoundation.obj
 0001:0002b690       ??1?$Array@PATTempAllocatorChunk@shdfnd@physx@@VAllocator@23@@shdfnd@physx@@QAE@XZ 1002c690 f i PsFoundation.obj
 0001:0002b700       ??1?$HashBase@V?$Pair@QBVNamedAllocator@shdfnd@physx@@PBD@shdfnd@physx@@PBVNamedAllocator@23@U?$Hash@PBVNamedAllocator@shdfnd@physx@@@23@UGetKey@?$HashMapBase@PBVNamedAllocator@shdfnd@physx@@PBDU?$Hash@PBVNamedAllocator@shdfnd@physx@@@23@VNonTrackingAllocator@23@@internal@23@VNonTrackingAllocator@23@$00@internal@shdfnd@physx@@QAE@XZ 1002c700 f i PsFoundation.obj
 0001:0002b740       ??1?$HashMap@PBVNamedAllocator@shdfnd@physx@@PBDU?$Hash@PBVNamedAllocator@shdfnd@physx@@@23@VNonTrackingAllocator@23@@shdfnd@physx@@QAE@XZ 1002c740 f i PsFoundation.obj
 0001:0002b760       ??1?$HashMapBase@PBVNamedAllocator@shdfnd@physx@@PBDU?$Hash@PBVNamedAllocator@shdfnd@physx@@@23@VNonTrackingAllocator@23@@internal@shdfnd@physx@@QAE@XZ 1002c760 f i PsFoundation.obj
 0001:0002b780       ??1?$MutexT@VAllocator@shdfnd@physx@@@shdfnd@physx@@QAE@XZ 1002c780 f i PsFoundation.obj
 0001:0002b7b0       ??1AlignCheckAllocator@Foundation@shdfnd@physx@@UAE@XZ 1002c7b0 f i PsFoundation.obj
 0001:0002b7d0       ??1PxAllocatorCallback@physx@@UAE@XZ 1002c7d0 f i PsFoundation.obj
 0001:0002b7f0       ??1PxBroadcastingAllocator@physx@@MAE@XZ 1002c7f0 f i PsFoundation.obj
 0001:0002b820       ??4TempAllocator@shdfnd@physx@@QAEAAV012@ABV012@@Z 1002c820 f i PsFoundation.obj
 0001:0002b840       ??A?$Array@PATTempAllocatorChunk@shdfnd@physx@@VAllocator@23@@shdfnd@physx@@QAEAAPATTempAllocatorChunk@12@I@Z 1002c840 f i PsFoundation.obj
 0001:0002b8b0       ??_EFoundation@shdfnd@physx@@EAEPAXI@Z 1002c8b0 f i PsFoundation.obj
 0001:0002b940       ??_FTempAllocator@shdfnd@physx@@QAEXXZ 1002c940 f i PsFoundation.obj
 0001:0002b960       ??_EAlignCheckAllocator@Foundation@shdfnd@physx@@UAEPAXI@Z 1002c960 f i PsFoundation.obj
 0001:0002b960       ??_GAlignCheckAllocator@Foundation@shdfnd@physx@@UAEPAXI@Z 1002c960 f i PsFoundation.obj
 0001:0002b9a0       ??_GFoundation@shdfnd@physx@@EAEPAXI@Z 1002c9a0 f i PsFoundation.obj
 0001:0002b9e0       ??_GPxAllocatorCallback@physx@@UAEPAXI@Z 1002c9e0 f i PsFoundation.obj
 0001:0002b9e0       ??_EPxAllocatorCallback@physx@@UAEPAXI@Z 1002c9e0 f i PsFoundation.obj
 0001:0002ba20       ??_EPxBroadcastingAllocator@physx@@MAEPAXI@Z 1002ca20 f i PsFoundation.obj
 0001:0002ba20       ??_GPxBroadcastingAllocator@physx@@MAEPAXI@Z 1002ca20 f i PsFoundation.obj
 0001:0002ba60       ?allocate@?$Array@PATTempAllocatorChunk@shdfnd@physx@@VAllocator@23@@shdfnd@physx@@IAEPAPATTempAllocatorChunk@23@I@Z 1002ca60 f i PsFoundation.obj
 0001:0002bae0       ?capacity@?$Array@PATTempAllocatorChunk@shdfnd@physx@@VAllocator@23@@shdfnd@physx@@QBEIXZ 1002cae0 f i PsFoundation.obj
 0001:0002bb00       ?copy@?$Array@PATTempAllocatorChunk@shdfnd@physx@@VAllocator@23@@shdfnd@physx@@KAXPAPATTempAllocatorChunk@23@0PBQAT423@@Z 1002cb00 f i PsFoundation.obj
 0001:0002bb70       ?create@?$Array@PATTempAllocatorChunk@shdfnd@physx@@VAllocator@23@@shdfnd@physx@@KAXPAPATTempAllocatorChunk@23@0ABQAT423@@Z 1002cb70 f i PsFoundation.obj
 0001:0002bbe0       ?deallocate@?$Array@PATTempAllocatorChunk@shdfnd@physx@@VAllocator@23@@shdfnd@physx@@IAEXPAX@Z 1002cbe0 f i PsFoundation.obj
 0001:0002bc00       ?deallocate@AlignCheckAllocator@Foundation@shdfnd@physx@@UAEXPAX@Z 1002cc00 f i PsFoundation.obj
 0001:0002bc90       ?deregisterAllocationListener@AlignCheckAllocator@Foundation@shdfnd@physx@@UAEXAAVPxAllocationListener@4@@Z 1002cc90 f i PsFoundation.obj
 0001:0002bd10       ?destroy@?$Array@PATTempAllocatorChunk@shdfnd@physx@@VAllocator@23@@shdfnd@physx@@KAXPAPATTempAllocatorChunk@23@0@Z 1002cd10 f i PsFoundation.obj
 0001:0002bd30       ?destroy@?$HashBase@V?$Pair@QBVNamedAllocator@shdfnd@physx@@PBD@shdfnd@physx@@PBVNamedAllocator@23@U?$Hash@PBVNamedAllocator@shdfnd@physx@@@23@UGetKey@?$HashMapBase@PBVNamedAllocator@shdfnd@physx@@PBDU?$Hash@PBVNamedAllocator@shdfnd@physx@@@23@VNonTrackingAllocator@23@@internal@23@VNonTrackingAllocator@23@$00@internal@shdfnd@physx@@AAEXXZ 1002cd30 f i PsFoundation.obj
 0001:0002bda0       ?getBaseAllocator@AlignCheckAllocator@Foundation@shdfnd@physx@@QBEAAVPxAllocatorCallback@4@XZ 1002cda0 f i PsFoundation.obj
 0001:0002bdc0       ?grow@?$Array@PATTempAllocatorChunk@shdfnd@physx@@VAllocator@23@@shdfnd@physx@@IAEXI@Z 1002cdc0 f i PsFoundation.obj
 0001:0002be40       ?init@?$HashBase@V?$Pair@QBVNamedAllocator@shdfnd@physx@@PBD@shdfnd@physx@@PBVNamedAllocator@23@U?$Hash@PBVNamedAllocator@shdfnd@physx@@@23@UGetKey@?$HashMapBase@PBVNamedAllocator@shdfnd@physx@@PBDU?$Hash@PBVNamedAllocator@shdfnd@physx@@@23@VNonTrackingAllocator@23@@internal@23@VNonTrackingAllocator@23@$00@internal@shdfnd@physx@@AAEXIM@Z 1002ce40 f i PsFoundation.obj
 0001:0002bef0       ?isInUserMemory@?$Array@PATTempAllocatorChunk@shdfnd@physx@@VAllocator@23@@shdfnd@physx@@QBEIXZ 1002cef0 f i PsFoundation.obj
 0001:0002bf10       ?recreate@?$Array@PATTempAllocatorChunk@shdfnd@physx@@VAllocator@23@@shdfnd@physx@@IAEXI@Z 1002cf10 f i PsFoundation.obj
 0001:0002c020       ?registerAllocationListener@AlignCheckAllocator@Foundation@shdfnd@physx@@UAEXAAVPxAllocationListener@4@@Z 1002d020 f i PsFoundation.obj
 0001:0002c0c0       ?reserve@?$Array@PATTempAllocatorChunk@shdfnd@physx@@VAllocator@23@@shdfnd@physx@@QAEXI@Z 1002d0c0 f i PsFoundation.obj
 0001:0002c0f0       ?reset@?$Array@PATTempAllocatorChunk@shdfnd@physx@@VAllocator@23@@shdfnd@physx@@QAEXXZ 1002d0f0 f i PsFoundation.obj
 0001:0002c130       ?resize@?$Array@PATTempAllocatorChunk@shdfnd@physx@@VAllocator@23@@shdfnd@physx@@QAEXIABQATTempAllocatorChunk@23@@Z 1002d130 f i PsFoundation.obj
 0001:0002c1c0       ?shrink@?$Array@PATTempAllocatorChunk@shdfnd@physx@@VAllocator@23@@shdfnd@physx@@QAEXXZ 1002d1c0 f i PsFoundation.obj
 0001:0002c1e0       ?size@?$Array@PATTempAllocatorChunk@shdfnd@physx@@VAllocator@23@@shdfnd@physx@@QBEIXZ 1002d1e0 f i PsFoundation.obj
 0001:0002c200       ?sprintf_s@string@physx@@YAHPADIPBDZZ 1002d200 f i PsFoundation.obj
 0001:0002c250       ?computeQuatFromNormal@shdfnd@physx@@YA?AVPxQuat@2@ABVPxVec3@2@@Z 1002d250 f   PsMathUtils.obj
 0001:0002c3d0       ?optimizeBoundingBox@shdfnd@physx@@YA?AVPxVec3@2@AAVPxMat33@2@@Z 1002d3d0 f   PsMathUtils.obj
 0001:0002c6e0       ?slerp@shdfnd@physx@@YA?AVPxQuat@2@MABV32@0@Z 1002d6e0 f   PsMathUtils.obj
 0001:0002c870       ?integrateTransform@shdfnd@physx@@YAXABVPxTransform@2@ABVPxVec3@2@1MAAV32@@Z 1002d870 f   PsMathUtils.obj
 0001:0002cc30       ??$PX_UNUSED@W4PxIDENTITY@physx@@@@YAXABW4PxIDENTITY@physx@@@Z 1002dc30 f i PsMathUtils.obj
 0001:0002cc40       ??$PxClamp@M@physx@@YAMMMM@Z 1002dc40 f i PsMathUtils.obj
 0001:0002cce0       ??$PxMax@M@physx@@YAMMM@Z  1002dce0 f i PsMathUtils.obj
 0001:0002cd10       ??$PxMin@M@physx@@YAMMM@Z  1002dd10 f i PsMathUtils.obj
 0001:0002cd40       ??$swap@I@shdfnd@physx@@YAXAAI0@Z 1002dd40 f i PsMathUtils.obj
 0001:0002cd70       ??0PxQuat@physx@@QAE@ABV01@@Z 1002dd70 f i PsMathUtils.obj
 0001:0002cdc0       ??0PxQuat@physx@@QAE@MABVPxVec3@1@@Z 1002ddc0 f i PsMathUtils.obj
 0001:0002cf00       ??0PxQuat@physx@@QAE@MMMM@Z 1002df00 f i PsMathUtils.obj
 0001:0002cf60       ??0PxQuat@physx@@QAE@W4PxIDENTITY@1@@Z 1002df60 f i PsMathUtils.obj
 0001:0002cfe0       ??0PxQuat@physx@@QAE@XZ    1002dfe0 f i PsMathUtils.obj
 0001:0002d000       ??0PxVec3@physx@@QAE@ABV01@@Z 1002e000 f i PsMathUtils.obj
 0001:0002d040       ??0PxVec3@physx@@QAE@MMM@Z 1002e040 f i PsMathUtils.obj
 0001:0002d090       ??4PxQuat@physx@@QAEAAV01@ABV01@@Z 1002e090 f i PsMathUtils.obj
 0001:0002d0e0       ??4PxVec3@physx@@QAEAAV01@ABV01@@Z 1002e0e0 f i PsMathUtils.obj
 0001:0002d120       ??APxMat33@physx@@QAEAAVPxVec3@1@H@Z 1002e120 f i PsMathUtils.obj
 0001:0002d140       ??APxVec3@physx@@QAEAAMH@Z 1002e140 f i PsMathUtils.obj
 0001:0002d1b0       ??APxVec3@physx@@QAEAAMI@Z 1002e1b0 f i PsMathUtils.obj
 0001:0002d220       ??DPxQuat@physx@@QBE?AV01@ABV01@@Z 1002e220 f i PsMathUtils.obj
 0001:0002d3d0       ??DPxQuat@physx@@QBE?AV01@M@Z 1002e3d0 f i PsMathUtils.obj
 0001:0002d450       ??DPxVec3@physx@@QBE?AV01@M@Z 1002e450 f i PsMathUtils.obj
 0001:0002d4c0       ??HPxQuat@physx@@QBE?AV01@ABV01@@Z 1002e4c0 f i PsMathUtils.obj
 0001:0002d550       ??HPxVec3@physx@@QBE?AV01@ABV01@@Z 1002e550 f i PsMathUtils.obj
 0001:0002d5c0       ??XPxVec3@physx@@QAEAAV01@M@Z 1002e5c0 f i PsMathUtils.obj
 0001:0002d620       ??ZPxVec3@physx@@QAEAAV01@ABV01@@Z 1002e620 f i PsMathUtils.obj
 0001:0002d690       ??_0PxVec3@physx@@QAEAAV01@M@Z 1002e690 f i PsMathUtils.obj
 0001:0002d710       ?PxAbs@physx@@YAMM@Z       1002e710 f i PsMathUtils.obj
 0001:0002d730       ?PxAsin@physx@@YAMM@Z      1002e730 f i PsMathUtils.obj
 0001:0002d780       ?PxAtan2@physx@@YAMMM@Z    1002e780 f i PsMathUtils.obj
 0001:0002d7b0       ?PxCos@physx@@YAMM@Z       1002e7b0 f i PsMathUtils.obj
 0001:0002d7d0       ?PxRecipSqrt@physx@@YAMM@Z 1002e7d0 f i PsMathUtils.obj
 0001:0002d7f0       ?PxSin@physx@@YAMM@Z       1002e7f0 f i PsMathUtils.obj
 0001:0002d810       ?PxSqrt@physx@@YAMM@Z      1002e810 f i PsMathUtils.obj
 0001:0002d830       ?abs@intrinsics@physx@@YAMM@Z 1002e830 f i PsMathUtils.obj
 0001:0002d850       ?asin@@YAMM@Z              1002e850 f i PsMathUtils.obj
 0001:0002d870       ?atan2@@YAMMM@Z            1002e870 f i PsMathUtils.obj
 0001:0002d8a0       ?cos@intrinsics@physx@@YAMM@Z 1002e8a0 f i PsMathUtils.obj
 0001:0002d8c0       ?dot@PxQuat@physx@@QBEMABV12@@Z 1002e8c0 f i PsMathUtils.obj
 0001:0002d940       ?dot@PxVec3@physx@@QBEMABV12@@Z 1002e940 f i PsMathUtils.obj
 0001:0002d9a0       ?fabs@@YAMM@Z              1002e9a0 f i PsMathUtils.obj
 0001:0002d9c0       ?fsel@intrinsics@physx@@YAMMMM@Z 1002e9c0 f i PsMathUtils.obj
 0001:0002da00       ?magnitude@PxVec3@physx@@QBEMXZ 1002ea00 f i PsMathUtils.obj
 0001:0002da30       ?magnitudeSquared@PxVec3@physx@@QBEMXZ 1002ea30 f i PsMathUtils.obj
 0001:0002da90       ?normalize@PxVec3@physx@@QAEMXZ 1002ea90 f i PsMathUtils.obj
 0001:0002dae0       ?recipSqrt@intrinsics@physx@@YAMM@Z 1002eae0 f i PsMathUtils.obj
 0001:0002db30       ?selectMax@intrinsics@physx@@YAMMM@Z 1002eb30 f i PsMathUtils.obj
 0001:0002db70       ?selectMin@intrinsics@physx@@YAMMM@Z 1002eb70 f i PsMathUtils.obj
 0001:0002dbb0       ?sin@intrinsics@physx@@YAMM@Z 1002ebb0 f i PsMathUtils.obj
 0001:0002dbd0       ?sqrt@intrinsics@physx@@YAMM@Z 1002ebd0 f i PsMathUtils.obj
 0001:0002dbf0       _asinf                     1002ebf0 f i PsMathUtils.obj
 0001:0002dc20       _atan2f                    1002ec20 f i PsMathUtils.obj
 0001:0002dc60       _cosf                      1002ec60 f i PsMathUtils.obj
 0001:0002dc90       _fabsf                     1002ec90 f i PsMathUtils.obj
 0001:0002dcc0       _sinf                      1002ecc0 f i PsMathUtils.obj
 0001:0002dcf0       _sqrtf                     1002ecf0 f i PsMathUtils.obj
 0001:0002dd20       ?allocate@TempAllocator@shdfnd@physx@@QAEPAXIPBDH@Z 1002ed20 f   PsTempAllocator.obj
 0001:0002de90       ?deallocate@TempAllocator@shdfnd@physx@@QAEXPAX@Z 1002ee90 f   PsTempAllocator.obj
 0001:0002dfe0       ??$PxMax@I@physx@@YAIII@Z  1002efe0 f i PsTempAllocator.obj
 0001:0002e010       ??$PxMin@PAPATTempAllocatorChunk@shdfnd@physx@@@physx@@YAPAPATTempAllocatorChunk@shdfnd@0@PAPAT120@0@Z 1002f010 f i PsTempAllocator.obj
 0001:0002e040       ?begin@?$Array@PATTempAllocatorChunk@shdfnd@physx@@VAllocator@23@@shdfnd@physx@@QAEPAPATTempAllocatorChunk@23@XZ 1002f040 f i PsTempAllocator.obj
 0001:0002e060       ?end@?$Array@PATTempAllocatorChunk@shdfnd@physx@@VAllocator@23@@shdfnd@physx@@QAEPAPATTempAllocatorChunk@23@XZ 1002f060 f i PsTempAllocator.obj
 0001:0002e080       ?getFreeTable@?A0xe98f8e58@shdfnd@physx@@YAAAV?$Array@PATTempAllocatorChunk@shdfnd@physx@@VAllocator@23@@23@XZ 1002f080 f i PsTempAllocator.obj
 0001:0002e0a0       ?getMutex@?A0xe98f8e58@shdfnd@physx@@YAAAV?$MutexT@VAllocator@shdfnd@physx@@@23@XZ 1002f0a0 f i PsTempAllocator.obj
 0001:0002e0c0       ?highestSetBit@shdfnd@physx@@YAII@Z 1002f0c0 f i PsTempAllocator.obj
 0001:0002e120       ?highestSetBitUnsafe@shdfnd@physx@@YAII@Z 1002f120 f i PsTempAllocator.obj
 0001:0002e140       ?checkValid@shdfnd@physx@@YA_NABM@Z 1002f140 f   PsUtilities.obj
 0001:0002e160       ?checkValid@shdfnd@physx@@YA_NABVPxVec3@2@@Z 1002f160 f   PsUtilities.obj
 0001:0002e1e0       ?checkValid@shdfnd@physx@@YA_NABVPxQuat@2@@Z 1002f1e0 f   PsUtilities.obj
 0001:0002e270       ?checkValid@shdfnd@physx@@YA_NABVPxMat33@2@@Z 1002f270 f   PsUtilities.obj
 0001:0002e3c0       ?checkValid@shdfnd@physx@@YA_NABVPxTransform@2@@Z 1002f3c0 f   PsUtilities.obj
 0001:0002e410       ?checkValid@shdfnd@physx@@YA_NPBD@Z 1002f410 f   PsUtilities.obj
 0001:0002e510       ??APxMat33@physx@@QBEABVPxVec3@1@I@Z 1002f510 f i PsUtilities.obj
 0001:0002e530       ??APxVec3@physx@@QBEABMI@Z 1002f530 f i PsUtilities.obj
 0001:0002e5a0       ??RPxMat33@physx@@QBEMII@Z 1002f5a0 f i PsUtilities.obj
 0001:0002e5d0       ?PxIsFinite@physx@@YA_NM@Z 1002f5d0 f i PsUtilities.obj
 0001:0002e5f0       ?isFinite@intrinsics@physx@@YA_NM@Z 1002f5f0 f i PsUtilities.obj
 0001:0002e640       ?PxCreateCollection@@YAPAVPxCollection@physx@@XZ 1002f640 f   CmCollection.obj
 0001:0002e690       ?add@Collection@Cm@physx@@UAEXAAVPxBase@3@_K@Z 1002f690 f   CmCollection.obj
 0001:0002e750       ?remove@Collection@Cm@physx@@UAEXAAVPxBase@3@@Z 1002f750 f   CmCollection.obj
 0001:0002e7f0       ?contains@Collection@Cm@physx@@UBE_NAAVPxBase@3@@Z 1002f7f0 f   CmCollection.obj
 0001:0002e830       ?addId@Collection@Cm@physx@@UAEXAAVPxBase@3@_K@Z 1002f830 f   CmCollection.obj
 0001:0002e980       ?removeId@Collection@Cm@physx@@UAEX_K@Z 1002f980 f   CmCollection.obj
 0001:0002ea50       ?find@Collection@Cm@physx@@UBEPAVPxBase@3@_K@Z 1002fa50 f   CmCollection.obj
 0001:0002eac0       ?add@Collection@Cm@physx@@UAEXAAVPxCollection@3@@Z 1002fac0 f   CmCollection.obj
 0001:0002ec50       ?remove@Collection@Cm@physx@@UAEXAAVPxCollection@3@@Z 1002fc50 f   CmCollection.obj
 0001:0002ed10       ?getNbObjects@Collection@Cm@physx@@UBEIXZ 1002fd10 f   CmCollection.obj
 0001:0002ed30       ?getObject@Collection@Cm@physx@@UBEAAVPxBase@3@I@Z 1002fd30 f   CmCollection.obj
 0001:0002eda0       ?getObjects@Collection@Cm@physx@@UBEIPAPAVPxBase@3@II@Z 1002fda0 f   CmCollection.obj
 0001:0002ee80       ?getNbIds@Collection@Cm@physx@@UBEIXZ 1002fe80 f   CmCollection.obj
 0001:0002eea0       ?getId@Collection@Cm@physx@@UBE_KABVPxBase@3@@Z 1002fea0 f   CmCollection.obj
 0001:0002eef0       ?getIds@Collection@Cm@physx@@UBEIPA_KII@Z 1002fef0 f   CmCollection.obj
 0001:0002f260       ??$?2V?$ReflectionAllocator@VCollection@Cm@physx@@@shdfnd@physx@@@UserAllocated@shdfnd@physx@@SAPAXIV?$ReflectionAllocator@VCollection@Cm@physx@@@12@PBDH@Z 10030260 f i CmCollection.obj
 0001:0002f280       ??0?$CoalescedHashMap@PAVPxBase@physx@@_KU?$Hash@PAVPxBase@physx@@@shdfnd@2@VAllocator@42@@shdfnd@physx@@QAE@IM@Z 10030280 f i CmCollection.obj
 0001:0002f2b0       ??0?$CoalescedHashMap@_KPAVPxBase@physx@@U?$Hash@_K@shdfnd@2@VAllocator@42@@shdfnd@physx@@QAE@IM@Z 100302b0 f i CmCollection.obj
 0001:0002f2e0       ??0?$CollectionHashMap@PAVPxBase@physx@@_KU?$Hash@PAVPxBase@physx@@@shdfnd@2@VAllocator@42@@Cm@physx@@QAE@IM@Z 100302e0 f i CmCollection.obj
 0001:0002f310       ??0?$CollectionHashMap@_KPAVPxBase@physx@@U?$Hash@_K@shdfnd@2@VAllocator@42@@Cm@physx@@QAE@IM@Z 10030310 f i CmCollection.obj
 0001:0002f340       ??0?$HashBase@V?$Pair@$$CB_KPAVPxBase@physx@@@shdfnd@physx@@_KU?$Hash@_K@23@UGetKey@?$HashMapBase@_KPAVPxBase@physx@@U?$Hash@_K@shdfnd@2@VAllocator@42@@internal@23@VAllocator@23@$00@internal@shdfnd@physx@@QAE@IM@Z 10030340 f i CmCollection.obj
 0001:0002f390       ??0?$HashBase@V?$Pair@QAVPxBase@physx@@_K@shdfnd@physx@@PAVPxBase@3@U?$Hash@PAVPxBase@physx@@@23@UGetKey@?$HashMapBase@PAVPxBase@physx@@_KU?$Hash@PAVPxBase@physx@@@shdfnd@2@VAllocator@42@@internal@23@VAllocator@23@$00@internal@shdfnd@physx@@QAE@IM@Z 10030390 f i CmCollection.obj
 0001:0002f3e0       ??0?$HashMapBase@PAVPxBase@physx@@_KU?$Hash@PAVPxBase@physx@@@shdfnd@2@VAllocator@42@@internal@shdfnd@physx@@QAE@IM@Z 100303e0 f i CmCollection.obj
 0001:0002f410       ??0?$HashMapBase@_KPAVPxBase@physx@@U?$Hash@_K@shdfnd@2@VAllocator@42@@internal@shdfnd@physx@@QAE@IM@Z 10030410 f i CmCollection.obj
 0001:0002f440       ??0?$Pair@$$CB_KPAVPxBase@physx@@@shdfnd@physx@@QAE@ABV012@@Z 10030440 f i CmCollection.obj
 0001:0002f480       ??0?$Pair@$$CB_KPAVPxBase@physx@@@shdfnd@physx@@QAE@AB_KABQAVPxBase@2@@Z 10030480 f i CmCollection.obj
 0001:0002f4c0       ??0?$Pair@QAVPxBase@physx@@_K@shdfnd@physx@@QAE@ABQAVPxBase@2@AB_K@Z 100304c0 f i CmCollection.obj
 0001:0002f500       ??0?$Pair@QAVPxBase@physx@@_K@shdfnd@physx@@QAE@ABV012@@Z 10030500 f i CmCollection.obj
 0001:0002f540       ??0?$ReflectionAllocator@VCollection@Cm@physx@@@shdfnd@physx@@QAE@PBD@Z 10030540 f i CmCollection.obj
 0001:0002f560       ??0Collection@Cm@physx@@QAE@XZ 10030560 f i CmCollection.obj
 0001:0002f5d0       ??0Iter@?$HashBase@V?$Pair@$$CB_KPAVPxBase@physx@@@shdfnd@physx@@_KU?$Hash@_K@23@UGetKey@?$HashMapBase@_KPAVPxBase@physx@@U?$Hash@_K@shdfnd@2@VAllocator@42@@internal@23@VAllocator@23@$00@internal@shdfnd@physx@@QAE@AAV1234@@Z 100305d0 f i CmCollection.obj
 0001:0002f650       ??0PxCollection@physx@@IAE@XZ 10030650 f i CmCollection.obj
 0001:0002f670       ??1?$CoalescedHashMap@PAVPxBase@physx@@_KU?$Hash@PAVPxBase@physx@@@shdfnd@2@VAllocator@42@@shdfnd@physx@@QAE@XZ 10030670 f i CmCollection.obj
 0001:0002f690       ??1?$CoalescedHashMap@_KPAVPxBase@physx@@U?$Hash@_K@shdfnd@2@VAllocator@42@@shdfnd@physx@@QAE@XZ 10030690 f i CmCollection.obj
 0001:0002f6b0       ??1?$CollectionHashMap@PAVPxBase@physx@@_KU?$Hash@PAVPxBase@physx@@@shdfnd@2@VAllocator@42@@Cm@physx@@QAE@XZ 100306b0 f i CmCollection.obj
 0001:0002f6d0       ??1?$CollectionHashMap@_KPAVPxBase@physx@@U?$Hash@_K@shdfnd@2@VAllocator@42@@Cm@physx@@QAE@XZ 100306d0 f i CmCollection.obj
 0001:0002f6f0       ??1?$HashBase@V?$Pair@$$CB_KPAVPxBase@physx@@@shdfnd@physx@@_KU?$Hash@_K@23@UGetKey@?$HashMapBase@_KPAVPxBase@physx@@U?$Hash@_K@shdfnd@2@VAllocator@42@@internal@23@VAllocator@23@$00@internal@shdfnd@physx@@QAE@XZ 100306f0 f i CmCollection.obj
 0001:0002f730       ??1?$HashBase@V?$Pair@QAVPxBase@physx@@_K@shdfnd@physx@@PAVPxBase@3@U?$Hash@PAVPxBase@physx@@@23@UGetKey@?$HashMapBase@PAVPxBase@physx@@_KU?$Hash@PAVPxBase@physx@@@shdfnd@2@VAllocator@42@@internal@23@VAllocator@23@$00@internal@shdfnd@physx@@QAE@XZ 10030730 f i CmCollection.obj
 0001:0002f770       ??1?$HashMapBase@PAVPxBase@physx@@_KU?$Hash@PAVPxBase@physx@@@shdfnd@2@VAllocator@42@@internal@shdfnd@physx@@QAE@XZ 10030770 f i CmCollection.obj
 0001:0002f790       ??1?$HashMapBase@_KPAVPxBase@physx@@U?$Hash@_K@shdfnd@2@VAllocator@42@@internal@shdfnd@physx@@QAE@XZ 10030790 f i CmCollection.obj
 0001:0002f7b0       ??1Collection@Cm@physx@@UAE@XZ 100307b0 f i CmCollection.obj
 0001:0002f7f0       ??1PxCollection@physx@@MAE@XZ 100307f0 f i CmCollection.obj
 0001:0002f810       ??A?$HashMapBase@PAVPxBase@physx@@_KU?$Hash@PAVPxBase@physx@@@shdfnd@2@VAllocator@42@@internal@shdfnd@physx@@QAEAA_KABQAVPxBase@3@@Z 10030810 f i CmCollection.obj
 0001:0002f8a0       ??A?$HashMapBase@_KPAVPxBase@physx@@U?$Hash@_K@shdfnd@2@VAllocator@42@@internal@shdfnd@physx@@QAEAAPAVPxBase@3@AB_K@Z 100308a0 f i CmCollection.obj
 0001:0002f930       ??CIter@?$HashBase@V?$Pair@$$CB_KPAVPxBase@physx@@@shdfnd@physx@@_KU?$Hash@_K@23@UGetKey@?$HashMapBase@_KPAVPxBase@physx@@U?$Hash@_K@shdfnd@2@VAllocator@42@@internal@23@VAllocator@23@$00@internal@shdfnd@physx@@QBEPAV?$Pair@$$CB_KPAVPxBase@physx@@@34@XZ 10030930 f i CmCollection.obj
 0001:0002f960       ??EIter@?$HashBase@V?$Pair@$$CB_KPAVPxBase@physx@@@shdfnd@physx@@_KU?$Hash@_K@23@UGetKey@?$HashMapBase@_KPAVPxBase@physx@@U?$Hash@_K@shdfnd@2@VAllocator@42@@internal@23@VAllocator@23@$00@internal@shdfnd@physx@@QAE?AV01234@H@Z 10030960 f i CmCollection.obj
 0001:0002f9d0       ??R?$Hash@PAVPxBase@physx@@@shdfnd@physx@@QBEIABQAVPxBase@2@@Z 100309d0 f i CmCollection.obj
 0001:0002fa00       ??R?$Hash@PAVPxBase@physx@@@shdfnd@physx@@QBE_NABQAVPxBase@2@0@Z 10030a00 f i CmCollection.obj
 0001:0002fa40       ??R?$Hash@_K@shdfnd@physx@@QBEIAB_K@Z 10030a40 f i CmCollection.obj
 0001:0002fa70       ??R?$Hash@_K@shdfnd@physx@@QBE_NAB_K0@Z 10030a70 f i CmCollection.obj
 0001:0002fad0       ??RGetKey@?$HashMapBase@PAVPxBase@physx@@_KU?$Hash@PAVPxBase@physx@@@shdfnd@2@VAllocator@42@@internal@shdfnd@physx@@QAEABQAVPxBase@4@ABV?$Pair@QAVPxBase@physx@@_K@34@@Z 10030ad0 f i CmCollection.obj
 0001:0002faf0       ??RGetKey@?$HashMapBase@_KPAVPxBase@physx@@U?$Hash@_K@shdfnd@2@VAllocator@42@@internal@shdfnd@physx@@QAEAB_KABV?$Pair@$$CB_KPAVPxBase@physx@@@34@@Z 10030af0 f i CmCollection.obj
 0001:0002fb10       ??_ECollection@Cm@physx@@UAEPAXI@Z 10030b10 f i CmCollection.obj
 0001:0002fb10       ??_GCollection@Cm@physx@@UAEPAXI@Z 10030b10 f i CmCollection.obj
 0001:0002fb50       ??_EPxCollection@physx@@MAEPAXI@Z 10030b50 f i CmCollection.obj
 0001:0002fb50       ??_GPxCollection@physx@@MAEPAXI@Z 10030b50 f i CmCollection.obj
 0001:0002fb90       ?advance@Iter@?$HashBase@V?$Pair@$$CB_KPAVPxBase@physx@@@shdfnd@physx@@_KU?$Hash@_K@23@UGetKey@?$HashMapBase@_KPAVPxBase@physx@@U?$Hash@_K@shdfnd@2@VAllocator@42@@internal@23@VAllocator@23@$00@internal@shdfnd@physx@@AAEXXZ 10030b90 f i CmCollection.obj
 0001:0002fbd0       ?allocate@?$ReflectionAllocator@VCollection@Cm@physx@@@shdfnd@physx@@QAEPAXIPBDH@Z 10030bd0 f i CmCollection.obj
 0001:0002fc30       ?capacity@?$HashBase@V?$Pair@QAVPxBase@physx@@_K@shdfnd@physx@@PAVPxBase@3@U?$Hash@PAVPxBase@physx@@@23@UGetKey@?$HashMapBase@PAVPxBase@physx@@_KU?$Hash@PAVPxBase@physx@@@shdfnd@2@VAllocator@42@@internal@23@VAllocator@23@$00@internal@shdfnd@physx@@QBEIXZ 10030c30 f i CmCollection.obj
 0001:0002fc50       ?capacity@?$HashMapBase@PAVPxBase@physx@@_KU?$Hash@PAVPxBase@physx@@@shdfnd@2@VAllocator@42@@internal@shdfnd@physx@@QBEIXZ 10030c50 f i CmCollection.obj
 0001:0002fc70       ?check@Iter@?$HashBase@V?$Pair@$$CB_KPAVPxBase@physx@@@shdfnd@physx@@_KU?$Hash@_K@23@UGetKey@?$HashMapBase@_KPAVPxBase@physx@@U?$Hash@_K@shdfnd@2@VAllocator@42@@internal@23@VAllocator@23@$00@internal@shdfnd@physx@@QBEXXZ 10030c70 f i CmCollection.obj
 0001:0002fce0       ?create@?$HashBase@V?$Pair@$$CB_KPAVPxBase@physx@@@shdfnd@physx@@_KU?$Hash@_K@23@UGetKey@?$HashMapBase@_KPAVPxBase@physx@@U?$Hash@_K@shdfnd@2@VAllocator@42@@internal@23@VAllocator@23@$00@internal@shdfnd@physx@@QAEPAV?$Pair@$$CB_KPAVPxBase@physx@@@34@AB_KAA_N@Z 10030ce0 f i CmCollection.obj
 0001:0002fe90       ?create@?$HashBase@V?$Pair@QAVPxBase@physx@@_K@shdfnd@physx@@PAVPxBase@3@U?$Hash@PAVPxBase@physx@@@23@UGetKey@?$HashMapBase@PAVPxBase@physx@@_KU?$Hash@PAVPxBase@physx@@@shdfnd@2@VAllocator@42@@internal@23@VAllocator@23@$00@internal@shdfnd@physx@@QAEPAV?$Pair@QAVPxBase@physx@@_K@34@ABQAVPxBase@4@AA_N@Z 10030e90 f i CmCollection.obj
 0001:00030040       ?destroy@?$HashBase@V?$Pair@$$CB_KPAVPxBase@physx@@@shdfnd@physx@@_KU?$Hash@_K@23@UGetKey@?$HashMapBase@_KPAVPxBase@physx@@U?$Hash@_K@shdfnd@2@VAllocator@42@@internal@23@VAllocator@23@$00@internal@shdfnd@physx@@AAEXXZ 10031040 f i CmCollection.obj
 0001:000300b0       ?destroy@?$HashBase@V?$Pair@QAVPxBase@physx@@_K@shdfnd@physx@@PAVPxBase@3@U?$Hash@PAVPxBase@physx@@@23@UGetKey@?$HashMapBase@PAVPxBase@physx@@_KU?$Hash@PAVPxBase@physx@@@shdfnd@2@VAllocator@42@@internal@23@VAllocator@23@$00@internal@shdfnd@physx@@AAEXXZ 100310b0 f i CmCollection.obj
 0001:00030120       ?done@Iter@?$HashBase@V?$Pair@$$CB_KPAVPxBase@physx@@@shdfnd@physx@@_KU?$Hash@_K@23@UGetKey@?$HashMapBase@_KPAVPxBase@physx@@U?$Hash@_K@shdfnd@2@VAllocator@42@@internal@23@VAllocator@23@$00@internal@shdfnd@physx@@QBE_NXZ 10031120 f i CmCollection.obj
 0001:00030160       ?erase@?$HashBase@V?$Pair@$$CB_KPAVPxBase@physx@@@shdfnd@physx@@_KU?$Hash@_K@23@UGetKey@?$HashMapBase@_KPAVPxBase@physx@@U?$Hash@_K@shdfnd@2@VAllocator@42@@internal@23@VAllocator@23@$00@internal@shdfnd@physx@@QAE_NAB_K@Z 10031160 f i CmCollection.obj
 0001:000302a0       ?erase@?$HashBase@V?$Pair@QAVPxBase@physx@@_K@shdfnd@physx@@PAVPxBase@3@U?$Hash@PAVPxBase@physx@@@23@UGetKey@?$HashMapBase@PAVPxBase@physx@@_KU?$Hash@PAVPxBase@physx@@@shdfnd@2@VAllocator@42@@internal@23@VAllocator@23@$00@internal@shdfnd@physx@@QAE_NABQAVPxBase@4@@Z 100312a0 f i CmCollection.obj
 0001:000303e0       ?erase@?$HashMapBase@PAVPxBase@physx@@_KU?$Hash@PAVPxBase@physx@@@shdfnd@2@VAllocator@42@@internal@shdfnd@physx@@QAE_NABQAVPxBase@4@@Z 100313e0 f i CmCollection.obj
 0001:00030400       ?erase@?$HashMapBase@_KPAVPxBase@physx@@U?$Hash@_K@shdfnd@2@VAllocator@42@@internal@shdfnd@physx@@QAE_NAB_K@Z 10031400 f i CmCollection.obj
 0001:00030420       ?find@?$HashBase@V?$Pair@$$CB_KPAVPxBase@physx@@@shdfnd@physx@@_KU?$Hash@_K@23@UGetKey@?$HashMapBase@_KPAVPxBase@physx@@U?$Hash@_K@shdfnd@2@VAllocator@42@@internal@23@VAllocator@23@$00@internal@shdfnd@physx@@QBEPBV?$Pair@$$CB_KPAVPxBase@physx@@@34@AB_K@Z 10031420 f i CmCollection.obj
 0001:00030500       ?find@?$HashBase@V?$Pair@QAVPxBase@physx@@_K@shdfnd@physx@@PAVPxBase@3@U?$Hash@PAVPxBase@physx@@@23@UGetKey@?$HashMapBase@PAVPxBase@physx@@_KU?$Hash@PAVPxBase@physx@@@shdfnd@2@VAllocator@42@@internal@23@VAllocator@23@$00@internal@shdfnd@physx@@QBEPBV?$Pair@QAVPxBase@physx@@_K@34@ABQAVPxBase@4@@Z 10031500 f i CmCollection.obj
 0001:000305e0       ?find@?$HashMapBase@PAVPxBase@physx@@_KU?$Hash@PAVPxBase@physx@@@shdfnd@2@VAllocator@42@@internal@shdfnd@physx@@QBEPBV?$Pair@QAVPxBase@physx@@_K@34@ABQAVPxBase@4@@Z 100315e0 f i CmCollection.obj
 0001:00030600       ?find@?$HashMapBase@_KPAVPxBase@physx@@U?$Hash@_K@shdfnd@2@VAllocator@42@@internal@shdfnd@physx@@QBEPBV?$Pair@$$CB_KPAVPxBase@physx@@@34@AB_K@Z 10031600 f i CmCollection.obj
 0001:00030620       ?freeListAdd@?$HashBase@V?$Pair@$$CB_KPAVPxBase@physx@@@shdfnd@physx@@_KU?$Hash@_K@23@UGetKey@?$HashMapBase@_KPAVPxBase@physx@@U?$Hash@_K@shdfnd@2@VAllocator@42@@internal@23@VAllocator@23@$00@internal@shdfnd@physx@@AAEXI@Z 10031620 f i CmCollection.obj
[...]
 0003:0000402c       ?_ignore@?2??include@PxBounds3@physx@@QAEXABVPxVec3@3@@Z@4_NA 1019302c     GuGeomUtilsInternal.obj
 0003:000040a7       ?_ignore@?2???A?$Array@PAVGuMeshFactoryListener@physx@@VNamedAllocator@shdfnd@2@@shdfnd@physx@@QAEAAPAVGuMeshFactoryListener@3@I@Z@4_NA 101930a7     GuMeshFactory.obj
 0003:000040a8       ?_ignore@?2??replaceWithLast@?$Array@PAVGuMeshFactoryListener@physx@@VNamedAllocator@shdfnd@2@@shdfnd@physx@@QAEXI@Z@4_NA 101930a8     GuMeshFactory.obj
 0003:000040a9       ?_ignore@?5??freeListAdd@?$HashBase@PAVTriangleMesh@Gu@physx@@PAV123@U?$Hash@PAVTriangleMesh@Gu@physx@@@shdfnd@3@UGetKey@?$HashSetBase@PAVTriangleMesh@Gu@physx@@U?$Hash@PAVTriangleMesh@Gu@physx@@@shdfnd@3@VAllocator@53@$00@internal@53@VAllocator@53@$00@internal@shdfnd@physx@@AAEXI@Z@4_NA 101930a9     GuMeshFactory.obj
 0003:000040aa       ?_ignore@?3??replaceWithLast@?$HashBase@PAVTriangleMesh@Gu@physx@@PAV123@U?$Hash@PAVTriangleMesh@Gu@physx@@@shdfnd@3@UGetKey@?$HashSetBase@PAVTriangleMesh@Gu@physx@@U?$Hash@PAVTriangleMesh@Gu@physx@@@shdfnd@3@VAllocator@53@$00@internal@53@VAllocator@53@$00@internal@shdfnd@physx@@AAEXI@Z@4_NA 101930aa     GuMeshFactory.obj
 0003:000040ab       ?_ignore@?5??freeListAdd@?$HashBase@PAVConvexMesh@Gu@physx@@PAV123@U?$Hash@PAVConvexMesh@Gu@physx@@@shdfnd@3@UGetKey@?$HashSetBase@PAVConvexMesh@Gu@physx@@U?$Hash@PAVConvexMesh@Gu@physx@@@shdfnd@3@VAllocator@53@$00@internal@53@VAllocator@53@$00@internal@shdfnd@physx@@AAEXI@Z@4_NA 101930ab     GuMeshFactory.obj
 0003:000040ac       ?_ignore@?3??replaceWithLast@?$HashBase@PAVConvexMesh@Gu@physx@@PAV123@U?$Hash@PAVConvexMesh@Gu@physx@@@shdfnd@3@UGetKey@?$HashSetBase@PAVConvexMesh@Gu@physx@@U?$Hash@PAVConvexMesh@Gu@physx@@@shdfnd@3@VAllocator@53@$00@internal@53@VAllocator@53@$00@internal@shdfnd@physx@@AAEXI@Z@4_NA 101930ac     GuMeshFactory.obj
 0003:000040ad       ?_ignore@?5??freeListAdd@?$HashBase@PAVHeightField@Gu@physx@@PAV123@U?$Hash@PAVHeightField@Gu@physx@@@shdfnd@3@UGetKey@?$HashSetBase@PAVHeightField@Gu@physx@@U?$Hash@PAVHeightField@Gu@physx@@@shdfnd@3@VAllocator@53@$00@internal@53@VAllocator@53@$00@internal@shdfnd@physx@@AAEXI@Z@4_NA 101930ad     GuMeshFactory.obj
 0003:000040ae       ?_ignore@?3??replaceWithLast@?$HashBase@PAVHeightField@Gu@physx@@PAV123@U?$Hash@PAVHeightField@Gu@physx@@@shdfnd@3@UGetKey@?$HashSetBase@PAVHeightField@Gu@physx@@U?$Hash@PAVHeightField@Gu@physx@@@shdfnd@3@VAllocator@53@$00@internal@53@VAllocator@53@$00@internal@shdfnd@physx@@AAEXI@Z@4_NA 101930ae     GuMeshFactory.obj
 0003:000040af       ?_ignore@?2??growAndPushBack@?$Array@PAVGuMeshFactoryListener@physx@@VNamedAllocator@shdfnd@2@@shdfnd@physx@@IAEAAPAVGuMeshFactoryListener@4@ABQAV54@@Z@4_NA 101930af     GuMeshFactory.obj
 0003:000040b0       ?_ignore@?2??freeListGetNext@?$HashBase@PAVTriangleMesh@Gu@physx@@PAV123@U?$Hash@PAVTriangleMesh@Gu@physx@@@shdfnd@3@UGetKey@?$HashSetBase@PAVTriangleMesh@Gu@physx@@U?$Hash@PAVTriangleMesh@Gu@physx@@@shdfnd@3@VAllocator@53@$00@internal@53@VAllocator@53@$00@internal@shdfnd@physx@@AAEIXZ@4_NA 101930b0     GuMeshFactory.obj
 0003:000040b1       ?_ignore@?6??freeListGetNext@?$HashBase@PAVTriangleMesh@Gu@physx@@PAV123@U?$Hash@PAVTriangleMesh@Gu@physx@@@shdfnd@3@UGetKey@?$HashSetBase@PAVTriangleMesh@Gu@physx@@U?$Hash@PAVTriangleMesh@Gu@physx@@@shdfnd@3@VAllocator@53@$00@internal@53@VAllocator@53@$00@internal@shdfnd@physx@@AAEIXZ@4_NA 101930b1     GuMeshFactory.obj
 0003:000040b2       ?_ignore@?2??grow@?$HashBase@PAVTriangleMesh@Gu@physx@@PAV123@U?$Hash@PAVTriangleMesh@Gu@physx@@@shdfnd@3@UGetKey@?$HashSetBase@PAVTriangleMesh@Gu@physx@@U?$Hash@PAVTriangleMesh@Gu@physx@@@shdfnd@3@VAllocator@53@$00@internal@53@VAllocator@53@$00@internal@shdfnd@physx@@AAEXXZ@4_NA 101930b2     GuMeshFactory.obj
 0003:000040b3       ?_ignore@?2??freeListGetNext@?$HashBase@PAVConvexMesh@Gu@physx@@PAV123@U?$Hash@PAVConvexMesh@Gu@physx@@@shdfnd@3@UGetKey@?$HashSetBase@PAVConvexMesh@Gu@physx@@U?$Hash@PAVConvexMesh@Gu@physx@@@shdfnd@3@VAllocator@53@$00@internal@53@VAllocator@53@$00@internal@shdfnd@physx@@AAEIXZ@4_NA 101930b3     GuMeshFactory.obj
 0003:000040b4       ?_ignore@?6??freeListGetNext@?$HashBase@PAVConvexMesh@Gu@physx@@PAV123@U?$Hash@PAVConvexMesh@Gu@physx@@@shdfnd@3@UGetKey@?$HashSetBase@PAVConvexMesh@Gu@physx@@U?$Hash@PAVConvexMesh@Gu@physx@@@shdfnd@3@VAllocator@53@$00@internal@53@VAllocator@53@$00@internal@shdfnd@physx@@AAEIXZ@4_NA 101930b4     GuMeshFactory.obj
 0003:000040b5       ?_ignore@?2??grow@?$HashBase@PAVConvexMesh@Gu@physx@@PAV123@U?$Hash@PAVConvexMesh@Gu@physx@@@shdfnd@3@UGetKey@?$HashSetBase@PAVConvexMesh@Gu@physx@@U?$Hash@PAVConvexMesh@Gu@physx@@@shdfnd@3@VAllocator@53@$00@internal@53@VAllocator@53@$00@internal@shdfnd@physx@@AAEXXZ@4_NA 101930b5     GuMeshFactory.obj
 0003:000040b6       ?_ignore@?2??freeListGetNext@?$HashBase@PAVHeightField@Gu@physx@@PAV123@U?$Hash@PAVHeightField@Gu@physx@@@shdfnd@3@UGetKey@?$HashSetBase@PAVHeightField@Gu@physx@@U?$Hash@PAVHeightField@Gu@physx@@@shdfnd@3@VAllocator@53@$00@internal@53@VAllocator@53@$00@internal@shdfnd@physx@@AAEIXZ@4_NA 101930b6     GuMeshFactory.obj
 0003:000040b7       ?_ignore@?6??freeListGetNext@?$HashBase@PAVHeightField@Gu@physx@@PAV123@U?$Hash@PAVHeightField@Gu@physx@@@shdfnd@3@UGetKey@?$HashSetBase@PAVHeightField@Gu@physx@@U?$Hash@PAVHeightField@Gu@physx@@@shdfnd@3@VAllocator@53@$00@internal@53@VAllocator@53@$00@internal@shdfnd@physx@@AAEIXZ@4_NA 101930b7     GuMeshFactory.obj
 0003:000040b8       ?_ignore@?2??grow@?$HashBase@PAVHeightField@Gu@physx@@PAV123@U?$Hash@PAVHeightField@Gu@physx@@@shdfnd@3@UGetKey@?$HashSetBase@PAVHeightField@Gu@physx@@U?$Hash@PAVHeightField@Gu@physx@@@shdfnd@3@VAllocator@53@$00@internal@53@VAllocator@53@$00@internal@shdfnd@physx@@AAEXXZ@4_NA 101930b8     GuMeshFactory.obj
 0003:0000416e       ?_ignore@?2??transform@PxTransform@physx@@QBE?AV23@ABV23@@Z@4_NA 1019316e     GuOverlapTests.obj
 0003:0000416f       ?_ignore@?3??transform@PxTransform@physx@@QBE?AV23@ABV23@@Z@4_NA 1019316f     GuOverlapTests.obj
 0003:000042a3       ?_ignore@?L@???$traceSegment@VRayCastCallback@Gu@physx@@$0A@$0A@$0A@@HeightFieldUtil@Gu@physx@@QBEXABVPxVec3@3@0PAVRayCastCallback@23@PBV43@@Z@4_NA 101932a3     GuRaycastTests.obj
 0003:000042a4       ?_ignore@?BC@???$traceSegment@VRayCastCallback@Gu@physx@@$0A@$0A@$0A@@HeightFieldUtil@Gu@physx@@QBEXABVPxVec3@3@0PAVRayCastCallback@23@PBV43@@Z@4_NA 101932a4     GuRaycastTests.obj
 0003:000042a5       ?_ignore@?BH@???$traceSegment@VRayCastCallback@Gu@physx@@$0A@$0A@$0A@@HeightFieldUtil@Gu@physx@@QBEXABVPxVec3@3@0PAVRayCastCallback@23@PBV43@@Z@4_NA 101932a5     GuRaycastTests.obj
 0003:000042a6       ?_ignore@?BI@???$traceSegment@VRayCastCallback@Gu@physx@@$0A@$0A@$0A@@HeightFieldUtil@Gu@physx@@QBEXABVPxVec3@3@0PAVRayCastCallback@23@PBV43@@Z@4_NA 101932a6     GuRaycastTests.obj
 0003:00004428       ?__type_info_root_node@@3U__type_info_node@@A 10193428     MSVCRTD:tncleanup.obj
 0003:0000443c       ___isa_available           1019343c     MSVCRTD:cpu_disp.obj
 0003:00004440       ___favor                   10193440     MSVCRTD:cpu_disp.obj
 0003:00004444       ?wsprintffp@@3P6AHPADPBDZZA 10193444     MSVCRTD:error.obj
 0003:00004770       ___native_startup_lock     10193770     <common>
 0003:00004780       ___native_startup_state    10193780     <common>
 0003:00004784       ___dyn_tls_init_callback   10193784     <common>
 0003:00004790       ___onexitend               10193790     <common>
 0003:000047a0       ___onexitbegin             101937a0     <common>
 0004:00000000       __imp__CloseHandle@4       10194000     kernel32:KERNEL32.dll
 0004:00000004       __imp__MapViewOfFile@20    10194004     kernel32:KERNEL32.dll
 0004:00000008       __imp__UnmapViewOfFile@4   10194008     kernel32:KERNEL32.dll
 0004:0000000c       __imp__CreateFileMappingA@24 1019400c     kernel32:KERNEL32.dll
 0004:00000010       __imp__OpenFileMappingA@12 10194010     kernel32:KERNEL32.dll
 0004:00000014       __imp__FreeLibrary@4       10194014     kernel32:KERNEL32.dll
 0004:00000018       __imp__GetProcAddress@8    10194018     kernel32:KERNEL32.dll
 0004:0000001c       __imp__LoadLibraryA@4      1019401c     kernel32:KERNEL32.dll
 0004:00000020       __imp__InitializeCriticalSection@4 10194020     kernel32:KERNEL32.dll
 0004:00000024       __imp__EnterCriticalSection@4 10194024     kernel32:KERNEL32.dll
 0004:00000028       __imp__LeaveCriticalSection@4 10194028     kernel32:KERNEL32.dll
 0004:0000002c       __imp__TryEnterCriticalSection@4 1019402c     kernel32:KERNEL32.dll
 0004:00000030       __imp__DeleteCriticalSection@4 10194030     kernel32:KERNEL32.dll
 0004:00000034       __imp__GetCurrentThread@0  10194034     kernel32:KERNEL32.dll
 0004:00000038       __imp__GetCurrentThreadId@0 10194038     kernel32:KERNEL32.dll
 0004:0000003c       __imp__OutputDebugStringA@4 1019403c     kernel32:KERNEL32.dll
 0004:00000040       __imp__InitializeSListHead@4 10194040     kernel32:KERNEL32.dll
 0004:00000044       __imp__InterlockedPopEntrySList@4 10194044     kernel32:KERNEL32.dll
 0004:00000048       __imp__InterlockedPushEntrySList@8 10194048     kernel32:KERNEL32.dll
 0004:0000004c       __imp__InterlockedFlushSList@4 1019404c     kernel32:KERNEL32.dll
 0004:00000050       __imp__SetEvent@4          10194050     kernel32:KERNEL32.dll
 0004:00000054       __imp__ResetEvent@4        10194054     kernel32:KERNEL32.dll
 0004:00000058       __imp__WaitForSingleObject@8 10194058     kernel32:KERNEL32.dll
 0004:0000005c       __imp__CreateEventA@16     1019405c     kernel32:KERNEL32.dll
 0004:00000060       __imp__RaiseException@16   10194060     kernel32:KERNEL32.dll
 0004:00000064       __imp__GetLastError@0      10194064     kernel32:KERNEL32.dll
 0004:00000068       __imp__Sleep@4             10194068     kernel32:KERNEL32.dll
 0004:0000006c       __imp__SwitchToThread@0    1019406c     kernel32:KERNEL32.dll
 0004:00000070       __imp__CreateThread@24     10194070     kernel32:KERNEL32.dll
 0004:00000074       __imp__SetThreadPriority@8 10194074     kernel32:KERNEL32.dll
 0004:00000078       __imp__GetThreadPriority@4 10194078     kernel32:KERNEL32.dll
 0004:0000007c       __imp__ExitThread@4        1019407c     kernel32:KERNEL32.dll
 0004:00000080       __imp__TerminateThread@8   10194080     kernel32:KERNEL32.dll
 0004:00000084       __imp__ResumeThread@4      10194084     kernel32:KERNEL32.dll
 0004:00000088       __imp__TlsAlloc@0          10194088     kernel32:KERNEL32.dll
 0004:0000008c       __imp__TlsGetValue@4       1019408c     kernel32:KERNEL32.dll
 0004:00000090       __imp__TlsSetValue@8       10194090     kernel32:KERNEL32.dll
 0004:00000094       __imp__TlsFree@4           10194094     kernel32:KERNEL32.dll
 0004:00000098       __imp__GetModuleHandleA@4  10194098     kernel32:KERNEL32.dll
 0004:0000009c       __imp__SetThreadAffinityMask@8 1019409c     kernel32:KERNEL32.dll
 0004:000000a0       __imp__QueryPerformanceCounter@4 101940a0     kernel32:KERNEL32.dll
 0004:000000a4       __imp__QueryPerformanceFrequency@4 101940a4     kernel32:KERNEL32.dll
 0004:000000a8       __imp__GetModuleFileNameW@12 101940a8     kernel32:KERNEL32.dll
 0004:000000ac       __imp__VirtualQuery@12     101940ac     kernel32:KERNEL32.dll
 0004:000000b0       __imp__GetProcessHeap@0    101940b0     kernel32:KERNEL32.dll
 0004:000000b4       __imp__HeapFree@12         101940b4     kernel32:KERNEL32.dll
 0004:000000b8       __imp__HeapAlloc@12        101940b8     kernel32:KERNEL32.dll
 0004:000000bc       __imp__WideCharToMultiByte@32 101940bc     kernel32:KERNEL32.dll
 0004:000000c0       __imp__MultiByteToWideChar@24 101940c0     kernel32:KERNEL32.dll
 0004:000000c4       __imp__LoadLibraryExW@12   101940c4     kernel32:KERNEL32.dll
 0004:000000c8       __imp__IsDebuggerPresent@0 101940c8     kernel32:KERNEL32.dll
 0004:000000cc       __imp__DisableThreadLibraryCalls@4 101940cc     kernel32:KERNEL32.dll
 0004:000000d0       __imp__GetSystemTimeAsFileTime@4 101940d0     kernel32:KERNEL32.dll
 0004:000000d4       __imp__GetCurrentProcessId@0 101940d4     kernel32:KERNEL32.dll
 0004:000000d8       __imp__IsProcessorFeaturePresent@4 101940d8     kernel32:KERNEL32.dll
 0004:000000dc       __imp__DecodePointer@4     101940dc     kernel32:KERNEL32.dll
 0004:000000e0       __imp__EncodePointer@4     101940e0     kernel32:KERNEL32.dll
 0004:000000e4       __imp__GetModuleHandleW@4  101940e4     kernel32:KERNEL32.dll
 0004:000000e8       \177KERNEL32_NULL_THUNK_DATA 101940e8     kernel32:KERNEL32.dll
 0004:00000140       __imp__strlen              10194140     MSVCRTD:MSVCR120D.dll
 0004:00000144       __imp__memmove             10194144     MSVCRTD:MSVCR120D.dll
 0004:00000148       __imp__strchr              10194148     MSVCRTD:MSVCR120D.dll
 0004:0000014c       __imp__strncmp             1019414c     MSVCRTD:MSVCR120D.dll
 0004:00000150       __imp__strstr              10194150     MSVCRTD:MSVCR120D.dll
 0004:00000154       __imp__tolower             10194154     MSVCRTD:MSVCR120D.dll
 0004:00000158       __imp_??_V@YAXPAX@Z        10194158     MSVCRTD:MSVCR120D.dll
 0004:0000015c       __imp_??_U@YAPAXI@Z        1019415c     MSVCRTD:MSVCR120D.dll
 0004:00000160       __imp__vsnprintf           10194160     MSVCRTD:MSVCR120D.dll
 0004:00000160       __imp___vsnprintf          10194160     MSVCRTD:MSVCR120D.dll
 0004:00000164       __imp__asin                10194164     MSVCRTD:MSVCR120D.dll
 0004:00000168       __imp__atan2               10194168     MSVCRTD:MSVCR120D.dll
 0004:0000016c       __imp__cos                 1019416c     MSVCRTD:MSVCR120D.dll
 0004:00000170       __imp__fabs                10194170     MSVCRTD:MSVCR120D.dll
 0004:00000174       __imp__strcmp              10194174     MSVCRTD:MSVCR120D.dll
 0004:00000178       __imp__sqrt                10194178     MSVCRTD:MSVCR120D.dll
 0004:0000017c       __imp___fpclass            1019417c     MSVCRTD:MSVCR120D.dll
 0004:00000180       __imp__strnlen             10194180     MSVCRTD:MSVCR120D.dll
 0004:00000184       __imp__printf              10194184     MSVCRTD:MSVCR120D.dll
 0004:00000188       __imp__ceil                10194188     MSVCRTD:MSVCR120D.dll
 0004:0000018c       __imp__floor               1019418c     MSVCRTD:MSVCR120D.dll
 0004:00000190       __imp___CRT_RTC_INITW      10194190     MSVCRTD:MSVCR120D.dll
 0004:00000194       __imp____clean_type_info_names_internal 10194194     MSVCRTD:MSVCR120D.dll
 0004:00000198       __imp_??1type_info@@UAE@XZ 10194198     MSVCRTD:MSVCR120D.dll
 0004:0000019c       __imp___except1            1019419c     MSVCRTD:MSVCR120D.dll
 0004:000001a0       __imp___lock               101941a0     MSVCRTD:MSVCR120D.dll
 0004:000001a4       __imp___unlock             101941a4     MSVCRTD:MSVCR120D.dll
 0004:000001a8       __imp___CrtDbgReportW      101941a8     MSVCRTD:MSVCR120D.dll
 0004:000001ac       __imp___calloc_dbg         101941ac     MSVCRTD:MSVCR120D.dll
 0004:000001b0       __imp____dllonexit         101941b0     MSVCRTD:MSVCR120D.dll
 0004:000001b4       __imp___onexit             101941b4     MSVCRTD:MSVCR120D.dll
 0004:000001b8       __imp____CppXcptFilter     101941b8     MSVCRTD:MSVCR120D.dll
 0004:000001bc       __imp___amsg_exit          101941bc     MSVCRTD:MSVCR120D.dll
 0004:000001c0       __imp___malloc_dbg         101941c0     MSVCRTD:MSVCR120D.dll
 0004:000001c4       __imp___free_dbg           101941c4     MSVCRTD:MSVCR120D.dll
 0004:000001c8       __imp___CrtSetCheckCount   101941c8     MSVCRTD:MSVCR120D.dll
 0004:000001cc       __imp___initterm           101941cc     MSVCRTD:MSVCR120D.dll
 0004:000001d0       __imp___initterm_e         101941d0     MSVCRTD:MSVCR120D.dll
 0004:000001d4       __imp_?terminate@@YAXXZ    101941d4     MSVCRTD:MSVCR120D.dll
 0004:000001d8       __imp___except_handler4_common 101941d8     MSVCRTD:MSVCR120D.dll
 0004:000001dc       __imp__wcscpy_s            101941dc     MSVCRTD:MSVCR120D.dll
 0004:000001e0       __imp___wmakepath_s        101941e0     MSVCRTD:MSVCR120D.dll
 0004:000001e4       __imp___wsplitpath_s       101941e4     MSVCRTD:MSVCR120D.dll
 0004:000001e8       __imp___crt_debugger_hook  101941e8     MSVCRTD:MSVCR120D.dll
 0004:000001ec       __imp____crtUnhandledException 101941ec     MSVCRTD:MSVCR120D.dll
 0004:000001f0       __imp____crtTerminateProcess 101941f0     MSVCRTD:MSVCR120D.dll
 0004:000001f4       __imp___clearfp            101941f4     MSVCRTD:MSVCR120D.dll
 0004:000001f8       __imp___controlfp_s        101941f8     MSVCRTD:MSVCR120D.dll
 0004:000001fc       __imp____control87_2       101941fc     MSVCRTD:MSVCR120D.dll
 0004:00000200       __imp___purecall           10194200     MSVCRTD:MSVCR120D.dll
 0004:00000204       __imp_??3@YAXPAX@Z         10194204     MSVCRTD:MSVCR120D.dll
 0004:00000208       __imp_?name@type_info@@QBEPBDPAU__type_info_node@@@Z 10194208     MSVCRTD:MSVCR120D.dll
 0004:0000020c       __imp__puts                1019420c     MSVCRTD:MSVCR120D.dll
 0004:00000210       __imp__vsprintf_s          10194210     MSVCRTD:MSVCR120D.dll
 0004:00000214       __imp__memcpy              10194214     MSVCRTD:MSVCR120D.dll
 0004:00000218       __imp__memset              10194218     MSVCRTD:MSVCR120D.dll
 0004:0000021c       __imp___except_handler3    1019421c     MSVCRTD:MSVCR120D.dll
 0004:00000220       __imp__sprintf             10194220     MSVCRTD:MSVCR120D.dll
 0004:00000224       __imp___CrtSetReportMode   10194224     MSVCRTD:MSVCR120D.dll
 0004:00000228       __imp___CrtDbgReport       10194228     MSVCRTD:MSVCR120D.dll
 0004:0000022c       __imp___wassert            1019422c     MSVCRTD:MSVCR120D.dll
 0004:00000230       __imp__sin                 10194230     MSVCRTD:MSVCR120D.dll
 0004:00000234       \177MSVCR120D_NULL_THUNK_DATA 10194234     MSVCRTD:MSVCR120D.dll
 0004:00000290       __imp__gethostbyaddr@12    10194290     Ws2_32:WS2_32.dll
 0004:00000294       __imp__gethostbyname@4     10194294     Ws2_32:WS2_32.dll
 0004:00000298       __imp__WSAStartup@8        10194298     Ws2_32:WS2_32.dll
 0004:0000029c       __imp__WSACleanup@0        1019429c     Ws2_32:WS2_32.dll
 0004:000002a0       __imp__WSAGetLastError@0   101942a0     Ws2_32:WS2_32.dll
 0004:000002a4       __imp__WSASendDisconnect@8 101942a4     Ws2_32:WS2_32.dll
 0004:000002a8       __imp__setsockopt@20       101942a8     Ws2_32:WS2_32.dll
 0004:000002ac       __imp__send@16             101942ac     Ws2_32:WS2_32.dll
 0004:000002b0       __imp__select@20           101942b0     Ws2_32:WS2_32.dll
 0004:000002b4       __imp__recv@16             101942b4     Ws2_32:WS2_32.dll
 0004:000002b8       __imp__listen@8            101942b8     Ws2_32:WS2_32.dll
 0004:000002bc       __imp__inet_addr@4         101942bc     Ws2_32:WS2_32.dll
 0004:000002c0       __imp__htons@4             101942c0     Ws2_32:WS2_32.dll
 0004:000002c4       __imp__htonl@4             101942c4     Ws2_32:WS2_32.dll
 0004:000002c8       __imp__getsockopt@20       101942c8     Ws2_32:WS2_32.dll
 0004:000002cc       __imp__ioctlsocket@12      101942cc     Ws2_32:WS2_32.dll
 0004:000002d0       __imp__connect@12          101942d0     Ws2_32:WS2_32.dll
 0004:000002d4       __imp__closesocket@4       101942d4     Ws2_32:WS2_32.dll
 0004:000002d8       __imp__bind@12             101942d8     Ws2_32:WS2_32.dll
 0004:000002dc       __imp__accept@12           101942dc     Ws2_32:WS2_32.dll
 0004:000002e0       __imp____WSAFDIsSet@8      101942e0     Ws2_32:WS2_32.dll
 0004:000002e4       __imp__socket@12           101942e4     Ws2_32:WS2_32.dll
 0004:000002e8       \177WS2_32_NULL_THUNK_DATA 101942e8     Ws2_32:WS2_32.dll
 0004:00000324       __IMPORT_DESCRIPTOR_KERNEL32 10194324     kernel32:KERNEL32.dll
 0004:00000338       __IMPORT_DESCRIPTOR_MSVCR120D 10194338     MSVCRTD:MSVCR120D.dll
 0004:0000034c       __IMPORT_DESCRIPTOR_WS2_32 1019434c     Ws2_32:WS2_32.dll
 0004:00000360       __NULL_IMPORT_DESCRIPTOR   10194360     kernel32:KERNEL32.dll
