 PhysX3CharacterKinematic_x86

 Timestamp is 55b9694f (Wed Jul 29 17:01:19 2015)

 Preferred load address is 10000000

 Start         Length     Name                   Class
 0001:00000000 00000134H .text$di                CODE
 0001:00000140 00041722H .text$mn                CODE
 0002:00000000 000001b0H .idata$5                DATA
 0002:000001b0 00000004H .CRT$XCA                DATA
 0002:000001b4 00000030H .CRT$XCU                DATA
 0002:000001e4 00000004H .CRT$XCZ                DATA
 0002:000001e8 00000004H .CRT$XIA                DATA
 0002:000001ec 00000010H .CRT$XIC                DATA
 0002:000001fc 00000004H .CRT$XIZ                DATA
 0002:00000200 00000004H .CRT$XPA                DATA
 0002:00000204 00000008H .CRT$XPX                DATA
 0002:0000020c 00000004H .CRT$XPXA               DATA
 0002:00000210 00000004H .CRT$XPZ                DATA
 0002:00000214 00000004H .CRT$XTA                DATA
 0002:00000218 00000004H .CRT$XTZ                DATA
 0002:00000220 00006500H .rdata                  DATA
 0002:00006720 00000084H .rdata$debug            DATA
 0002:000067a4 0000020cH .rdata$r                DATA
 0002:000069b0 0000000cH .rdata$sxdata           DATA
 0002:000069bc 00000004H .rtc$IAA                DATA
 0002:000069c0 00000004H .rtc$IZZ                DATA
 0002:000069c4 00000004H .rtc$TAA                DATA
 0002:000069c8 00000004H .rtc$TZZ                DATA
 0002:000069d0 00000564H .xdata$x                DATA
 0002:00006f40 000001e8H .edata                  DATA
 0002:00007128 00000028H .idata$2                DATA
 0002:00007150 00000014H .idata$3                DATA
 0002:00007164 000001b0H .idata$4                DATA
 0002:00007314 00000edcH .idata$6                DATA
 0003:00000000 0000124cH .data                   DATA
 0003:00001250 0000037fH .data$r                 DATA
 0003:000015e0 00001fa0H .bss                    DATA
 0004:00000000 000000a0H .rsrc$01                DATA
 0004:000000a0 00000500H .rsrc$02                DATA

  Address         Publics by Value              Rva+Base       Lib:Object

 0000:00000000       ___guard_fids_count        00000000     <absolute>
 0000:00000000       ___guard_flags             00000000     <absolute>
 0000:00000000       ___guard_fids_table        00000000     <absolute>
 0000:00000000       __except_list              00000000     <absolute>
 0000:00000003       ___safe_se_handler_count   00000003     <absolute>
 0000:00000000       ___ImageBase               10000000     <linker-defined>
 0001:00000140       ??0BoxController@Cct@physx@@QAE@ABVPxControllerDesc@2@AAVPxPhysics@2@PAVPxScene@2@@Z 10001140 f   CctBoxController.obj
 0001:000001f0       ??1BoxController@Cct@physx@@UAE@XZ 100011f0 f   CctBoxController.obj
 0001:00000210       ?getWorldBox@BoxController@Cct@physx@@UBE_NAAUPxExtendedBounds3@3@@Z 10001210 f   CctBoxController.obj
 0001:000002c0       ?setFootPosition@BoxController@Cct@physx@@UAE_NABUPxExtendedVec3@3@@Z 100012c0 f   CctBoxController.obj
 0001:00000340       ?getFootPosition@BoxController@Cct@physx@@UBE?AUPxExtendedVec3@3@XZ 10001340 f   CctBoxController.obj
 0001:000003c0       ?invalidateCache@BoxController@Cct@physx@@UAEXXZ 100013c0 f   CctBoxController.obj
 0001:000003d0       ?resize@BoxController@Cct@physx@@UAEXM@Z 100013d0 f   CctBoxController.obj
 0001:00000470       ?getHalfHeight@BoxController@Cct@physx@@UBEMXZ 10001470 f   CctBoxController.obj
 0001:00000480       ?getHalfSideExtent@BoxController@Cct@physx@@UBEMXZ 10001480 f   CctBoxController.obj
 0001:00000490       ?getHalfForwardExtent@BoxController@Cct@physx@@UBEMXZ 10001490 f   CctBoxController.obj
 0001:000004a0       ?setHalfHeight@BoxController@Cct@physx@@UAE_NM@Z 100014a0 f   CctBoxController.obj
 0001:000004d0       ?setHalfSideExtent@BoxController@Cct@physx@@UAE_NM@Z 100014d0 f   CctBoxController.obj
 0001:00000500       ?setHalfForwardExtent@BoxController@Cct@physx@@UAE_NM@Z 10001500 f   CctBoxController.obj
 0001:00000530       ?updateKinematicProxy@BoxController@Cct@physx@@QAE_NXZ 10001530 f   CctBoxController.obj
 0001:000005d0       ?getOBB@BoxController@Cct@physx@@QBEXAAVPxExtendedBox@3@@Z 100015d0 f   CctBoxController.obj
 0001:000006e0       ??0PxBoxController@physx@@IAE@XZ 100016e0 f i CctBoxController.obj
 0001:000006f0       ??0PxBoxGeometry@physx@@QAE@XZ 100016f0 f i CctBoxController.obj
 0001:00000710       ??0PxController@physx@@IAE@XZ 10001710 f i CctBoxController.obj
 0001:00000720       ??0PxExtendedBounds3@physx@@QAE@XZ 10001720 f i CctBoxController.obj
 0001:00000730       ??0PxExtendedVec3@physx@@QAE@NNN@Z 10001730 f i CctBoxController.obj
 0001:00000760       ??0PxExtendedVec3@physx@@QAE@XZ 10001760 f i CctBoxController.obj
 0001:00000770       ??0PxGeometry@physx@@IAE@W4Enum@PxGeometryType@1@@Z 10001770 f i CctBoxController.obj
 0001:00000780       ??0PxVec3@physx@@QAE@ABV01@@Z 10001780 f i CctBoxController.obj
 0001:000007a0       ??0PxVec3@physx@@QAE@MMM@Z 100017a0 f i CctBoxController.obj
 0001:000007d0       ??1PxBoxController@physx@@MAE@XZ 100017d0 f i CctBoxController.obj
 0001:000007e0       ??1PxController@physx@@MAE@XZ 100017e0 f i CctBoxController.obj
 0001:000007f0       ??3UserAllocated@shdfnd@physx@@SAXPAX@Z 100017f0 f i CctBoxController.obj
 0001:00000810       ??4PxQuat@physx@@QAEAAV01@ABV01@@Z 10001810 f i CctBoxController.obj
 0001:00000840       ??4PxVec3@physx@@QAEAAV01@ABV01@@Z 10001840 f i CctBoxController.obj
 0001:00000860       ??DPxVec3@physx@@QBE?AV01@M@Z 10001860 f i CctBoxController.obj
 0001:000008a0       ??GPxExtendedVec3@physx@@QBE?AVPxVec3@1@ABU01@@Z 100018a0 f i CctBoxController.obj
 0001:000008f0       ??HPxExtendedVec3@physx@@QBE?AU01@ABU01@@Z 100018f0 f i CctBoxController.obj
 0001:00000930       ??XPxExtendedVec3@physx@@QAEAAU01@ABM@Z 10001930 f i CctBoxController.obj
 0001:00000970       ??XPxVec3@physx@@QAEAAV01@M@Z 10001970 f i CctBoxController.obj
 0001:000009b0       ??YPxExtendedVec3@physx@@QAEAAU01@ABVPxVec3@1@@Z 100019b0 f i CctBoxController.obj
 0001:000009f0       ??ZPxExtendedVec3@physx@@QAEAAU01@ABVPxVec3@1@@Z 100019f0 f i CctBoxController.obj
 0001:00000a3b       ??_EBoxController@Cct@physx@@W7AEPAXI@Z 10001a3b f i CctBoxController.obj
 0001:00000a50       ??_EBoxController@Cct@physx@@UAEPAXI@Z 10001a50 f i CctBoxController.obj
 0001:00000a50       ??_GBoxController@Cct@physx@@UAEPAXI@Z 10001a50 f i CctBoxController.obj
 0001:00000a90       ??_GPxBoxController@physx@@MAEPAXI@Z 10001a90 f i CctBoxController.obj
 0001:00000a90       ??_EPxBoxController@physx@@MAEPAXI@Z 10001a90 f i CctBoxController.obj
 0001:00000ac0       ??_EPxController@physx@@MAEPAXI@Z 10001ac0 f i CctBoxController.obj
 0001:00000ac0       ??_GPxController@physx@@MAEPAXI@Z 10001ac0 f i CctBoxController.obj
 0001:00000af0       ??_H@YGXPAXIHP6EPAX0@Z@Z   10001af0 f i CctBoxController.obj
 0001:00000b20       ?getActor@BoxController@Cct@physx@@UBEPAVPxRigidDynamic@3@XZ 10001b20 f i CctBoxController.obj
 0001:00000b30       ?getCenter@physx@@YAXABUPxExtendedBounds3@1@AAUPxExtendedVec3@1@@Z 10001b30 f i CctBoxController.obj
 0001:00000b90       ?getContactOffset@BoxController@Cct@physx@@UBEMXZ 10001b90 f i CctBoxController.obj
 0001:00000ba0       ?getExtents@physx@@YAXABUPxExtendedBounds3@1@AAVPxVec3@1@@Z 10001ba0 f i CctBoxController.obj
 0001:00000c00       ?getHalfHeightInternal@BoxController@Cct@physx@@UBEMXZ 10001c00 f i CctBoxController.obj
 0001:00000c10       ?getNonWalkableMode@BoxController@Cct@physx@@UBE?AW4Enum@PxControllerNonWalkableMode@3@XZ 10001c10 f i CctBoxController.obj
 0001:00000c20       ?getPosition@BoxController@Cct@physx@@UBEABUPxExtendedVec3@3@XZ 10001c20 f i CctBoxController.obj
 0001:00000c30       ?getPxController@BoxController@Cct@physx@@UAEPAVPxController@3@XZ 10001c30 f i CctBoxController.obj
 0001:00000c40       ?getScene@BoxController@Cct@physx@@UAEPAVPxScene@3@XZ 10001c40 f i CctBoxController.obj
 0001:00000c50       ?getSlopeLimit@BoxController@Cct@physx@@UBEMXZ 10001c50 f i CctBoxController.obj
 0001:00000c60       ?getState@BoxController@Cct@physx@@UBEXAAUPxControllerState@3@@Z 10001c60 f i CctBoxController.obj
 0001:00000c70       ?getStats@BoxController@Cct@physx@@UBEXAAUPxControllerStats@3@@Z 10001c70 f i CctBoxController.obj
 0001:00000c80       ?getStepOffset@BoxController@Cct@physx@@UBEMXZ 10001c80 f i CctBoxController.obj
 0001:00000c90       ?getType@BoxController@Cct@physx@@UBE?AW4Enum@PxControllerShapeType@3@XZ 10001c90 f i CctBoxController.obj
 0001:00000ca0       ?getUpDirection@BoxController@Cct@physx@@UBE?AVPxVec3@3@XZ 10001ca0 f i CctBoxController.obj
 0001:00000cc0       ?getUserData@BoxController@Cct@physx@@UBEPAXXZ 10001cc0 f i CctBoxController.obj
 0001:00000cd0       ?release@BoxController@Cct@physx@@UAEXXZ 10001cd0 f i CctBoxController.obj
 0001:00000ce0       ?setCenterExtents@physx@@YAXAAUPxExtendedBounds3@1@ABUPxExtendedVec3@1@ABVPxVec3@1@@Z 10001ce0 f i CctBoxController.obj
 0001:00000d90       ?setContactOffset@BoxController@Cct@physx@@UAEXM@Z 10001d90 f i CctBoxController.obj
 0001:00000db0       ?setNonWalkableMode@BoxController@Cct@physx@@UAEXW4Enum@PxControllerNonWalkableMode@3@@Z 10001db0 f i CctBoxController.obj
 0001:00000dc0       ?setPosition@BoxController@Cct@physx@@UAE_NABUPxExtendedVec3@3@@Z 10001dc0 f i CctBoxController.obj
 0001:00000dd0       ?setSlopeLimit@BoxController@Cct@physx@@UAEXM@Z 10001dd0 f i CctBoxController.obj
 0001:00000df0       ?setStepOffset@BoxController@Cct@physx@@UAEXM@Z 10001df0 f i CctBoxController.obj
 0001:00000e10       ?setUpDirection@BoxController@Cct@physx@@UAEXABVPxVec3@3@@Z 10001e10 f i CctBoxController.obj
 0001:00000e20       ?setUserData@BoxController@Cct@physx@@UAEXPAX@Z 10001e20 f i CctBoxController.obj
 0001:00000e30       ??0CapsuleController@Cct@physx@@QAE@ABVPxControllerDesc@2@AAVPxPhysics@2@PAVPxScene@2@@Z 10001e30 f   CctCapsuleController.obj
 0001:00000ed0       ??1CapsuleController@Cct@physx@@UAE@XZ 10001ed0 f   CctCapsuleController.obj
 0001:00000ef0       ?getWorldBox@CapsuleController@Cct@physx@@UBE_NAAUPxExtendedBounds3@3@@Z 10001ef0 f   CctCapsuleController.obj
 0001:00000fb0       ?setFootPosition@CapsuleController@Cct@physx@@UAE_NABUPxExtendedVec3@3@@Z 10001fb0 f   CctCapsuleController.obj
 0001:00001040       ?getFootPosition@CapsuleController@Cct@physx@@UBE?AUPxExtendedVec3@3@XZ 10002040 f   CctCapsuleController.obj
 0001:000010d0       ?invalidateCache@CapsuleController@Cct@physx@@UAEXXZ 100020d0 f   CctCapsuleController.obj
 0001:000010e0       ?resize@CapsuleController@Cct@physx@@UAEXM@Z 100020e0 f   CctCapsuleController.obj
 0001:000011a0       ?getClimbingMode@CapsuleController@Cct@physx@@UBE?AW4Enum@PxCapsuleClimbingMode@3@XZ 100021a0 f   CctCapsuleController.obj
 0001:000011b0       ?setRadius@CapsuleController@Cct@physx@@UAE_NM@Z 100021b0 f   CctCapsuleController.obj
 0001:00001230       ?setHeight@CapsuleController@Cct@physx@@UAE_NM@Z 10002230 f   CctCapsuleController.obj
 0001:000012b0       ?setClimbingMode@CapsuleController@Cct@physx@@UAE_NW4Enum@PxCapsuleClimbingMode@3@@Z 100022b0 f   CctCapsuleController.obj
 0001:000012d0       ?getCapsule@CapsuleController@Cct@physx@@QBEXAAUPxExtendedCapsule@3@@Z 100022d0 f   CctCapsuleController.obj
 0001:000013d0       ??0PxCapsuleController@physx@@IAE@XZ 100023d0 f i CctCapsuleController.obj
 0001:000013e0       ??0PxCapsuleGeometry@physx@@QAE@XZ 100023e0 f i CctCapsuleController.obj
 0001:00001400       ??1PxCapsuleController@physx@@MAE@XZ 10002400 f i CctCapsuleController.obj
 0001:00001407       ??_ECapsuleController@Cct@physx@@W7AEPAXI@Z 10002407 f i CctCapsuleController.obj
 0001:00001410       ??_GCapsuleController@Cct@physx@@UAEPAXI@Z 10002410 f i CctCapsuleController.obj
 0001:00001410       ??_ECapsuleController@Cct@physx@@UAEPAXI@Z 10002410 f i CctCapsuleController.obj
 0001:00001450       ??_EPxCapsuleController@physx@@MAEPAXI@Z 10002450 f i CctCapsuleController.obj
 0001:00001450       ??_GPxCapsuleController@physx@@MAEPAXI@Z 10002450 f i CctCapsuleController.obj
 0001:00001480       ?getActor@CapsuleController@Cct@physx@@UBEPAVPxRigidDynamic@3@XZ 10002480 f i CctCapsuleController.obj
 0001:00001490       ?getContactOffset@CapsuleController@Cct@physx@@UBEMXZ 10002490 f i CctCapsuleController.obj
 0001:000014a0       ?getHalfHeightInternal@CapsuleController@Cct@physx@@UBEMXZ 100024a0 f i CctCapsuleController.obj
 0001:000014c0       ?getHeight@CapsuleController@Cct@physx@@UBEMXZ 100024c0 f i CctCapsuleController.obj
 0001:000014d0       ?getNonWalkableMode@CapsuleController@Cct@physx@@UBE?AW4Enum@PxControllerNonWalkableMode@3@XZ 100024d0 f i CctCapsuleController.obj
 0001:000014e0       ?getPosition@CapsuleController@Cct@physx@@UBEABUPxExtendedVec3@3@XZ 100024e0 f i CctCapsuleController.obj
 0001:000014f0       ?getPxController@CapsuleController@Cct@physx@@UAEPAVPxController@3@XZ 100024f0 f i CctCapsuleController.obj
 0001:00001500       ?getRadius@CapsuleController@Cct@physx@@UBEMXZ 10002500 f i CctCapsuleController.obj
 0001:00001510       ?getScene@CapsuleController@Cct@physx@@UAEPAVPxScene@3@XZ 10002510 f i CctCapsuleController.obj
 0001:00001520       ?getSlopeLimit@CapsuleController@Cct@physx@@UBEMXZ 10002520 f i CctCapsuleController.obj
 0001:00001530       ?getState@CapsuleController@Cct@physx@@UBEXAAUPxControllerState@3@@Z 10002530 f i CctCapsuleController.obj
 0001:00001540       ?getStats@CapsuleController@Cct@physx@@UBEXAAUPxControllerStats@3@@Z 10002540 f i CctCapsuleController.obj
 0001:00001550       ?getStepOffset@CapsuleController@Cct@physx@@UBEMXZ 10002550 f i CctCapsuleController.obj
 0001:00001560       ?getType@CapsuleController@Cct@physx@@UBE?AW4Enum@PxControllerShapeType@3@XZ 10002560 f i CctCapsuleController.obj
 0001:00001570       ?getUpDirection@CapsuleController@Cct@physx@@UBE?AVPxVec3@3@XZ 10002570 f i CctCapsuleController.obj
 0001:00001590       ?getUserData@CapsuleController@Cct@physx@@UBEPAXXZ 10002590 f i CctCapsuleController.obj
 0001:000015a0       ?release@CapsuleController@Cct@physx@@UAEXXZ 100025a0 f i CctCapsuleController.obj
 0001:000015b0       ?setContactOffset@CapsuleController@Cct@physx@@UAEXM@Z 100025b0 f i CctCapsuleController.obj
 0001:000015d0       ?setNonWalkableMode@CapsuleController@Cct@physx@@UAEXW4Enum@PxControllerNonWalkableMode@3@@Z 100025d0 f i CctCapsuleController.obj
 0001:000015e0       ?setPosition@CapsuleController@Cct@physx@@UAE_NABUPxExtendedVec3@3@@Z 100025e0 f i CctCapsuleController.obj
 0001:000015f0       ?setSlopeLimit@CapsuleController@Cct@physx@@UAEXM@Z 100025f0 f i CctCapsuleController.obj
 0001:00001610       ?setStepOffset@CapsuleController@Cct@physx@@UAEXM@Z 10002610 f i CctCapsuleController.obj
 0001:00001630       ?setUpDirection@CapsuleController@Cct@physx@@UAEXABVPxVec3@3@@Z 10002630 f i CctCapsuleController.obj
 0001:00001640       ?setUserData@CapsuleController@Cct@physx@@UAEXPAX@Z 10002640 f i CctCapsuleController.obj
 0001:00001660       ??0CCTParams@Cct@physx@@QAE@XZ 10002660 f   CctCharacterController.obj
 0001:000016d0       ??0SweepTest@Cct@physx@@QAE@XZ 100026d0 f   CctCharacterController.obj
 0001:00001830       ??1SweepTest@Cct@physx@@QAE@XZ 10002830 f   CctCharacterController.obj
 0001:000018a0       ?moveCharacter@SweepTest@Cct@physx@@QAE?AV?$PxFlags@W4Enum@PxControllerCollisionFlag@physx@@E@3@PBUInternalCBData_FindTouchedGeom@23@PBUInternalCBData_OnHit@23@AAVSweptVolume@23@ABVPxVec3@3@ABUUserObstacles@23@MABVPxControllerFilters@3@_N6@Z 100028a0 f   CctCharacterController.obj
 0001:00002180       ?doSweepTest@SweepTest@Cct@physx@@QAE_NPBUInternalCBData_FindTouchedGeom@23@PBUInternalCBData_OnHit@23@ABUUserObstacles@23@AAVSweptVolume@23@ABVPxVec3@3@4IPAIMABVPxControllerFilters@3@W4SweepPass@23@@Z 10003180 f   CctCharacterController.obj
 0001:00003210       ?findTouchedObstacles@SweepTest@Cct@physx@@QAEXABUUserObstacles@23@ABUPxExtendedBounds3@3@@Z 10004210 f   CctCharacterController.obj
 0001:00003980       ?voidTestCache@SweepTest@Cct@physx@@QAEXXZ 10004980 f   CctCharacterController.obj
 0001:000039c0       ?onRelease@SweepTest@Cct@physx@@QAEXABVPxBase@3@@Z 100049c0 f   CctCharacterController.obj
 0001:00003a60       ?onObstacleRemoved@SweepTest@Cct@physx@@QAEXI@Z 10004a60 f   CctCharacterController.obj
 0001:00003a80       ?onObstacleUpdated@SweepTest@Cct@physx@@QAEXIPBVPxObstacleContext@3@ABVPxVec3@3@1M@Z 10004a80 f   CctCharacterController.obj
 0001:00003c80       ?onObstacleAdded@SweepTest@Cct@physx@@QAEXIPBVPxObstacleContext@3@ABVPxVec3@3@1M@Z 10004c80 f   CctCharacterController.obj
 0001:00003ec0       ?onOriginShift@SweepTest@Cct@physx@@QAEXABVPxVec3@3@@Z 10004ec0 f   CctCharacterController.obj
 0001:00004060       ?updateTouchedGeoms@SweepTest@Cct@physx@@AAEXPBUInternalCBData_FindTouchedGeom@23@ABUUserObstacles@23@ABUPxExtendedBounds3@3@ABVPxControllerFilters@3@ABVPxVec3@3@@Z 10005060 f   CctCharacterController.obj
 0001:00004720       ?findTouchedObject@Controller@Cct@physx@@IAEXABVPxControllerFilters@3@PBVPxObstacleContext@3@ABVPxVec3@3@@Z 10005720 f   CctCharacterController.obj
 0001:00004e10       ?rideOnTouchedObject@Controller@Cct@physx@@IAE_NAAVSweptVolume@23@ABVPxVec3@3@AAV53@PBVPxObstacleContext@3@@Z 10005e10 f   CctCharacterController.obj
 0001:000053a0       ?move@Controller@Cct@physx@@IAE?AV?$PxFlags@W4Enum@PxControllerCollisionFlag@physx@@E@3@AAVSweptVolume@23@ABVPxVec3@3@MMABVPxControllerFilters@3@PBVPxObstacleContext@3@_N@Z 100063a0 f   CctCharacterController.obj
 0001:00006140       ?filterTouchedShape@Controller@Cct@physx@@IAE_NABVPxControllerFilters@3@@Z 10007140 f   CctCharacterController.obj
 0001:000087c0       ?move@BoxController@Cct@physx@@UAE?AV?$PxFlags@W4Enum@PxControllerCollisionFlag@physx@@E@3@ABVPxVec3@3@MMABVPxControllerFilters@3@PBVPxObstacleContext@3@@Z 100097c0 f   CctCharacterController.obj
 0001:00008890       ?move@CapsuleController@Cct@physx@@UAE?AV?$PxFlags@W4Enum@PxControllerCollisionFlag@physx@@E@3@ABVPxVec3@3@MMABVPxControllerFilters@3@PBVPxObstacleContext@3@@Z 10009890 f   CctCharacterController.obj
 0001:00008970       ??$PX_UNUSED@I@@YAXABI@Z   10009970 f i CctCharacterController.obj
 0001:00008980       ??$PX_UNUSED@PBUPxRaycastHit@physx@@@@YAXABQBUPxRaycastHit@physx@@@Z 10009980 f i CctCharacterController.obj
 0001:00008990       ??$PX_UNUSED@W4PxIDENTITY@physx@@@@YAXABW4PxIDENTITY@physx@@@Z 10009990 f i CctCharacterController.obj
 0001:000089a0       ??$PxMax@N@physx@@YANNN@Z  100099a0 f i CctCharacterController.obj
 0001:000089d0       ??$PxMin@N@physx@@YANNN@Z  100099d0 f i CctCharacterController.obj
 0001:00008a00       ??$PxUnionCast@PBVPxGeometry@physx@@PAY03$$CBE@physx@@YAPBVPxGeometry@0@PAY03$$CBE@Z 10009a00 f i CctCharacterController.obj
 0001:00008a10       ??$reserve@IV?$ReflectionAllocator@I@shdfnd@physx@@@Cct@physx@@YAPAIAAV?$Array@IV?$ReflectionAllocator@I@shdfnd@physx@@@shdfnd@1@I@Z 10009a10 f i CctCharacterController.obj
 0001:00008a40       ??0?$Array@IV?$ReflectionAllocator@I@shdfnd@physx@@@shdfnd@physx@@QAE@ABV?$ReflectionAllocator@I@12@@Z 10009a40 f i CctCharacterController.obj
 0001:00008a60       ??0?$Array@VPxTriangle@physx@@V?$ReflectionAllocator@VPxTriangle@physx@@@shdfnd@2@@shdfnd@physx@@QAE@ABV?$ReflectionAllocator@VPxTriangle@physx@@@12@@Z 10009a60 f i CctCharacterController.obj
 0001:00008a80       ??0?$PxFlags@W4Enum@PxControllerCollisionFlag@physx@@E@physx@@QAE@ABV01@@Z 10009a80 f i CctCharacterController.obj
 0001:00008a90       ??0?$PxFlags@W4Enum@PxControllerCollisionFlag@physx@@E@physx@@QAE@E@Z 10009a90 f i CctCharacterController.obj
 0001:00008aa0       ??0?$PxFlags@W4Enum@PxHitFlag@physx@@G@physx@@QAE@ABV01@@Z 10009aa0 f i CctCharacterController.obj
 0001:00008ac0       ??0?$PxFlags@W4Enum@PxHitFlag@physx@@G@physx@@QAE@G@Z 10009ac0 f i CctCharacterController.obj
 0001:00008ad0       ??0?$PxFlags@W4Enum@PxHitFlag@physx@@G@physx@@QAE@W4Enum@PxHitFlag@1@@Z 10009ad0 f i CctCharacterController.obj
 0001:00008ae0       ??0?$PxFlags@W4Enum@PxQueryFlag@physx@@G@physx@@QAE@ABV01@@Z 10009ae0 f i CctCharacterController.obj
 0001:00008b00       ??0?$PxFlags@W4Enum@PxQueryFlag@physx@@G@physx@@QAE@W4Enum@PxQueryFlag@1@@Z 10009b00 f i CctCharacterController.obj
 0001:00008b10       ??0?$PxFlags@W4Enum@PxQueryFlag@physx@@G@physx@@QAE@XZ 10009b10 f i CctCharacterController.obj
 0001:00008b20       ??0?$PxFlags@W4Enum@PxShapeFlag@physx@@E@physx@@QAE@ABV01@@Z 10009b20 f i CctCharacterController.obj
 0001:00008b30       ??0?$PxHitBuffer@UPxRaycastHit@physx@@@physx@@QAE@PAUPxRaycastHit@1@I@Z 10009b30 f i CctCharacterController.obj
 0001:00008b90       ??0?$PxHitCallback@UPxRaycastHit@physx@@@physx@@QAE@PAUPxRaycastHit@1@I@Z 10009b90 f i CctCharacterController.obj
 0001:00008bf0       ??0?$ReflectionAllocator@I@shdfnd@physx@@QAE@ABV012@@Z 10009bf0 f i CctCharacterController.obj
 0001:00008c00       ??0?$ReflectionAllocator@I@shdfnd@physx@@QAE@PBD@Z 10009c00 f i CctCharacterController.obj
 0001:00008c10       ??0?$ReflectionAllocator@VPxTriangle@physx@@@shdfnd@physx@@QAE@ABV012@@Z 10009c10 f i CctCharacterController.obj
 0001:00008c20       ??0?$ReflectionAllocator@VPxTriangle@physx@@@shdfnd@physx@@QAE@PBD@Z 10009c20 f i CctCharacterController.obj
 0001:00008c30       ??0CCTFilter@Cct@physx@@QAE@XZ 10009c30 f i CctCharacterController.obj
 0001:00008c50       ??0ControllerFilter@@QAE@XZ 10009c50 f i CctCharacterController.obj
 0001:00008c60       ??0DebugBox@Cm@physx@@QAE@ABVPxBounds3@2@_N@Z 10009c60 f i CctCharacterController.obj
 0001:00008ca0       ??0DebugBox@Cm@physx@@QAE@ABVPxVec3@2@_N@Z 10009ca0 f i CctCharacterController.obj
 0001:00008cf0       ??0Matrix34@Cm@physx@@QAE@XZ 10009cf0 f i CctCharacterController.obj
 0001:00008d00       ??0PxActorShape@physx@@QAE@XZ 10009d00 f i CctCharacterController.obj
 0001:00008d10       ??0PxBounds3@physx@@QAE@ABVPxVec3@1@0@Z 10009d10 f i CctCharacterController.obj
 0001:00008d50       ??0PxBoxGeometry@physx@@QAE@VPxVec3@1@@Z 10009d50 f i CctCharacterController.obj
 0001:00008d80       ??0PxCapsuleGeometry@physx@@QAE@MM@Z 10009d80 f i CctCharacterController.obj
 0001:00008db0       ??0PxControllerManager@physx@@IAE@XZ 10009db0 f i CctCharacterController.obj
 0001:00008dc0       ??0PxControllerManager@physx@@QAE@ABV01@@Z 10009dc0 f i CctCharacterController.obj
 0001:00008dd0       ??0PxExtendedBox@physx@@QAE@ABV01@@Z 10009dd0 f i CctCharacterController.obj
 0001:00008e20       ??0PxExtendedBox@physx@@QAE@XZ 10009e20 f i CctCharacterController.obj
 0001:00008e30       ??0PxExtendedCapsule@physx@@QAE@XZ 10009e30 f i CctCharacterController.obj
 0001:00008e40       ??0PxExtendedSegment@physx@@QAE@XZ 10009e40 f i CctCharacterController.obj
 0001:00008e50       ??0PxFilterData@physx@@QAE@XZ 10009e50 f i CctCharacterController.obj
 0001:00008e70       ??0PxLocationHit@physx@@QAE@XZ 10009e70 f i CctCharacterController.obj
 0001:00008eb0       ??0PxMat33@physx@@QAE@ABV01@@Z 10009eb0 f i CctCharacterController.obj
 0001:00008ef0       ??0PxMat33@physx@@QAE@ABVPxQuat@1@@Z 10009ef0 f i CctCharacterController.obj
 0001:00009030       ??0PxMat33@physx@@QAE@W4PxIDENTITY@1@@Z 1000a030 f i CctCharacterController.obj
 0001:00009080       ??0PxQuat@physx@@QAE@ABV01@@Z 1000a080 f i CctCharacterController.obj
 0001:000090b0       ??0PxQuat@physx@@QAE@MMMM@Z 1000a0b0 f i CctCharacterController.obj
 0001:000090e0       ??0PxQuat@physx@@QAE@W4PxIDENTITY@1@@Z 1000a0e0 f i CctCharacterController.obj
 0001:00009100       ??0PxQuat@physx@@QAE@XZ    1000a100 f i CctCharacterController.obj
 0001:00009110       ??0PxQueryFilterCallback@physx@@QAE@XZ 1000a110 f i CctCharacterController.obj
 0001:00009120       ??0PxQueryFilterData@physx@@QAE@ABUPxFilterData@1@V?$PxFlags@W4Enum@PxQueryFlag@physx@@G@1@@Z 1000a120 f i CctCharacterController.obj
 0001:00009140       ??0PxQueryHit@physx@@QAE@XZ 1000a140 f i CctCharacterController.obj
 0001:00009160       ??0PxRaycastHit@physx@@QAE@XZ 1000a160 f i CctCharacterController.obj
 0001:000091a0       ??0PxSphereGeometry@physx@@QAE@XZ 1000a1a0 f i CctCharacterController.obj
 0001:000091b0       ??0PxSweepHit@physx@@QAE@XZ 1000a1b0 f i CctCharacterController.obj
 0001:000091f0       ??0PxTransform@physx@@QAE@ABVPxVec3@1@ABVPxQuat@1@@Z 1000a1f0 f i CctCharacterController.obj
 0001:00009230       ??0PxTransform@physx@@QAE@XZ 1000a230 f i CctCharacterController.obj
 0001:00009240       ??0PxVec3@physx@@QAE@M@Z   1000a240 f i CctCharacterController.obj
 0001:00009260       ??0PxVec3@physx@@QAE@XZ    1000a260 f i CctCharacterController.obj
 0001:00009270       ??0SIMDGuard@shdfnd@physx@@QAE@XZ 1000a270 f i CctCharacterController.obj
 0001:00009290       ??0SweptContact@Cct@physx@@QAE@XZ 1000a290 f i CctCharacterController.obj
 0001:000092a0       ??1?$Array@IV?$ReflectionAllocator@I@shdfnd@physx@@@shdfnd@physx@@QAE@XZ 1000a2a0 f i CctCharacterController.obj
 0001:000092d0       ??1?$Array@VPxTriangle@physx@@V?$ReflectionAllocator@VPxTriangle@physx@@@shdfnd@2@@shdfnd@physx@@QAE@XZ 1000a2d0 f i CctCharacterController.obj
 0001:00009300       ??1?$PxHitBuffer@UPxRaycastHit@physx@@@physx@@UAE@XZ 1000a300 f i CctCharacterController.obj
 0001:00009310       ??1?$PxHitCallback@UPxRaycastHit@physx@@@physx@@UAE@XZ 1000a310 f i CctCharacterController.obj
 0001:00009320       ??1ControllerFilter@@UAE@XZ 1000a320 f i CctCharacterController.obj
 0001:00009330       ??1PxControllerManager@physx@@MAE@XZ 1000a330 f i CctCharacterController.obj
 0001:00009340       ??1PxExtendedBox@physx@@QAE@XZ 1000a340 f i CctCharacterController.obj
 0001:00009350       ??1PxQueryFilterCallback@physx@@UAE@XZ 1000a350 f i CctCharacterController.obj
 0001:00009360       ??1PxTriangle@physx@@QAE@XZ 1000a360 f i CctCharacterController.obj
 0001:00009370       ??1SIMDGuard@shdfnd@physx@@QAE@XZ 1000a370 f i CctCharacterController.obj
 0001:00009390       ??2@YAPAXIPAX@Z            1000a390 f i CctCharacterController.obj
 0001:000093a0       ??4?$PxFlags@W4Enum@PxControllerCollisionFlag@physx@@E@physx@@QAEAAV01@ABV01@@Z 1000a3a0 f i CctCharacterController.obj
 0001:000093b0       ??4?$PxFlags@W4Enum@PxHitFlag@physx@@G@physx@@QAEAAV01@ABV01@@Z 1000a3b0 f i CctCharacterController.obj
 0001:000093d0       ??4?$PxFlags@W4Enum@PxQueryFlag@physx@@G@physx@@QAEAAV01@ABV01@@Z 1000a3d0 f i CctCharacterController.obj
 0001:000093f0       ??4CCTParams@Cct@physx@@QAEAAU012@ABU012@@Z 1000a3f0 f i CctCharacterController.obj
 0001:00009480       ??4PxControllerManager@physx@@QAEAAV01@ABV01@@Z 1000a480 f i CctCharacterController.obj
 0001:00009490       ??4PxExtendedBox@physx@@QAEAAV01@ABV01@@Z 1000a490 f i CctCharacterController.obj
 0001:000094e0       ??4PxLocationHit@physx@@QAEAAU01@ABU01@@Z 1000a4e0 f i CctCharacterController.obj
 0001:00009530       ??4PxRaycastHit@physx@@QAEAAU01@ABU01@@Z 1000a530 f i CctCharacterController.obj
 0001:000095a0       ??4PxTransform@physx@@QAEAAV01@ABV01@@Z 1000a5a0 f i CctCharacterController.obj
 0001:000095e0       ??4SweptContact@Cct@physx@@QAEAAU012@ABU012@@Z 1000a5e0 f i CctCharacterController.obj
 0001:00009630       ??A?$Array@IV?$ReflectionAllocator@I@shdfnd@physx@@@shdfnd@physx@@QBEABII@Z 1000a630 f i CctCharacterController.obj
 0001:00009640       ??A?$Array@UInternalBoxObstacle@ObstacleContext@Cct@physx@@V?$ReflectionAllocator@UInternalBoxObstacle@ObstacleContext@Cct@physx@@@shdfnd@4@@shdfnd@physx@@QBEABUInternalBoxObstacle@ObstacleContext@Cct@2@I@Z 1000a640 f i CctCharacterController.obj
 0001:00009660       ??A?$Array@UInternalCapsuleObstacle@ObstacleContext@Cct@physx@@V?$ReflectionAllocator@UInternalCapsuleObstacle@ObstacleContext@Cct@physx@@@shdfnd@4@@shdfnd@physx@@QBEABUInternalCapsuleObstacle@ObstacleContext@Cct@2@I@Z 1000a660 f i CctCharacterController.obj
 0001:00009670       ??A?$Array@VPxTriangle@physx@@V?$ReflectionAllocator@VPxTriangle@physx@@@shdfnd@2@@shdfnd@physx@@QAEAAVPxTriangle@2@I@Z 1000a670 f i CctCharacterController.obj
 0001:00009690       ??A?$Array@VPxTriangle@physx@@V?$ReflectionAllocator@VPxTriangle@physx@@@shdfnd@2@@shdfnd@physx@@QBEABVPxTriangle@2@I@Z 1000a690 f i CctCharacterController.obj
 0001:000096b0       ??B?$PxFlags@W4Enum@PxControllerBehaviorFlag@physx@@E@physx@@QBEIXZ 1000a6b0 f i CctCharacterController.obj
 0001:000096c0       ??B?$PxFlags@W4Enum@PxControllerDebugRenderFlag@physx@@I@physx@@QBEIXZ 1000a6c0 f i CctCharacterController.obj
 0001:000096d0       ??B?$PxFlags@W4Enum@PxQueryFlag@physx@@G@physx@@QBE_NXZ 1000a6d0 f i CctCharacterController.obj
 0001:000096e0       ??B?$PxFlags@W4Enum@PxShapeFlag@physx@@E@physx@@QBE_NXZ 1000a6e0 f i CctCharacterController.obj
 0001:000096f0       ??DPxQuat@physx@@QBE?AV01@ABV01@@Z 1000a6f0 f i CctCharacterController.obj
 0001:000097d0       ??DPxTransform@physx@@QBE?AV01@ABV01@@Z 1000a7d0 f i CctCharacterController.obj
 0001:00009a00       ??GPxVec3@physx@@QBE?AV01@ABV01@@Z 1000aa00 f i CctCharacterController.obj
 0001:00009a40       ??GPxVec3@physx@@QBE?AV01@XZ 1000aa40 f i CctCharacterController.obj
 0001:00009a80       ??HPxVec3@physx@@QBE?AV01@ABV01@@Z 1000aa80 f i CctCharacterController.obj
 0001:00009ac0       ??I?$PxFlags@W4Enum@PxQueryFlag@physx@@G@physx@@QBE?AV01@W4Enum@PxQueryFlag@1@@Z 1000aac0 f i CctCharacterController.obj
 0001:00009ae0       ??I?$PxFlags@W4Enum@PxShapeFlag@physx@@E@physx@@QBE?AV01@W4Enum@PxShapeFlag@1@@Z 1000aae0 f i CctCharacterController.obj
 0001:00009b00       ??R?$Hash@PAVPxShape@physx@@@shdfnd@physx@@QBEIABQAVPxShape@2@@Z 1000ab00 f i CctCharacterController.obj
 0001:00009b40       ??R?$Hash@PAVPxShape@physx@@@shdfnd@physx@@QBE_NABQAVPxShape@2@0@Z 1000ab40 f i CctCharacterController.obj
 0001:00009b60       ??RGetKey@?$HashSetBase@PAVPxShape@physx@@U?$Hash@PAVPxShape@physx@@@shdfnd@2@VAllocator@42@$0A@@internal@shdfnd@physx@@QAEABQAVPxShape@4@ABQAV54@@Z 1000ab60 f i CctCharacterController.obj
 0001:00009b70       ??U?$PxFlags@W4Enum@PxHitFlag@physx@@G@physx@@QBE?AV01@W4Enum@PxHitFlag@1@@Z 1000ab70 f i CctCharacterController.obj
 0001:00009b90       ??U?$PxFlags@W4Enum@PxQueryFlag@physx@@G@physx@@QBE?AV01@W4Enum@PxQueryFlag@1@@Z 1000ab90 f i CctCharacterController.obj
 0001:00009bb0       ??Uphysx@@YA?AV?$PxFlags@W4Enum@PxHitFlag@physx@@G@0@W4Enum@PxHitFlag@0@0@Z 1000abb0 f i CctCharacterController.obj
 0001:00009bd0       ??Uphysx@@YA?AV?$PxFlags@W4Enum@PxQueryFlag@physx@@G@0@W4Enum@PxQueryFlag@0@0@Z 1000abd0 f i CctCharacterController.obj
 0001:00009bf0       ??YPxVec3@physx@@QAEAAV01@ABV01@@Z 1000abf0 f i CctCharacterController.obj
 0001:00009c30       ??ZPxVec3@physx@@QAEAAV01@ABV01@@Z 1000ac30 f i CctCharacterController.obj
 0001:00009c70       ??_0PxVec3@physx@@QAEAAV01@M@Z 1000ac70 f i CctCharacterController.obj
 0001:00009cb0       ??_5?$PxFlags@W4Enum@PxControllerCollisionFlag@physx@@E@physx@@QAEAAV01@W4Enum@PxControllerCollisionFlag@1@@Z 1000acb0 f i CctCharacterController.obj
 0001:00009cc0       ??_5?$PxFlags@W4Enum@PxHitFlag@physx@@G@physx@@QAEAAV01@W4Enum@PxHitFlag@1@@Z 1000acc0 f i CctCharacterController.obj
 0001:00009cd0       ??_5?$PxFlags@W4Enum@PxQueryFlag@physx@@G@physx@@QAEAAV01@W4Enum@PxQueryFlag@1@@Z 1000acd0 f i CctCharacterController.obj
 0001:00009ce0       ??_EPxControllerManager@physx@@MAEPAXI@Z 1000ace0 f i CctCharacterController.obj
 0001:00009d40       ??_G?$PxHitBuffer@UPxRaycastHit@physx@@@physx@@UAEPAXI@Z 1000ad40 f i CctCharacterController.obj
 0001:00009d40       ??_E?$PxHitBuffer@UPxRaycastHit@physx@@@physx@@UAEPAXI@Z 1000ad40 f i CctCharacterController.obj
 0001:00009d70       ??_G?$PxHitCallback@UPxRaycastHit@physx@@@physx@@UAEPAXI@Z 1000ad70 f i CctCharacterController.obj
 0001:00009d70       ??_E?$PxHitCallback@UPxRaycastHit@physx@@@physx@@UAEPAXI@Z 1000ad70 f i CctCharacterController.obj
 0001:00009da0       ??_GControllerFilter@@UAEPAXI@Z 1000ada0 f i CctCharacterController.obj
 0001:00009da0       ??_EControllerFilter@@UAEPAXI@Z 1000ada0 f i CctCharacterController.obj
 0001:00009dd0       ??_GPxControllerManager@physx@@MAEPAXI@Z 1000add0 f i CctCharacterController.obj
 0001:00009e00       ??_GPxExtendedBox@physx@@QAEPAXI@Z 1000ae00 f i CctCharacterController.obj
 0001:00009e20       ??_GPxQueryFilterCallback@physx@@UAEPAXI@Z 1000ae20 f i CctCharacterController.obj
 0001:00009e20       ??_EPxQueryFilterCallback@physx@@UAEPAXI@Z 1000ae20 f i CctCharacterController.obj
 0001:00009e50       ??_GPxTriangle@physx@@QAEPAXI@Z 1000ae50 f i CctCharacterController.obj
 0001:00009e70       ??_I@YGXPAXIHP6EX0@Z@Z     1000ae70 f i CctCharacterController.obj
 0001:00009eb0       ?FLoad@aos@shdfnd@physx@@YA?AT__m128@@M@Z 1000aeb0 f i CctCharacterController.obj
 0001:00009ec0       ?PxAbs@physx@@YAMM@Z       1000aec0 f i CctCharacterController.obj
 0001:00009ee0       ?PxRecipSqrt@physx@@YAMM@Z 1000aee0 f i CctCharacterController.obj
 0001:00009f10       ?PxSqrt@physx@@YAMM@Z      1000af10 f i CctCharacterController.obj
 0001:00009f30       ?PxSqrt@physx@@YANN@Z      1000af30 f i CctCharacterController.obj
 0001:00009f50       ?V3Load@aos@shdfnd@physx@@YA?AT__m128@@M@Z 1000af50 f i CctCharacterController.obj
 0001:00009f70       ?V4Load@aos@shdfnd@physx@@YA?AT__m128@@M@Z 1000af70 f i CctCharacterController.obj
 0001:00009f80       ?abs@intrinsics@physx@@YAMM@Z 1000af80 f i CctCharacterController.obj
 0001:00009fa0       ?add@physx@@YAXAAUPxExtendedBounds3@1@ABU21@@Z 1000afa0 f i CctCharacterController.obj
 0001:0000a020       ?allocate@?$Array@IV?$ReflectionAllocator@I@shdfnd@physx@@@shdfnd@physx@@IAEPAII@Z 1000b020 f i CctCharacterController.obj
 0001:0000a090       ?allocate@?$Array@PBXV?$ReflectionAllocator@PBX@shdfnd@physx@@@shdfnd@physx@@IAEPAPBXI@Z 1000b090 f i CctCharacterController.obj
 0001:0000a100       ?allocate@?$Array@UPxExtendedCapsule@physx@@V?$ReflectionAllocator@UPxExtendedCapsule@physx@@@shdfnd@2@@shdfnd@physx@@IAEPAUPxExtendedCapsule@3@I@Z 1000b100 f i CctCharacterController.obj
 0001:0000a180       ?allocate@?$Array@VPxExtendedBox@physx@@V?$ReflectionAllocator@VPxExtendedBox@physx@@@shdfnd@2@@shdfnd@physx@@IAEPAVPxExtendedBox@3@I@Z 1000b180 f i CctCharacterController.obj
 0001:0000a200       ?allocate@?$ReflectionAllocator@I@shdfnd@physx@@QAEPAXIPBDH@Z 1000b200 f i CctCharacterController.obj
 0001:0000a260       ?allocate@?$ReflectionAllocator@PBX@shdfnd@physx@@QAEPAXIPBDH@Z 1000b260 f i CctCharacterController.obj
 0001:0000a2c0       ?allocate@?$ReflectionAllocator@UPxExtendedCapsule@physx@@@shdfnd@physx@@QAEPAXIPBDH@Z 1000b2c0 f i CctCharacterController.obj
 0001:0000a320       ?allocate@?$ReflectionAllocator@VPxExtendedBox@physx@@@shdfnd@physx@@QAEPAXIPBDH@Z 1000b320 f i CctCharacterController.obj
 0001:0000a380       ?any@PxGeometryHolder@physx@@QBEABVPxGeometry@2@XZ 1000b380 f i CctCharacterController.obj
 0001:0000a390       ?begin@?$Array@IV?$ReflectionAllocator@I@shdfnd@physx@@@shdfnd@physx@@QAEPAIXZ 1000b390 f i CctCharacterController.obj
 0001:0000a3a0       ?begin@?$Array@IV?$ReflectionAllocator@I@shdfnd@physx@@@shdfnd@physx@@QBEPBIXZ 1000b3a0 f i CctCharacterController.obj
 0001:0000a3b0       ?begin@?$Array@PBXV?$ReflectionAllocator@PBX@shdfnd@physx@@@shdfnd@physx@@QAEPAPBXXZ 1000b3b0 f i CctCharacterController.obj
 0001:0000a3c0       ?begin@?$Array@UPxExtendedCapsule@physx@@V?$ReflectionAllocator@UPxExtendedCapsule@physx@@@shdfnd@2@@shdfnd@physx@@QAEPAUPxExtendedCapsule@3@XZ 1000b3c0 f i CctCharacterController.obj
 0001:0000a3d0       ?begin@?$Array@VPxExtendedBox@physx@@V?$ReflectionAllocator@VPxExtendedBox@physx@@@shdfnd@2@@shdfnd@physx@@QAEPAVPxExtendedBox@3@XZ 1000b3d0 f i CctCharacterController.obj
 0001:0000a3e0       ?capacity@?$Array@IV?$ReflectionAllocator@I@shdfnd@physx@@@shdfnd@physx@@QBEIXZ 1000b3e0 f i CctCharacterController.obj
 0001:0000a3f0       ?capacity@?$Array@PBXV?$ReflectionAllocator@PBX@shdfnd@physx@@@shdfnd@physx@@QBEIXZ 1000b3f0 f i CctCharacterController.obj
 0001:0000a400       ?capacity@?$Array@UPxExtendedCapsule@physx@@V?$ReflectionAllocator@UPxExtendedCapsule@physx@@@shdfnd@2@@shdfnd@physx@@QBEIXZ 1000b400 f i CctCharacterController.obj
 0001:0000a410       ?capacity@?$Array@VPxExtendedBox@physx@@V?$ReflectionAllocator@VPxExtendedBox@physx@@@shdfnd@2@@shdfnd@physx@@QBEIXZ 1000b410 f i CctCharacterController.obj
 0001:0000a420       ?capacity@?$Array@VPxTriangle@physx@@V?$ReflectionAllocator@VPxTriangle@physx@@@shdfnd@2@@shdfnd@physx@@QBEIXZ 1000b420 f i CctCharacterController.obj
 0001:0000a430       ?capacityIncrement@?$Array@PBXV?$ReflectionAllocator@PBX@shdfnd@physx@@@shdfnd@physx@@IBEIXZ 1000b430 f i CctCharacterController.obj
 0001:0000a450       ?capacityIncrement@?$Array@UPxExtendedCapsule@physx@@V?$ReflectionAllocator@UPxExtendedCapsule@physx@@@shdfnd@2@@shdfnd@physx@@IBEIXZ 1000b450 f i CctCharacterController.obj
 0001:0000a470       ?capacityIncrement@?$Array@VPxExtendedBox@physx@@V?$ReflectionAllocator@VPxExtendedBox@physx@@@shdfnd@2@@shdfnd@physx@@IBEIXZ 1000b470 f i CctCharacterController.obj
 0001:0000a490       ?clear@?$Array@IV?$ReflectionAllocator@I@shdfnd@physx@@@shdfnd@physx@@QAEXXZ 1000b490 f i CctCharacterController.obj
 0001:0000a4a0       ?clear@?$Array@VPxTriangle@physx@@V?$ReflectionAllocator@VPxTriangle@physx@@@shdfnd@2@@shdfnd@physx@@QAEXXZ 1000b4a0 f i CctCharacterController.obj
 0001:0000a4b0       ?contains@?$HashSetBase@PAVPxShape@physx@@U?$Hash@PAVPxShape@physx@@@shdfnd@2@VAllocator@42@$0A@@internal@shdfnd@physx@@QBE_NABQAVPxShape@4@@Z 1000b4b0 f i CctCharacterController.obj
 0001:0000a4d0       ?copy@?$Array@IV?$ReflectionAllocator@I@shdfnd@physx@@@shdfnd@physx@@KAXPAI0PBI@Z 1000b4d0 f i CctCharacterController.obj
 0001:0000a500       ?copy@?$Array@PBXV?$ReflectionAllocator@PBX@shdfnd@physx@@@shdfnd@physx@@KAXPAPBX0PBQBX@Z 1000b500 f i CctCharacterController.obj
 0001:0000a530       ?copy@?$Array@UPxExtendedCapsule@physx@@V?$ReflectionAllocator@UPxExtendedCapsule@physx@@@shdfnd@2@@shdfnd@physx@@KAXPAUPxExtendedCapsule@3@0PBU43@@Z 1000b530 f i CctCharacterController.obj
 0001:0000a580       ?copy@?$Array@VPxExtendedBox@physx@@V?$ReflectionAllocator@VPxExtendedBox@physx@@@shdfnd@2@@shdfnd@physx@@KAXPAVPxExtendedBox@3@0PBV43@@Z 1000b580 f i CctCharacterController.obj
 0001:0000a600       ?createController@PxControllerManager@physx@@UAEPAVPxController@2@AAVPxPhysics@2@PAVPxScene@2@ABVPxControllerDesc@2@@Z 1000b600 f i CctCharacterController.obj
 0001:0000a640       ?cross@PxVec3@physx@@QBE?AV12@ABV12@@Z 1000b640 f i CctCharacterController.obj
 0001:0000a6b0       ?deallocate@?$Array@IV?$ReflectionAllocator@I@shdfnd@physx@@@shdfnd@physx@@IAEXPAX@Z 1000b6b0 f i CctCharacterController.obj
 0001:0000a6d0       ?deallocate@?$Array@PBXV?$ReflectionAllocator@PBX@shdfnd@physx@@@shdfnd@physx@@IAEXPAX@Z 1000b6d0 f i CctCharacterController.obj
 0001:0000a6f0       ?deallocate@?$Array@UPxExtendedCapsule@physx@@V?$ReflectionAllocator@UPxExtendedCapsule@physx@@@shdfnd@2@@shdfnd@physx@@IAEXPAX@Z 1000b6f0 f i CctCharacterController.obj
 0001:0000a710       ?deallocate@?$Array@VPxExtendedBox@physx@@V?$ReflectionAllocator@VPxExtendedBox@physx@@@shdfnd@2@@shdfnd@physx@@IAEXPAX@Z 1000b710 f i CctCharacterController.obj
 0001:0000a730       ?deallocate@?$Array@VPxTriangle@physx@@V?$ReflectionAllocator@VPxTriangle@physx@@@shdfnd@2@@shdfnd@physx@@IAEXPAX@Z 1000b730 f i CctCharacterController.obj
 0001:0000a750       ?deallocate@?$ReflectionAllocator@I@shdfnd@physx@@QAEXPAX@Z 1000b750 f i CctCharacterController.obj
 0001:0000a770       ?deallocate@?$ReflectionAllocator@PBX@shdfnd@physx@@QAEXPAX@Z 1000b770 f i CctCharacterController.obj
 0001:0000a790       ?deallocate@?$ReflectionAllocator@UPxExtendedCapsule@physx@@@shdfnd@physx@@QAEXPAX@Z 1000b790 f i CctCharacterController.obj
 0001:0000a7b0       ?deallocate@?$ReflectionAllocator@VPxExtendedBox@physx@@@shdfnd@physx@@QAEXPAX@Z 1000b7b0 f i CctCharacterController.obj
 0001:0000a7d0       ?deallocate@?$ReflectionAllocator@VPxTriangle@physx@@@shdfnd@physx@@QAEXPAX@Z 1000b7d0 f i CctCharacterController.obj
 0001:0000a7f0       ?decomposeVector@shdfnd@physx@@YAXAAVPxVec3@2@0ABV32@1@Z 1000b7f0 f i CctCharacterController.obj
 0001:0000a880       ?destroy@?$Array@IV?$ReflectionAllocator@I@shdfnd@physx@@@shdfnd@physx@@KAXPAI0@Z 1000b880 f i CctCharacterController.obj
 0001:0000a890       ?destroy@?$Array@PBXV?$ReflectionAllocator@PBX@shdfnd@physx@@@shdfnd@physx@@KAXPAPBX0@Z 1000b890 f i CctCharacterController.obj
 0001:0000a8a0       ?destroy@?$Array@UPxExtendedCapsule@physx@@V?$ReflectionAllocator@UPxExtendedCapsule@physx@@@shdfnd@2@@shdfnd@physx@@KAXPAUPxExtendedCapsule@3@0@Z 1000b8a0 f i CctCharacterController.obj
 0001:0000a8b0       ?destroy@?$Array@VPxExtendedBox@physx@@V?$ReflectionAllocator@VPxExtendedBox@physx@@@shdfnd@2@@shdfnd@physx@@KAXPAVPxExtendedBox@3@0@Z 1000b8b0 f i CctCharacterController.obj
 0001:0000a8c0       ?destroy@?$Array@VPxTriangle@physx@@V?$ReflectionAllocator@VPxTriangle@physx@@@shdfnd@2@@shdfnd@physx@@KAXPAVPxTriangle@3@0@Z 1000b8c0 f i CctCharacterController.obj
 0001:0000a8d0       ?distance@physx@@YANABUPxExtendedVec3@1@0@Z 1000b8d0 f i CctCharacterController.obj
 0001:0000a920       ?dot@PxVec3@physx@@QBEMABV12@@Z 1000b920 f i CctCharacterController.obj
 0001:0000a940       ?encodeUserObject@Cct@physx@@YAIIW4UserObjectType@12@@Z 1000b940 f i CctCharacterController.obj
 0001:0000a960       ?end@?$Array@IV?$ReflectionAllocator@I@shdfnd@physx@@@shdfnd@physx@@QAEPAIXZ 1000b960 f i CctCharacterController.obj
 0001:0000a970       ?end@?$Array@IV?$ReflectionAllocator@I@shdfnd@physx@@@shdfnd@physx@@QBEPBIXZ 1000b970 f i CctCharacterController.obj
 0001:0000a980       ?fabs@@YAMM@Z              1000b980 f i CctCharacterController.obj
 0001:0000a9a0       ?finalizeQuery@?$PxHitCallback@UPxRaycastHit@physx@@@physx@@UAEXXZ 1000b9a0 f i CctCharacterController.obj
 0001:0000a9b0       ?find@?$HashBase@PAVPxShape@physx@@PAV12@U?$Hash@PAVPxShape@physx@@@shdfnd@2@UGetKey@?$HashSetBase@PAVPxShape@physx@@U?$Hash@PAVPxShape@physx@@@shdfnd@2@VAllocator@42@$0A@@internal@42@VAllocator@42@$0A@@internal@shdfnd@physx@@QBEPBQAVPxShape@4@ABQAV54@@Z 1000b9b0 f i CctCharacterController.obj
 0001:0000aa40       ?forceSize_Unsafe@?$Array@IV?$ReflectionAllocator@I@shdfnd@physx@@@shdfnd@physx@@QAEXI@Z 1000ba40 f i CctCharacterController.obj
 0001:0000aa50       ?forceSize_Unsafe@?$Array@VPxTriangle@physx@@V?$ReflectionAllocator@VPxTriangle@physx@@@shdfnd@2@@shdfnd@physx@@QAEXI@Z 1000ba50 f i CctCharacterController.obj
 0001:0000aa60       ?getAnyHit@?$PxHitBuffer@UPxRaycastHit@physx@@@physx@@QBEABUPxRaycastHit@2@I@Z 1000ba60 f i CctCharacterController.obj
 0001:0000aa80       ?getBasisVector0@PxQuat@physx@@QBE?AVPxVec3@2@XZ 1000ba80 f i CctCharacterController.obj
 0001:0000ab00       ?getCenter@PxBounds3@physx@@QBE?AVPxVec3@2@XZ 1000bb00 f i CctCharacterController.obj
 0001:0000ab50       ?getConcreteType@PxBase@physx@@QBEGXZ 1000bb50 f i CctCharacterController.obj
 0001:0000ab60       ?getDimensions@PxBounds3@physx@@QBE?AVPxVec3@2@XZ 1000bb60 f i CctCharacterController.obj
 0001:0000aba0       ?getExtents@PxBounds3@physx@@QBE?AVPxVec3@2@XZ 1000bba0 f i CctCharacterController.obj
 0001:0000abf0       ?getGlobalPose@PxShapeExt@physx@@SA?AVPxTransform@2@ABVPxShape@2@ABVPxRigidActor@2@@Z 1000bbf0 f i CctCharacterController.obj
 0001:0000ae30       ?getName@?$ReflectionAllocator@I@shdfnd@physx@@CAPBDXZ 1000be30 f i CctCharacterController.obj
 0001:0000ae60       ?getName@?$ReflectionAllocator@PBX@shdfnd@physx@@CAPBDXZ 1000be60 f i CctCharacterController.obj
 0001:0000ae90       ?getName@?$ReflectionAllocator@UPxExtendedCapsule@physx@@@shdfnd@physx@@CAPBDXZ 1000be90 f i CctCharacterController.obj
 0001:0000aec0       ?getName@?$ReflectionAllocator@VPxExtendedBox@physx@@@shdfnd@physx@@CAPBDXZ 1000bec0 f i CctCharacterController.obj
 0001:0000aef0       ?getNbTouches@?$PxHitBuffer@UPxRaycastHit@physx@@@physx@@QBEIXZ 1000bef0 f i CctCharacterController.obj
 0001:0000af00       ?getNormalized@PxVec3@physx@@QBE?AV12@XZ 1000bf00 f i CctCharacterController.obj
 0001:0000afa0       ?getShapeGlobalPose@physx@@YA?AVPxTransform@1@ABVPxShape@1@ABVPxRigidActor@1@@Z 1000bfa0 f i CctCharacterController.obj
 0001:0000b1e0       ?getTouches@?$PxHitBuffer@UPxRaycastHit@physx@@@physx@@QBEPBUPxRaycastHit@2@XZ 1000c1e0 f i CctCharacterController.obj
 0001:0000b1f0       ?getType@SweptVolume@Cct@physx@@QBE?AW4Enum@SweptVolumeType@23@XZ 1000c1f0 f i CctCharacterController.obj
 0001:0000b200       ?grow@?$Array@IV?$ReflectionAllocator@I@shdfnd@physx@@@shdfnd@physx@@IAEXI@Z 1000c200 f i CctCharacterController.obj
 0001:0000b210       ?growAndPushBack@?$Array@PBXV?$ReflectionAllocator@PBX@shdfnd@physx@@@shdfnd@physx@@IAEAAPBXABQBX@Z 1000c210 f i CctCharacterController.obj
 0001:0000b2a0       ?growAndPushBack@?$Array@UPxExtendedCapsule@physx@@V?$ReflectionAllocator@UPxExtendedCapsule@physx@@@shdfnd@2@@shdfnd@physx@@IAEAAUPxExtendedCapsule@3@ABU43@@Z 1000c2a0 f i CctCharacterController.obj
 0001:0000b360       ?growAndPushBack@?$Array@VPxExtendedBox@physx@@V?$ReflectionAllocator@VPxExtendedBox@physx@@@shdfnd@2@@shdfnd@physx@@IAEAAVPxExtendedBox@3@ABV43@@Z 1000c360 f i CctCharacterController.obj
 0001:0000b430       ?hash@?$HashBase@PAVPxShape@physx@@PAV12@U?$Hash@PAVPxShape@physx@@@shdfnd@2@UGetKey@?$HashSetBase@PAVPxShape@physx@@U?$Hash@PAVPxShape@physx@@@shdfnd@2@VAllocator@42@$0A@@internal@42@VAllocator@42@$0A@@internal@shdfnd@physx@@ABEIABQAVPxShape@4@@Z 1000c430 f i CctCharacterController.obj
 0001:0000b470       ?hash@?$HashBase@PAVPxShape@physx@@PAV12@U?$Hash@PAVPxShape@physx@@@shdfnd@2@UGetKey@?$HashSetBase@PAVPxShape@physx@@U?$Hash@PAVPxShape@physx@@@shdfnd@2@VAllocator@42@$0A@@internal@42@VAllocator@42@$0A@@internal@shdfnd@physx@@ABEIABQAVPxShape@4@I@Z 1000c470 f i CctCharacterController.obj
 0001:0000b4b0       ?hash@shdfnd@physx@@YAII@Z 1000c4b0 f i CctCharacterController.obj
 0001:0000b4f0       ?hash@shdfnd@physx@@YAIPBX@Z 1000c4f0 f i CctCharacterController.obj
 0001:0000b530       ?intersectOBBAABB@Gu@physx@@YA_NABVBox@12@ABVPxBounds3@2@@Z 1000c530 f i CctCharacterController.obj
 0001:0000b600       ?isAlmostZero@shdfnd@physx@@YA_NABVPxVec3@2@@Z 1000c600 f i CctCharacterController.obj
 0001:0000b650       ?isInUserMemory@?$Array@IV?$ReflectionAllocator@I@shdfnd@physx@@@shdfnd@physx@@QBEIXZ 1000c650 f i CctCharacterController.obj
 0001:0000b660       ?isInUserMemory@?$Array@PBXV?$ReflectionAllocator@PBX@shdfnd@physx@@@shdfnd@physx@@QBEIXZ 1000c660 f i CctCharacterController.obj
 0001:0000b670       ?isInUserMemory@?$Array@UPxExtendedCapsule@physx@@V?$ReflectionAllocator@UPxExtendedCapsule@physx@@@shdfnd@2@@shdfnd@physx@@QBEIXZ 1000c670 f i CctCharacterController.obj
 0001:0000b680       ?isInUserMemory@?$Array@VPxExtendedBox@physx@@V?$ReflectionAllocator@VPxExtendedBox@physx@@@shdfnd@2@@shdfnd@physx@@QBEIXZ 1000c680 f i CctCharacterController.obj
 0001:0000b690       ?isInUserMemory@?$Array@VPxTriangle@physx@@V?$ReflectionAllocator@VPxTriangle@physx@@@shdfnd@2@@shdfnd@physx@@QBEIXZ 1000c690 f i CctCharacterController.obj
 0001:0000b6a0       ?isInside@PxExtendedBounds3@physx@@QBE_NABU12@@Z 1000c6a0 f i CctCharacterController.obj
 0001:0000b700       ?isZero@PxVec3@physx@@QBE_NXZ 1000c700 f i CctCharacterController.obj
 0001:0000b740       ?magnitude@PxVec3@physx@@QBEMXZ 1000c740 f i CctCharacterController.obj
 0001:0000b780       ?magnitudeSquared@PxVec3@physx@@QBEMXZ 1000c780 f i CctCharacterController.obj
 0001:0000b7c0       ?maximum@PxExtendedVec3@physx@@QAEXABU12@@Z 1000c7c0 f i CctCharacterController.obj
 0001:0000b800       ?minimum@PxExtendedVec3@physx@@QAEXABU12@@Z 1000c800 f i CctCharacterController.obj
 0001:0000b850       ?normal@PxTriangle@physx@@QBEXAAVPxVec3@2@@Z 1000c850 f i CctCharacterController.obj
 0001:0000b930       ?normalize@PxVec3@physx@@QAEMXZ 1000c930 f i CctCharacterController.obj
 0001:0000b9a0       ?postFilter@ControllerFilter@@UAE?AW4Enum@PxQueryHitType@physx@@ABUPxFilterData@4@ABUPxQueryHit@4@@Z 1000c9a0 f i CctCharacterController.obj
 0001:0000b9c0       ?preFilter@ControllerFilter@@UAE?AW4Enum@PxQueryHitType@physx@@ABUPxFilterData@4@PBVPxShape@4@PBVPxRigidActor@4@AAV?$PxFlags@W4Enum@PxHitFlag@physx@@G@4@@Z 1000c9c0 f i CctCharacterController.obj
 0001:0000ba20       ?processTouches@?$PxHitBuffer@UPxRaycastHit@physx@@@physx@@MAE_NPBUPxRaycastHit@2@I@Z 1000ca20 f i CctCharacterController.obj
 0001:0000ba30       ?pushBack@?$Array@PBXV?$ReflectionAllocator@PBX@shdfnd@physx@@@shdfnd@physx@@QAEAAPBXABQBX@Z 1000ca30 f i CctCharacterController.obj
 0001:0000ba70       ?pushBack@?$Array@UPxExtendedCapsule@physx@@V?$ReflectionAllocator@UPxExtendedCapsule@physx@@@shdfnd@2@@shdfnd@physx@@QAEAAUPxExtendedCapsule@3@ABU43@@Z 1000ca70 f i CctCharacterController.obj
 0001:0000baf0       ?pushBack@?$Array@VPxExtendedBox@physx@@V?$ReflectionAllocator@VPxExtendedBox@physx@@@shdfnd@2@@shdfnd@physx@@QAEAAVPxExtendedBox@3@ABV43@@Z 1000caf0 f i CctCharacterController.obj
 0001:0000bb80       ?recipSqrt@intrinsics@physx@@YAMM@Z 1000cb80 f i CctCharacterController.obj
 0001:0000bbb0       ?recreate@?$Array@IV?$ReflectionAllocator@I@shdfnd@physx@@@shdfnd@physx@@IAEXI@Z 1000cbb0 f i CctCharacterController.obj
 0001:0000bc10       ?reserve@?$Array@IV?$ReflectionAllocator@I@shdfnd@physx@@@shdfnd@physx@@QAEXI@Z 1000cc10 f i CctCharacterController.obj
 0001:0000bc30       ?resetStats@SweepTest@Cct@physx@@QAEXXZ 1000cc30 f i CctCharacterController.obj
 0001:0000bc40       ?resizeUninitialized@?$Array@IV?$ReflectionAllocator@I@shdfnd@physx@@@shdfnd@physx@@QAEXI@Z 1000cc40 f i CctCharacterController.obj
 0001:0000bc70       ?rotate@PxQuat@physx@@QBE?BVPxVec3@2@ABV32@@Z 1000cc70 f i CctCharacterController.obj
 0001:0000bd90       ?rotateInv@PxQuat@physx@@QBE?BVPxVec3@2@ABV32@@Z 1000cd90 f i CctCharacterController.obj
 0001:0000beb0       ?selectMax@intrinsics@physx@@YAMMM@Z 1000ceb0 f i CctCharacterController.obj
 0001:0000bee0       ?selectMin@intrinsics@physx@@YAMMM@Z 1000cee0 f i CctCharacterController.obj
 0001:0000bf10       ?set@PxExtendedBounds3@physx@@QAEXNNNNNN@Z 1000cf10 f i CctCharacterController.obj
 0001:0000bf60       ?set@PxExtendedVec3@physx@@QAEXNNN@Z 1000cf60 f i CctCharacterController.obj
 0001:0000bf90       ?setEmpty@PxExtendedBounds3@physx@@QAEXXZ 1000cf90 f i CctCharacterController.obj
 0001:0000bfb0       ?setWorldPos@SweptContact@Cct@physx@@QAEXABVPxVec3@3@ABUPxExtendedVec3@3@@Z 1000cfb0 f i CctCharacterController.obj
 0001:0000bff0       ?size@?$Array@IV?$ReflectionAllocator@I@shdfnd@physx@@@shdfnd@physx@@QBEIXZ 1000cff0 f i CctCharacterController.obj
 0001:0000c000       ?size@?$Array@UInternalBoxObstacle@ObstacleContext@Cct@physx@@V?$ReflectionAllocator@UInternalBoxObstacle@ObstacleContext@Cct@physx@@@shdfnd@4@@shdfnd@physx@@QBEIXZ 1000d000 f i CctCharacterController.obj
 0001:0000c010       ?size@?$Array@UInternalCapsuleObstacle@ObstacleContext@Cct@physx@@V?$ReflectionAllocator@UInternalCapsuleObstacle@ObstacleContext@Cct@physx@@@shdfnd@4@@shdfnd@physx@@QBEIXZ 1000d010 f i CctCharacterController.obj
 0001:0000c020       ?size@?$Array@UPxExtendedCapsule@physx@@V?$ReflectionAllocator@UPxExtendedCapsule@physx@@@shdfnd@2@@shdfnd@physx@@QBEIXZ 1000d020 f i CctCharacterController.obj
 0001:0000c030       ?size@?$Array@VPxExtendedBox@physx@@V?$ReflectionAllocator@VPxExtendedBox@physx@@@shdfnd@2@@shdfnd@physx@@QBEIXZ 1000d030 f i CctCharacterController.obj
 0001:0000c040       ?size@?$Array@VPxTriangle@physx@@V?$ReflectionAllocator@VPxTriangle@physx@@@shdfnd@2@@shdfnd@physx@@QBEIXZ 1000d040 f i CctCharacterController.obj
 0001:0000c050       ?sqrt@intrinsics@physx@@YAMM@Z 1000d050 f i CctCharacterController.obj
 0001:0000c070       ?testSlope@physx@@YA_NABVPxVec3@1@0M@Z 1000d070 f i CctCharacterController.obj
 0001:0000c0c0       ?toVec3@physx@@YA?AVPxVec3@1@ABUPxExtendedVec3@1@@Z 1000d0c0 f i CctCharacterController.obj
 0001:0000c100       ?transform@PxTransform@physx@@QBE?AV12@ABV12@@Z 1000d100 f i CctCharacterController.obj
 0001:0000c330       ?transform@PxTransform@physx@@QBE?AVPxVec3@2@ABV32@@Z 1000d330 f i CctCharacterController.obj
 0001:0000c470       ?transformInv@PxTransform@physx@@QBE?AVPxVec3@2@ABV32@@Z 1000d470 f i CctCharacterController.obj
 0001:0000c5a0       _fabsf                     1000d5a0 f i CctCharacterController.obj
 0001:0000c5c0       _sqrtf                     1000d5c0 f i CctCharacterController.obj
 0001:0000c620       ?getSceneTimestamp@Cct@physx@@YAIPBUInternalCBData_FindTouchedGeom@12@@Z 1000d620 f   CctCharacterControllerCallbacks.obj
 0001:0000c640       ?findTouchedGeometry@Cct@physx@@YAXPBUInternalCBData_FindTouchedGeom@12@ABUPxExtendedBounds3@2@AAV?$Array@VPxTriangle@physx@@V?$ReflectionAllocator@VPxTriangle@physx@@@shdfnd@2@@shdfnd@2@AAV?$Array@IV?$ReflectionAllocator@I@shdfnd@physx@@@62@3ABVCCTFilter@12@ABUCCTParams@12@AAG@Z 1000d640 f   CctCharacterControllerCallbacks.obj
 0001:0000ccc0       ?shapeHitCallback@Cct@physx@@YAIPBUInternalCBData_OnHit@12@ABUSweptContact@12@ABVPxVec3@2@M@Z 1000dcc0 f   CctCharacterControllerCallbacks.obj
 0001:0000cd90       ?userHitCallback@Cct@physx@@YAIPBUInternalCBData_OnHit@12@ABUSweptContact@12@ABVPxVec3@2@M@Z 1000dd90 f   CctCharacterControllerCallbacks.obj
 0001:000118c0       ??$PX_UNUSED@PBUPxOverlapHit@physx@@@@YAXABQBUPxOverlapHit@physx@@@Z 100128c0 f i CctCharacterControllerCallbacks.obj
 0001:000118d0       ??$reserve@VPxTriangle@physx@@V?$ReflectionAllocator@VPxTriangle@physx@@@shdfnd@2@@Cct@physx@@YAPAVPxTriangle@1@AAV?$Array@VPxTriangle@physx@@V?$ReflectionAllocator@VPxTriangle@physx@@@shdfnd@2@@shdfnd@1@I@Z 100128d0 f i CctCharacterControllerCallbacks.obj
 0001:00011900       ??0?$PxFlags@W4Enum@PxMeshGeometryFlag@physx@@E@physx@@QAE@E@Z 10012900 f i CctCharacterControllerCallbacks.obj
 0001:00011910       ??0?$PxFlags@W4Enum@PxMeshGeometryFlag@physx@@E@physx@@QAE@XZ 10012910 f i CctCharacterControllerCallbacks.obj
 0001:00011920       ??0?$PxHitBuffer@UPxOverlapHit@physx@@@physx@@QAE@PAUPxOverlapHit@1@I@Z 10012920 f i CctCharacterControllerCallbacks.obj
 0001:00011960       ??0?$PxHitCallback@UPxOverlapHit@physx@@@physx@@QAE@PAUPxOverlapHit@1@I@Z 10012960 f i CctCharacterControllerCallbacks.obj
 0001:000119a0       ??0?$PxPadding@$02@physx@@QAE@XZ 100129a0 f i CctCharacterControllerCallbacks.obj
 0001:000119b0       ??0PxControllerHit@physx@@QAE@XZ 100129b0 f i CctCharacterControllerCallbacks.obj
 0001:000119c0       ??0PxControllerObstacleHit@physx@@QAE@XZ 100129c0 f i CctCharacterControllerCallbacks.obj
 0001:000119d0       ??0PxControllerShapeHit@physx@@QAE@XZ 100129d0 f i CctCharacterControllerCallbacks.obj
 0001:000119e0       ??0PxControllersHit@physx@@QAE@XZ 100129e0 f i CctCharacterControllerCallbacks.obj
 0001:000119f0       ??0PxConvexMeshGeometry@physx@@QAE@XZ 100129f0 f i CctCharacterControllerCallbacks.obj
 0001:00011a40       ??0PxExtendedSphere@physx@@QAE@XZ 10012a40 f i CctCharacterControllerCallbacks.obj
 0001:00011a50       ??0PxHeightFieldGeometry@physx@@QAE@XZ 10012a50 f i CctCharacterControllerCallbacks.obj
 0001:00011a90       ??0PxMat33@physx@@QAE@ABVPxVec3@1@00@Z 10012a90 f i CctCharacterControllerCallbacks.obj
 0001:00011ae0       ??0PxMat44@physx@@QAE@ABVPxMat33@1@ABVPxVec3@1@@Z 10012ae0 f i CctCharacterControllerCallbacks.obj
 0001:00011b60       ??0PxMeshScale@physx@@QAE@M@Z 10012b60 f i CctCharacterControllerCallbacks.obj
 0001:00011ba0       ??0PxMeshScale@physx@@QAE@XZ 10012ba0 f i CctCharacterControllerCallbacks.obj
 0001:00011be0       ??0PxOverlapHit@physx@@QAE@XZ 10012be0 f i CctCharacterControllerCallbacks.obj
 0001:00011c00       ??0PxPlane@physx@@QAE@ABVPxVec3@1@M@Z 10012c00 f i CctCharacterControllerCallbacks.obj
 0001:00011c30       ??0PxPlane@physx@@QAE@MMMM@Z 10012c30 f i CctCharacterControllerCallbacks.obj
 0001:00011c60       ??0PxQueryFilterData@physx@@QAE@ABU01@@Z 10012c60 f i CctCharacterControllerCallbacks.obj
 0001:00011c90       ??0PxQueryFilterData@physx@@QAE@V?$PxFlags@W4Enum@PxQueryFlag@physx@@G@1@@Z 10012c90 f i CctCharacterControllerCallbacks.obj
 0001:00011cc0       ??0PxTransform@physx@@QAE@ABVPxVec3@1@@Z 10012cc0 f i CctCharacterControllerCallbacks.obj
 0001:00011d00       ??0PxTriangle@physx@@QAE@ABV01@@Z 10012d00 f i CctCharacterControllerCallbacks.obj
 0001:00011d40       ??0PxTriangle@physx@@QAE@ABVPxVec3@1@00@Z 10012d40 f i CctCharacterControllerCallbacks.obj
 0001:00011d90       ??0PxTriangle@physx@@QAE@XZ 10012d90 f i CctCharacterControllerCallbacks.obj
 0001:00011da0       ??0PxTriangleMeshGeometry@physx@@QAE@XZ 10012da0 f i CctCharacterControllerCallbacks.obj
 0001:00011df0       ??0PxVec4@physx@@QAE@ABVPxVec3@1@M@Z 10012df0 f i CctCharacterControllerCallbacks.obj
 0001:00011e20       ??0PxVec4@physx@@QAE@MMMM@Z 10012e20 f i CctCharacterControllerCallbacks.obj
 0001:00011e50       ??0TessParams@@QAE@XZ      10012e50 f i CctCharacterControllerCallbacks.obj
 0001:00011e60       ??1?$PxHitBuffer@UPxOverlapHit@physx@@@physx@@UAE@XZ 10012e60 f i CctCharacterControllerCallbacks.obj
 0001:00011e70       ??1?$PxHitCallback@UPxOverlapHit@physx@@@physx@@UAE@XZ 10012e70 f i CctCharacterControllerCallbacks.obj
 0001:00011e80       ??1PxExtendedSphere@physx@@QAE@XZ 10012e80 f i CctCharacterControllerCallbacks.obj
 0001:00011e90       ??APxVec3@physx@@QBEABMH@Z 10012e90 f i CctCharacterControllerCallbacks.obj
 0001:00011ea0       ??DPxMat33@physx@@QBE?AV01@ABV01@@Z 10012ea0 f i CctCharacterControllerCallbacks.obj
 0001:000120f0       ??DPxVec4@physx@@QBE?AV01@M@Z 100130f0 f i CctCharacterControllerCallbacks.obj
 0001:00012110       ??HPxVec4@physx@@QBE?AV01@ABV01@@Z 10013110 f i CctCharacterControllerCallbacks.obj
 0001:00012160       ??_G?$PxHitBuffer@UPxOverlapHit@physx@@@physx@@UAEPAXI@Z 10013160 f i CctCharacterControllerCallbacks.obj
 0001:00012160       ??_E?$PxHitBuffer@UPxOverlapHit@physx@@@physx@@UAEPAXI@Z 10013160 f i CctCharacterControllerCallbacks.obj
 0001:00012190       ??_E?$PxHitCallback@UPxOverlapHit@physx@@@physx@@UAEPAXI@Z 10013190 f i CctCharacterControllerCallbacks.obj
 0001:00012190       ??_G?$PxHitCallback@UPxOverlapHit@physx@@@physx@@UAEPAXI@Z 10013190 f i CctCharacterControllerCallbacks.obj
 0001:000121c0       ?PxPlaneEquationFromTransform@physx@@YA?AVPxPlane@1@ABVPxTransform@1@@Z 100131c0 f i CctCharacterControllerCallbacks.obj
 0001:00012300       ?allocate@?$Array@VPxTriangle@physx@@V?$ReflectionAllocator@VPxTriangle@physx@@@shdfnd@2@@shdfnd@physx@@IAEPAVPxTriangle@3@I@Z 10013300 f i CctCharacterControllerCallbacks.obj
 0001:00012370       ?allocate@?$ReflectionAllocator@VPxTriangle@physx@@@shdfnd@physx@@QAEPAXIPBDH@Z 10013370 f i CctCharacterControllerCallbacks.obj
 0001:000123d0       ?begin@?$Array@VPxTriangle@physx@@V?$ReflectionAllocator@VPxTriangle@physx@@@shdfnd@2@@shdfnd@physx@@QAEPAVPxTriangle@3@XZ 100133d0 f i CctCharacterControllerCallbacks.obj
 0001:000123e0       ?capacityIncrement@?$Array@IV?$ReflectionAllocator@I@shdfnd@physx@@@shdfnd@physx@@IBEIXZ 100133e0 f i CctCharacterControllerCallbacks.obj
 0001:00012400       ?capacityIncrement@?$Array@VPxTriangle@physx@@V?$ReflectionAllocator@VPxTriangle@physx@@@shdfnd@2@@shdfnd@physx@@IBEIXZ 10013400 f i CctCharacterControllerCallbacks.obj
 0001:00012420       ?centerExtents@PxBounds3@physx@@SA?AV12@ABVPxVec3@2@0@Z 10013420 f i CctCharacterControllerCallbacks.obj
 0001:00012490       ?computeBasis@shdfnd@physx@@YAXABVPxVec3@2@AAV32@1@Z 10013490 f i CctCharacterControllerCallbacks.obj
 0001:000125a0       ?copy@?$Array@VPxTriangle@physx@@V?$ReflectionAllocator@VPxTriangle@physx@@@shdfnd@2@@shdfnd@physx@@KAXPAVPxTriangle@3@0PBV43@@Z 100135a0 f i CctCharacterControllerCallbacks.obj
 0001:00012610       ?decodeIndex@Cct@physx@@YAII@Z 10013610 f i CctCharacterControllerCallbacks.obj
 0001:00012620       ?decodeType@Cct@physx@@YA?AW4UserObjectType@12@I@Z 10013620 f i CctCharacterControllerCallbacks.obj
 0001:00012630       ?distance@PxPlane@physx@@QBEMABVPxVec3@2@@Z 10013630 f i CctCharacterControllerCallbacks.obj
 0001:00012670       ?finalizeQuery@?$PxHitCallback@UPxOverlapHit@physx@@@physx@@UAEXXZ 10013670 f i CctCharacterControllerCallbacks.obj
 0001:00012680       ?getAnyHit@?$PxHitBuffer@UPxOverlapHit@physx@@@physx@@QBEABUPxOverlapHit@2@I@Z 10013680 f i CctCharacterControllerCallbacks.obj
 0001:000126a0       ?getName@?$ReflectionAllocator@VPxTriangle@physx@@@shdfnd@physx@@CAPBDXZ 100136a0 f i CctCharacterControllerCallbacks.obj
 0001:000126d0       ?getNbAnyHits@?$PxHitBuffer@UPxOverlapHit@physx@@@physx@@QBEIXZ 100136d0 f i CctCharacterControllerCallbacks.obj
 0001:000126e0       ?getNbTouches@?$PxHitBuffer@UPxOverlapHit@physx@@@physx@@QBEIXZ 100136e0 f i CctCharacterControllerCallbacks.obj
 0001:000126f0       ?getPosition@PxMat44@physx@@QBE?AVPxVec3@2@XZ 100136f0 f i CctCharacterControllerCallbacks.obj
 0001:00012710       ?getResults@PxMeshOverlapUtil@physx@@QBEPBIXZ 10013710 f i CctCharacterControllerCallbacks.obj
 0001:00012720       ?getTouches@?$PxHitBuffer@UPxOverlapHit@physx@@@physx@@QBEPBUPxOverlapHit@2@XZ 10013720 f i CctCharacterControllerCallbacks.obj
 0001:00012730       ?getTranspose@PxMat33@physx@@QBE?AV12@XZ 10013730 f i CctCharacterControllerCallbacks.obj
 0001:000127b0       ?getXYZ@PxVec4@physx@@QBE?AVPxVec3@2@XZ 100137b0 f i CctCharacterControllerCallbacks.obj
 0001:000127d0       ?grow@?$Array@VPxTriangle@physx@@V?$ReflectionAllocator@VPxTriangle@physx@@@shdfnd@2@@shdfnd@physx@@IAEXI@Z 100137d0 f i CctCharacterControllerCallbacks.obj
 0001:000127e0       ?growAndPushBack@?$Array@IV?$ReflectionAllocator@I@shdfnd@physx@@@shdfnd@physx@@IAEAAIABI@Z 100137e0 f i CctCharacterControllerCallbacks.obj
 0001:00012870       ?growAndPushBack@?$Array@VPxTriangle@physx@@V?$ReflectionAllocator@VPxTriangle@physx@@@shdfnd@2@@shdfnd@physx@@IAEAAVPxTriangle@3@ABV43@@Z 10013870 f i CctCharacterControllerCallbacks.obj
 0001:00012930       ?processTouches@?$PxHitBuffer@UPxOverlapHit@physx@@@physx@@MAE_NPBUPxOverlapHit@2@I@Z 10013930 f i CctCharacterControllerCallbacks.obj
 0001:00012940       ?project@PxPlane@physx@@QBE?AVPxVec3@2@ABV32@@Z 10013940 f i CctCharacterControllerCallbacks.obj
 0001:000129c0       ?pushBack@?$Array@IV?$ReflectionAllocator@I@shdfnd@physx@@@shdfnd@physx@@QAEAAIABI@Z 100139c0 f i CctCharacterControllerCallbacks.obj
 0001:00012a00       ?pushBack@?$Array@VPxTriangle@physx@@V?$ReflectionAllocator@VPxTriangle@physx@@@shdfnd@2@@shdfnd@physx@@QAEAAVPxTriangle@3@ABV43@@Z 10013a00 f i CctCharacterControllerCallbacks.obj
 0001:00012a80       ?recreate@?$Array@VPxTriangle@physx@@V?$ReflectionAllocator@VPxTriangle@physx@@@shdfnd@2@@shdfnd@physx@@IAEXI@Z 10013a80 f i CctCharacterControllerCallbacks.obj
 0001:00012ae0       ?reserve@?$Array@VPxTriangle@physx@@V?$ReflectionAllocator@VPxTriangle@physx@@@shdfnd@2@@shdfnd@physx@@QAEXI@Z 10013ae0 f i CctCharacterControllerCallbacks.obj
 0001:00012b00       ?resizeUninitialized@?$Array@VPxTriangle@physx@@V?$ReflectionAllocator@VPxTriangle@physx@@@shdfnd@2@@shdfnd@physx@@QAEXI@Z 10013b00 f i CctCharacterControllerCallbacks.obj
 0001:00012b30       ?rotate@PxMat44@physx@@QBE?BVPxVec3@2@ABV32@@Z 10013b30 f i CctCharacterControllerCallbacks.obj
 0001:00012bd0       ?rotate@PxMat44@physx@@QBE?BVPxVec4@2@ABV32@@Z 10013bd0 f i CctCharacterControllerCallbacks.obj
 0001:00012cb0       ?rotate@PxTransform@physx@@QBE?AVPxVec3@2@ABV32@@Z 10013cb0 f i CctCharacterControllerCallbacks.obj
 0001:00012dd0       ?toMat33@PxMeshScale@physx@@QBE?AVPxMat33@2@XZ 10013dd0 f i CctCharacterControllerCallbacks.obj
 0001:00013140       ?transform@PxMat33@physx@@QBE?AVPxVec3@2@ABV32@@Z 10014140 f i CctCharacterControllerCallbacks.obj
 0001:000131e0       ?transform@PxTransform@physx@@QBE?AVPxPlane@2@ABV32@@Z 100141e0 f i CctCharacterControllerCallbacks.obj
 0001:00013380       _PxCreateControllerManager 10014380 f   CctCharacterControllerManager.obj
 0001:000133f0       ??0CharacterControllerManager@Cct@physx@@QAE@AAVPxScene@2@@Z 100143f0 f   CctCharacterControllerManager.obj
 0001:00013500       ??1CharacterControllerManager@Cct@physx@@UAE@XZ 10014500 f   CctCharacterControllerManager.obj
 0001:00013600       ?release@CharacterControllerManager@Cct@physx@@UAEXXZ 10014600 f   CctCharacterControllerManager.obj
 0001:000136e0       ?getScene@CharacterControllerManager@Cct@physx@@UBEAAVPxScene@3@XZ 100146e0 f   CctCharacterControllerManager.obj
 0001:000136f0       ?getNbControllers@CharacterControllerManager@Cct@physx@@UBEIXZ 100146f0 f   CctCharacterControllerManager.obj
 0001:00013700       ?getController@CharacterControllerManager@Cct@physx@@UAEPAVPxController@3@I@Z 10014700 f   CctCharacterControllerManager.obj
 0001:00013740       ?createController@CharacterControllerManager@Cct@physx@@UAEPAVPxController@3@ABVPxControllerDesc@3@@Z 10014740 f   CctCharacterControllerManager.obj
 0001:000138e0       ?purgeControllers@CharacterControllerManager@Cct@physx@@UAEXXZ 100148e0 f   CctCharacterControllerManager.obj
 0001:00013990       ?getRenderBuffer@CharacterControllerManager@Cct@physx@@UAEAAVPxRenderBuffer@3@XZ 10014990 f   CctCharacterControllerManager.obj
 0001:00013a00       ?setDebugRenderingFlags@CharacterControllerManager@Cct@physx@@UAEXV?$PxFlags@W4Enum@PxControllerDebugRenderFlag@physx@@I@3@@Z 10014a00 f   CctCharacterControllerManager.obj
 0001:00013a30       ?getNbObstacleContexts@CharacterControllerManager@Cct@physx@@UBEIXZ 10014a30 f   CctCharacterControllerManager.obj
 0001:00013a40       ?getObstacleContext@CharacterControllerManager@Cct@physx@@UAEPAVPxObstacleContext@3@I@Z 10014a40 f   CctCharacterControllerManager.obj
 0001:00013a80       ?createObstacleContext@CharacterControllerManager@Cct@physx@@UAEPAVPxObstacleContext@3@XZ 10014a80 f   CctCharacterControllerManager.obj
 0001:00013b20       ?computeInteractions@CharacterControllerManager@Cct@physx@@UAEXMPAVPxControllerFilterCallback@3@@Z 10014b20 f   CctCharacterControllerManager.obj
 0001:00013cd0       ?setTessellation@CharacterControllerManager@Cct@physx@@UAEX_NM@Z 10014cd0 f   CctCharacterControllerManager.obj
 0001:00013cf0       ?setOverlapRecoveryModule@CharacterControllerManager@Cct@physx@@UAEX_N@Z 10014cf0 f   CctCharacterControllerManager.obj
 0001:00013d00       ?setPreciseSweeps@CharacterControllerManager@Cct@physx@@UAEX_N@Z 10014d00 f   CctCharacterControllerManager.obj
 0001:00013d10       ?setPreventVerticalSlidingAgainstCeiling@CharacterControllerManager@Cct@physx@@UAEX_N@Z 10014d10 f   CctCharacterControllerManager.obj
 0001:00013d20       ?shiftOrigin@CharacterControllerManager@Cct@physx@@UAEXABVPxVec3@3@@Z 10014d20 f   CctCharacterControllerManager.obj
 0001:00013db0       ?onObstacleRemoved@CharacterControllerManager@Cct@physx@@QBEXI@Z 10014db0 f   CctCharacterControllerManager.obj
 0001:00013de0       ?onObstacleUpdated@CharacterControllerManager@Cct@physx@@QBEXIPBVPxObstacleContext@3@@Z 10014de0 f   CctCharacterControllerManager.obj
 0001:00013eb0       ?onObstacleAdded@CharacterControllerManager@Cct@physx@@QBEXIPBVPxObstacleContext@3@@Z 10014eb0 f   CctCharacterControllerManager.obj
 0001:00013f80       ?releaseController@CharacterControllerManager@Cct@physx@@QAEXAAVPxController@3@@Z 10014f80 f   CctCharacterControllerManager.obj
 0001:00014010       ?getControllers@CharacterControllerManager@Cct@physx@@QAEPAPAVController@23@XZ 10015010 f   CctCharacterControllerManager.obj
 0001:00014020       ?releaseObstacleContext@CharacterControllerManager@Cct@physx@@QAEXAAVObstacleContext@23@@Z 10015020 f   CctCharacterControllerManager.obj
 0001:00014070       ?resetObstaclesBuffers@CharacterControllerManager@Cct@physx@@QAEXXZ 10015070 f   CctCharacterControllerManager.obj
 0001:00015280       ??$?2V?$ReflectionAllocator@VBoxController@Cct@physx@@@shdfnd@physx@@@UserAllocated@shdfnd@physx@@SAPAXIV?$ReflectionAllocator@VBoxController@Cct@physx@@@12@PBDH@Z 10016280 f i CctCharacterControllerManager.obj
 0001:000152e0       ??$?2V?$ReflectionAllocator@VCapsuleController@Cct@physx@@@shdfnd@physx@@@UserAllocated@shdfnd@physx@@SAPAXIV?$ReflectionAllocator@VCapsuleController@Cct@physx@@@12@PBDH@Z 100162e0 f i CctCharacterControllerManager.obj
 0001:00015340       ??$?2V?$ReflectionAllocator@VCharacterControllerManager@Cct@physx@@@shdfnd@physx@@@UserAllocated@shdfnd@physx@@SAPAXIV?$ReflectionAllocator@VCharacterControllerManager@Cct@physx@@@12@PBDH@Z 10016340 f i CctCharacterControllerManager.obj
 0001:000153a0       ??$?2V?$ReflectionAllocator@VObstacleContext@Cct@physx@@@shdfnd@physx@@@UserAllocated@shdfnd@physx@@SAPAXIV?$ReflectionAllocator@VObstacleContext@Cct@physx@@@12@PBDH@Z 100163a0 f i CctCharacterControllerManager.obj
 0001:00015400       ??$?2V?$ReflectionAllocator@VRenderBuffer@Cm@physx@@@shdfnd@physx@@@UserAllocated@shdfnd@physx@@SAPAXIV?$ReflectionAllocator@VRenderBuffer@Cm@physx@@@12@PBDH@Z 10016400 f i CctCharacterControllerManager.obj
 0001:00015460       ??$append@UPxDebugLine@physx@@@RenderBuffer@Cm@physx@@AAEXAAV?$Array@UPxDebugLine@physx@@V?$ReflectionAllocator@UPxDebugLine@physx@@@shdfnd@2@@shdfnd@2@PBUPxDebugLine@2@I@Z 10016460 f i CctCharacterControllerManager.obj
 0001:00015510       ??$append@UPxDebugPoint@physx@@@RenderBuffer@Cm@physx@@AAEXAAV?$Array@UPxDebugPoint@physx@@V?$ReflectionAllocator@UPxDebugPoint@physx@@@shdfnd@2@@shdfnd@2@PBUPxDebugPoint@2@I@Z 10016510 f i CctCharacterControllerManager.obj
 0001:00015590       ??$append@UPxDebugText@physx@@@RenderBuffer@Cm@physx@@AAEXAAV?$Array@UPxDebugText@physx@@V?$ReflectionAllocator@UPxDebugText@physx@@@shdfnd@2@@shdfnd@2@PBUPxDebugText@2@I@Z 10016590 f i CctCharacterControllerManager.obj
 0001:00015630       ??$append@UPxDebugTriangle@physx@@@RenderBuffer@Cm@physx@@AAEXAAV?$Array@UPxDebugTriangle@physx@@V?$ReflectionAllocator@UPxDebugTriangle@physx@@@shdfnd@2@@shdfnd@2@PBUPxDebugTriangle@2@I@Z 10016630 f i CctCharacterControllerManager.obj
 0001:00015700       ??$resetOrClear@V?$Array@PBXV?$ReflectionAllocator@PBX@shdfnd@physx@@@shdfnd@physx@@@@YAXAAV?$Array@PBXV?$ReflectionAllocator@PBX@shdfnd@physx@@@shdfnd@physx@@@Z 10016700 f i CctCharacterControllerManager.obj
 0001:00015750       ??$resetOrClear@V?$Array@UPxExtendedCapsule@physx@@V?$ReflectionAllocator@UPxExtendedCapsule@physx@@@shdfnd@2@@shdfnd@physx@@@@YAXAAV?$Array@UPxExtendedCapsule@physx@@V?$ReflectionAllocator@UPxExtendedCapsule@physx@@@shdfnd@2@@shdfnd@physx@@@Z 10016750 f i CctCharacterControllerManager.obj
 0001:000157a0       ??$resetOrClear@V?$Array@VPxExtendedBox@physx@@V?$ReflectionAllocator@VPxExtendedBox@physx@@@shdfnd@2@@shdfnd@physx@@@@YAXAAV?$Array@VPxExtendedBox@physx@@V?$ReflectionAllocator@VPxExtendedBox@physx@@@shdfnd@2@@shdfnd@physx@@@Z 100167a0 f i CctCharacterControllerManager.obj
 0001:000157f0       ??$swap@PAVController@Cct@physx@@@shdfnd@physx@@YAXAAPAVController@Cct@1@0@Z 100167f0 f i CctCharacterControllerManager.obj
 0001:00015810       ??0?$Array@DV?$ReflectionAllocator@D@shdfnd@physx@@@shdfnd@physx@@QAE@ABV?$ReflectionAllocator@D@12@@Z 10016810 f i CctCharacterControllerManager.obj
 0001:00015830       ??0?$Array@PAVController@Cct@physx@@V?$ReflectionAllocator@PAVController@Cct@physx@@@shdfnd@3@@shdfnd@physx@@QAE@ABV?$ReflectionAllocator@PAVController@Cct@physx@@@12@@Z 10016830 f i CctCharacterControllerManager.obj
 0001:00015850       ??0?$Array@PAVObstacleContext@Cct@physx@@V?$ReflectionAllocator@PAVObstacleContext@Cct@physx@@@shdfnd@3@@shdfnd@physx@@QAE@ABV?$ReflectionAllocator@PAVObstacleContext@Cct@physx@@@12@@Z 10016850 f i CctCharacterControllerManager.obj
 0001:00015870       ??0?$Array@PBXV?$ReflectionAllocator@PBX@shdfnd@physx@@@shdfnd@physx@@QAE@ABV?$ReflectionAllocator@PBX@12@@Z 10016870 f i CctCharacterControllerManager.obj
 0001:00015890       ??0?$Array@UPxDebugLine@physx@@V?$ReflectionAllocator@UPxDebugLine@physx@@@shdfnd@2@@shdfnd@physx@@QAE@ABV?$ReflectionAllocator@UPxDebugLine@physx@@@12@@Z 10016890 f i CctCharacterControllerManager.obj
 0001:000158b0       ??0?$Array@UPxDebugPoint@physx@@V?$ReflectionAllocator@UPxDebugPoint@physx@@@shdfnd@2@@shdfnd@physx@@QAE@ABV?$ReflectionAllocator@UPxDebugPoint@physx@@@12@@Z 100168b0 f i CctCharacterControllerManager.obj
 0001:000158d0       ??0?$Array@UPxDebugText@physx@@V?$ReflectionAllocator@UPxDebugText@physx@@@shdfnd@2@@shdfnd@physx@@QAE@ABV?$ReflectionAllocator@UPxDebugText@physx@@@12@@Z 100168d0 f i CctCharacterControllerManager.obj
 0001:000158f0       ??0?$Array@UPxDebugTriangle@physx@@V?$ReflectionAllocator@UPxDebugTriangle@physx@@@shdfnd@2@@shdfnd@physx@@QAE@ABV?$ReflectionAllocator@UPxDebugTriangle@physx@@@12@@Z 100168f0 f i CctCharacterControllerManager.obj
 0001:00015910       ??0?$Array@UPxExtendedCapsule@physx@@V?$ReflectionAllocator@UPxExtendedCapsule@physx@@@shdfnd@2@@shdfnd@physx@@QAE@ABV?$ReflectionAllocator@UPxExtendedCapsule@physx@@@12@@Z 10016910 f i CctCharacterControllerManager.obj
 0001:00015930       ??0?$Array@VPxExtendedBox@physx@@V?$ReflectionAllocator@VPxExtendedBox@physx@@@shdfnd@2@@shdfnd@physx@@QAE@ABV?$ReflectionAllocator@VPxExtendedBox@physx@@@12@@Z 10016930 f i CctCharacterControllerManager.obj
 0001:00015950       ??0?$HashBase@PAVPxShape@physx@@PAV12@U?$Hash@PAVPxShape@physx@@@shdfnd@2@UGetKey@?$HashSetBase@PAVPxShape@physx@@U?$Hash@PAVPxShape@physx@@@shdfnd@2@VAllocator@42@$0A@@internal@42@VAllocator@42@$0A@@internal@shdfnd@physx@@QAE@IM@Z 10016950 f i CctCharacterControllerManager.obj
 0001:000159c0       ??0?$HashSet@PAVPxShape@physx@@U?$Hash@PAVPxShape@physx@@@shdfnd@2@VAllocator@42@@shdfnd@physx@@QAE@IM@Z 100169c0 f i CctCharacterControllerManager.obj
 0001:00015a30       ??0?$HashSetBase@PAVPxShape@physx@@U?$Hash@PAVPxShape@physx@@@shdfnd@2@VAllocator@42@$0A@@internal@shdfnd@physx@@QAE@IM@Z 10016a30 f i CctCharacterControllerManager.obj
 0001:00015aa0       ??0?$PxFlags@W4Enum@PxControllerDebugRenderFlag@physx@@I@physx@@QAE@I@Z 10016aa0 f i CctCharacterControllerManager.obj
 0001:00015ab0       ??0?$ReflectionAllocator@D@shdfnd@physx@@QAE@ABV012@@Z 10016ab0 f i CctCharacterControllerManager.obj
 0001:00015ac0       ??0?$ReflectionAllocator@D@shdfnd@physx@@QAE@PBD@Z 10016ac0 f i CctCharacterControllerManager.obj
 0001:00015ad0       ??0?$ReflectionAllocator@PAVController@Cct@physx@@@shdfnd@physx@@QAE@ABV012@@Z 10016ad0 f i CctCharacterControllerManager.obj
 0001:00015ae0       ??0?$ReflectionAllocator@PAVController@Cct@physx@@@shdfnd@physx@@QAE@PBD@Z 10016ae0 f i CctCharacterControllerManager.obj
 0001:00015af0       ??0?$ReflectionAllocator@PAVObstacleContext@Cct@physx@@@shdfnd@physx@@QAE@ABV012@@Z 10016af0 f i CctCharacterControllerManager.obj
 0001:00015b00       ??0?$ReflectionAllocator@PAVObstacleContext@Cct@physx@@@shdfnd@physx@@QAE@PBD@Z 10016b00 f i CctCharacterControllerManager.obj
 0001:00015b10       ??0?$ReflectionAllocator@PBX@shdfnd@physx@@QAE@ABV012@@Z 10016b10 f i CctCharacterControllerManager.obj
 0001:00015b20       ??0?$ReflectionAllocator@PBX@shdfnd@physx@@QAE@PBD@Z 10016b20 f i CctCharacterControllerManager.obj
 0001:00015b30       ??0?$ReflectionAllocator@UPxDebugLine@physx@@@shdfnd@physx@@QAE@ABV012@@Z 10016b30 f i CctCharacterControllerManager.obj
 0001:00015b40       ??0?$ReflectionAllocator@UPxDebugLine@physx@@@shdfnd@physx@@QAE@PBD@Z 10016b40 f i CctCharacterControllerManager.obj
 0001:00015b50       ??0?$ReflectionAllocator@UPxDebugPoint@physx@@@shdfnd@physx@@QAE@ABV012@@Z 10016b50 f i CctCharacterControllerManager.obj
 0001:00015b60       ??0?$ReflectionAllocator@UPxDebugPoint@physx@@@shdfnd@physx@@QAE@PBD@Z 10016b60 f i CctCharacterControllerManager.obj
 0001:00015b70       ??0?$ReflectionAllocator@UPxDebugText@physx@@@shdfnd@physx@@QAE@ABV012@@Z 10016b70 f i CctCharacterControllerManager.obj
 0001:00015b80       ??0?$ReflectionAllocator@UPxDebugText@physx@@@shdfnd@physx@@QAE@PBD@Z 10016b80 f i CctCharacterControllerManager.obj
 0001:00015b90       ??0?$ReflectionAllocator@UPxDebugTriangle@physx@@@shdfnd@physx@@QAE@ABV012@@Z 10016b90 f i CctCharacterControllerManager.obj
 0001:00015ba0       ??0?$ReflectionAllocator@UPxDebugTriangle@physx@@@shdfnd@physx@@QAE@PBD@Z 10016ba0 f i CctCharacterControllerManager.obj
 0001:00015bb0       ??0?$ReflectionAllocator@UPxExtendedCapsule@physx@@@shdfnd@physx@@QAE@ABV012@@Z 10016bb0 f i CctCharacterControllerManager.obj
 0001:00015bc0       ??0?$ReflectionAllocator@UPxExtendedCapsule@physx@@@shdfnd@physx@@QAE@PBD@Z 10016bc0 f i CctCharacterControllerManager.obj
 0001:00015bd0       ??0?$ReflectionAllocator@VBoxController@Cct@physx@@@shdfnd@physx@@QAE@PBD@Z 10016bd0 f i CctCharacterControllerManager.obj
 0001:00015be0       ??0?$ReflectionAllocator@VCapsuleController@Cct@physx@@@shdfnd@physx@@QAE@PBD@Z 10016be0 f i CctCharacterControllerManager.obj
 0001:00015bf0       ??0?$ReflectionAllocator@VCharacterControllerManager@Cct@physx@@@shdfnd@physx@@QAE@PBD@Z 10016bf0 f i CctCharacterControllerManager.obj
 0001:00015c00       ??0?$ReflectionAllocator@VObstacleContext@Cct@physx@@@shdfnd@physx@@QAE@PBD@Z 10016c00 f i CctCharacterControllerManager.obj
 0001:00015c10       ??0?$ReflectionAllocator@VPxExtendedBox@physx@@@shdfnd@physx@@QAE@ABV012@@Z 10016c10 f i CctCharacterControllerManager.obj
 0001:00015c20       ??0?$ReflectionAllocator@VPxExtendedBox@physx@@@shdfnd@physx@@QAE@PBD@Z 10016c20 f i CctCharacterControllerManager.obj
 0001:00015c30       ??0?$ReflectionAllocator@VRenderBuffer@Cm@physx@@@shdfnd@physx@@QAE@PBD@Z 10016c30 f i CctCharacterControllerManager.obj
 0001:00015c40       ??0Axes@Gu@physx@@QAE@W4AxisOrder@12@@Z 10016c40 f i CctCharacterControllerManager.obj
 0001:00015c70       ??0PxDebugLine@physx@@QAE@ABU01@@Z 10016c70 f i CctCharacterControllerManager.obj
 0001:00015cb0       ??0PxDebugPoint@physx@@QAE@ABU01@@Z 10016cb0 f i CctCharacterControllerManager.obj
 0001:00015ce0       ??0PxDebugText@physx@@QAE@ABU01@@Z 10016ce0 f i CctCharacterControllerManager.obj
 0001:00015d10       ??0PxDebugTriangle@physx@@QAE@ABU01@@Z 10016d10 f i CctCharacterControllerManager.obj
 0001:00015d70       ??0PxRenderBuffer@physx@@QAE@XZ 10016d70 f i CctCharacterControllerManager.obj
 0001:00015d80       ??0RenderBuffer@Cm@physx@@QAE@XZ 10016d80 f i CctCharacterControllerManager.obj
 0001:00015e00       ??1?$Array@DV?$ReflectionAllocator@D@shdfnd@physx@@@shdfnd@physx@@QAE@XZ 10016e00 f i CctCharacterControllerManager.obj
 0001:00015e30       ??1?$Array@PAVController@Cct@physx@@V?$ReflectionAllocator@PAVController@Cct@physx@@@shdfnd@3@@shdfnd@physx@@QAE@XZ 10016e30 f i CctCharacterControllerManager.obj
 0001:00015e60       ??1?$Array@PAVObstacleContext@Cct@physx@@V?$ReflectionAllocator@PAVObstacleContext@Cct@physx@@@shdfnd@3@@shdfnd@physx@@QAE@XZ 10016e60 f i CctCharacterControllerManager.obj
 0001:00015e90       ??1?$Array@PBXV?$ReflectionAllocator@PBX@shdfnd@physx@@@shdfnd@physx@@QAE@XZ 10016e90 f i CctCharacterControllerManager.obj
 0001:00015ec0       ??1?$Array@UPxDebugLine@physx@@V?$ReflectionAllocator@UPxDebugLine@physx@@@shdfnd@2@@shdfnd@physx@@QAE@XZ 10016ec0 f i CctCharacterControllerManager.obj
 0001:00015ef0       ??1?$Array@UPxDebugPoint@physx@@V?$ReflectionAllocator@UPxDebugPoint@physx@@@shdfnd@2@@shdfnd@physx@@QAE@XZ 10016ef0 f i CctCharacterControllerManager.obj
 0001:00015f20       ??1?$Array@UPxDebugText@physx@@V?$ReflectionAllocator@UPxDebugText@physx@@@shdfnd@2@@shdfnd@physx@@QAE@XZ 10016f20 f i CctCharacterControllerManager.obj
 0001:00015f50       ??1?$Array@UPxDebugTriangle@physx@@V?$ReflectionAllocator@UPxDebugTriangle@physx@@@shdfnd@2@@shdfnd@physx@@QAE@XZ 10016f50 f i CctCharacterControllerManager.obj
 0001:00015f80       ??1?$Array@UPxExtendedCapsule@physx@@V?$ReflectionAllocator@UPxExtendedCapsule@physx@@@shdfnd@2@@shdfnd@physx@@QAE@XZ 10016f80 f i CctCharacterControllerManager.obj
 0001:00015fb0       ??1?$Array@VPxExtendedBox@physx@@V?$ReflectionAllocator@VPxExtendedBox@physx@@@shdfnd@2@@shdfnd@physx@@QAE@XZ 10016fb0 f i CctCharacterControllerManager.obj
 0001:00015fe0       ??1?$HashBase@PAVPxShape@physx@@PAV12@U?$Hash@PAVPxShape@physx@@@shdfnd@2@UGetKey@?$HashSetBase@PAVPxShape@physx@@U?$Hash@PAVPxShape@physx@@@shdfnd@2@VAllocator@42@$0A@@internal@42@VAllocator@42@$0A@@internal@shdfnd@physx@@QAE@XZ 10016fe0 f i CctCharacterControllerManager.obj
 0001:00015ff0       ??1?$HashSet@PAVPxShape@physx@@U?$Hash@PAVPxShape@physx@@@shdfnd@2@VAllocator@42@@shdfnd@physx@@QAE@XZ 10016ff0 f i CctCharacterControllerManager.obj
[...]
 0001:00033841       ?strncnt@@YAHPBDH@Z        10034841 f   LIBCMT:a_map.obj
 0001:000338a7       ?__crtGetStringTypeA_stat@@YAHPAUlocaleinfo_struct@@KPBDHPAGHH@Z 100348a7 f   LIBCMT:a_str.obj
 0001:00033d8b       __copytlocinfo_nolock      10034d8b f   LIBCMT:wsetloca.obj
 0001:00034509       __wsetlocale_get_all       10035509 f   LIBCMT:wsetloca.obj
 0001:00034676       __wsetlocale_nolock        10035676 f   LIBCMT:wsetloca.obj
 0001:000348ff       __wsetlocale_set_cat       100358ff f   LIBCMT:wsetloca.obj
 0001:00034ca9       _sync_legacy_variables_lk  10035ca9 f   LIBCMT:wsetloca.obj
 0001:0003719c       $LN333                     1003819c     LIBCMT:strgtold.obj
 0001:00037c41       ___abstract_cw_sse2        10038c41 f   LIBCMT:ieee87.obj
 0001:00037cea       ___abstract_sw_sse2        10038cea f   LIBCMT:ieee87.obj
 0001:00037d2b       ___clearfp_sse2            10038d2b f   LIBCMT:ieee87.obj
 0001:00038095       ___control87_sse2          10039095 f   LIBCMT:ieee87.obj
 0001:00038218       ___fpreset_sse2            10039218 f   LIBCMT:ieee87.obj
 0001:00038224       ___hw_cw_sse2              10039224 f   LIBCMT:ieee87.obj
 0001:000382cd       ___statusfp_sse2           100392cd f   LIBCMT:ieee87.obj
 0001:0003830e       __abstract_cw              1003930e f   LIBCMT:ieee87.obj
 0001:000383ad       __abstract_sw              100393ad f   LIBCMT:ieee87.obj
 0001:00038b12       __hw_cw                    10039b12 f   LIBCMT:ieee87.obj
 0001:00038db0       $$000000                   10039db0     LIBCMT:ulldvrm.obj
 0001:00038e50       $$000000                   10039e50     LIBCMT:exsup.obj
 0001:00038e70       __unwind_handler           10039e70 f   LIBCMT:exsup.obj
 0001:000394d0       _flsall                    1003a4d0 f   LIBCMT:fflush.obj
 0001:00039a9d       _cmpBYTE                   1003aa9d f   LIBCMT:memcmp.obj
 0001:00039ac2       _cmpDWORD                  1003aac2 f   LIBCMT:memcmp.obj
 0001:00039b4d       _cmpResult                 1003ab4d f   LIBCMT:memcmp.obj
 0001:00039b69       _cmpWORD                   1003ab69 f   LIBCMT:memcmp.obj
 0001:0003b2b2       $LN1281                    1003c2b2     LIBCMT:memcmp.obj
 0001:0003b332       _unaligned_memcmp          1003c332 f   LIBCMT:memcmp.obj
 0001:0003ca4e       $LN1269                    1003da4e     LIBCMT:memcmp.obj
 0001:0003cbcf       _GetLocaleNameFromDefault  1003dbcf f   LIBCMT:getqloc.obj
 0001:0003cc48       _GetLocaleNameFromLangCountry 1003dc48 f   LIBCMT:getqloc.obj
 0001:0003ccbc       _GetLocaleNameFromLanguage 1003dcbc f   LIBCMT:getqloc.obj
 0001:0003cd06       _GetPrimaryLen             1003dd06 f   LIBCMT:getqloc.obj
 0001:0003cd38       _LangCountryEnumProcEx@12  1003dd38 f   LIBCMT:getqloc.obj
 0001:0003cf58       _LanguageEnumProcEx@12     1003df58 f   LIBCMT:getqloc.obj
 0001:0003d00b       _ProcessCodePage           1003e00b f   LIBCMT:getqloc.obj
 0001:0003d0a0       _TestDefaultCountry        1003e0a0 f   LIBCMT:getqloc.obj
 0001:0003d0ec       _TestDefaultLanguage       1003e0ec f   LIBCMT:getqloc.obj
 0001:0003d127       _TranslateName             1003e127 f   LIBCMT:getqloc.obj
 0001:0003d355       _CountryEnumProc@4         1003e355 f   LIBCMT:getqloc_downlevel.obj
 0001:0003d405       _GetLcidFromCountry        1003e405 f   LIBCMT:getqloc_downlevel.obj
 0001:0003d445       _GetLcidFromDefault        1003e445 f   LIBCMT:getqloc_downlevel.obj
 0001:0003d461       _GetLcidFromLangCountry    1003e461 f   LIBCMT:getqloc_downlevel.obj
 0001:0003d4de       _GetLcidFromLanguage       1003e4de f   LIBCMT:getqloc_downlevel.obj
 0001:0003d537       _GetPrimaryLen             1003e537 f   LIBCMT:getqloc_downlevel.obj
 0001:0003d561       _LangCountryEnumProc@4     1003e561 f   LIBCMT:getqloc_downlevel.obj
 0001:0003d756       _LanguageEnumProc@4        1003e756 f   LIBCMT:getqloc_downlevel.obj
 0001:0003d831       _LcidFromHexString         1003e831 f   LIBCMT:getqloc_downlevel.obj
 0001:0003d880       _ProcessCodePage           1003e880 f   LIBCMT:getqloc_downlevel.obj
 0001:0003d90b       _TestDefaultCountry        1003e90b f   LIBCMT:getqloc_downlevel.obj
 0001:0003d92d       _TestDefaultLanguage       1003e92d f   LIBCMT:getqloc_downlevel.obj
 0001:0003d997       _TranslateName             1003e997 f   LIBCMT:getqloc_downlevel.obj
 0001:0003de6e       ?strtoxq@@YA_KPAUlocaleinfo_struct@@PBDPAPBDHH@Z 1003ee6e f   LIBCMT:strtoq.obj
 0001:0003e201       ?strtoxl@@YAKPAUlocaleinfo_struct@@PBDPAPBDHH@Z 1003f201 f   LIBCMT:strtol.obj
 0001:0003efd1       @x64tow_s@24               1003ffd1 f   LIBCMT:xtows.obj
 0001:0003f1a4       _xtow_s@20                 100401a4 f   LIBCMT:xtows.obj
 0001:0003f830       $$000000                   10040830     LIBCMT:llmul.obj
 0001:000401f6       ?wcstoxl@@YAKPB_WPAPB_WHH@Z 100411f6 f   LIBCMT:wcstol.obj
 0001:00040437       ?wcstoxq@@YA_KPAUlocaleinfo_struct@@PB_WPAPB_WHH@Z 10041437 f   LIBCMT:wcstoq.obj
 0001:00041658       $LN323                     10042658     LIBCMT:wstrgtold.obj
 0002:000001b4       _minFError$initializer$    100431b4     CctCharacterController.obj
 0002:000001b8       _maxFError$initializer$    100431b8     CctCharacterController.obj
 0002:000001bc       _minV3Error$initializer$   100431bc     CctCharacterController.obj
 0002:000001c0       _maxV3Error$initializer$   100431c0     CctCharacterController.obj
 0002:000001c4       _minV4Error$initializer$   100431c4     CctCharacterController.obj
 0002:000001c8       _maxV4Error$initializer$   100431c8     CctCharacterController.obj
 0002:000001cc       _minFError$initializer$    100431cc     CctCharacterControllerManager.obj
 0002:000001d0       _maxFError$initializer$    100431d0     CctCharacterControllerManager.obj
 0002:000001d4       _minV3Error$initializer$   100431d4     CctCharacterControllerManager.obj
 0002:000001d8       _maxV3Error$initializer$   100431d8     CctCharacterControllerManager.obj
 0002:000001dc       _minV4Error$initializer$   100431dc     CctCharacterControllerManager.obj
 0002:000001e0       _maxV4Error$initializer$   100431e0     CctCharacterControllerManager.obj
 0002:000001ec       _pinit                     100431ec     LIBCMT:cpu_disp.obj
 0002:000001f0       _pinit                     100431f0     LIBCMT:mbctype.obj
 0002:000001f4       _pinit                     100431f4     LIBCMT:onexit.obj
 0002:000001f8       _pinit                     100431f8     LIBCMT:_file.obj
 0002:00000204       _pterm                     10043204     LIBCMT:wsetloca.obj
 0002:00000208       _pterm                     10043208     LIBCMT:initcon.obj
 0002:0000020c       _pterm                     1004320c     LIBCMT:_file.obj
 0002:00000258       _PxPi                      10043258     CctBoxController.obj
 0002:000003f0       _PxPi                      100433f0     CctCapsuleController.obj
 0002:00000510       _GeomSizes                 10043510     CctCharacterController.obj
 0002:00000528       _PxPi                      10043528     CctCharacterController.obj
 0002:0000052c       _PxTwoPi                   1004352c     CctCharacterController.obj
 0002:00000530       _gMaskXYZ                  10043530     CctCharacterController.obj
 0002:00000540       _PxInvPi                   10043540     CctCharacterController.obj
 0002:00000544       _PxInvTwoPi                10043544     CctCharacterController.obj
 0002:00000548       _PxPiDivTwo                10043548     CctCharacterController.obj
 0002:000008d0       _gDebugVisOffset           100438d0     CctCharacterControllerCallbacks.obj
 0002:000008d4       _PxPi                      100438d4     CctCharacterControllerCallbacks.obj
 0002:00000920       _PxPi                      10043920     CctCharacterControllerManager.obj
 0002:00000924       _PxTwoPi                   10043924     CctCharacterControllerManager.obj
 0002:00000928       _PxInvPi                   10043928     CctCharacterControllerManager.obj
 0002:0000092c       _PxInvTwoPi                1004392c     CctCharacterControllerManager.obj
 0002:00000930       _PxPiDivTwo                10043930     CctCharacterControllerManager.obj
 0002:00000934       _gMaxOverlapRecover        10043934     CctCharacterControllerManager.obj
 0002:00000940       _gMaskXYZ                  10043940     CctCharacterControllerManager.obj
 0002:00000b30       _PxPi                      10043b30     CctController.obj
 0002:00000b58       _PxPi                      10043b58     CctObstacleContext.obj
 0002:00000c30       _PxPi                      10043c30     CctSweptBox.obj
 0002:00000c3c       _PxPi                      10043c3c     CctSweptCapsule.obj
 0002:00000c48       _PxPi                      10043c48     CctSweptVolume.obj
 0002:00000c54       _PxPi                      10043c54     PhysX3Extensions:ExtTriangleMeshExt.obj
 0002:00000c8c       _PxPi                      10043c8c     PhysX3Extensions:ExtRigidBodyExt.obj
 0002:00001020       _Int32ToUInt32             10044020     LIBCMT:ftol3.obj
 0002:00001030       _MantissaMask              10044030     LIBCMT:ftol3.obj
 0002:00001038       _IntegerBit                10044038     LIBCMT:ftol3.obj
 0002:00001040       _SignBit64                 10044040     LIBCMT:ftol3.obj
 0002:00001048       _MinFP64                   10044048     LIBCMT:ftol3.obj
 0002:00001050       _MinInt64                  10044050     LIBCMT:ftol3.obj
 0002:00001058       _MaxInt64                  10044058     LIBCMT:ftol3.obj
 0002:00001060       _MaxUInt64                 10044060     LIBCMT:ftol3.obj
 0002:00001068       _MaxFP32                   10044068     LIBCMT:ftol3.obj
 0002:00001070       _MinFP32                   10044070     LIBCMT:ftol3.obj
 0002:00001078       _MinSubInexact             10044078     LIBCMT:ftol3.obj
 0002:00001080       _FpExcptTable              10044080     LIBCMT:ftol3.obj
 0002:00001090       _i1075                     10044090     LIBCMT:ftol3.obj
 0002:00001094       _i1087                     10044094     LIBCMT:ftol3.obj
 0002:00001098       _x0800                     10044098     LIBCMT:ftol3.obj
 0002:0000109c       _x17FF                     1004409c     LIBCMT:ftol3.obj
 0002:000010a0       _CWMask                    100440a0     LIBCMT:ftol3.obj
 0002:000035e4       __mb_locale_names          100465e4     LIBCMT:mbctype.obj
 0002:00003948       _tokenTable                10046948     LIBCMT:undname.obj
 0002:00003980       _nameTable                 10046980     LIBCMT:undname.obj
 0002:00003ac0       _rttiTable                 10046ac0     LIBCMT:undname.obj
 0002:00004460       _rterrs                    10047460     LIBCMT:crt0msg.obj
 0002:00004ef4       _GS_ExceptionPointers      10047ef4     LIBCMT:gs_report.obj
 0002:00004fc8       __first_127char            10047fc8     LIBCMT:wsetloca.obj
 0002:000069d0       __sehtable$__CRT_INIT@12   100499d0     LIBCMT:dllcrt0.obj
 0002:000069f0       __sehtable$___DllMainCRTStartup 100499f0     LIBCMT:dllcrt0.obj
 0002:00006a10       __sehtable$?_Name_base@type_info@@CAPBDPBV1@PAU__type_info_node@@@Z 10049a10     LIBCMT:typname.obj
 0002:00006a30       __sehtable$?_Type_info_dtor@type_info@@CAXPAV1@@Z 10049a30     LIBCMT:typname.obj
 0002:00006a50       __sehtable$?_Name_base_internal@type_info@@CAPBDPBV1@PAU__type_info_node@@@Z 10049a50     LIBCMT:typname.obj
 0002:00006a70       __sehtable$?_Type_info_dtor_internal@type_info@@CAXPAV1@@Z 10049a70     LIBCMT:typname.obj
 0002:00006a90       __sehtable$___clean_type_info_names_internal 10049a90     LIBCMT:typname.obj
 0002:00006ab0       __sehtable$__freefls@4     10049ab0     LIBCMT:tidtable.obj
 0002:00006ad8       __sehtable$__initptd       10049ad8     LIBCMT:tidtable.obj
 0002:00006b00       __sehtable$_doexit         10049b00     LIBCMT:crt0dat.obj
 0002:00006b20       __sehtable$__ioinit        10049b20     LIBCMT:ioinit.obj
 0002:00006b40       __sehtable$___set_fpsr_sse2 10049b40     LIBCMT:fpctrl.obj
 0002:00006b60       __sehtable$_signal         10049b60     LIBCMT:winsig.obj
 0002:00006b80       __sehtable$_raise          10049b80     LIBCMT:winsig.obj
 0002:00006ba0       __sehtable$_ctrlevent_capture@4 10049ba0     LIBCMT:winsig.obj
 0002:00006bc0       __sehtable$___updatetlocinfo 10049bc0     LIBCMT:localref.obj
 0002:00006be0       __sehtable$___updatetmbcinfo 10049be0     LIBCMT:mbctype.obj
 0002:00006c00       __sehtable$__setmbcp       10049c00     LIBCMT:mbctype.obj
 0002:00006c20       __sehtable$__mtinitlocknum 10049c20     LIBCMT:mlock.obj
 0002:00006c40       __sehtable$___unDName      10049c40     LIBCMT:undname.obj
 0002:00006c60       __sehtable$___unDNameEx    10049c60     LIBCMT:undname.obj
 0002:00006c80       __sehtable$__IsNonwritableInCurrentImage 10049c80     LIBCMT:pesect.obj
 0002:00006ca0       __sehtable$__onexit        10049ca0     LIBCMT:onexit.obj
 0002:00006cc0       __sehtable$?terminate@@YAXXZ 10049cc0     LIBCMT:hooks.obj
 0002:00006ce0       __sehtable$?_inconsistency@@YAXXZ 10049ce0     LIBCMT:hooks.obj
 0002:00006d00       __sehtable$__get_current_locale 10049d00     LIBCMT:wsetloca.obj
 0002:00006d28       __sehtable$__free_locale   10049d28     LIBCMT:wsetloca.obj
 0002:00006d50       __sehtable$__wsetlocale    10049d50     LIBCMT:wsetloca.obj
 0002:00006d88       __sehtable$__locterm       10049d88     LIBCMT:wsetloca.obj
 0002:00006da8       __sehtable$_fflush         10049da8     LIBCMT:fflush.obj
 0002:00006dc8       __sehtable$_flsall         10049dc8     LIBCMT:fflush.obj
 0002:00006df0       __sehtable$__fcloseall     10049df0     LIBCMT:closeall.obj
 0002:00006e10       __sehtable$__commit        10049e10     LIBCMT:commit.obj
 0002:00006e30       __sehtable$__write         10049e30     LIBCMT:write.obj
 0002:00006e50       __sehtable$_fclose         10049e50     LIBCMT:fclose.obj
 0002:00006e70       __sehtable$__alloc_osfhnd  10049e70     LIBCMT:osfinfo.obj
 0002:00006e98       __sehtable$___lock_fhandle 10049e98     LIBCMT:osfinfo.obj
 0002:00006eb8       __sehtable$__open_osfhandle 10049eb8     LIBCMT:osfinfo.obj
 0002:00006ed8       __sehtable$__lseeki64      10049ed8     LIBCMT:lseeki64.obj
 0002:00006ef8       __sehtable$__putwch        10049ef8     LIBCMT:putwch.obj
 0002:00006f18       __sehtable$__close         10049f18     LIBCMT:close.obj
 0002:00006f40       .edata                     10049f40     PhysX3CharacterKinematic_x86.exp
 0002:00006f68       rgpv                       10049f68     PhysX3CharacterKinematic_x86.exp
 0002:00006f84       rgszName                   10049f84     PhysX3CharacterKinematic_x86.exp
 0002:00006fa0       rgwOrd                     10049fa0     PhysX3CharacterKinematic_x86.exp
 0002:00006fae       szName                     10049fae     PhysX3CharacterKinematic_x86.exp
 0002:00006fcf       $N00001                    10049fcf     PhysX3CharacterKinematic_x86.exp
 0002:00006ff4       $N00002                    10049ff4     PhysX3CharacterKinematic_x86.exp
 0002:0000701f       $N00003                    1004a01f     PhysX3CharacterKinematic_x86.exp
 0002:00007044       $N00004                    1004a044     PhysX3CharacterKinematic_x86.exp
 0002:00007074       $N00005                    1004a074     PhysX3CharacterKinematic_x86.exp
 0002:00007097       $N00006                    1004a097     PhysX3CharacterKinematic_x86.exp
 0002:0000710e       $N00007                    1004a10e     PhysX3CharacterKinematic_x86.exp
 0002:00007b1a       .idata$6                   1004ab1a     PhysX3Common_x86:PhysX3Common_x86.dll
 0002:000080aa       .idata$6                   1004b0aa     kernel32:KERNEL32.dll
 0003:00000000       _gSweepMap                 1004c000     CctCharacterController.obj
 0003:000000d0       ?_names@?1??_get_fname@@9@9 1004c0d0     LIBCMT:fpexcept.obj
 0003:00000200       ?isPackaged@?1??__crtIsPackagedApp@@9@9 1004c200     LIBCMT:winapisupp.obj
 0003:00000238       _over                      1004c238     LIBCMT:fpctrl.obj
 0003:00000244       _under                     1004c244     LIBCMT:fpctrl.obj
 0003:00000250       ?__DAZ_ENABLED@?1??__set_fpsr_sse2@@9@9 1004c250     LIBCMT:fpctrl.obj
 0003:00000260       _errtable                  1004c260     LIBCMT:dosmap.obj
 0003:000003c8       _ErrnoNoMem                1004c3c8     LIBCMT:dosmap.obj
 0003:000003cc       _DoserrorNoMem             1004c3cc     LIBCMT:dosmap.obj
 0003:000007f8       ___rgctypeflag             1004c7f8     LIBCMT:mbctype.obj
 0003:00000800       ___rgcode_page_info        1004c800     LIBCMT:mbctype.obj
 0003:00000b28       __locktable                1004cb28     LIBCMT:mlock.obj
 0003:00000f34       __ctype_loc_style          1004cf34     LIBCMT:wsetloca.obj
 0003:00000f38       _DoubleFormat              1004cf38     LIBCMT:intrncvt.obj
 0003:00000f50       _FloatFormat               1004cf50     LIBCMT:intrncvt.obj
 0003:000015e0       _minV4Error                1004d5e0     CctCharacterController.obj
 0003:000015f0       _maxV4Error                1004d5f0     CctCharacterController.obj
 0003:00001600       _minFError                 1004d600     CctCharacterController.obj
 0003:00001610       _minV3Error                1004d610     CctCharacterController.obj
 0003:00001620       _maxV3Error                1004d620     CctCharacterController.obj
 0003:00001630       _maxFError                 1004d630     CctCharacterController.obj
 0003:00001640       _minV4Error                1004d640     CctCharacterControllerManager.obj
 0003:00001650       _maxV4Error                1004d650     CctCharacterControllerManager.obj
 0003:00001660       _minFError                 1004d660     CctCharacterControllerManager.obj
 0003:00001670       _minV3Error                1004d670     CctCharacterControllerManager.obj
 0003:00001680       _maxV3Error                1004d680     CctCharacterControllerManager.obj
 0003:00001690       _maxFError                 1004d690     CctCharacterControllerManager.obj
 0003:000016ac       ___proc_attached           1004d6ac     LIBCMT:dllcrt0.obj
 0003:000016bc       ___type_info_root_node     1004d6bc     LIBCMT:typname.obj
 0003:00001808       ?_pgmname@?1??_setargv@@9@9 1004d808     LIBCMT:stdargv.obj
 0003:00001914       _ctrlc_action              1004d914     LIBCMT:winsig.obj
 0003:00001918       _ctrlbreak_action          1004d918     LIBCMT:winsig.obj
 0003:0000191c       _abort_action              1004d91c     LIBCMT:winsig.obj
 0003:00001920       _term_action               1004d920     LIBCMT:winsig.obj
 0003:00001924       _ConsoleCtrlHandler_Installed 1004d924     LIBCMT:winsig.obj
 0003:0000192c       ___crtCallProc             1004d92c     LIBCMT:winapinls.obj
 0003:00001948       _fSystemSet                1004d948     LIBCMT:mbctype.obj
 0003:00001950       _lclcritsects              1004d950     LIBCMT:mlock.obj
 0003:00001ac8       _heap                      1004dac8     LIBCMT:undname.obj
 0003:00001b18       ?outmsg@?9??_NMSG_WRITE@@9@9 1004db18     LIBCMT:crt0msg.obj
 0003:00002148       _g_pfnRtlGenRandom         1004e148     LIBCMT:rand_s.obj
 0003:00002158       _GS_ExceptionRecord        1004e158     LIBCMT:gs_report.obj
 0003:000021a8       _GS_ContextRecord          1004e1a8     LIBCMT:gs_report.obj
 0003:00002474       _DebuggerWasPresent        1004e474     LIBCMT:gs_report.obj
 0003:0000248c       ?pfnMessageBox@?1??__crtMessageBoxW@@9@9 1004e48c     LIBCMT:crtmboxw.obj
 0003:00002490       ?pfnGetActiveWindow@?1??__crtMessageBoxW@@9@9 1004e490     LIBCMT:crtmboxw.obj
 0003:00002494       ?pfnGetLastActivePopup@?1??__crtMessageBoxW@@9@9 1004e494     LIBCMT:crtmboxw.obj
 0003:00002498       ?pfnGetProcessWindowStation@?1??__crtMessageBoxW@@9@9 1004e498     LIBCMT:crtmboxw.obj
 0003:0000249c       ?pfnGetUserObjectInformation@?1??__crtMessageBoxW@@9@9 1004e49c     LIBCMT:crtmboxw.obj
 0004:000000a0       $R000000                   100500a0     PhysX3CharacterKinematic.res
 0004:00000420       $R000380                   10050420     PhysX3CharacterKinematic.res
