 PhysX3CharacterKinematic_x86

 Timestamp is 585a180f (Tue Dec 20 21:50:07 2016)

 Preferred load address is 10000000

 Start         Length     Name                   Class
 0001:00000000 00000140H .text$di                CODE
 0001:00000140 0001a3a8H .text$mn                CODE
 0002:00000000 0000011cH .idata$5                DATA
 0002:0000011c 00000004H .00cfg                  DATA
 0002:00000120 00000004H .CRT$XCA                DATA
 0002:00000124 00000030H .CRT$XCU                DATA
 0002:00000154 00000004H .CRT$XCZ                DATA
 0002:00000158 00000004H .CRT$XIA                DATA
 0002:0000015c 00000004H .CRT$XIZ                DATA
 0002:00000160 00000004H .CRT$XPA                DATA
 0002:00000164 00000004H .CRT$XPZ                DATA
 0002:00000168 00000004H .CRT$XTA                DATA
 0002:0000016c 00000004H .CRT$XTZ                DATA
 0002:00000170 00000f14H .rdata                  DATA
 0002:00001084 0000004cH .rdata$r                DATA
 0002:000010d0 00000004H .rdata$sxdata           DATA
 0002:000010d4 0000030cH .rdata$zzzdbg           DATA
 0002:000013e0 00000004H .rtc$IAA                DATA
 0002:000013e4 00000004H .rtc$IZZ                DATA
 0002:000013e8 00000004H .rtc$TAA                DATA
 0002:000013ec 00000004H .rtc$TZZ                DATA
 0002:000013f0 00000080H .xdata$x                DATA
 0002:00001470 000001e8H .edata                  DATA
 0002:00001658 00000078H .idata$2                DATA
 0002:000016d0 00000014H .idata$3                DATA
 0002:000016e4 0000011cH .idata$4                DATA
 0002:00001800 00000ca4H .idata$6                DATA
 0003:00000000 00000060H .data                   DATA
 0003:00000060 000002e0H .data$r                 DATA
 0003:00000340 00000430H .bss                    DATA
 0004:00000000 00000020H .gfids$y                DATA
 0005:00000000 000000a0H .rsrc$01                DATA
 0005:000000a0 00000500H .rsrc$02                DATA

  Address         Publics by Value              Rva+Base       Lib:Object

 0000:00000000       ___guard_iat_table         00000000     <absolute>
 0000:00000000       ___guard_iat_count         00000000     <absolute>
 0000:00000000       ___dynamic_value_reloc_table 00000000     <absolute>
 0000:00000000       ___guard_fids_table        00000000     <absolute>
 0000:00000000       ___guard_longjmp_count     00000000     <absolute>
 0000:00000000       ___guard_fids_count        00000000     <absolute>
 0000:00000000       ___guard_longjmp_table     00000000     <absolute>
 0000:00000001       ___safe_se_handler_count   00000001     <absolute>
 0000:00000100       ___guard_flags             00000100     <absolute>
 0000:00000000       ___ImageBase               10000000     <linker-defined>
 0001:00000140       ??0BoxController@Cct@physx@@QAE@ABVPxControllerDesc@2@AAVPxPhysics@2@PAVPxScene@2@@Z 10001140 f   CctBoxController.obj
 0001:000001f0       ??1BoxController@Cct@physx@@UAE@XZ 100011f0 f   CctBoxController.obj
 0001:00000210       ?getWorldBox@BoxController@Cct@physx@@UBE_NAAUPxExtendedBounds3@3@@Z 10001210 f   CctBoxController.obj
 0001:000002c0       ?setFootPosition@BoxController@Cct@physx@@UAE_NABUPxExtendedVec3@3@@Z 100012c0 f   CctBoxController.obj
 0001:00000330       ?getFootPosition@BoxController@Cct@physx@@UBE?AUPxExtendedVec3@3@XZ 10001330 f   CctBoxController.obj
 0001:000003b0       ?invalidateCache@BoxController@Cct@physx@@UAEXXZ 100013b0 f   CctBoxController.obj
 0001:000003c0       ?resize@BoxController@Cct@physx@@UAEXM@Z 100013c0 f   CctBoxController.obj
 0001:00000460       ?getHalfHeight@BoxController@Cct@physx@@UBEMXZ 10001460 f   CctBoxController.obj
 0001:00000470       ?getHalfSideExtent@BoxController@Cct@physx@@UBEMXZ 10001470 f   CctBoxController.obj
 0001:00000480       ?getHalfForwardExtent@BoxController@Cct@physx@@UBEMXZ 10001480 f   CctBoxController.obj
 0001:00000490       ?setHalfHeight@BoxController@Cct@physx@@UAE_NM@Z 10001490 f   CctBoxController.obj
 0001:000004c0       ?setHalfSideExtent@BoxController@Cct@physx@@UAE_NM@Z 100014c0 f   CctBoxController.obj
 0001:000004f0       ?setHalfForwardExtent@BoxController@Cct@physx@@UAE_NM@Z 100014f0 f   CctBoxController.obj
 0001:00000520       ?updateKinematicProxy@BoxController@Cct@physx@@QAE_NXZ 10001520 f   CctBoxController.obj
 0001:000005c0       ?getOBB@BoxController@Cct@physx@@QBEXAAVPxExtendedBox@3@@Z 100015c0 f   CctBoxController.obj
 0001:00000690       ??1PxBoxController@physx@@MAE@XZ 10001690 f i CctBoxController.obj
 0001:000006a0       ??1PxController@physx@@MAE@XZ 100016a0 f i CctBoxController.obj
 0001:000006a7       ??_EBoxController@Cct@physx@@W7AEPAXI@Z 100016a7 f i CctBoxController.obj
 0001:000006b0       ??_GBoxController@Cct@physx@@UAEPAXI@Z 100016b0 f i CctBoxController.obj
 0001:000006b0       ??_EBoxController@Cct@physx@@UAEPAXI@Z 100016b0 f i CctBoxController.obj
 0001:00000710       ??_EPxBoxController@physx@@MAEPAXI@Z 10001710 f i CctBoxController.obj
 0001:00000710       ??_GPxBoxController@physx@@MAEPAXI@Z 10001710 f i CctBoxController.obj
 0001:00000740       ??_GPxController@physx@@MAEPAXI@Z 10001740 f i CctBoxController.obj
 0001:00000740       ??_EPxController@physx@@MAEPAXI@Z 10001740 f i CctBoxController.obj
 0001:00000770       ??_H@YGXPAXIIP6EPAX0@Z@Z   10001770 f i CctBoxController.obj
 0001:000007a0       ?__empty_global_delete@@YAXPAX@Z 100017a0 f i CctBoxController.obj
 0001:000007b0       ?__global_delete@@YAXPAXI@Z 100017b0 f i CctBoxController.obj
 0001:000007b0       ?__empty_global_delete@@YAXPAXI@Z 100017b0 f i CctBoxController.obj
 0001:000007c0       ?getActor@BoxController@Cct@physx@@UBEPAVPxRigidDynamic@3@XZ 100017c0 f i CctBoxController.obj
 0001:000007d0       ?getContactOffset@BoxController@Cct@physx@@UBEMXZ 100017d0 f i CctBoxController.obj
 0001:000007e0       ?getHalfHeightInternal@BoxController@Cct@physx@@UBEMXZ 100017e0 f i CctBoxController.obj
 0001:000007f0       ?getNonWalkableMode@BoxController@Cct@physx@@UBE?AW4Enum@PxControllerNonWalkableMode@3@XZ 100017f0 f i CctBoxController.obj
 0001:00000800       ?getPosition@BoxController@Cct@physx@@UBEABUPxExtendedVec3@3@XZ 10001800 f i CctBoxController.obj
 0001:00000810       ?getPxController@BoxController@Cct@physx@@UAEPAVPxController@3@XZ 10001810 f i CctBoxController.obj
 0001:00000820       ?getScene@BoxController@Cct@physx@@UAEPAVPxScene@3@XZ 10001820 f i CctBoxController.obj
 0001:00000830       ?getSlopeLimit@BoxController@Cct@physx@@UBEMXZ 10001830 f i CctBoxController.obj
 0001:00000840       ?getState@BoxController@Cct@physx@@UBEXAAUPxControllerState@3@@Z 10001840 f i CctBoxController.obj
 0001:00000850       ?getStats@BoxController@Cct@physx@@UBEXAAUPxControllerStats@3@@Z 10001850 f i CctBoxController.obj
 0001:00000860       ?getStepOffset@BoxController@Cct@physx@@UBEMXZ 10001860 f i CctBoxController.obj
 0001:00000870       ?getType@BoxController@Cct@physx@@UBE?AW4Enum@PxControllerShapeType@3@XZ 10001870 f i CctBoxController.obj
 0001:00000880       ?getUpDirection@BoxController@Cct@physx@@UBE?AVPxVec3@3@XZ 10001880 f i CctBoxController.obj
 0001:000008a0       ?getUserData@BoxController@Cct@physx@@UBEPAXXZ 100018a0 f i CctBoxController.obj
 0001:000008b0       ?release@BoxController@Cct@physx@@UAEXXZ 100018b0 f i CctBoxController.obj
 0001:000008c0       ?setContactOffset@BoxController@Cct@physx@@UAEXM@Z 100018c0 f i CctBoxController.obj
 0001:000008e0       ?setNonWalkableMode@BoxController@Cct@physx@@UAEXW4Enum@PxControllerNonWalkableMode@3@@Z 100018e0 f i CctBoxController.obj
 0001:000008f0       ?setPosition@BoxController@Cct@physx@@UAE_NABUPxExtendedVec3@3@@Z 100018f0 f i CctBoxController.obj
 0001:00000900       ?setSlopeLimit@BoxController@Cct@physx@@UAEXM@Z 10001900 f i CctBoxController.obj
 0001:00000920       ?setStepOffset@BoxController@Cct@physx@@UAEXM@Z 10001920 f i CctBoxController.obj
 0001:00000940       ?setUpDirection@BoxController@Cct@physx@@UAEXABVPxVec3@3@@Z 10001940 f i CctBoxController.obj
 0001:00000950       ?setUserData@BoxController@Cct@physx@@UAEXPAX@Z 10001950 f i CctBoxController.obj
 0001:00000960       ??0CapsuleController@Cct@physx@@QAE@ABVPxControllerDesc@2@AAVPxPhysics@2@PAVPxScene@2@@Z 10001960 f   CctCapsuleController.obj
 0001:00000a00       ??1CapsuleController@Cct@physx@@UAE@XZ 10001a00 f   CctCapsuleController.obj
 0001:00000a20       ?getWorldBox@CapsuleController@Cct@physx@@UBE_NAAUPxExtendedBounds3@3@@Z 10001a20 f   CctCapsuleController.obj
 0001:00000ad0       ?setFootPosition@CapsuleController@Cct@physx@@UAE_NABUPxExtendedVec3@3@@Z 10001ad0 f   CctCapsuleController.obj
 0001:00000b60       ?getFootPosition@CapsuleController@Cct@physx@@UBE?AUPxExtendedVec3@3@XZ 10001b60 f   CctCapsuleController.obj
 0001:00000bf0       ?invalidateCache@CapsuleController@Cct@physx@@UAEXXZ 10001bf0 f   CctCapsuleController.obj
 0001:00000c00       ?resize@CapsuleController@Cct@physx@@UAEXM@Z 10001c00 f   CctCapsuleController.obj
 0001:00000cc0       ?getClimbingMode@CapsuleController@Cct@physx@@UBE?AW4Enum@PxCapsuleClimbingMode@3@XZ 10001cc0 f   CctCapsuleController.obj
 0001:00000cd0       ?setRadius@CapsuleController@Cct@physx@@UAE_NM@Z 10001cd0 f   CctCapsuleController.obj
 0001:00000d50       ?setHeight@CapsuleController@Cct@physx@@UAE_NM@Z 10001d50 f   CctCapsuleController.obj
 0001:00000dd0       ?setClimbingMode@CapsuleController@Cct@physx@@UAE_NW4Enum@PxCapsuleClimbingMode@3@@Z 10001dd0 f   CctCapsuleController.obj
 0001:00000df0       ?getCapsule@CapsuleController@Cct@physx@@QBEXAAUPxExtendedCapsule@3@@Z 10001df0 f   CctCapsuleController.obj
 0001:00000ec0       ??1PxCapsuleController@physx@@MAE@XZ 10001ec0 f i CctCapsuleController.obj
 0001:00000ec7       ??_ECapsuleController@Cct@physx@@W7AEPAXI@Z 10001ec7 f i CctCapsuleController.obj
 0001:00000ed0       ??_GCapsuleController@Cct@physx@@UAEPAXI@Z 10001ed0 f i CctCapsuleController.obj
 0001:00000ed0       ??_ECapsuleController@Cct@physx@@UAEPAXI@Z 10001ed0 f i CctCapsuleController.obj
 0001:00000f30       ??_GPxCapsuleController@physx@@MAEPAXI@Z 10001f30 f i CctCapsuleController.obj
 0001:00000f30       ??_EPxCapsuleController@physx@@MAEPAXI@Z 10001f30 f i CctCapsuleController.obj
 0001:00000f60       ?getActor@CapsuleController@Cct@physx@@UBEPAVPxRigidDynamic@3@XZ 10001f60 f i CctCapsuleController.obj
 0001:00000f70       ?getContactOffset@CapsuleController@Cct@physx@@UBEMXZ 10001f70 f i CctCapsuleController.obj
 0001:00000f80       ?getHalfHeightInternal@CapsuleController@Cct@physx@@UBEMXZ 10001f80 f i CctCapsuleController.obj
 0001:00000fa0       ?getHeight@CapsuleController@Cct@physx@@UBEMXZ 10001fa0 f i CctCapsuleController.obj
 0001:00000fb0       ?getNonWalkableMode@CapsuleController@Cct@physx@@UBE?AW4Enum@PxControllerNonWalkableMode@3@XZ 10001fb0 f i CctCapsuleController.obj
 0001:00000fc0       ?getPosition@CapsuleController@Cct@physx@@UBEABUPxExtendedVec3@3@XZ 10001fc0 f i CctCapsuleController.obj
 0001:00000fd0       ?getPxController@CapsuleController@Cct@physx@@UAEPAVPxController@3@XZ 10001fd0 f i CctCapsuleController.obj
 0001:00000fe0       ?getRadius@CapsuleController@Cct@physx@@UBEMXZ 10001fe0 f i CctCapsuleController.obj
 0001:00000ff0       ?getScene@CapsuleController@Cct@physx@@UAEPAVPxScene@3@XZ 10001ff0 f i CctCapsuleController.obj
 0001:00001000       ?getSlopeLimit@CapsuleController@Cct@physx@@UBEMXZ 10002000 f i CctCapsuleController.obj
 0001:00001010       ?getState@CapsuleController@Cct@physx@@UBEXAAUPxControllerState@3@@Z 10002010 f i CctCapsuleController.obj
 0001:00001020       ?getStats@CapsuleController@Cct@physx@@UBEXAAUPxControllerStats@3@@Z 10002020 f i CctCapsuleController.obj
 0001:00001030       ?getStepOffset@CapsuleController@Cct@physx@@UBEMXZ 10002030 f i CctCapsuleController.obj
 0001:00001040       ?getType@CapsuleController@Cct@physx@@UBE?AW4Enum@PxControllerShapeType@3@XZ 10002040 f i CctCapsuleController.obj
 0001:00001050       ?getUpDirection@CapsuleController@Cct@physx@@UBE?AVPxVec3@3@XZ 10002050 f i CctCapsuleController.obj
 0001:00001070       ?getUserData@CapsuleController@Cct@physx@@UBEPAXXZ 10002070 f i CctCapsuleController.obj
 0001:00001080       ?release@CapsuleController@Cct@physx@@UAEXXZ 10002080 f i CctCapsuleController.obj
 0001:00001090       ?setContactOffset@CapsuleController@Cct@physx@@UAEXM@Z 10002090 f i CctCapsuleController.obj
 0001:000010b0       ?setNonWalkableMode@CapsuleController@Cct@physx@@UAEXW4Enum@PxControllerNonWalkableMode@3@@Z 100020b0 f i CctCapsuleController.obj
 0001:000010c0       ?setPosition@CapsuleController@Cct@physx@@UAE_NABUPxExtendedVec3@3@@Z 100020c0 f i CctCapsuleController.obj
 0001:000010d0       ?setSlopeLimit@CapsuleController@Cct@physx@@UAEXM@Z 100020d0 f i CctCapsuleController.obj
 0001:000010f0       ?setStepOffset@CapsuleController@Cct@physx@@UAEXM@Z 100020f0 f i CctCapsuleController.obj
 0001:00001110       ?setUpDirection@CapsuleController@Cct@physx@@UAEXABVPxVec3@3@@Z 10002110 f i CctCapsuleController.obj
 0001:00001120       ?setUserData@CapsuleController@Cct@physx@@UAEXPAX@Z 10002120 f i CctCapsuleController.obj
 0001:00001130       ??0CCTParams@Cct@physx@@QAE@XZ 10002130 f   CctCharacterController.obj
 0001:000011a0       ??0SweepTest@Cct@physx@@QAE@XZ 100021a0 f   CctCharacterController.obj
 0001:00001300       ??1SweepTest@Cct@physx@@QAE@XZ 10002300 f   CctCharacterController.obj
 0001:00001370       ?moveCharacter@SweepTest@Cct@physx@@QAE?AV?$PxFlags@W4Enum@PxControllerCollisionFlag@physx@@E@3@PBUInternalCBData_FindTouchedGeom@23@PBUInternalCBData_OnHit@23@AAVSweptVolume@23@ABVPxVec3@3@ABUUserObstacles@23@MABVPxControllerFilters@3@_N6@Z 10002370 f   CctCharacterController.obj
 0001:00001c40       ?doSweepTest@SweepTest@Cct@physx@@QAE_NPBUInternalCBData_FindTouchedGeom@23@PBUInternalCBData_OnHit@23@ABUUserObstacles@23@AAVSweptVolume@23@ABVPxVec3@3@4IPAIMABVPxControllerFilters@3@W4SweepPass@23@@Z 10002c40 f   CctCharacterController.obj
 0001:000028f0       ?findTouchedObstacles@SweepTest@Cct@physx@@QAEXABUUserObstacles@23@ABUPxExtendedBounds3@3@@Z 100038f0 f   CctCharacterController.obj
 0001:00003020       ?voidTestCache@SweepTest@Cct@physx@@QAEXXZ 10004020 f   CctCharacterController.obj
 0001:00003060       ?onRelease@SweepTest@Cct@physx@@QAEXABVPxBase@3@@Z 10004060 f   CctCharacterController.obj
 0001:00003100       ?onObstacleRemoved@SweepTest@Cct@physx@@QAEXI@Z 10004100 f   CctCharacterController.obj
 0001:00003120       ?onObstacleUpdated@SweepTest@Cct@physx@@QAEXIPBVPxObstacleContext@3@ABVPxVec3@3@1M@Z 10004120 f   CctCharacterController.obj
 0001:00003220       ?onObstacleAdded@SweepTest@Cct@physx@@QAEXIPBVPxObstacleContext@3@ABVPxVec3@3@1M@Z 10004220 f   CctCharacterController.obj
 0001:00003370       ?onOriginShift@SweepTest@Cct@physx@@QAEXABVPxVec3@3@@Z 10004370 f   CctCharacterController.obj
 0001:00003510       ?updateTouchedGeoms@SweepTest@Cct@physx@@AAEXPBUInternalCBData_FindTouchedGeom@23@ABUUserObstacles@23@ABUPxExtendedBounds3@3@ABVPxControllerFilters@3@ABVPxVec3@3@@Z 10004510 f   CctCharacterController.obj
 0001:00003bc0       ?findTouchedObject@Controller@Cct@physx@@IAEXABVPxControllerFilters@3@PBVPxObstacleContext@3@ABVPxVec3@3@@Z 10004bc0 f   CctCharacterController.obj
 0001:00004080       ?rideOnTouchedObject@Controller@Cct@physx@@IAE_NAAVSweptVolume@23@ABVPxVec3@3@AAV53@PBVPxObstacleContext@3@@Z 10005080 f   CctCharacterController.obj
 0001:00004610       ?move@Controller@Cct@physx@@IAE?AV?$PxFlags@W4Enum@PxControllerCollisionFlag@physx@@E@3@AAVSweptVolume@23@ABVPxVec3@3@MMABVPxControllerFilters@3@PBVPxObstacleContext@3@_N@Z 10005610 f   CctCharacterController.obj
 0001:00005370       ?filterTouchedShape@Controller@Cct@physx@@IAE_NABVPxControllerFilters@3@@Z 10006370 f   CctCharacterController.obj
 0001:00006840       ?move@BoxController@Cct@physx@@UAE?AV?$PxFlags@W4Enum@PxControllerCollisionFlag@physx@@E@3@ABVPxVec3@3@MMABVPxControllerFilters@3@PBVPxObstacleContext@3@@Z 10007840 f   CctCharacterController.obj
 0001:00006900       ?move@CapsuleController@Cct@physx@@UAE?AV?$PxFlags@W4Enum@PxControllerCollisionFlag@physx@@E@3@ABVPxVec3@3@MMABVPxControllerFilters@3@PBVPxObstacleContext@3@@Z 10007900 f   CctCharacterController.obj
 0001:000069d0       ??0PxControllerManager@physx@@IAE@XZ 100079d0 f i CctCharacterController.obj
 0001:000069e0       ??0PxControllerManager@physx@@QAE@ABV01@@Z 100079e0 f i CctCharacterController.obj
 0001:000069f0       ??0PxMat33@physx@@QAE@ABV01@@Z 100079f0 f i CctCharacterController.obj
 0001:00006a30       ??0PxVec3@physx@@QAE@XZ    10007a30 f i CctCharacterController.obj
 0001:00006a40       ??1?$PxHitBuffer@UPxRaycastHit@physx@@@physx@@UAE@XZ 10007a40 f i CctCharacterController.obj
 0001:00006a50       ??1?$PxHitCallback@UPxRaycastHit@physx@@@physx@@UAE@XZ 10007a50 f i CctCharacterController.obj
 0001:00006a60       ??1PxControllerManager@physx@@MAE@XZ 10007a60 f i CctCharacterController.obj
 0001:00006a70       ??1PxQueryFilterCallback@physx@@UAE@XZ 10007a70 f i CctCharacterController.obj
 0001:00006a80       ??4CCTParams@Cct@physx@@QAEAAU012@ABU012@@Z 10007a80 f i CctCharacterController.obj
 0001:00006b10       ??4PxControllerManager@physx@@QAEAAV01@ABV01@@Z 10007b10 f i CctCharacterController.obj
 0001:00006b20       ??4PxRaycastHit@physx@@QAEAAU01@ABU01@@Z 10007b20 f i CctCharacterController.obj
 0001:00006b90       ??_EPxControllerManager@physx@@MAEPAXI@Z 10007b90 f i CctCharacterController.obj
 0001:00006c00       ??_E?$PxHitBuffer@UPxRaycastHit@physx@@@physx@@UAEPAXI@Z 10007c00 f i CctCharacterController.obj
 0001:00006c00       ??_G?$PxHitBuffer@UPxRaycastHit@physx@@@physx@@UAEPAXI@Z 10007c00 f i CctCharacterController.obj
 0001:00006c30       ??_G?$PxHitCallback@UPxRaycastHit@physx@@@physx@@UAEPAXI@Z 10007c30 f i CctCharacterController.obj
 0001:00006c30       ??_E?$PxHitCallback@UPxRaycastHit@physx@@@physx@@UAEPAXI@Z 10007c30 f i CctCharacterController.obj
 0001:00006c60       ??_GControllerFilter@@UAEPAXI@Z 10007c60 f i CctCharacterController.obj
 0001:00006c60       ??_EControllerFilter@@UAEPAXI@Z 10007c60 f i CctCharacterController.obj
 0001:00006c90       ??_GPxControllerManager@physx@@MAEPAXI@Z 10007c90 f i CctCharacterController.obj
 0001:00006cc0       ??_EPxQueryFilterCallback@physx@@UAEPAXI@Z 10007cc0 f i CctCharacterController.obj
 0001:00006cc0       ??_GPxQueryFilterCallback@physx@@UAEPAXI@Z 10007cc0 f i CctCharacterController.obj
 0001:00006cf0       ??_I@YGXPAXIIP6EX0@Z@Z     10007cf0 f i CctCharacterController.obj
 0001:00006ec0       ?allocate@?$Array@IV?$ReflectionAllocator@I@shdfnd@physx@@@shdfnd@physx@@IAEPAII@Z 10007ec0 f i CctCharacterController.obj
 0001:00006f40       ?allocate@?$Array@PBXV?$ReflectionAllocator@PBX@shdfnd@physx@@@shdfnd@physx@@IAEPAPBXI@Z 10007f40 f i CctCharacterController.obj
 0001:00006fd0       ?allocate@?$Array@UPxExtendedCapsule@physx@@V?$ReflectionAllocator@UPxExtendedCapsule@physx@@@shdfnd@2@@shdfnd@physx@@IAEPAUPxExtendedCapsule@3@I@Z 10007fd0 f i CctCharacterController.obj
 0001:00007050       ?allocate@?$Array@VPxExtendedBox@physx@@V?$ReflectionAllocator@VPxExtendedBox@physx@@@shdfnd@2@@shdfnd@physx@@IAEPAVPxExtendedBox@3@I@Z 10008050 f i CctCharacterController.obj
 0001:000077e0       ?copy@?$Array@UPxExtendedCapsule@physx@@V?$ReflectionAllocator@UPxExtendedCapsule@physx@@@shdfnd@2@@shdfnd@physx@@KAXPAUPxExtendedCapsule@3@0PBU43@@Z 100087e0 f i CctCharacterController.obj
 0001:00007820       ?copy@?$Array@VPxExtendedBox@physx@@V?$ReflectionAllocator@VPxExtendedBox@physx@@@shdfnd@2@@shdfnd@physx@@KAXPAVPxExtendedBox@3@0PBV43@@Z 10008820 f i CctCharacterController.obj
 0001:000078a0       ?createController@PxControllerManager@physx@@UAEPAVPxController@2@AAVPxPhysics@2@PAVPxScene@2@ABVPxControllerDesc@2@@Z 100088a0 f i CctCharacterController.obj
 0001:000078e0       ?finalizeQuery@?$PxHitCallback@UPxRaycastHit@physx@@@physx@@UAEXXZ 100088e0 f i CctCharacterController.obj
 0001:000078f0       ?find@?$HashBase@PAVPxShape@physx@@PAV12@U?$Hash@PAVPxShape@physx@@@shdfnd@2@UGetKey@?$HashSetBase@PAVPxShape@physx@@U?$Hash@PAVPxShape@physx@@@shdfnd@2@VAllocator@42@$0A@@internal@42@VAllocator@42@$0A@@internal@shdfnd@physx@@QBEPBQAVPxShape@4@ABQAV54@@Z 100088f0 f i CctCharacterController.obj
 0001:00007980       ?getGlobalPose@PxShapeExt@physx@@SA?AVPxTransform@2@ABVPxShape@2@ABVPxRigidActor@2@@Z 10008980 f i CctCharacterController.obj
 0001:00007bc0       ?growAndPushBack@?$Array@PBXV?$ReflectionAllocator@PBX@shdfnd@physx@@@shdfnd@physx@@IAEAAPBXABQBX@Z 10008bc0 f i CctCharacterController.obj
 0001:00007c50       ?growAndPushBack@?$Array@UPxExtendedCapsule@physx@@V?$ReflectionAllocator@UPxExtendedCapsule@physx@@@shdfnd@2@@shdfnd@physx@@IAEAAUPxExtendedCapsule@3@ABU43@@Z 10008c50 f i CctCharacterController.obj
 0001:00007d10       ?growAndPushBack@?$Array@VPxExtendedBox@physx@@V?$ReflectionAllocator@VPxExtendedBox@physx@@@shdfnd@2@@shdfnd@physx@@IAEAAVPxExtendedBox@3@ABV43@@Z 10008d10 f i CctCharacterController.obj
 0001:00007de0       ?postFilter@ControllerFilter@@UAE?AW4Enum@PxQueryHitType@physx@@ABUPxFilterData@4@ABUPxQueryHit@4@@Z 10008de0 f i CctCharacterController.obj
 0001:00007e00       ?preFilter@ControllerFilter@@UAE?AW4Enum@PxQueryHitType@physx@@ABUPxFilterData@4@PBVPxShape@4@PBVPxRigidActor@4@AAV?$PxFlags@W4Enum@PxHitFlag@physx@@G@4@@Z 10008e00 f i CctCharacterController.obj
 0001:00007e60       ?processTouches@?$PxHitBuffer@UPxRaycastHit@physx@@@physx@@MAE_NPBUPxRaycastHit@2@I@Z 10008e60 f i CctCharacterController.obj
 0001:00007e70       ?recreate@?$Array@IV?$ReflectionAllocator@I@shdfnd@physx@@@shdfnd@physx@@IAEXI@Z 10008e70 f i CctCharacterController.obj
 0001:00007fa0       ?resizeUninitialized@?$Array@IV?$ReflectionAllocator@I@shdfnd@physx@@@shdfnd@physx@@QAEXI@Z 10008fa0 f i CctCharacterController.obj
 0001:00008240       ?getSceneTimestamp@Cct@physx@@YAIPBUInternalCBData_FindTouchedGeom@12@@Z 10009240 f   CctCharacterControllerCallbacks.obj
 0001:00008260       ?findTouchedGeometry@Cct@physx@@YAXPBUInternalCBData_FindTouchedGeom@12@ABUPxExtendedBounds3@2@AAV?$Array@VPxTriangle@physx@@V?$ReflectionAllocator@VPxTriangle@physx@@@shdfnd@2@@shdfnd@2@AAV?$Array@IV?$ReflectionAllocator@I@shdfnd@physx@@@62@3ABVCCTFilter@12@ABUCCTParams@12@AAG@Z 10009260 f   CctCharacterControllerCallbacks.obj
 0001:00008690       ?shapeHitCallback@Cct@physx@@YAIPBUInternalCBData_OnHit@12@ABUSweptContact@12@ABVPxVec3@2@M@Z 10009690 f   CctCharacterControllerCallbacks.obj
 0001:00008750       ?userHitCallback@Cct@physx@@YAIPBUInternalCBData_OnHit@12@ABUSweptContact@12@ABVPxVec3@2@M@Z 10009750 f   CctCharacterControllerCallbacks.obj
 0001:00008910       ??0PxOverlapHit@physx@@QAE@XZ 10009910 f i CctCharacterControllerCallbacks.obj
 0001:00008930       ??1?$PxHitBuffer@UPxOverlapHit@physx@@@physx@@UAE@XZ 10009930 f i CctCharacterControllerCallbacks.obj
 0001:00008940       ??1?$PxHitCallback@UPxOverlapHit@physx@@@physx@@UAE@XZ 10009940 f i CctCharacterControllerCallbacks.obj
 0001:00008950       ??_G?$PxHitBuffer@UPxOverlapHit@physx@@@physx@@UAEPAXI@Z 10009950 f i CctCharacterControllerCallbacks.obj
 0001:00008950       ??_E?$PxHitBuffer@UPxOverlapHit@physx@@@physx@@UAEPAXI@Z 10009950 f i CctCharacterControllerCallbacks.obj
 0001:00008980       ??_E?$PxHitCallback@UPxOverlapHit@physx@@@physx@@UAEPAXI@Z 10009980 f i CctCharacterControllerCallbacks.obj
 0001:00008980       ??_G?$PxHitCallback@UPxOverlapHit@physx@@@physx@@UAEPAXI@Z 10009980 f i CctCharacterControllerCallbacks.obj
 0001:000089b0       ?allocate@?$Array@VPxTriangle@physx@@V?$ReflectionAllocator@VPxTriangle@physx@@@shdfnd@2@@shdfnd@physx@@IAEPAVPxTriangle@3@I@Z 100099b0 f i CctCharacterControllerCallbacks.obj
 0001:00008a30       ?copy@?$Array@VPxTriangle@physx@@V?$ReflectionAllocator@VPxTriangle@physx@@@shdfnd@2@@shdfnd@physx@@KAXPAVPxTriangle@3@0PBV43@@Z 10009a30 f i CctCharacterControllerCallbacks.obj
 0001:00009190       ?finalizeQuery@?$PxHitCallback@UPxOverlapHit@physx@@@physx@@UAEXXZ 1000a190 f i CctCharacterControllerCallbacks.obj
 0001:000091a0       ?growAndPushBack@?$Array@IV?$ReflectionAllocator@I@shdfnd@physx@@@shdfnd@physx@@IAEAAIABI@Z 1000a1a0 f i CctCharacterControllerCallbacks.obj
 0001:00009230       ?growAndPushBack@?$Array@VPxTriangle@physx@@V?$ReflectionAllocator@VPxTriangle@physx@@@shdfnd@2@@shdfnd@physx@@IAEAAVPxTriangle@3@ABV43@@Z 1000a230 f i CctCharacterControllerCallbacks.obj
 0001:0000cd60       ?processTouches@?$PxHitBuffer@UPxOverlapHit@physx@@@physx@@MAE_NPBUPxOverlapHit@2@I@Z 1000dd60 f i CctCharacterControllerCallbacks.obj
 0001:0000cd70       ?recreate@?$Array@VPxTriangle@physx@@V?$ReflectionAllocator@VPxTriangle@physx@@@shdfnd@2@@shdfnd@physx@@IAEXI@Z 1000dd70 f i CctCharacterControllerCallbacks.obj
 0001:0000cdd0       ?resizeUninitialized@?$Array@VPxTriangle@physx@@V?$ReflectionAllocator@VPxTriangle@physx@@@shdfnd@2@@shdfnd@physx@@QAEXI@Z 1000ddd0 f i CctCharacterControllerCallbacks.obj
 0001:0000d4c0       _PxCreateControllerManager 1000e4c0 f   CctCharacterControllerManager.obj
 0001:0000d530       ??0CharacterControllerManager@Cct@physx@@QAE@AAVPxScene@2@@Z 1000e530 f   CctCharacterControllerManager.obj
 0001:0000d640       ??1CharacterControllerManager@Cct@physx@@UAE@XZ 1000e640 f   CctCharacterControllerManager.obj
 0001:0000d740       ?release@CharacterControllerManager@Cct@physx@@UAEXXZ 1000e740 f   CctCharacterControllerManager.obj
 0001:0000d820       ?getScene@CharacterControllerManager@Cct@physx@@UBEAAVPxScene@3@XZ 1000e820 f   CctCharacterControllerManager.obj
 0001:0000d830       ?getNbControllers@CharacterControllerManager@Cct@physx@@UBEIXZ 1000e830 f   CctCharacterControllerManager.obj
 0001:0000d840       ?getController@CharacterControllerManager@Cct@physx@@UAEPAVPxController@3@I@Z 1000e840 f   CctCharacterControllerManager.obj
 0001:0000d880       ?createController@CharacterControllerManager@Cct@physx@@UAEPAVPxController@3@ABVPxControllerDesc@3@@Z 1000e880 f   CctCharacterControllerManager.obj
 0001:0000da20       ?purgeControllers@CharacterControllerManager@Cct@physx@@UAEXXZ 1000ea20 f   CctCharacterControllerManager.obj
 0001:0000dad0       ?getRenderBuffer@CharacterControllerManager@Cct@physx@@UAEAAVPxRenderBuffer@3@XZ 1000ead0 f   CctCharacterControllerManager.obj
 0001:0000db40       ?setDebugRenderingFlags@CharacterControllerManager@Cct@physx@@UAEXV?$PxFlags@W4Enum@PxControllerDebugRenderFlag@physx@@I@3@@Z 1000eb40 f   CctCharacterControllerManager.obj
 0001:0000db70       ?getNbObstacleContexts@CharacterControllerManager@Cct@physx@@UBEIXZ 1000eb70 f   CctCharacterControllerManager.obj
 0001:0000db80       ?getObstacleContext@CharacterControllerManager@Cct@physx@@UAEPAVPxObstacleContext@3@I@Z 1000eb80 f   CctCharacterControllerManager.obj
 0001:0000dbc0       ?createObstacleContext@CharacterControllerManager@Cct@physx@@UAEPAVPxObstacleContext@3@XZ 1000ebc0 f   CctCharacterControllerManager.obj
 0001:0000dc60       ?computeInteractions@CharacterControllerManager@Cct@physx@@UAEXMPAVPxControllerFilterCallback@3@@Z 1000ec60 f   CctCharacterControllerManager.obj
 0001:0000de10       ?setTessellation@CharacterControllerManager@Cct@physx@@UAEX_NM@Z 1000ee10 f   CctCharacterControllerManager.obj
 0001:0000de30       ?setOverlapRecoveryModule@CharacterControllerManager@Cct@physx@@UAEX_N@Z 1000ee30 f   CctCharacterControllerManager.obj
 0001:0000de40       ?setPreciseSweeps@CharacterControllerManager@Cct@physx@@UAEX_N@Z 1000ee40 f   CctCharacterControllerManager.obj
 0001:0000de50       ?setPreventVerticalSlidingAgainstCeiling@CharacterControllerManager@Cct@physx@@UAEX_N@Z 1000ee50 f   CctCharacterControllerManager.obj
 0001:0000de60       ?shiftOrigin@CharacterControllerManager@Cct@physx@@UAEXABVPxVec3@3@@Z 1000ee60 f   CctCharacterControllerManager.obj
 0001:0000def0       ?onObstacleRemoved@CharacterControllerManager@Cct@physx@@QBEXI@Z 1000eef0 f   CctCharacterControllerManager.obj
 0001:0000df20       ?onObstacleUpdated@CharacterControllerManager@Cct@physx@@QBEXIPBVPxObstacleContext@3@@Z 1000ef20 f   CctCharacterControllerManager.obj
 0001:0000dff0       ?onObstacleAdded@CharacterControllerManager@Cct@physx@@QBEXIPBVPxObstacleContext@3@@Z 1000eff0 f   CctCharacterControllerManager.obj
 0001:0000e0c0       ?releaseController@CharacterControllerManager@Cct@physx@@QAEXAAVPxController@3@@Z 1000f0c0 f   CctCharacterControllerManager.obj
 0001:0000e150       ?getControllers@CharacterControllerManager@Cct@physx@@QAEPAPAVController@23@XZ 1000f150 f   CctCharacterControllerManager.obj
 0001:0000e160       ?releaseObstacleContext@CharacterControllerManager@Cct@physx@@QAEXAAVObstacleContext@23@@Z 1000f160 f   CctCharacterControllerManager.obj
 0001:0000e1b0       ?resetObstaclesBuffers@CharacterControllerManager@Cct@physx@@QAEXXZ 1000f1b0 f   CctCharacterControllerManager.obj
 0001:0000e2b0       ??$append@UPxDebugLine@physx@@@RenderBuffer@Cm@physx@@AAEXAAV?$Array@UPxDebugLine@physx@@V?$ReflectionAllocator@UPxDebugLine@physx@@@shdfnd@2@@shdfnd@2@PBUPxDebugLine@2@I@Z 1000f2b0 f i CctCharacterControllerManager.obj
 0001:0000e360       ??$append@UPxDebugPoint@physx@@@RenderBuffer@Cm@physx@@AAEXAAV?$Array@UPxDebugPoint@physx@@V?$ReflectionAllocator@UPxDebugPoint@physx@@@shdfnd@2@@shdfnd@2@PBUPxDebugPoint@2@I@Z 1000f360 f i CctCharacterControllerManager.obj
 0001:0000e3e0       ??$append@UPxDebugText@physx@@@RenderBuffer@Cm@physx@@AAEXAAV?$Array@UPxDebugText@physx@@V?$ReflectionAllocator@UPxDebugText@physx@@@shdfnd@2@@shdfnd@2@PBUPxDebugText@2@I@Z 1000f3e0 f i CctCharacterControllerManager.obj
 0001:0000e490       ??$append@UPxDebugTriangle@physx@@@RenderBuffer@Cm@physx@@AAEXAAV?$Array@UPxDebugTriangle@physx@@V?$ReflectionAllocator@UPxDebugTriangle@physx@@@shdfnd@2@@shdfnd@2@PBUPxDebugTriangle@2@I@Z 1000f490 f i CctCharacterControllerManager.obj
 0001:0000e560       ??$resetOrClear@V?$Array@PBXV?$ReflectionAllocator@PBX@shdfnd@physx@@@shdfnd@physx@@@@YAXAAV?$Array@PBXV?$ReflectionAllocator@PBX@shdfnd@physx@@@shdfnd@physx@@@Z 1000f560 f i CctCharacterControllerManager.obj
 0001:0000e5b0       ??$resetOrClear@V?$Array@UPxExtendedCapsule@physx@@V?$ReflectionAllocator@UPxExtendedCapsule@physx@@@shdfnd@2@@shdfnd@physx@@@@YAXAAV?$Array@UPxExtendedCapsule@physx@@V?$ReflectionAllocator@UPxExtendedCapsule@physx@@@shdfnd@2@@shdfnd@physx@@@Z 1000f5b0 f i CctCharacterControllerManager.obj
 0001:0000e610       ??$resetOrClear@V?$Array@VPxExtendedBox@physx@@V?$ReflectionAllocator@VPxExtendedBox@physx@@@shdfnd@2@@shdfnd@physx@@@@YAXAAV?$Array@VPxExtendedBox@physx@@V?$ReflectionAllocator@VPxExtendedBox@physx@@@shdfnd@2@@shdfnd@physx@@@Z 1000f610 f i CctCharacterControllerManager.obj
 0001:0000e660       ??0RenderBuffer@Cm@physx@@QAE@XZ 1000f660 f i CctCharacterControllerManager.obj
 0001:0000e6e0       ??1PxRenderBuffer@physx@@UAE@XZ 1000f6e0 f i CctCharacterControllerManager.obj
 0001:0000e6f0       ??1RenderBuffer@Cm@physx@@UAE@XZ 1000f6f0 f i CctCharacterControllerManager.obj
 0001:0000e7a0       ??_GCharacterControllerManager@Cct@physx@@UAEPAXI@Z 1000f7a0 f i CctCharacterControllerManager.obj
 0001:0000e7a0       ??_ECharacterControllerManager@Cct@physx@@UAEPAXI@Z 1000f7a0 f i CctCharacterControllerManager.obj
 0001:0000e7e0       ??_EPxRenderBuffer@physx@@UAEPAXI@Z 1000f7e0 f i CctCharacterControllerManager.obj
 0001:0000e7e0       ??_GPxRenderBuffer@physx@@UAEPAXI@Z 1000f7e0 f i CctCharacterControllerManager.obj
 0001:0000e810       ??_ERenderBuffer@Cm@physx@@UAEPAXI@Z 1000f810 f i CctCharacterControllerManager.obj
 0001:0000e810       ??_GRenderBuffer@Cm@physx@@UAEPAXI@Z 1000f810 f i CctCharacterControllerManager.obj
 0001:0000f300       ?allocate@?$Array@PAVController@Cct@physx@@V?$ReflectionAllocator@PAVController@Cct@physx@@@shdfnd@3@@shdfnd@physx@@IAEPAPAVController@Cct@3@I@Z 10010300 f i CctCharacterControllerManager.obj
 0001:0000f380       ?allocate@?$Array@PAVObstacleContext@Cct@physx@@V?$ReflectionAllocator@PAVObstacleContext@Cct@physx@@@shdfnd@3@@shdfnd@physx@@IAEPAPAVObstacleContext@Cct@3@I@Z 10010380 f i CctCharacterControllerManager.obj
 0001:0000f400       ?allocate@?$Array@UPxDebugLine@physx@@V?$ReflectionAllocator@UPxDebugLine@physx@@@shdfnd@2@@shdfnd@physx@@IAEPAUPxDebugLine@3@I@Z 10010400 f i CctCharacterControllerManager.obj
 0001:0000f470       ?allocate@?$Array@UPxDebugPoint@physx@@V?$ReflectionAllocator@UPxDebugPoint@physx@@@shdfnd@2@@shdfnd@physx@@IAEPAUPxDebugPoint@3@I@Z 10010470 f i CctCharacterControllerManager.obj
 0001:0000f4e0       ?allocate@?$Array@UPxDebugText@physx@@V?$ReflectionAllocator@UPxDebugText@physx@@@shdfnd@2@@shdfnd@physx@@IAEPAUPxDebugText@3@I@Z 100104e0 f i CctCharacterControllerManager.obj
 0001:0000f560       ?allocate@?$Array@UPxDebugTriangle@physx@@V?$ReflectionAllocator@UPxDebugTriangle@physx@@@shdfnd@2@@shdfnd@physx@@IAEPAUPxDebugTriangle@3@I@Z 10010560 f i CctCharacterControllerManager.obj
 0001:0000f5e0       ?append@RenderBuffer@Cm@physx@@UAEXABVPxRenderBuffer@3@@Z 100105e0 f i CctCharacterControllerManager.obj
 0001:0000f660       ?clear@RenderBuffer@Cm@physx@@UAEXXZ 10010660 f i CctCharacterControllerManager.obj
 0001:0000fbc0       ?copy@?$Array@UPxDebugLine@physx@@V?$ReflectionAllocator@UPxDebugLine@physx@@@shdfnd@2@@shdfnd@physx@@KAXPAUPxDebugLine@3@0PBU43@@Z 10010bc0 f i CctCharacterControllerManager.obj
 0001:0000fc30       ?copy@?$Array@UPxDebugPoint@physx@@V?$ReflectionAllocator@UPxDebugPoint@physx@@@shdfnd@2@@shdfnd@physx@@KAXPAUPxDebugPoint@3@0PBU43@@Z 10010c30 f i CctCharacterControllerManager.obj
 0001:0000fc80       ?copy@?$Array@UPxDebugText@physx@@V?$ReflectionAllocator@UPxDebugText@physx@@@shdfnd@2@@shdfnd@physx@@KAXPAUPxDebugText@3@0PBU43@@Z 10010c80 f i CctCharacterControllerManager.obj
 0001:0000fce0       ?copy@?$Array@UPxDebugTriangle@physx@@V?$ReflectionAllocator@UPxDebugTriangle@physx@@@shdfnd@2@@shdfnd@physx@@KAXPAUPxDebugTriangle@3@0PBU43@@Z 10010ce0 f i CctCharacterControllerManager.obj
 0001:0000fd60       ?create@?$Array@UPxExtendedCapsule@physx@@V?$ReflectionAllocator@UPxExtendedCapsule@physx@@@shdfnd@2@@shdfnd@physx@@KAXPAUPxExtendedCapsule@3@0ABU43@@Z 10010d60 f i CctCharacterControllerManager.obj
 0001:0000fda0       ?create@?$Array@VPxExtendedBox@physx@@V?$ReflectionAllocator@VPxExtendedBox@physx@@@shdfnd@2@@shdfnd@physx@@KAXPAVPxExtendedBox@3@0ABV43@@Z 10010da0 f i CctCharacterControllerManager.obj
 0001:0000fe10       ?create@?$HashBase@PAVPxShape@physx@@PAV12@U?$Hash@PAVPxShape@physx@@@shdfnd@2@UGetKey@?$HashSetBase@PAVPxShape@physx@@U?$Hash@PAVPxShape@physx@@@shdfnd@2@VAllocator@42@$0A@@internal@42@VAllocator@42@$0A@@internal@shdfnd@physx@@QAEPAPAVPxShape@4@ABQAV54@AA_N@Z 10010e10 f i CctCharacterControllerManager.obj
 0001:0000ff40       ?createController@CharacterControllerManager@Cct@physx@@UAEPAVPxController@3@AAVPxPhysics@3@PAVPxScene@3@ABVPxControllerDesc@3@@Z 10010f40 f i CctCharacterControllerManager.obj
 0001:0000ff80       ?erase@?$HashBase@PAVPxShape@physx@@PAV12@U?$Hash@PAVPxShape@physx@@@shdfnd@2@UGetKey@?$HashSetBase@PAVPxShape@physx@@U?$Hash@PAVPxShape@physx@@@shdfnd@2@VAllocator@42@$0A@@internal@42@VAllocator@42@$0A@@internal@shdfnd@physx@@QAE_NABQAVPxShape@4@@Z 10010f80 f i CctCharacterControllerManager.obj
 0001:00010120       ?freeListAdd@?$HashBase@PAVPxShape@physx@@PAV12@U?$Hash@PAVPxShape@physx@@@shdfnd@2@UGetKey@?$HashSetBase@PAVPxShape@physx@@U?$Hash@PAVPxShape@physx@@@shdfnd@2@VAllocator@42@$0A@@internal@42@VAllocator@42@$0A@@internal@shdfnd@physx@@AAEXII@Z 10011120 f i CctCharacterControllerManager.obj
 0001:000101f0       ?getLines@RenderBuffer@Cm@physx@@UBEPBUPxDebugLine@3@XZ 100111f0 f i CctCharacterControllerManager.obj
 0001:00010200       ?getNbLines@RenderBuffer@Cm@physx@@UBEIXZ 10011200 f i CctCharacterControllerManager.obj
 0001:00010210       ?getNbPoints@RenderBuffer@Cm@physx@@UBEIXZ 10011210 f i CctCharacterControllerManager.obj
 0001:00010220       ?getNbTexts@RenderBuffer@Cm@physx@@UBEIXZ 10011220 f i CctCharacterControllerManager.obj
 0001:00010230       ?getNbTriangles@RenderBuffer@Cm@physx@@UBEIXZ 10011230 f i CctCharacterControllerManager.obj
 0001:00010240       ?getPoints@RenderBuffer@Cm@physx@@UBEPBUPxDebugPoint@3@XZ 10011240 f i CctCharacterControllerManager.obj
 0001:00010250       ?getTexts@RenderBuffer@Cm@physx@@UBEPBUPxDebugText@3@XZ 10011250 f i CctCharacterControllerManager.obj
 0001:00010260       ?getTriangles@RenderBuffer@Cm@physx@@UBEPBUPxDebugTriangle@3@XZ 10011260 f i CctCharacterControllerManager.obj
 0001:00010270       ?growAndPushBack@?$Array@PAVController@Cct@physx@@V?$ReflectionAllocator@PAVController@Cct@physx@@@shdfnd@3@@shdfnd@physx@@IAEAAPAVController@Cct@3@ABQAV453@@Z 10011270 f i CctCharacterControllerManager.obj
 0001:00010300       ?growAndPushBack@?$Array@PAVObstacleContext@Cct@physx@@V?$ReflectionAllocator@PAVObstacleContext@Cct@physx@@@shdfnd@3@@shdfnd@physx@@IAEAAPAVObstacleContext@Cct@3@ABQAV453@@Z 10011300 f i CctCharacterControllerManager.obj
 0001:00010390       ?growAndPushBack@?$Array@UPxDebugLine@physx@@V?$ReflectionAllocator@UPxDebugLine@physx@@@shdfnd@2@@shdfnd@physx@@IAEAAUPxDebugLine@3@ABU43@@Z 10011390 f i CctCharacterControllerManager.obj
 0001:00010440       ?growAndPushBack@?$Array@UPxDebugPoint@physx@@V?$ReflectionAllocator@UPxDebugPoint@physx@@@shdfnd@2@@shdfnd@physx@@IAEAAUPxDebugPoint@3@ABU43@@Z 10011440 f i CctCharacterControllerManager.obj
 0001:000104e0       ?growAndPushBack@?$Array@UPxDebugText@physx@@V?$ReflectionAllocator@UPxDebugText@physx@@@shdfnd@2@@shdfnd@physx@@IAEAAUPxDebugText@3@ABU43@@Z 100114e0 f i CctCharacterControllerManager.obj
 0001:00010590       ?growAndPushBack@?$Array@UPxDebugTriangle@physx@@V?$ReflectionAllocator@UPxDebugTriangle@physx@@@shdfnd@2@@shdfnd@physx@@IAEAAUPxDebugTriangle@3@ABU43@@Z 10011590 f i CctCharacterControllerManager.obj
 0001:00010660       ?recreate@?$Array@PBXV?$ReflectionAllocator@PBX@shdfnd@physx@@@shdfnd@physx@@IAEXI@Z 10011660 f i CctCharacterControllerManager.obj
 0001:000106c0       ?recreate@?$Array@UPxDebugLine@physx@@V?$ReflectionAllocator@UPxDebugLine@physx@@@shdfnd@2@@shdfnd@physx@@IAEXI@Z 100116c0 f i CctCharacterControllerManager.obj
 0001:00010720       ?recreate@?$Array@UPxDebugPoint@physx@@V?$ReflectionAllocator@UPxDebugPoint@physx@@@shdfnd@2@@shdfnd@physx@@IAEXI@Z 10011720 f i CctCharacterControllerManager.obj
 0001:00010780       ?recreate@?$Array@UPxDebugText@physx@@V?$ReflectionAllocator@UPxDebugText@physx@@@shdfnd@2@@shdfnd@physx@@IAEXI@Z 10011780 f i CctCharacterControllerManager.obj
 0001:000107e0       ?recreate@?$Array@UPxDebugTriangle@physx@@V?$ReflectionAllocator@UPxDebugTriangle@physx@@@shdfnd@2@@shdfnd@physx@@IAEXI@Z 100117e0 f i CctCharacterControllerManager.obj
 0001:00010840       ?recreate@?$Array@UPxExtendedCapsule@physx@@V?$ReflectionAllocator@UPxExtendedCapsule@physx@@@shdfnd@2@@shdfnd@physx@@IAEXI@Z 10011840 f i CctCharacterControllerManager.obj
 0001:000108a0       ?recreate@?$Array@VPxExtendedBox@physx@@V?$ReflectionAllocator@VPxExtendedBox@physx@@@shdfnd@2@@shdfnd@physx@@IAEXI@Z 100118a0 f i CctCharacterControllerManager.obj
 0001:00010900       ?reserveInternal@?$HashBase@PAVPxShape@physx@@PAV12@U?$Hash@PAVPxShape@physx@@@shdfnd@2@UGetKey@?$HashSetBase@PAVPxShape@physx@@U?$Hash@PAVPxShape@physx@@@shdfnd@2@VAllocator@42@$0A@@internal@42@VAllocator@42@$0A@@internal@shdfnd@physx@@AAEXI@Z 10011900 f i CctCharacterControllerManager.obj
 0001:00010b40       ?resize@?$Array@PBXV?$ReflectionAllocator@PBX@shdfnd@physx@@@shdfnd@physx@@QAEXIABQBX@Z 10011b40 f i CctCharacterControllerManager.obj
 0001:00010b90       ?resize@?$Array@UPxExtendedCapsule@physx@@V?$ReflectionAllocator@UPxExtendedCapsule@physx@@@shdfnd@2@@shdfnd@physx@@QAEXIABUPxExtendedCapsule@3@@Z 10011b90 f i CctCharacterControllerManager.obj
 0001:00010be0       ?resize@?$Array@VPxExtendedBox@physx@@V?$ReflectionAllocator@VPxExtendedBox@physx@@@shdfnd@2@@shdfnd@physx@@QAEXIABVPxExtendedBox@3@@Z 10011be0 f i CctCharacterControllerManager.obj
 0001:00010c30       ?shift@RenderBuffer@Cm@physx@@QAEXABVPxVec3@3@@Z 10011c30 f i CctCharacterControllerManager.obj
 0001:00010df0       ??0Controller@Cct@physx@@QAE@ABVPxControllerDesc@2@PAVPxScene@2@@Z 10011df0 f   CctController.obj
 0001:00010f80       ??1Controller@Cct@physx@@UAE@XZ 10011f80 f   CctController.obj
 0001:00010fd0       ?releaseInternal@Controller@Cct@physx@@QAEXXZ 10011fd0 f   CctController.obj
 0001:00010ff0       ?getInternalState@Controller@Cct@physx@@QBEXAAUPxControllerState@3@@Z 10011ff0 f   CctController.obj
 0001:00011070       ?getInternalStats@Controller@Cct@physx@@QBEXAAUPxControllerStats@3@@Z 10012070 f   CctController.obj
 0001:000110b0       ?onRelease@Controller@Cct@physx@@UAEXPBVPxBase@3@PAXW4Enum@PxDeletionEventFlag@3@@Z 100120b0 f   CctController.obj
 0001:000110d0       ?onOriginShift@Controller@Cct@physx@@QAEXABVPxVec3@3@@Z 100120d0 f   CctController.obj
 0001:00011140       ?setUpDirectionInternal@Controller@Cct@physx@@IAEXABVPxVec3@3@@Z 10012140 f   CctController.obj
 0001:000111c0       ?getKineShape@Controller@Cct@physx@@IBEPAVPxShape@3@XZ 100121c0 f   CctController.obj
 0001:000111f0       ?createProxyActor@Controller@Cct@physx@@IAE_NAAVPxPhysics@3@ABVPxGeometry@3@ABVPxMaterial@3@@Z 100121f0 f   CctController.obj
 0001:000112c0       ?setPos@Controller@Cct@physx@@IAE_NABUPxExtendedVec3@3@@Z 100122c0 f   CctController.obj
 0001:00011350       ??1PxDeletionListener@physx@@MAE@XZ 10012350 f i CctController.obj
 0001:00011360       ??_EController@Cct@physx@@UAEPAXI@Z 10012360 f i CctController.obj
 0001:00011360       ??_GController@Cct@physx@@UAEPAXI@Z 10012360 f i CctController.obj
 0001:000113e0       ??_GPxDeletionListener@physx@@MAEPAXI@Z 100123e0 f i CctController.obj
 0001:000113e0       ??_EPxDeletionListener@physx@@MAEPAXI@Z 100123e0 f i CctController.obj
 0001:00011410       ?rotationArc@shdfnd@physx@@YA?AVPxQuat@2@ABVPxVec3@2@0@Z 10012410 f i CctController.obj
 0001:000115f0       ??0HandleManager@Cct@physx@@QAE@XZ 100125f0 f   CctObstacleContext.obj
 0001:000116a0       ??1HandleManager@Cct@physx@@QAE@XZ 100126a0 f   CctObstacleContext.obj
 0001:00011710       ?Add@HandleManager@Cct@physx@@QAEIPAX@Z 10012710 f   CctObstacleContext.obj
 0001:000118d0       ?Remove@HandleManager@Cct@physx@@QAEXI@Z 100128d0 f   CctObstacleContext.obj
 0001:00011980       ?GetObject@HandleManager@Cct@physx@@QBEPAXI@Z 10012980 f   CctObstacleContext.obj
 0001:000119d0       ?UpdateObject@HandleManager@Cct@physx@@QAE_NIPAX@Z 100129d0 f   CctObstacleContext.obj
 0001:00011a30       ?SetupLists@HandleManager@Cct@physx@@AAE_NPAPAXPAG11@Z 10012a30 f   CctObstacleContext.obj
 0001:00011aa0       ??0ObstacleContext@Cct@physx@@QAE@AAVCharacterControllerManager@12@@Z 10012aa0 f   CctObstacleContext.obj
 0001:00011af0       ??1ObstacleContext@Cct@physx@@UAE@XZ 10012af0 f   CctObstacleContext.obj
 0001:00011bb0       ?release@ObstacleContext@Cct@physx@@UAEXXZ 10012bb0 f   CctObstacleContext.obj
 0001:00011bc0       ?getControllerManager@ObstacleContext@Cct@physx@@UBEAAVPxControllerManager@3@XZ 10012bc0 f   CctObstacleContext.obj
 0001:00011bd0       ?addObstacle@ObstacleContext@Cct@physx@@UAEIABVPxObstacle@3@@Z 10012bd0 f   CctObstacleContext.obj
 0001:00011db0       ?removeObstacle@ObstacleContext@Cct@physx@@UAE_NI@Z 10012db0 f   CctObstacleContext.obj
 0001:00011f50       ?updateObstacle@ObstacleContext@Cct@physx@@UAE_NIABVPxObstacle@3@@Z 10012f50 f   CctObstacleContext.obj
 0001:00012020       ?getNbObstacles@ObstacleContext@Cct@physx@@UBEIXZ 10013020 f   CctObstacleContext.obj
 0001:00012030       ?getObstacle@ObstacleContext@Cct@physx@@UBEPBVPxObstacle@3@I@Z 10013030 f   CctObstacleContext.obj
 0001:00012070       ?getObstacleByHandle@ObstacleContext@Cct@physx@@UBEPBVPxObstacle@3@I@Z 10013070 f   CctObstacleContext.obj
 0001:00012100       ?raycastSingle@ObstacleContext@Cct@physx@@QBEPBVPxObstacle@3@AAUPxRaycastHit@3@ABVPxVec3@3@1MAAI@Z 10013100 f   CctObstacleContext.obj
 0001:00012400       ?raycastSingle@ObstacleContext@Cct@physx@@QBEPBVPxObstacle@3@AAUPxRaycastHit@3@ABIABVPxVec3@3@2M@Z 10013400 f   CctObstacleContext.obj
 0001:000125b0       ?onOriginShift@ObstacleContext@Cct@physx@@QAEXABVPxVec3@3@@Z 100135b0 f   CctObstacleContext.obj
 0001:00012680       ??0InternalBoxObstacle@ObstacleContext@Cct@physx@@QAE@ABU0123@@Z 10013680 f i CctObstacleContext.obj
 0001:000126e0       ??1PxObstacleContext@physx@@UAE@XZ 100136e0 f i CctObstacleContext.obj
 0001:000126f0       ??4PxBoxObstacle@physx@@QAEAAV01@ABV01@@Z 100136f0 f i CctObstacleContext.obj
 0001:00012750       ??4PxCapsuleObstacle@physx@@QAEAAV01@ABV01@@Z 10013750 f i CctObstacleContext.obj
 0001:000127a0       ??_GObstacleContext@Cct@physx@@UAEPAXI@Z 100137a0 f i CctObstacleContext.obj
 0001:000127a0       ??_EObstacleContext@Cct@physx@@UAEPAXI@Z 100137a0 f i CctObstacleContext.obj
 0001:000127e0       ??_GPxObstacleContext@physx@@UAEPAXI@Z 100137e0 f i CctObstacleContext.obj
 0001:000127e0       ??_EPxObstacleContext@physx@@UAEPAXI@Z 100137e0 f i CctObstacleContext.obj
 0001:00012810       ?allocate@?$Array@UInternalBoxObstacle@ObstacleContext@Cct@physx@@V?$ReflectionAllocator@UInternalBoxObstacle@ObstacleContext@Cct@physx@@@shdfnd@4@@shdfnd@physx@@IAEPAUInternalBoxObstacle@ObstacleContext@Cct@3@I@Z 10013810 f i CctObstacleContext.obj
 0001:00012890       ?allocate@?$Array@UInternalCapsuleObstacle@ObstacleContext@Cct@physx@@V?$ReflectionAllocator@UInternalCapsuleObstacle@ObstacleContext@Cct@physx@@@shdfnd@4@@shdfnd@physx@@IAEPAUInternalCapsuleObstacle@ObstacleContext@Cct@3@I@Z 10013890 f i CctObstacleContext.obj
 0001:00012900       ?copy@?$Array@UInternalBoxObstacle@ObstacleContext@Cct@physx@@V?$ReflectionAllocator@UInternalBoxObstacle@ObstacleContext@Cct@physx@@@shdfnd@4@@shdfnd@physx@@KAXPAUInternalBoxObstacle@ObstacleContext@Cct@3@0PBU4563@@Z 10013900 f i CctObstacleContext.obj
 0001:00012990       ?copy@?$Array@UInternalCapsuleObstacle@ObstacleContext@Cct@physx@@V?$ReflectionAllocator@UInternalCapsuleObstacle@ObstacleContext@Cct@physx@@@shdfnd@4@@shdfnd@physx@@KAXPAUInternalCapsuleObstacle@ObstacleContext@Cct@3@0PBU4563@@Z 10013990 f i CctObstacleContext.obj
 0001:00012a10       ?growAndPushBack@?$Array@UInternalBoxObstacle@ObstacleContext@Cct@physx@@V?$ReflectionAllocator@UInternalBoxObstacle@ObstacleContext@Cct@physx@@@shdfnd@4@@shdfnd@physx@@IAEAAUInternalBoxObstacle@ObstacleContext@Cct@3@ABU4563@@Z 10013a10 f i CctObstacleContext.obj
 0001:00012ae0       ?growAndPushBack@?$Array@UInternalCapsuleObstacle@ObstacleContext@Cct@physx@@V?$ReflectionAllocator@UInternalCapsuleObstacle@ObstacleContext@Cct@physx@@@shdfnd@4@@shdfnd@physx@@IAEAAUInternalCapsuleObstacle@ObstacleContext@Cct@3@ABU4563@@Z 10013ae0 f i CctObstacleContext.obj
 0001:00012bb0       ?replaceWithLast@?$Array@UInternalBoxObstacle@ObstacleContext@Cct@physx@@V?$ReflectionAllocator@UInternalBoxObstacle@ObstacleContext@Cct@physx@@@shdfnd@4@@shdfnd@physx@@QAEXI@Z 10013bb0 f i CctObstacleContext.obj
 0001:00012c30       ?replaceWithLast@?$Array@UInternalCapsuleObstacle@ObstacleContext@Cct@physx@@V?$ReflectionAllocator@UInternalCapsuleObstacle@ObstacleContext@Cct@physx@@@shdfnd@4@@shdfnd@physx@@QAEXI@Z 10013c30 f i CctObstacleContext.obj
 0001:00012ca0       ??0SweptBox@Cct@physx@@QAE@XZ 10013ca0 f   CctSweptBox.obj
 0001:00012cc0       ??1SweptBox@Cct@physx@@UAE@XZ 10013cc0 f   CctSweptBox.obj
 0001:00012cd0       ?computeTemporalBox@SweptBox@Cct@physx@@UBEXABVSweepTest@23@AAUPxExtendedBounds3@3@ABUPxExtendedVec3@3@ABVPxVec3@3@@Z 10013cd0 f   CctSweptBox.obj
 0001:00012d40       ??_GSweptBox@Cct@physx@@UAEPAXI@Z 10013d40 f i CctSweptBox.obj
 0001:00012d40       ??_ESweptBox@Cct@physx@@UAEPAXI@Z 10013d40 f i CctSweptBox.obj
 0001:00012d70       ??0SweptCapsule@Cct@physx@@QAE@XZ 10013d70 f   CctSweptCapsule.obj
 0001:00012d90       ??1SweptCapsule@Cct@physx@@UAE@XZ 10013d90 f   CctSweptCapsule.obj
 0001:00012da0       ?computeTemporalBox@SweptCapsule@Cct@physx@@UBEXABVSweepTest@23@AAUPxExtendedBounds3@3@ABUPxExtendedVec3@3@ABVPxVec3@3@@Z 10013da0 f   CctSweptCapsule.obj
 0001:00012e00       ??_GSweptCapsule@Cct@physx@@UAEPAXI@Z 10013e00 f i CctSweptCapsule.obj
 0001:00012e00       ??_ESweptCapsule@Cct@physx@@UAEPAXI@Z 10013e00 f i CctSweptCapsule.obj
 0001:00012e30       ??0SweptVolume@Cct@physx@@QAE@XZ 10013e30 f   CctSweptVolume.obj
 0001:00012e40       ??1SweptVolume@Cct@physx@@UAE@XZ 10013e40 f   CctSweptVolume.obj
 0001:00012e50       ?computeTemporalBox@Cct@physx@@YAXAAUPxExtendedBounds3@2@MMMMABVPxVec3@2@ABUPxExtendedVec3@2@1@Z 10013e50 f   CctSweptVolume.obj
 0001:000131c0       ??_ESweptVolume@Cct@physx@@UAEPAXI@Z 100141c0 f i CctSweptVolume.obj
 0001:000131c0       ??_GSweptVolume@Cct@physx@@UAEPAXI@Z 100141c0 f i CctSweptVolume.obj
 0001:000131e4       ?deallocate@Allocator@shdfnd@physx@@QAEXPAX@Z 100141e4 f   PhysX3Common_x86:PhysX3Common_x86.dll
 0001:000131ea       _PxGetFoundation           100141ea f   PhysX3Common_x86:PhysX3Common_x86.dll
 0001:000131f0       ?PxTransformFromSegment@physx@@YA?AVPxTransform@1@ABVPxVec3@1@0PAM@Z 100141f0 f   PhysX3Common_x86:PhysX3Common_x86.dll
 0001:000131f6       ?sweep@PxGeometryQuery@physx@@SA_NABVPxVec3@2@MABVPxGeometry@2@ABVPxTransform@2@12AAUPxSweepHit@2@V?$PxFlags@W4Enum@PxHitFlag@physx@@G@2@M@Z 100141f6 f   PhysX3Common_x86:PhysX3Common_x86.dll
 0001:000131fc       ?computePenetration@PxGeometryQuery@physx@@SA_NAAVPxVec3@2@AAMABVPxGeometry@2@ABVPxTransform@2@23@Z 100141fc f   PhysX3Common_x86:PhysX3Common_x86.dll
 0001:00013202       ?getAllocator@shdfnd@physx@@YAAAVPxAllocatorCallback@2@XZ 10014202 f   PhysX3Common_x86:PhysX3Common_x86.dll
 0001:00013208       ??0RenderOutput@Cm@physx@@QAE@AAVRenderBuffer@12@@Z 10014208 f   PhysX3Common_x86:PhysX3Common_x86.dll
 0001:0001320e       ??6RenderOutput@Cm@physx@@QAEAAV012@I@Z 1001420e f   PhysX3Common_x86:PhysX3Common_x86.dll
 0001:00013214       ??6RenderOutput@Cm@physx@@QAEAAV012@ABVPxTransform@2@@Z 10014214 f   PhysX3Common_x86:PhysX3Common_x86.dll
 0001:0001321a       ?outputCapsule@RenderOutput@Cm@physx@@QAEAAV123@MMABVMatrix34@23@@Z 1001421a f   PhysX3Common_x86:PhysX3Common_x86.dll
 0001:00013220       ??6Cm@physx@@YAAAVRenderOutput@01@AAV201@ABUDebugBox@01@@Z 10014220 f   PhysX3Common_x86:PhysX3Common_x86.dll
 0001:00013226       ?intersectOBBOBB@Gu@physx@@YA_NABVPxVec3@2@0ABVPxMat33@2@001_N@Z 10014226 f   PhysX3Common_x86:PhysX3Common_x86.dll
 0001:0001322c       ?distanceSegmentBoxSquared@Gu@physx@@YAMABVPxVec3@2@000ABVPxMat33@2@PAMPAV32@@Z 1001422c f   PhysX3Common_x86:PhysX3Common_x86.dll
 0001:00013232       ?sweep@PxMeshQuery@physx@@SA_NABVPxVec3@2@MABVPxGeometry@2@ABVPxTransform@2@IPBVPxTriangle@2@AAUPxSweepHit@2@V?$PxFlags@W4Enum@PxHitFlag@physx@@G@2@PBIM_N@Z 10014232 f   PhysX3Common_x86:PhysX3Common_x86.dll
 0001:00013238       ?getTriangle@PxMeshQuery@physx@@SAXABVPxTriangleMeshGeometry@2@ABVPxTransform@2@IAAVPxTriangle@2@PAI3@Z 10014238 f   PhysX3Common_x86:PhysX3Common_x86.dll
 0001:0001323e       ?getTriangle@PxMeshQuery@physx@@SAXABVPxHeightFieldGeometry@2@ABVPxTransform@2@IAAVPxTriangle@2@PAI3@Z 1001423e f   PhysX3Common_x86:PhysX3Common_x86.dll
 0001:00013244       ??6RenderOutput@Cm@physx@@QAEAAV012@W4Primitive@012@@Z 10014244 f   PhysX3Common_x86:PhysX3Common_x86.dll
 0001:0001324a       ??6RenderOutput@Cm@physx@@QAEAAV012@VPxVec3@2@@Z 1001424a f   PhysX3Common_x86:PhysX3Common_x86.dll
 0001:00013250       ?intersectTriangleBox@Gu@physx@@YAHABVPxVec3@2@0000@Z 10014250 f   PhysX3Common_x86:PhysX3Common_x86.dll
 0001:00013256       ?allocate@Allocator@shdfnd@physx@@QAEPAXIPBDH@Z 10014256 f   PhysX3Common_x86:PhysX3Common_x86.dll
 0001:0001325c       ?getInstance@Foundation@shdfnd@physx@@SAAAV123@XZ 1001425c f   PhysX3Common_x86:PhysX3Common_x86.dll
 0001:00013262       ?incRefCount@Foundation@shdfnd@physx@@SAXXZ 10014262 f   PhysX3Common_x86:PhysX3Common_x86.dll
 0001:00013268       ?decRefCount@Foundation@shdfnd@physx@@SAXXZ 10014268 f   PhysX3Common_x86:PhysX3Common_x86.dll
 0001:0001326e       ?error@Foundation@shdfnd@physx@@QAAXW4Enum@PxErrorCode@3@PBDH1ZZ 1001426e f   PhysX3Common_x86:PhysX3Common_x86.dll
 0001:00013274       ?CompleteBoxPruning@Gu@physx@@YA_NPBVPxBounds3@2@IAAV?$Array@IV?$ReflectionAllocator@I@shdfnd@physx@@@shdfnd@2@ABVAxes@12@@Z 10014274 f   PhysX3Common_x86:PhysX3Common_x86.dll
 0001:0001327a       ?distanceSegmentSegmentSquaredOLD@Gu@physx@@YAMABVPxVec3@2@000PAM1@Z 1001427a f   PhysX3Common_x86:PhysX3Common_x86.dll
 0001:00013280       ?GetRaycastFuncTable@Gu@physx@@YAAAY06P6AIABVPxGeometry@2@ABVPxTransform@2@ABVPxVec3@2@2MV?$PxFlags@W4Enum@PxHitFlag@physx@@G@2@IPIAUPxRaycastHit@2@_NP6A_NAAU72@PAX@Z7@ZXZ 10014280 f   PhysX3Common_x86:PhysX3Common_x86.dll
 0001:00013290       ??0PxMeshOverlapUtil@physx@@QAE@XZ 10014290 f   PhysX3Extensions:ExtTriangleMeshExt.obj
 0001:000132b0       ??1PxMeshOverlapUtil@physx@@QAE@XZ 100142b0 f   PhysX3Extensions:ExtTriangleMeshExt.obj
 0001:000132d0       ?findOverlap@PxMeshOverlapUtil@physx@@QAEIABVPxGeometry@2@ABVPxTransform@2@ABVPxTriangleMeshGeometry@2@1@Z 100142d0 f   PhysX3Extensions:ExtTriangleMeshExt.obj
 0001:00013390       ?findOverlap@PxMeshOverlapUtil@physx@@QAEIABVPxGeometry@2@ABVPxTransform@2@ABVPxHeightFieldGeometry@2@1@Z 10014390 f   PhysX3Extensions:ExtTriangleMeshExt.obj
 0001:00013420       ?PxComputeMeshPenetration@physx@@YA?AVPxVec3@1@IABVPxGeometry@1@ABVPxTransform@1@ABVPxTriangleMeshGeometry@1@1AAI@Z 10014420 f   PhysX3Extensions:ExtTriangleMeshExt.obj
 0001:00013500       ?PxComputeHeightFieldPenetration@physx@@YA?AVPxVec3@1@IABVPxGeometry@1@ABVPxTransform@1@ABVPxHeightFieldGeometry@1@1AAI@Z 10014500 f   PhysX3Extensions:ExtTriangleMeshExt.obj
 0001:000135e0       ?updateMassAndInertia@PxRigidBodyExt@physx@@SA_NAAVPxRigidBody@2@PBMIPBVPxVec3@2@_N@Z 100145e0 f   PhysX3Extensions:ExtRigidBodyExt.obj
 0001:00013600       ?updateMassAndInertia@PxRigidBodyExt@physx@@SA_NAAVPxRigidBody@2@MPBVPxVec3@2@_N@Z 10014600 f   PhysX3Extensions:ExtRigidBodyExt.obj
 0001:00013620       ?setMassAndUpdateInertia@PxRigidBodyExt@physx@@SA_NAAVPxRigidBody@2@PBMIPBVPxVec3@2@_N@Z 10014620 f   PhysX3Extensions:ExtRigidBodyExt.obj
 0001:00013640       ?setMassAndUpdateInertia@PxRigidBodyExt@physx@@SA_NAAVPxRigidBody@2@MPBVPxVec3@2@_N@Z 10014640 f   PhysX3Extensions:ExtRigidBodyExt.obj
 0001:00013660       ?addForceAtPos@PxRigidBodyExt@physx@@SAXAAVPxRigidBody@2@ABVPxVec3@2@1W4Enum@PxForceMode@2@_N@Z 10014660 f   PhysX3Extensions:ExtRigidBodyExt.obj
 0001:00013670       ?addForceAtLocalPos@PxRigidBodyExt@physx@@SAXAAVPxRigidBody@2@ABVPxVec3@2@1W4Enum@PxForceMode@2@_N@Z 10014670 f   PhysX3Extensions:ExtRigidBodyExt.obj
 0001:000137d0       ?addLocalForceAtPos@PxRigidBodyExt@physx@@SAXAAVPxRigidBody@2@ABVPxVec3@2@1W4Enum@PxForceMode@2@_N@Z 100147d0 f   PhysX3Extensions:ExtRigidBodyExt.obj
 0001:00013920       ?addLocalForceAtLocalPos@PxRigidBodyExt@physx@@SAXAAVPxRigidBody@2@ABVPxVec3@2@1W4Enum@PxForceMode@2@_N@Z 10014920 f   PhysX3Extensions:ExtRigidBodyExt.obj
 0001:00013b60       ?getVelocityAtPos@PxRigidBodyExt@physx@@SA?AVPxVec3@2@ABVPxRigidBody@2@ABV32@@Z 10014b60 f   PhysX3Extensions:ExtRigidBodyExt.obj
 0001:00013d60       ?getLocalVelocityAtLocalPos@PxRigidBodyExt@physx@@SA?AVPxVec3@2@ABVPxRigidBody@2@ABV32@@Z 10014d60 f   PhysX3Extensions:ExtRigidBodyExt.obj
 0001:00014070       ?getVelocityAtOffset@PxRigidBodyExt@physx@@SA?AVPxVec3@2@ABVPxRigidBody@2@ABV32@@Z 10015070 f   PhysX3Extensions:ExtRigidBodyExt.obj
 0001:00014250       ?linearSweepSingle@PxRigidBodyExt@physx@@SA_NAAVPxRigidBody@2@AAVPxScene@2@ABVPxVec3@2@MV?$PxFlags@W4Enum@PxHitFlag@physx@@G@2@AAUPxSweepHit@2@AAIABUPxQueryFilterData@2@PAVPxQueryFilterCallback@2@PBUPxQueryCache@2@M@Z 10015250 f   PhysX3Extensions:ExtRigidBodyExt.obj
 0001:00014430       ?linearSweepMultiple@PxRigidBodyExt@physx@@SAIAAVPxRigidBody@2@AAVPxScene@2@ABVPxVec3@2@MV?$PxFlags@W4Enum@PxHitFlag@physx@@G@2@PAUPxSweepHit@2@PAIIAAU72@AAHAA_NABUPxQueryFilterData@2@PAVPxQueryFilterCallback@2@PBUPxQueryCache@2@M@Z 10015430 f   PhysX3Extensions:ExtRigidBodyExt.obj
 0001:000149b0       ?computeVelocityDeltaFromImpulse@PxRigidBodyExt@physx@@SAXABVPxRigidBody@2@ABVPxVec3@2@1AAV42@2@Z 100159b0 f   PhysX3Extensions:ExtRigidBodyExt.obj
 0001:00014e00       ?computeVelocityDeltaFromImpulse@PxRigidBodyExt@physx@@SAXABVPxRigidBody@2@ABVPxTransform@2@ABVPxVec3@2@2MMAAV52@3@Z 10015e00 f   PhysX3Extensions:ExtRigidBodyExt.obj
 0001:000152c0       ?computeLinearAngularImpulse@PxRigidBodyExt@physx@@SAXABVPxRigidBody@2@ABVPxTransform@2@ABVPxVec3@2@2MMAAV52@3@Z 100162c0 f   PhysX3Extensions:ExtRigidBodyExt.obj
 0001:000154a0       ??0InertiaTensorComputer@Ext@physx@@QAE@_N@Z 100164a0 f   PhysX3Extensions:ExtRigidBodyExt.obj
 0001:000154c0       ??0InertiaTensorComputer@Ext@physx@@QAE@ABVPxMat33@2@ABVPxVec3@2@M@Z 100164c0 f   PhysX3Extensions:ExtRigidBodyExt.obj
 0001:00015530       ??1InertiaTensorComputer@Ext@physx@@QAE@XZ 10016530 f   PhysX3Extensions:ExtRigidBodyExt.obj
 0001:00015540       ?translate@InertiaTensorComputer@Ext@physx@@QAEXABVPxVec3@3@@Z 10016540 f   PhysX3Extensions:ExtRigidBodyExt.obj
 0001:00015b30       ?setBox@InertiaTensorComputer@Ext@physx@@QAEXABVPxVec3@3@@Z 10016b30 f   PhysX3Extensions:ExtRigidBodyExt.obj
 0001:00015c10       ?setSphere@InertiaTensorComputer@Ext@physx@@QAEXM@Z 10016c10 f   PhysX3Extensions:ExtRigidBodyExt.obj
 0001:00015ca0       ?setCylinder@InertiaTensorComputer@Ext@physx@@QAEXHMM@Z 10016ca0 f   PhysX3Extensions:ExtRigidBodyExt.obj
 0001:00015da0       ?setCapsule@InertiaTensorComputer@Ext@physx@@QAEXHMM@Z 10016da0 f   PhysX3Extensions:ExtRigidBodyExt.obj
 0001:00015f10       ?setEllipsoid@InertiaTensorComputer@Ext@physx@@QAEXMMM@Z 10016f10 f   PhysX3Extensions:ExtRigidBodyExt.obj
 0001:00015fe0       ?computeSphereMass@Ext@physx@@YAMMM@Z 10016fe0 f   PhysX3Extensions:ExtRigidBodyExt.obj
 0001:00016010       ?computeSphereDensity@Ext@physx@@YAMMM@Z 10017010 f   PhysX3Extensions:ExtRigidBodyExt.obj
 0001:00016040       ?computeBoxMass@Ext@physx@@YAMABVPxVec3@2@M@Z 10017040 f   PhysX3Extensions:ExtRigidBodyExt.obj
 0001:000160b0       ?computeBoxDensity@Ext@physx@@YAMABVPxVec3@2@M@Z 100170b0 f   PhysX3Extensions:ExtRigidBodyExt.obj
 0001:00016120       ?computeEllipsoidMass@Ext@physx@@YAMABVPxVec3@2@M@Z 10017120 f   PhysX3Extensions:ExtRigidBodyExt.obj
 0001:00016190       ?computeEllipsoidDensity@Ext@physx@@YAMABVPxVec3@2@M@Z 10017190 f   PhysX3Extensions:ExtRigidBodyExt.obj
 0001:00016200       ?computeCylinderMass@Ext@physx@@YAMMMM@Z 10017200 f   PhysX3Extensions:ExtRigidBodyExt.obj
 0001:00016240       ?computeCylinderDensity@Ext@physx@@YAMMMM@Z 10017240 f   PhysX3Extensions:ExtRigidBodyExt.obj
 0001:00016280       ?computeCapsuleMass@Ext@physx@@YAMMMM@Z 10017280 f   PhysX3Extensions:ExtRigidBodyExt.obj
 0001:000162d0       ?computeCapsuleDensity@Ext@physx@@YAMMMM@Z 100172d0 f   PhysX3Extensions:ExtRigidBodyExt.obj
 0001:00016330       ?computeConeMass@Ext@physx@@YAMMMM@Z 10017330 f   PhysX3Extensions:ExtRigidBodyExt.obj
 0001:00016370       ?computeConeDensity@Ext@physx@@YAMMMM@Z 10017370 f   PhysX3Extensions:ExtRigidBodyExt.obj
 0001:000163b0       ?computeBoxInertiaTensor@Ext@physx@@YAXAAVPxVec3@2@MMMM@Z 100173b0 f   PhysX3Extensions:ExtRigidBodyExt.obj
 0001:00016410       ?computeSphereInertiaTensor@Ext@physx@@YAXAAVPxVec3@2@MM_N@Z 10017410 f   PhysX3Extensions:ExtRigidBodyExt.obj
 0001:00016470       ??0PxConvexMeshGeometry@physx@@QAE@XZ 10017470 f i PhysX3Extensions:ExtRigidBodyExt.obj
 0001:000164c0       ??1?$PxHitBuffer@UPxSweepHit@physx@@@physx@@UAE@XZ 100174c0 f i PhysX3Extensions:ExtRigidBodyExt.obj
 0001:000164d0       ??1?$PxHitCallback@UPxSweepHit@physx@@@physx@@UAE@XZ 100174d0 f i PhysX3Extensions:ExtRigidBodyExt.obj
 0001:000164e0       ??4InertiaTensorComputer@Ext@physx@@QAEAAV012@ABV012@@Z 100174e0 f i PhysX3Extensions:ExtRigidBodyExt.obj
 0001:00016540       ??_E?$PxHitBuffer@UPxSweepHit@physx@@@physx@@UAEPAXI@Z 10017540 f i PhysX3Extensions:ExtRigidBodyExt.obj
 0001:00016540       ??_G?$PxHitBuffer@UPxSweepHit@physx@@@physx@@UAEPAXI@Z 10017540 f i PhysX3Extensions:ExtRigidBodyExt.obj
 0001:00016570       ??_G?$PxHitCallback@UPxSweepHit@physx@@@physx@@UAEPAXI@Z 10017570 f i PhysX3Extensions:ExtRigidBodyExt.obj
 0001:00016570       ??_E?$PxHitCallback@UPxSweepHit@physx@@@physx@@UAEPAXI@Z 10017570 f i PhysX3Extensions:ExtRigidBodyExt.obj
 0001:000165a0       ?addForceAtPosInternal@@YAXAAVPxRigidBody@physx@@ABVPxVec3@2@1W4Enum@PxForceMode@2@_N@Z 100175a0 f i PhysX3Extensions:ExtRigidBodyExt.obj
 0001:000167b0       ?allocate@?$InlineAllocator@$0EA@V?$ReflectionAllocator@PAVPxShape@physx@@@shdfnd@physx@@@shdfnd@physx@@QAEPAXIPBDH@Z 100177b0 f i PhysX3Extensions:ExtRigidBodyExt.obj
 0001:00017a60       ?finalizeQuery@?$PxHitCallback@UPxSweepHit@physx@@@physx@@UAEXXZ 10018a60 f i PhysX3Extensions:ExtRigidBodyExt.obj
 0001:00017a70       ?processTouches@?$PxHitBuffer@UPxSweepHit@physx@@@physx@@MAE_NPBUPxSweepHit@2@I@Z 10018a70 f i PhysX3Extensions:ExtRigidBodyExt.obj
 0001:00017a80       ?recreate@?$Array@PAVPxShape@physx@@V?$InlineAllocator@$0EA@V?$ReflectionAllocator@PAVPxShape@physx@@@shdfnd@physx@@@shdfnd@2@@shdfnd@physx@@IAEXI@Z 10018a80 f i PhysX3Extensions:ExtRigidBodyExt.obj
 0001:00017b20       ?resize@?$Array@PAVPxShape@physx@@V?$InlineAllocator@$0EA@V?$ReflectionAllocator@PAVPxShape@physx@@@shdfnd@physx@@@shdfnd@2@@shdfnd@physx@@QAEXIABQAVPxShape@3@@Z 10018b20 f i PhysX3Extensions:ExtRigidBodyExt.obj
 0001:00017b70       ?rotate@InertiaTensorComputer@Ext@physx@@QAEXABVPxMat33@3@@Z 10018b70 f i PhysX3Extensions:ExtRigidBodyExt.obj
 0001:00017fd0       ?rotateInertia@MassProps@Ext@physx@@SA?AVPxMat33@3@ABV43@ABVPxQuat@3@@Z 10018fd0 f i PhysX3Extensions:ExtRigidBodyExt.obj
 0001:00018490       ?scaleInertia@MassProps@Ext@physx@@SA?AVPxMat33@3@ABV43@ABVPxQuat@3@ABVPxVec3@3@@Z 10019490 f i PhysX3Extensions:ExtRigidBodyExt.obj
 0001:00018840       ?setSphere@InertiaTensorComputer@Ext@physx@@QAEXMPBVPxTransform@3@@Z 10019840 f i PhysX3Extensions:ExtRigidBodyExt.obj
 0001:000188e0       ?transform@InertiaTensorComputer@Ext@physx@@QAEXABVPxTransform@3@@Z 100198e0 f i PhysX3Extensions:ExtRigidBodyExt.obj
 0001:00018a20       ?transformFast@PxBounds3@physx@@SA?AV12@ABVPxTransform@2@ABV12@@Z 10019a20 f i PhysX3Extensions:ExtRigidBodyExt.obj
 0001:00018f90       ?zero@InertiaTensorComputer@Ext@physx@@QAEXXZ 10019f90 f i PhysX3Extensions:ExtRigidBodyExt.obj
 0001:00018feb       ??3@YAXPAXI@Z              10019feb f   MSVCRT:delete_scalar_size.obj
 0001:00018ff9       ??_V@YAXPAXI@Z             10019ff9 f   MSVCRT:delete_array_size.obj
 0001:00019007       ?__scrt_initialize_type_info@@YAXXZ 1001a007 f   MSVCRT:tncleanup.obj
 0001:00019013       ?__scrt_uninitialize_type_info@@YAXXZ 1001a013 f   MSVCRT:tncleanup.obj
 0001:0001901f       ??1type_info@@UAE@XZ       1001a01f f   MSVCRT:std_type_info_static.obj
 0001:00019026       ??_Etype_info@@UAEPAXI@Z   1001a026 f i MSVCRT:std_type_info_static.obj
 0001:00019026       ??_Gtype_info@@UAEPAXI@Z   1001a026 f i MSVCRT:std_type_info_static.obj
 0001:00019050       __alloca_probe_16          1001a050 f   MSVCRT:alloca16.obj
 0001:00019066       __alloca_probe_8           1001a066     MSVCRT:alloca16.obj
 0001:00019080       __ftoui3                   1001a080 f   MSVCRT:_ftol3_.obj
 0001:0001908f       __ftoul3                   1001a08f f   MSVCRT:_ftol3_.obj
 0001:0001909e       __ftol3                    1001a09e f   MSVCRT:_ftol3_.obj
 0001:000190ab       __ftol3_NaN                1001a0ab f   MSVCRT:_ftol3_.obj
 0001:000190c3       __ftol3_work               1001a0c3 f   MSVCRT:_ftol3_.obj
 0001:00019149       __ftol3_common             1001a149 f   MSVCRT:_ftol3_.obj
 0001:0001920b       __ftol3_arg_error          1001a20b f   MSVCRT:_ftol3_.obj
 0001:0001921d       __ftol3_except             1001a21d f   MSVCRT:_ftol3_.obj
 0001:00019261       __dtoui3                   1001a261 f   MSVCRT:_ftol3_.obj
 0001:00019270       __dtoul3                   1001a270 f   MSVCRT:_ftol3_.obj
 0001:0001927f       __dtol3                    1001a27f f   MSVCRT:_ftol3_.obj
 0001:0001928c       __dtol3_NaN                1001a28c f   MSVCRT:_ftol3_.obj
 0001:000192a9       __dtol3_work               1001a2a9 f   MSVCRT:_ftol3_.obj
 0001:00019390       __ultod3                   1001a390 f   MSVCRT:_ftol3_.obj
 0001:000193d0       __ltod3                    1001a3d0 f   MSVCRT:_ftol3_.obj
 0001:000196ff       __CRT_INIT@12              1001a6ff f   MSVCRT:dll_dllmain.obj
 0001:00019708       __DllMainCRTStartup@12     1001a708 f   MSVCRT:dll_dllmain.obj
 0001:0001972b       ??3@YAXPAX@Z               1001a72b f   MSVCRT:delete_scalar.obj
 0001:00019730       ??_V@YAXPAX@Z              1001a730 f   MSVCRT:delete_array.obj
 0001:00019740       __alloca_probe             1001a740 f   MSVCRT:chkstk.obj
 0001:00019740       __chkstk                   1001a740 f   MSVCRT:chkstk.obj
 0001:0001976d       ??$__crt_fast_decode_pointer@PAP6AXXZ@@YAPAP6AXXZQAP6AXXZ@Z 1001a76d f i MSVCRT:utility.obj
 0001:00019781       ??$__crt_fast_encode_pointer@PAP6AXXZ@@YAPAP6AXXZQAP6AXXZ@Z 1001a781 f i MSVCRT:utility.obj
 0001:0001979e       ?__crt_rotate_pointer_value@@YAIIH@Z 1001a79e f i MSVCRT:utility.obj
 0001:000197ab       ?configure_argv@__scrt_narrow_argv_policy@@SAHXZ 1001a7ab f i MSVCRT:utility.obj
 0001:0001982f       _NtCurrentTeb              1001a82f f i MSVCRT:utility.obj
 0001:00019836       ___scrt_acquire_startup_lock 1001a836 f   MSVCRT:utility.obj
 0001:0001986b       ___scrt_dllmain_after_initialize_c 1001a86b f   MSVCRT:utility.obj
 0001:00019896       ___scrt_dllmain_before_initialize_c 1001a896 f   MSVCRT:utility.obj
 0001:000198a4       ___scrt_dllmain_crt_thread_attach 1001a8a4 f   MSVCRT:utility.obj
 0001:000198c3       ___scrt_dllmain_crt_thread_detach 1001a8c3 f   MSVCRT:utility.obj
 0001:000198d0       ___scrt_dllmain_exception_filter 1001a8d0 f   MSVCRT:utility.obj
 0001:00019903       ___scrt_dllmain_uninitialize_c 1001a903 f   MSVCRT:utility.obj
 0001:00019926       ___scrt_dllmain_uninitialize_critical 1001a926 f   MSVCRT:utility.obj
 0001:00019933       ___scrt_initialize_crt     1001a933 f   MSVCRT:utility.obj
 0001:0001996c       ___scrt_initialize_onexit_tables 1001a96c f   MSVCRT:utility.obj
 0001:00019a03       ___scrt_is_nonwritable_in_current_image 1001aa03 f   MSVCRT:utility.obj
 0001:00019a8d       ___scrt_release_startup_lock 1001aa8d f   MSVCRT:utility.obj
 0001:00019aaa       ___scrt_uninitialize_crt   1001aaaa f   MSVCRT:utility.obj
 0001:00019ad2       __onexit                   1001aad2 f   MSVCRT:utility.obj
 0001:00019b0d       _at_quick_exit             1001ab0d f   MSVCRT:utility.obj
 0001:00019b3e       _atexit                    1001ab3e f   MSVCRT:utility.obj
 0001:00019b53       ___security_init_cookie    1001ab53 f   MSVCRT:gs_support.obj
 0001:00019bef       _DllMain@12                1001abef f   MSVCRT:dll_dllmain_stub.obj
 0001:00019c11       ___local_stdio_printf_options 1001ac11 f i MSVCRT:default_local_stdio_options.obj
 0001:00019c17       ___local_stdio_scanf_options 1001ac17 f i MSVCRT:default_local_stdio_options.obj
 0001:00019c1d       ___scrt_initialize_default_local_stdio_options 1001ac1d f   MSVCRT:default_local_stdio_options.obj
 0001:00019c3a       ___scrt_get_dyn_tls_init_callback 1001ac3a f   MSVCRT:dyn_tls_init.obj
 0001:00019c40       ___scrt_fastfail           1001ac40 f   MSVCRT:utility_desktop.obj
 0001:00019d5b       ___scrt_get_show_window_mode 1001ad5b f   MSVCRT:utility_desktop.obj
 0001:00019d8e       ___scrt_initialize_winrt   1001ad8e f   MSVCRT:utility_desktop.obj
 0001:00019d91       ___scrt_is_managed_app     1001ad91 f   MSVCRT:utility_desktop.obj
 0001:00019dd5       ___scrt_set_unhandled_exception_filter 1001add5 f   MSVCRT:utility_desktop.obj
 0001:00019de1       ___scrt_unhandled_exception_filter@4 1001ade1 f   MSVCRT:utility_desktop.obj
 0001:00019e22       __crt_debugger_hook        1001ae22 f   MSVCRT:utility_desktop.obj
 0001:00019e2a       __RTC_Initialize           1001ae2a f   MSVCRT:_initsect_.obj
 0001:00019e55       __RTC_Terminate            1001ae55 f   MSVCRT:_initsect_.obj
 0001:00019e80       @_guard_check_icall@4      1001ae80 f i MSVCRT:checkcfg.obj
 0001:00019e90       __SEH_prolog4              1001ae90 f   MSVCRT:_sehprolg4_.obj
 0001:00019ed6       __SEH_epilog4              1001aed6 f   MSVCRT:_sehprolg4_.obj
 0001:00019eeb       __except_handler4          1001aeeb f   MSVCRT:_chandler4gs_.obj
 0001:00019f0e       ___isa_available_init      1001af0e f   MSVCRT:_cpu_disp_.obj
 0001:0001a0a8       __get_startup_argv_mode    1001b0a8 f   MSVCRT:argv_mode.obj
 0001:0001a0ac       ___scrt_is_ucrt_dll_in_use 1001b0ac f   MSVCRT:ucrt_detection.obj
 0001:0001a0b8       @_guard_check_icall_nop@4  1001b0b8 f i MSVCRT:guard_support.obj
 0001:0001a0b9       __guard_icall_checks_enforced 1001b0b9 f i MSVCRT:guard_support.obj
 0001:0001a0cb       @__security_check_cookie@4 1001b0cb f   MSVCRT:_secchk_.obj
 0001:0001a0dc       ___raise_securityfailure   1001b0dc f   MSVCRT:gs_report.obj
 0001:0001a104       ___report_gsfailure        1001b104 f   MSVCRT:gs_report.obj
 0001:0001a1ff       ___report_rangecheckfailure 1001b1ff f   MSVCRT:gs_report.obj
 0001:0001a20b       ___report_securityfailure  1001b20b f   MSVCRT:gs_report.obj
 0001:0001a2db       ___report_securityfailureEx 1001b2db f   MSVCRT:gs_report.obj
 0001:0001a3f2       __purecall                 1001b3f2 f   vcruntime:VCRUNTIME140.dll
 0001:0001a3f8       ___std_type_info_name      1001b3f8 f   vcruntime:VCRUNTIME140.dll
 0001:0001a3fe       _memcpy                    1001b3fe f   vcruntime:VCRUNTIME140.dll
 0001:0001a404       _memset                    1001b404 f   vcruntime:VCRUNTIME140.dll
 0001:0001a40a       ___std_type_info_destroy_list 1001b40a f   vcruntime:VCRUNTIME140.dll
 0001:0001a410       __except_handler4_common   1001b410 f   vcruntime:VCRUNTIME140.dll
 0001:0001a416       __fpclass                  1001b416 f   ucrt:api-ms-win-crt-math-l1-1-0.dll
 0001:0001a41c       __except1                  1001b41c f   ucrt:api-ms-win-crt-math-l1-1-0.dll
 0001:0001a422       __initterm                 1001b422 f   ucrt:api-ms-win-crt-runtime-l1-1-0.dll
 0001:0001a428       __initterm_e               1001b428 f   ucrt:api-ms-win-crt-runtime-l1-1-0.dll
 0001:0001a42e       _free                      1001b42e f   ucrt:api-ms-win-crt-heap-l1-1-0.dll
 0001:0001a434       __seh_filter_dll           1001b434 f   ucrt:api-ms-win-crt-runtime-l1-1-0.dll
 0001:0001a43a       __configure_narrow_argv    1001b43a f   ucrt:api-ms-win-crt-runtime-l1-1-0.dll
 0001:0001a440       __initialize_narrow_environment 1001b440 f   ucrt:api-ms-win-crt-runtime-l1-1-0.dll
 0001:0001a446       __initialize_onexit_table  1001b446 f   ucrt:api-ms-win-crt-runtime-l1-1-0.dll
 0001:0001a44c       __register_onexit_function 1001b44c f   ucrt:api-ms-win-crt-runtime-l1-1-0.dll
 0001:0001a452       __execute_onexit_table     1001b452 f   ucrt:api-ms-win-crt-runtime-l1-1-0.dll
 0001:0001a458       __crt_atexit               1001b458 f   ucrt:api-ms-win-crt-runtime-l1-1-0.dll
 0001:0001a45e       __crt_at_quick_exit        1001b45e f   ucrt:api-ms-win-crt-runtime-l1-1-0.dll
 0001:0001a464       __cexit                    1001b464 f   ucrt:api-ms-win-crt-runtime-l1-1-0.dll
 0001:0001a46a       _terminate                 1001b46a f   ucrt:api-ms-win-crt-runtime-l1-1-0.dll
 0001:0001a470       _InitializeSListHead@4     1001b470 f   kernel32:KERNEL32.dll
 0001:0001a476       _QueryPerformanceCounter@4 1001b476 f   kernel32:KERNEL32.dll
 0001:0001a47c       _GetCurrentProcessId@0     1001b47c f   kernel32:KERNEL32.dll
 0001:0001a482       _GetCurrentThreadId@0      1001b482 f   kernel32:KERNEL32.dll
 0001:0001a488       _GetSystemTimeAsFileTime@4 1001b488 f   kernel32:KERNEL32.dll
 0001:0001a48e       _DisableThreadLibraryCalls@4 1001b48e f   kernel32:KERNEL32.dll
 0001:0001a494       _IsDebuggerPresent@0       1001b494 f   kernel32:KERNEL32.dll
 0001:0001a49a       _UnhandledExceptionFilter@4 1001b49a f   kernel32:KERNEL32.dll
 0001:0001a4a0       _SetUnhandledExceptionFilter@4 1001b4a0 f   kernel32:KERNEL32.dll
 0001:0001a4a6       _GetStartupInfoW@4         1001b4a6 f   kernel32:KERNEL32.dll
 0001:0001a4ac       _IsProcessorFeaturePresent@4 1001b4ac f   kernel32:KERNEL32.dll
 0001:0001a4b2       _GetModuleHandleW@4        1001b4b2 f   kernel32:KERNEL32.dll
 0001:0001a4b8       _GetCurrentProcess@0       1001b4b8 f   kernel32:KERNEL32.dll
 0001:0001a4be       _TerminateProcess@8        1001b4be f   kernel32:KERNEL32.dll
 0001:0001a4c4       ?findOverlapTriangleMesh@PxMeshQuery@physx@@SAIABVPxGeometry@2@ABVPxTransform@2@ABVPxTriangleMeshGeometry@2@1PAIIIAA_N@Z 1001b4c4 f   PhysX3Common_x86:PhysX3Common_x86.dll
 0001:0001a4ca       ?findOverlapHeightField@PxMeshQuery@physx@@SAIABVPxGeometry@2@ABVPxTransform@2@ABVPxHeightFieldGeometry@2@1PAIIIAA_N@Z 1001b4ca f   PhysX3Common_x86:PhysX3Common_x86.dll
 0001:0001a4d0       ?PxDiagonalize@physx@@YA?AVPxVec3@1@ABVPxMat33@1@AAVPxQuat@1@@Z 1001b4d0 f   PhysX3Common_x86:PhysX3Common_x86.dll
 0001:0001a4d6       ___vcrt_initialize         1001b4d6 f   MSVCRT:ucrt_stubs.obj
 0001:0001a4d6       ___scrt_stub_for_acrt_initialize 1001b4d6 f   MSVCRT:ucrt_stubs.obj
 0001:0001a4d6       ___acrt_initialize         1001b4d6 f   MSVCRT:ucrt_stubs.obj
 0001:0001a4d9       ___scrt_stub_for_acrt_thread_attach 1001b4d9 f   MSVCRT:ucrt_stubs.obj
 0001:0001a4d9       ___vcrt_thread_attach      1001b4d9 f   MSVCRT:ucrt_stubs.obj
 0001:0001a4d9       ___acrt_thread_attach      1001b4d9 f   MSVCRT:ucrt_stubs.obj
 0001:0001a4dc       ___vcrt_thread_detach      1001b4dc f   MSVCRT:ucrt_stubs.obj
 0001:0001a4dc       ___acrt_thread_detach      1001b4dc f   MSVCRT:ucrt_stubs.obj
 0001:0001a4dc       ___scrt_stub_for_acrt_thread_detach 1001b4dc f   MSVCRT:ucrt_stubs.obj
 0001:0001a4df       ___scrt_stub_for_acrt_uninitialize 1001b4df f   MSVCRT:ucrt_stubs.obj
 0001:0001a4df       ___acrt_uninitialize       1001b4df f   MSVCRT:ucrt_stubs.obj
 0001:0001a4df       ___vcrt_uninitialize       1001b4df f   MSVCRT:ucrt_stubs.obj
 0001:0001a4e2       ___acrt_uninitialize_critical 1001b4e2 f   MSVCRT:ucrt_stubs.obj
 0001:0001a4e2       ___vcrt_uninitialize_critical 1001b4e2 f   MSVCRT:ucrt_stubs.obj
 0001:0001a4e2       ___scrt_stub_for_acrt_uninitialize_critical 1001b4e2 f   MSVCRT:ucrt_stubs.obj
 0001:0001a4e5       __is_c_termination_complete 1001b4e5 f   MSVCRT:ucrt_stubs.obj
 0001:0001a4e5       ___scrt_stub_for_is_c_termination_complete 1001b4e5 f   MSVCRT:ucrt_stubs.obj
 0002:00000000       __imp__InitializeSListHead@4 1001c000     kernel32:KERNEL32.dll
 0002:00000004       __imp__GetCurrentProcessId@0 1001c004     kernel32:KERNEL32.dll
 0002:00000008       __imp__GetCurrentThreadId@0 1001c008     kernel32:KERNEL32.dll
 0002:0000000c       __imp__GetSystemTimeAsFileTime@4 1001c00c     kernel32:KERNEL32.dll
 0002:00000010       __imp__DisableThreadLibraryCalls@4 1001c010     kernel32:KERNEL32.dll
 0002:00000014       __imp__IsDebuggerPresent@0 1001c014     kernel32:KERNEL32.dll
 0002:00000018       __imp__UnhandledExceptionFilter@4 1001c018     kernel32:KERNEL32.dll
 0002:0000001c       __imp__SetUnhandledExceptionFilter@4 1001c01c     kernel32:KERNEL32.dll
 0002:00000020       __imp__GetStartupInfoW@4   1001c020     kernel32:KERNEL32.dll
 0002:00000024       __imp__IsProcessorFeaturePresent@4 1001c024     kernel32:KERNEL32.dll
 0002:00000028       __imp__GetModuleHandleW@4  1001c028     kernel32:KERNEL32.dll
 0002:0000002c       __imp__GetCurrentProcess@0 1001c02c     kernel32:KERNEL32.dll
 0002:00000030       __imp__TerminateProcess@8  1001c030     kernel32:KERNEL32.dll
 0002:00000034       __imp__QueryPerformanceCounter@4 1001c034     kernel32:KERNEL32.dll
 0002:00000038       \177KERNEL32_NULL_THUNK_DATA 1001c038     kernel32:KERNEL32.dll
 0002:0000003c       __imp_?getTriangle@PxMeshQuery@physx@@SAXABVPxHeightFieldGeometry@2@ABVPxTransform@2@IAAVPxTriangle@2@PAI3@Z 1001c03c     PhysX3Common_x86:PhysX3Common_x86.dll
 0002:00000040       __imp_??6RenderOutput@Cm@physx@@QAEAAV012@W4Primitive@012@@Z 1001c040     PhysX3Common_x86:PhysX3Common_x86.dll
 0002:00000044       __imp_??6RenderOutput@Cm@physx@@QAEAAV012@VPxVec3@2@@Z 1001c044     PhysX3Common_x86:PhysX3Common_x86.dll
 0002:00000048       __imp_?intersectTriangleBox@Gu@physx@@YAHABVPxVec3@2@0000@Z 1001c048     PhysX3Common_x86:PhysX3Common_x86.dll
 0002:0000004c       __imp_?allocate@Allocator@shdfnd@physx@@QAEPAXIPBDH@Z 1001c04c     PhysX3Common_x86:PhysX3Common_x86.dll
 0002:00000050       __imp_?getInstance@Foundation@shdfnd@physx@@SAAAV123@XZ 1001c050     PhysX3Common_x86:PhysX3Common_x86.dll
 0002:00000054       __imp_?incRefCount@Foundation@shdfnd@physx@@SAXXZ 1001c054     PhysX3Common_x86:PhysX3Common_x86.dll
 0002:00000058       __imp_?getTriangle@PxMeshQuery@physx@@SAXABVPxTriangleMeshGeometry@2@ABVPxTransform@2@IAAVPxTriangle@2@PAI3@Z 1001c058     PhysX3Common_x86:PhysX3Common_x86.dll
 0002:0000005c       __imp_?error@Foundation@shdfnd@physx@@QAAXW4Enum@PxErrorCode@3@PBDH1ZZ 1001c05c     PhysX3Common_x86:PhysX3Common_x86.dll
 0002:00000060       __imp_?CompleteBoxPruning@Gu@physx@@YA_NPBVPxBounds3@2@IAAV?$Array@IV?$ReflectionAllocator@I@shdfnd@physx@@@shdfnd@2@ABVAxes@12@@Z 1001c060     PhysX3Common_x86:PhysX3Common_x86.dll
 0002:00000064       __imp_?distanceSegmentSegmentSquaredOLD@Gu@physx@@YAMABVPxVec3@2@000PAM1@Z 1001c064     PhysX3Common_x86:PhysX3Common_x86.dll
 0002:00000068       __imp_?GetRaycastFuncTable@Gu@physx@@YAAAY06P6AIABVPxGeometry@2@ABVPxTransform@2@ABVPxVec3@2@2MV?$PxFlags@W4Enum@PxHitFlag@physx@@G@2@IPIAUPxRaycastHit@2@_NP6A_NAAU72@PAX@Z7@ZXZ 1001c068     PhysX3Common_x86:PhysX3Common_x86.dll
 0002:0000006c       __imp_?findOverlapHeightField@PxMeshQuery@physx@@SAIABVPxGeometry@2@ABVPxTransform@2@ABVPxHeightFieldGeometry@2@1PAIIIAA_N@Z 1001c06c     PhysX3Common_x86:PhysX3Common_x86.dll
 0002:00000070       __imp_?findOverlapTriangleMesh@PxMeshQuery@physx@@SAIABVPxGeometry@2@ABVPxTransform@2@ABVPxTriangleMeshGeometry@2@1PAIIIAA_N@Z 1001c070     PhysX3Common_x86:PhysX3Common_x86.dll
 0002:00000074       __imp_?sweep@PxMeshQuery@physx@@SA_NABVPxVec3@2@MABVPxGeometry@2@ABVPxTransform@2@IPBVPxTriangle@2@AAUPxSweepHit@2@V?$PxFlags@W4Enum@PxHitFlag@physx@@G@2@PBIM_N@Z 1001c074     PhysX3Common_x86:PhysX3Common_x86.dll
 0002:00000078       __imp_?distanceSegmentBoxSquared@Gu@physx@@YAMABVPxVec3@2@000ABVPxMat33@2@PAMPAV32@@Z 1001c078     PhysX3Common_x86:PhysX3Common_x86.dll
 0002:0000007c       __imp_?intersectOBBOBB@Gu@physx@@YA_NABVPxVec3@2@0ABVPxMat33@2@001_N@Z 1001c07c     PhysX3Common_x86:PhysX3Common_x86.dll
 0002:00000080       __imp_??6Cm@physx@@YAAAVRenderOutput@01@AAV201@ABUDebugBox@01@@Z 1001c080     PhysX3Common_x86:PhysX3Common_x86.dll
 0002:00000084       __imp_?outputCapsule@RenderOutput@Cm@physx@@QAEAAV123@MMABVMatrix34@23@@Z 1001c084     PhysX3Common_x86:PhysX3Common_x86.dll
 0002:00000088       __imp_?PxDiagonalize@physx@@YA?AVPxVec3@1@ABVPxMat33@1@AAVPxQuat@1@@Z 1001c088     PhysX3Common_x86:PhysX3Common_x86.dll
 0002:0000008c       __imp_??6RenderOutput@Cm@physx@@QAEAAV012@ABVPxTransform@2@@Z 1001c08c     PhysX3Common_x86:PhysX3Common_x86.dll
 0002:00000090       __imp_??6RenderOutput@Cm@physx@@QAEAAV012@I@Z 1001c090     PhysX3Common_x86:PhysX3Common_x86.dll
 0002:00000094       __imp_??0RenderOutput@Cm@physx@@QAE@AAVRenderBuffer@12@@Z 1001c094     PhysX3Common_x86:PhysX3Common_x86.dll
 0002:00000098       __imp_?getAllocator@shdfnd@physx@@YAAAVPxAllocatorCallback@2@XZ 1001c098     PhysX3Common_x86:PhysX3Common_x86.dll
 0002:0000009c       __imp_?computePenetration@PxGeometryQuery@physx@@SA_NAAVPxVec3@2@AAMABVPxGeometry@2@ABVPxTransform@2@23@Z 1001c09c     PhysX3Common_x86:PhysX3Common_x86.dll
 0002:000000a0       __imp_?sweep@PxGeometryQuery@physx@@SA_NABVPxVec3@2@MABVPxGeometry@2@ABVPxTransform@2@12AAUPxSweepHit@2@V?$PxFlags@W4Enum@PxHitFlag@physx@@G@2@M@Z 1001c0a0     PhysX3Common_x86:PhysX3Common_x86.dll
[...]
 0000:fffdd000       .debug$S                   10000000     kernel32:KERNEL32.dll
 0000:fffdd000       .debug$S                   10000000     kernel32:KERNEL32.dll
 0000:fffdd000       .debug$S                   10000000     kernel32:KERNEL32.dll
 0000:fffdd000       .debug$S                   10000000     kernel32:KERNEL32.dll
 0000:fffdd000       .debug$S                   10000000     ucrt:api-ms-win-crt-runtime-l1-1-0.dll
 0000:fffdd000       .debug$S                   10000000     ucrt:api-ms-win-crt-runtime-l1-1-0.dll
 0000:fffdd000       .debug$S                   10000000     ucrt:api-ms-win-crt-runtime-l1-1-0.dll
 0000:fffdd000       .debug$S                   10000000     ucrt:api-ms-win-crt-runtime-l1-1-0.dll
 0000:fffdd000       .debug$S                   10000000     ucrt:api-ms-win-crt-runtime-l1-1-0.dll
 0000:fffdd000       .debug$S                   10000000     ucrt:api-ms-win-crt-runtime-l1-1-0.dll
 0000:fffdd000       .debug$S                   10000000     ucrt:api-ms-win-crt-runtime-l1-1-0.dll
 0001:00000000       ??__EmaxFError@_VecMathTests@aos@shdfnd@physx@@YAXXZ 10001000 f   CctCharacterController.obj
 0001:00000020       ??__EmaxV3Error@_VecMathTests@aos@shdfnd@physx@@YAXXZ 10001020 f   CctCharacterController.obj
 0001:00000030       ??__EmaxV4Error@_VecMathTests@aos@shdfnd@physx@@YAXXZ 10001030 f   CctCharacterController.obj
 0001:00000050       ??__EminFError@_VecMathTests@aos@shdfnd@physx@@YAXXZ 10001050 f   CctCharacterController.obj
 0001:00000070       ??__EminV3Error@_VecMathTests@aos@shdfnd@physx@@YAXXZ 10001070 f   CctCharacterController.obj
 0001:00000080       ??__EminV4Error@_VecMathTests@aos@shdfnd@physx@@YAXXZ 10001080 f   CctCharacterController.obj
 0001:000000a0       ??__EmaxFError@_VecMathTests@aos@shdfnd@physx@@YAXXZ 100010a0 f   CctCharacterControllerManager.obj
 0001:000000c0       ??__EmaxV3Error@_VecMathTests@aos@shdfnd@physx@@YAXXZ 100010c0 f   CctCharacterControllerManager.obj
 0001:000000d0       ??__EmaxV4Error@_VecMathTests@aos@shdfnd@physx@@YAXXZ 100010d0 f   CctCharacterControllerManager.obj
 0001:000000f0       ??__EminFError@_VecMathTests@aos@shdfnd@physx@@YAXXZ 100010f0 f   CctCharacterControllerManager.obj
 0001:00000110       ??__EminV3Error@_VecMathTests@aos@shdfnd@physx@@YAXXZ 10001110 f   CctCharacterControllerManager.obj
 0001:00000120       ??__EminV4Error@_VecMathTests@aos@shdfnd@physx@@YAXXZ 10001120 f   CctCharacterControllerManager.obj
 0001:00005400       ?SweepBoxUserBox@@YA_NPBVSweepTest@Cct@physx@@PBVSweptVolume@23@PBUTouchedGeom@23@ABUPxExtendedVec3@3@ABVPxVec3@3@AAUSweptContact@23@@Z 10006400 f   CctCharacterController.obj
 0001:000055f0       ?SweepBoxUserCapsule@@YA_NPBVSweepTest@Cct@physx@@PBVSweptVolume@23@PBUTouchedGeom@23@ABUPxExtendedVec3@3@ABVPxVec3@3@AAUSweptContact@23@@Z 100065f0 f   CctCharacterController.obj
 0001:000057a0       ?SweepBoxMesh@@YA_NPBVSweepTest@Cct@physx@@PBVSweptVolume@23@PBUTouchedGeom@23@ABUPxExtendedVec3@3@ABVPxVec3@3@AAUSweptContact@23@@Z 100067a0 f   CctCharacterController.obj
 0001:00005870       ?SweepCapsuleMesh@@YA_NPBVSweepTest@Cct@physx@@PBVSweptVolume@23@PBUTouchedGeom@23@ABUPxExtendedVec3@3@ABVPxVec3@3@AAUSweptContact@23@@Z 10006870 f   CctCharacterController.obj
 0001:00005940       ?SweepBoxBox@@YA_NPBVSweepTest@Cct@physx@@PBVSweptVolume@23@PBUTouchedGeom@23@ABUPxExtendedVec3@3@ABVPxVec3@3@AAUSweptContact@23@@Z 10006940 f   CctCharacterController.obj
 0001:00005b20       ?SweepBoxSphere@@YA_NPBVSweepTest@Cct@physx@@PBVSweptVolume@23@PBUTouchedGeom@23@ABUPxExtendedVec3@3@ABVPxVec3@3@AAUSweptContact@23@@Z 10006b20 f   CctCharacterController.obj
 0001:00005cc0       ?SweepBoxCapsule@@YA_NPBVSweepTest@Cct@physx@@PBVSweptVolume@23@PBUTouchedGeom@23@ABUPxExtendedVec3@3@ABVPxVec3@3@AAUSweptContact@23@@Z 10006cc0 f   CctCharacterController.obj
 0001:00005ec0       ?SweepCapsuleBox@@YA_NPBVSweepTest@Cct@physx@@PBVSweptVolume@23@PBUTouchedGeom@23@ABUPxExtendedVec3@3@ABVPxVec3@3@AAUSweptContact@23@@Z 10006ec0 f   CctCharacterController.obj
 0001:000060a0       ?SweepCapsuleSphere@@YA_NPBVSweepTest@Cct@physx@@PBVSweptVolume@23@PBUTouchedGeom@23@ABUPxExtendedVec3@3@ABVPxVec3@3@AAUSweptContact@23@@Z 100070a0 f   CctCharacterController.obj
 0001:000062a0       ?SweepCapsuleCapsule@@YA_NPBVSweepTest@Cct@physx@@PBVSweptVolume@23@PBUTouchedGeom@23@ABUPxExtendedVec3@3@ABVPxVec3@3@AAUSweptContact@23@@Z 100072a0 f   CctCharacterController.obj
 0001:000064a0       ?SweepCapsuleUserCapsule@@YA_NPBVSweepTest@Cct@physx@@PBVSweptVolume@23@PBUTouchedGeom@23@ABUPxExtendedVec3@3@ABVPxVec3@3@AAUSweptContact@23@@Z 100074a0 f   CctCharacterController.obj
 0001:00006650       ?SweepCapsuleUserBox@@YA_NPBVSweepTest@Cct@physx@@PBVSweptVolume@23@PBUTouchedGeom@23@ABUPxExtendedVec3@3@ABVPxVec3@3@AAUSweptContact@23@@Z 10007650 f   CctCharacterController.obj
 0001:00006d30       ?CollideGeoms@@YAPAUTouchedGeom@Cct@physx@@PBVSweepTest@23@ABVSweptVolume@23@ABV?$Array@IV?$ReflectionAllocator@I@shdfnd@physx@@@shdfnd@3@ABUPxExtendedVec3@3@ABVPxVec3@3@AAUSweptContact@23@_N@Z 10007d30 f   CctCharacterController.obj
 0001:000070d0       ?collisionResponse@@YAXAAUPxExtendedVec3@physx@@ABU12@ABVPxVec3@2@2MM_N@Z 100080d0 f   CctCharacterController.obj
 0001:000073d0       ?computeMTD@@YA?AVPxVec3@physx@@PBVSweepTest@Cct@2@ABVSweptVolume@42@ABV?$Array@IV?$ReflectionAllocator@I@shdfnd@physx@@@shdfnd@2@ABUPxExtendedVec3@2@M@Z 100083d0 f   CctCharacterController.obj
 0001:00007ed0       ?relocateCapsule@@YAXAAVPxCapsuleGeometry@physx@@AAVPxTransform@2@ABUTouchedUserCapsule@Cct@2@@Z 10008ed0 f   CctCharacterController.obj
 0001:00007fd0       ?sweepVolumeVsMesh@@YA_NPBVSweepTest@Cct@physx@@PBUTouchedMesh@23@AAUSweptContact@23@ABVPxVec3@3@ABVPxGeometry@3@ABVPxTransform@3@IPBVPxTriangle@3@I@Z 10008fd0 f   CctCharacterController.obj
 0001:00008100       ?worldToLocal@@YA?AVPxVec3@physx@@ABVPxObstacle@2@ABUPxExtendedVec3@2@@Z 10009100 f   CctCharacterController.obj
 0001:00008aa0       ?createInvisibleWalls@@YAIABUCCTParams@Cct@physx@@ABVPxTriangle@3@AAV?$Array@VPxTriangle@physx@@V?$ReflectionAllocator@VPxTriangle@physx@@@shdfnd@2@@shdfnd@3@AAV?$Array@IV?$ReflectionAllocator@I@shdfnd@physx@@@63@@Z 10009aa0 f   CctCharacterControllerCallbacks.obj
 0001:00009130       ?fillCCTHit@@YAXAAUPxControllerHit@physx@@ABUSweptContact@Cct@2@ABVPxVec3@2@MPAVController@42@@Z 1000a130 f   CctCharacterControllerCallbacks.obj
 0001:000092f0       ?outputBoxToStream@@YAXPAVPxShape@physx@@PBVPxRigidActor@2@ABVPxTransform@2@AAV?$Array@IV?$ReflectionAllocator@I@shdfnd@physx@@@shdfnd@2@AAV?$Array@VPxTriangle@physx@@V?$ReflectionAllocator@VPxTriangle@physx@@@shdfnd@2@@62@3ABUPxExtendedVec3@2@ABVPxBounds3@2@ABUCCTParams@Cct@2@AAG@Z 1000a2f0 f   CctCharacterControllerCallbacks.obj
 0001:0000a200       ?outputCapsuleToStream@@YAXPAVPxShape@physx@@PBVPxRigidActor@2@ABVPxTransform@2@AAV?$Array@IV?$ReflectionAllocator@I@shdfnd@physx@@@shdfnd@2@ABUPxExtendedVec3@2@@Z 1000b200 f   CctCharacterControllerCallbacks.obj
 0001:0000a3e0       ?outputConvexToStream@@YAXPAVPxShape@physx@@PBVPxRigidActor@2@ABVPxTransform@2@AAV?$Array@IV?$ReflectionAllocator@I@shdfnd@physx@@@shdfnd@2@AAV?$Array@VPxTriangle@physx@@V?$ReflectionAllocator@VPxTriangle@physx@@@shdfnd@2@@62@3ABUPxExtendedVec3@2@ABVPxBounds3@2@ABUCCTParams@Cct@2@PAVRenderBuffer@Cm@2@AAG@Z 1000b3e0 f   CctCharacterControllerCallbacks.obj
 0001:0000b310       ?outputHeightFieldToStream@@YAXPAVPxShape@physx@@PBVPxRigidActor@2@ABVPxTransform@2@AAV?$Array@IV?$ReflectionAllocator@I@shdfnd@physx@@@shdfnd@2@AAV?$Array@VPxTriangle@physx@@V?$ReflectionAllocator@VPxTriangle@physx@@@shdfnd@2@@62@3ABUPxExtendedVec3@2@ABVPxBounds3@2@ABUCCTParams@Cct@2@PAVRenderBuffer@Cm@2@AAG@Z 1000c310 f   CctCharacterControllerCallbacks.obj
 0001:0000bcb0       ?outputMeshToStream@@YAXPAVPxShape@physx@@PBVPxRigidActor@2@ABVPxTransform@2@AAV?$Array@IV?$ReflectionAllocator@I@shdfnd@physx@@@shdfnd@2@AAV?$Array@VPxTriangle@physx@@V?$ReflectionAllocator@VPxTriangle@physx@@@shdfnd@2@@62@3ABUPxExtendedVec3@2@ABVPxBounds3@2@ABUCCTParams@Cct@2@PAVRenderBuffer@Cm@2@AAG@Z 1000ccb0 f   CctCharacterControllerCallbacks.obj
 0001:0000c650       ?outputPlaneToStream@@YAXPAVPxShape@physx@@PBVPxRigidActor@2@ABVPxTransform@2@AAV?$Array@IV?$ReflectionAllocator@I@shdfnd@physx@@@shdfnd@2@AAV?$Array@VPxTriangle@physx@@V?$ReflectionAllocator@VPxTriangle@physx@@@shdfnd@2@@62@3ABUPxExtendedVec3@2@ABVPxBounds3@2@ABUCCTParams@Cct@2@PAVRenderBuffer@Cm@2@@Z 1000d650 f   CctCharacterControllerCallbacks.obj
 0001:0000cc80       ?outputSphereToStream@@YAXPAVPxShape@physx@@PBVPxRigidActor@2@ABVPxTransform@2@AAV?$Array@IV?$ReflectionAllocator@I@shdfnd@physx@@@shdfnd@2@ABUPxExtendedVec3@2@@Z 1000dc80 f   CctCharacterControllerCallbacks.obj
 0001:0000ce00       ?tessellateTriangle@@YAXPAUTessParams@@ABVPxVec3@physx@@11@Z 1000de00 f   CctCharacterControllerCallbacks.obj
 0001:0000d278       $LN115                     1000e278     CctCharacterControllerCallbacks.obj
 0001:0000d2a0       ?visualizeTouchedTriangles@@YAXIIPBVPxTriangle@physx@@PAVRenderBuffer@Cm@2@ABVPxVec3@2@2@Z 1000e2a0 f   CctCharacterControllerCallbacks.obj
 0001:0000e850       ?InteractionCharacterCharacter@@YAXPAVController@Cct@physx@@0M@Z 1000f850 f   CctCharacterControllerManager.obj
 0001:0000f690       ?computeMTD@@YA_NAAVPxVec3@physx@@AAMABV12@2ABVPxMat33@2@223@Z 10010690 f   CctCharacterControllerManager.obj
 0001:0000fba0       $LN311                     10010ba0     CctCharacterControllerManager.obj
 0001:00010030       ?fixDir@@YA?AVPxVec3@physx@@ABV12@0@Z 10011030 f   CctCharacterControllerManager.obj
 0001:00016830       ?computeMassAndDiagInertia@@YA_NAAVInertiaTensorComputer@Ext@physx@@AAVPxVec3@3@AAVPxQuat@3@AAM1_NABVPxRigidBody@3@PBD@Z 10017830 f   PhysX3Extensions:ExtRigidBodyExt.obj
 0001:00016bd0       ?computeMassAndInertia@@YA_N_NAAVPxRigidBody@physx@@PBM2I0AAVInertiaTensorComputer@Ext@2@@Z 10017bd0 f   PhysX3Extensions:ExtRigidBodyExt.obj
 0001:00017a4c       $LN479                     10018a4c     PhysX3Extensions:ExtRigidBodyExt.obj
 0001:00018620       ?setMassAndUpdateInertia@@YA_N_NAAVPxRigidBody@physx@@PBMIPBVPxVec3@2@0@Z 10019620 f   PhysX3Extensions:ExtRigidBodyExt.obj
 0001:00018dd0       ?updateMassAndInertia@@YA_N_NAAVPxRigidBody@physx@@PBMIPBVPxVec3@2@0@Z 10019dd0 f   PhysX3Extensions:ExtRigidBodyExt.obj
 0001:00019050       $$000000                   1001a050     MSVCRT:alloca16.obj
 0001:00019080       $$000000                   1001a080     MSVCRT:_ftol3_.obj
 0001:000193f7       ?dllmain_crt_dispatch@@YGHQAUHINSTANCE__@@KQAX@Z 1001a3f7 f   MSVCRT:dll_dllmain.obj
 0001:0001944a       ?dllmain_crt_process_attach@@YAHQAUHINSTANCE__@@QAX@Z 1001a44a f   MSVCRT:dll_dllmain.obj
 0001:0001955c       ?dllmain_crt_process_detach@@YAH_N@Z 1001a55c f   MSVCRT:dll_dllmain.obj
 0001:000195d9       ?dllmain_dispatch@@YAHQAUHINSTANCE__@@KQAX@Z 1001a5d9 f   MSVCRT:dll_dllmain.obj
 0001:000196d5       ?dllmain_raw@@YGHQAUHINSTANCE__@@KQAX@Z 1001a6d5 f   MSVCRT:dll_dllmain.obj
 0001:00019740       $$000000                   1001a740     MSVCRT:chkstk.obj
 0001:000197b8       ?find_pe_section@@YAPAU_IMAGE_SECTION_HEADER@@QAEI@Z 1001a7b8 f   MSVCRT:utility.obj
 0001:000197fc       ?is_potentially_valid_image_base@@YA_NQAX@Z 1001a7fc f   MSVCRT:utility.obj
 0001:00019e90       $$000000                   1001ae90     MSVCRT:_sehprolg4_.obj
 0002:00000124       ?minFError$initializer$@_VecMathTests@aos@shdfnd@physx@@3P6AXXZA 1001c124     CctCharacterController.obj
 0002:00000128       ?maxFError$initializer$@_VecMathTests@aos@shdfnd@physx@@3P6AXXZA 1001c128     CctCharacterController.obj
 0002:0000012c       ?minV3Error$initializer$@_VecMathTests@aos@shdfnd@physx@@3P6AXXZA 1001c12c     CctCharacterController.obj
 0002:00000130       ?maxV3Error$initializer$@_VecMathTests@aos@shdfnd@physx@@3P6AXXZA 1001c130     CctCharacterController.obj
 0002:00000134       ?minV4Error$initializer$@_VecMathTests@aos@shdfnd@physx@@3P6AXXZA 1001c134     CctCharacterController.obj
 0002:00000138       ?maxV4Error$initializer$@_VecMathTests@aos@shdfnd@physx@@3P6AXXZA 1001c138     CctCharacterController.obj
 0002:0000013c       ?minFError$initializer$@_VecMathTests@aos@shdfnd@physx@@3P6AXXZA 1001c13c     CctCharacterControllerManager.obj
 0002:00000140       ?maxFError$initializer$@_VecMathTests@aos@shdfnd@physx@@3P6AXXZA 1001c140     CctCharacterControllerManager.obj
 0002:00000144       ?minV3Error$initializer$@_VecMathTests@aos@shdfnd@physx@@3P6AXXZA 1001c144     CctCharacterControllerManager.obj
 0002:00000148       ?maxV3Error$initializer$@_VecMathTests@aos@shdfnd@physx@@3P6AXXZA 1001c148     CctCharacterControllerManager.obj
 0002:0000014c       ?minV4Error$initializer$@_VecMathTests@aos@shdfnd@physx@@3P6AXXZA 1001c14c     CctCharacterControllerManager.obj
 0002:00000150       ?maxV4Error$initializer$@_VecMathTests@aos@shdfnd@physx@@3P6AXXZA 1001c150     CctCharacterControllerManager.obj
 0002:000005b0       ?gMaskXYZ@internalWindowsSimd@aos@shdfnd@physx@@3QBIB 1001c5b0     CctCharacterController.obj
 0002:000005c0       ?GeomSizes@@3QBIB          1001c5c0     CctCharacterController.obj
 0002:00000870       ?gMaskXYZ@internalWindowsSimd@aos@shdfnd@physx@@3QBIB 1001c870     CctCharacterControllerManager.obj
 0002:00000f40       _Int32ToUInt32             1001cf40     MSVCRT:_ftol3_.obj
 0002:00000f48       _DP2to32                   1001cf48     MSVCRT:_ftol3_.obj
 0002:00000f50       _MantissaMask              1001cf50     MSVCRT:_ftol3_.obj
 0002:00000f58       _IntegerBit                1001cf58     MSVCRT:_ftol3_.obj
 0002:00000f60       _SignBit64                 1001cf60     MSVCRT:_ftol3_.obj
 0002:00000f68       _MinFP64                   1001cf68     MSVCRT:_ftol3_.obj
 0002:00000f70       _MinInt64                  1001cf70     MSVCRT:_ftol3_.obj
 0002:00000f78       _MaxInt64                  1001cf78     MSVCRT:_ftol3_.obj
 0002:00000f80       _MaxUInt64                 1001cf80     MSVCRT:_ftol3_.obj
 0002:00000f88       _MaxFP32                   1001cf88     MSVCRT:_ftol3_.obj
 0002:00000f90       _MinFP32                   1001cf90     MSVCRT:_ftol3_.obj
 0002:00000f98       _MinSubInexact             1001cf98     MSVCRT:_ftol3_.obj
 0002:00000fa0       _FpExcptTable              1001cfa0     MSVCRT:_ftol3_.obj
 0002:00000fb0       _i1075                     1001cfb0     MSVCRT:_ftol3_.obj
 0002:00000fb4       _i1087                     1001cfb4     MSVCRT:_ftol3_.obj
 0002:00000fb8       _x0800                     1001cfb8     MSVCRT:_ftol3_.obj
 0002:00000fbc       _x17FF                     1001cfbc     MSVCRT:_ftol3_.obj
 0002:00000fc0       _CWMask                    1001cfc0     MSVCRT:_ftol3_.obj
 0002:00000fc8       _GS_ExceptionPointers      1001cfc8     MSVCRT:gs_report.obj
 0002:000013f0       __sehtable$?dllmain_crt_process_attach@@YAHQAUHINSTANCE__@@QAX@Z 1001d3f0     MSVCRT:dll_dllmain.obj
 0002:00001410       __sehtable$?dllmain_crt_process_detach@@YAH_N@Z 1001d410     MSVCRT:dll_dllmain.obj
 0002:00001430       __sehtable$?dllmain_dispatch@@YAHQAUHINSTANCE__@@KQAX@Z 1001d430     MSVCRT:dll_dllmain.obj
 0002:00001450       __sehtable$___scrt_is_nonwritable_in_current_image 1001d450     MSVCRT:utility.obj
 0002:00001470       .edata                     1001d470     PhysX3CharacterKinematic_x86.exp
 0002:00001498       rgpv                       1001d498     PhysX3CharacterKinematic_x86.exp
 0002:000014b4       rgszName                   1001d4b4     PhysX3CharacterKinematic_x86.exp
 0002:000014d0       rgwOrd                     1001d4d0     PhysX3CharacterKinematic_x86.exp
 0002:000014de       szName                     1001d4de     PhysX3CharacterKinematic_x86.exp
 0002:000014ff       $N00001                    1001d4ff     PhysX3CharacterKinematic_x86.exp
 0002:00001524       $N00002                    1001d524     PhysX3CharacterKinematic_x86.exp
 0002:0000154f       $N00003                    1001d54f     PhysX3CharacterKinematic_x86.exp
 0002:00001574       $N00004                    1001d574     PhysX3CharacterKinematic_x86.exp
 0002:000015a4       $N00005                    1001d5a4     PhysX3CharacterKinematic_x86.exp
 0002:000015c7       $N00006                    1001d5c7     PhysX3CharacterKinematic_x86.exp
 0002:0000163e       $N00007                    1001d63e     PhysX3CharacterKinematic_x86.exp
 0002:00002006       .idata$6                   1001e006     PhysX3Common_x86:PhysX3Common_x86.dll
 0002:0000208e       .idata$6                   1001e08e     vcruntime:VCRUNTIME140.dll
 0002:000021b2       .idata$6                   1001e1b2     ucrt:api-ms-win-crt-math-l1-1-0.dll
 0002:000021d2       .idata$6                   1001e1d2     ucrt:api-ms-win-crt-runtime-l1-1-0.dll
 0002:000021f4       .idata$6                   1001e1f4     ucrt:api-ms-win-crt-heap-l1-1-0.dll
 0002:0000235e       .idata$6                   1001e35e     kernel32:KERNEL32.dll
 0003:00000000       ?gSweepMap@@3PAY05P6A_NPBVSweepTest@Cct@physx@@PBVSweptVolume@23@PBUTouchedGeom@23@ABUPxExtendedVec3@3@ABVPxVec3@3@AAUSweptContact@23@@ZA 1001f000     CctCharacterController.obj
 0003:00000340       ?maxV3Error@_VecMathTests@aos@shdfnd@physx@@3T__m128@@B 1001f340     CctCharacterController.obj
 0003:00000350       ?minFError@_VecMathTests@aos@shdfnd@physx@@3T__m128@@B 1001f350     CctCharacterController.obj
 0003:00000360       ?maxV4Error@_VecMathTests@aos@shdfnd@physx@@3T__m128@@B 1001f360     CctCharacterController.obj
 0003:00000370       ?minV4Error@_VecMathTests@aos@shdfnd@physx@@3T__m128@@B 1001f370     CctCharacterController.obj
 0003:00000380       ?minV3Error@_VecMathTests@aos@shdfnd@physx@@3T__m128@@B 1001f380     CctCharacterController.obj
 0003:00000390       ?maxFError@_VecMathTests@aos@shdfnd@physx@@3T__m128@@B 1001f390     CctCharacterController.obj
 0003:000003a0       ?maxV3Error@_VecMathTests@aos@shdfnd@physx@@3T__m128@@B 1001f3a0     CctCharacterControllerManager.obj
 0003:000003b0       ?minFError@_VecMathTests@aos@shdfnd@physx@@3T__m128@@B 1001f3b0     CctCharacterControllerManager.obj
 0003:000003c0       ?maxV4Error@_VecMathTests@aos@shdfnd@physx@@3T__m128@@B 1001f3c0     CctCharacterControllerManager.obj
 0003:000003d0       ?minV4Error@_VecMathTests@aos@shdfnd@physx@@3T__m128@@B 1001f3d0     CctCharacterControllerManager.obj
 0003:000003e0       ?minV3Error@_VecMathTests@aos@shdfnd@physx@@3T__m128@@B 1001f3e0     CctCharacterControllerManager.obj
 0003:000003f0       ?maxFError@_VecMathTests@aos@shdfnd@physx@@3T__m128@@B 1001f3f0     CctCharacterControllerManager.obj
 0003:00000408       ?__proc_attached@@3HA      1001f408     MSVCRT:dll_dllmain.obj
 0003:00000414       ?module_local_atexit_table@@3U_onexit_table_t@@A 1001f414     MSVCRT:utility.obj
 0003:00000420       ?module_local_at_quick_exit_table@@3U_onexit_table_t@@A 1001f420     MSVCRT:utility.obj
 0003:0000042c       ?is_initialized_as_dll@@3_NA 1001f42c     MSVCRT:utility.obj
 0003:00000450       _GS_ExceptionRecord        1001f450     MSVCRT:gs_report.obj
 0003:000004a0       _GS_ContextRecord          1001f4a0     MSVCRT:gs_report.obj
 0004:00000000       __guard_fids__             10020000     MSVCRT:std_type_info_static.obj
 0004:00000004       __guard_fids_?dllmain_crt_process_attach@@YAHQAUHINSTANCE__@@QAX@Z 10020004     MSVCRT:dll_dllmain.obj
 0004:0000000c       __guard_fids_?dllmain_dispatch@@YAHQAUHINSTANCE__@@KQAX@Z 1002000c     MSVCRT:dll_dllmain.obj
 0004:00000010       __guard_fids____scrt_set_unhandled_exception_filter 10020010     MSVCRT:utility_desktop.obj
 0004:00000014       __guard_fids___except_handler4 10020014     MSVCRT:_chandler4gs_.obj
 0004:00000018       __guard_fids__             10020018     MSVCRT:guard_support.obj
 0004:0000001c       __guard_fids___guard_icall_checks_enforced 1002001c     MSVCRT:guard_support.obj
 0005:000000a0       $R000000                   100210a0     PhysX3CharacterKinematic.res
 0005:00000420       $R000380                   10021420     PhysX3CharacterKinematic.res
