 PhysX3CookingDEBUG_x86

 Timestamp is 55b956b2 (Wed Jul 29 15:41:54 2015)

 Preferred load address is 10000000

 Start         Length     Name                   Class
 0001:00000000 00002caeH .text$di                CODE
 0001:00002cb0 000990ffH .text$mn                CODE
 0001:0009bdb0 0000117fH .text$x                 CODE
 0002:00000000 00000104H .CRT$XCA                DATA
 0002:00000104 00000173H .CRT$XCU                DATA
 0002:00000278 00000104H .CRT$XCZ                DATA
 0002:0000037c 00000104H .CRT$XIA                DATA
 0002:00000480 00000118H .CRT$XIC                DATA
 0002:00000598 00000104H .CRT$XIZ                DATA
 0002:0000069c 00000104H .CRT$XPA                DATA
 0002:000007a0 00000109H .CRT$XPX                DATA
 0002:000008ac 00000104H .CRT$XPXA               DATA
 0002:000009b0 00000104H .CRT$XPZ                DATA
 0002:00000ab4 00000104H .CRT$XTA                DATA
 0002:00000bb8 00000104H .CRT$XTZ                DATA
 0002:00000cc0 0001aea4H .rdata                  DATA
 0002:0001bb64 00000194H .rdata$debug            DATA
 0002:0001bcf8 00000598H .rdata$r                DATA
 0002:0001c290 00000139H .rdata$sxdata           DATA
 0002:0001c3cc 00000104H .rtc$IAA                DATA
 0002:0001c4d0 00000148H .rtc$IMZ                DATA
 0002:0001c618 00000104H .rtc$IZZ                DATA
 0002:0001c71c 00000104H .rtc$TAA                DATA
 0002:0001c820 00000148H .rtc$TMZ                DATA
 0002:0001c968 00000104H .rtc$TZZ                DATA
 0002:0001ca70 00000e03H .xdata$x                DATA
 0002:0001d880 000001a0H .edata                  DATA
 0003:00000000 0000184eH .data                   DATA
 0003:00001850 00000535H .data$r                 DATA
 0003:00001da0 0000259cH .bss                    DATA
 0004:00000000 000001c4H .idata$5                DATA
 0004:000001c4 00000014H .idata$2                DATA
 0004:000001d8 00000014H .idata$3                DATA
 0004:000001ec 000001c4H .idata$4                DATA
 0004:000003b0 000007ceH .idata$6                DATA
 0005:00000000 00000020H .didat$2                DATA
 0005:00000020 00000020H .didat$3                DATA
 0005:00000040 00000234H .didat$4                DATA
 0005:00000274 00000234H .didat$5                DATA
 0005:000004a8 000018aaH .didat$6                DATA
 0005:00001d54 000002e4H .didat$7                DATA
 0006:00000000 000001c0H .rsrc$01                DATA
 0006:000001c0 000006a9H .rsrc$02                DATA

  Address         Publics by Value              Rva+Base       Lib:Object

 0000:00000000       ___guard_fids_count        00000000     <absolute>
 0000:00000000       __except_list              00000000     <absolute>
 0000:00000000       ___guard_flags             00000000     <absolute>
 0000:00000000       ___guard_fids_table        00000000     <absolute>
 0000:0000000c       ___safe_se_handler_count   0000000c     <absolute>
 0000:00000000       ___ImageBase               10000000     <linker-defined>
 0001:00002cb0       _PxSetPhysXCookingDelayLoadHook 10003cb0 f   WindowsCookingDelayLoadHook.obj
 0001:00002cc0       ?delayHook@@YGP6GHXZIPAUDelayLoadInfo@@@Z 10003cc0 f   WindowsCookingDelayLoadHook.obj
 0001:00002d40       ?loadLibrary@shdfnd@physx@@YGPAUHINSTANCE__@@PBD@Z 10003d40 f i WindowsCookingDelayLoadHook.obj
 0001:00002d60       ?physXCommonDliNotePreLoadLibrary@shdfnd@physx@@YGP6GHXZPBDPBVPxDelayLoadHook@2@@Z 10003d60 f i WindowsCookingDelayLoadHook.obj
 0001:000031e0       ?strstr@@YAPADPADPBD@Z     100041e0 f i WindowsCookingDelayLoadHook.obj
 0001:00003200       ?saveHeightField@physx@@YA_NABVHeightField@Gu@1@AAVPxOutputStream@1@_N@Z 10004200 f   HeightFieldCooking.obj
 0001:00003630       ??B?$PxFlags@W4Enum@PxHeightFieldFlag@physx@@G@physx@@QBEGXZ 10004630 f i HeightFieldCooking.obj
 0001:00003650       ?getData@HeightField@Gu@physx@@QBEABUHeightFieldData@23@XZ 10004650 f i HeightFieldCooking.obj
 0001:00003670       ?buildFromTriangles@RTreeCooker@physx@@SAXAAURTree@Gu@2@PBVPxVec3@2@IPBGPBIIAAV?$Array@IVNamedAllocator@shdfnd@physx@@@shdfnd@2@PAURemapCallback@12@MW4Enum@PxMeshCookingHint@2@@Z 10004670 f   RTreeCooking.obj
 0001:00004a10       ??$PX_UNUSED@I@@YAXABI@Z   10005a10 f i RTreeCooking.obj
 0001:00004a20       ??$PX_UNUSED@M@@YAXABM@Z   10005a20 f i RTreeCooking.obj
 0001:00004a30       ??$PX_UNUSED@PAURTreeNodeNQ@physx@@@@YAXABQAURTreeNodeNQ@physx@@@Z 10005a30 f i RTreeCooking.obj
 0001:00004a40       ??$PX_UNUSED@URTreeNodeNQ@physx@@@@YAXABURTreeNodeNQ@physx@@@Z 10005a40 f i RTreeCooking.obj
 0001:00004a50       ??$PxMax@H@physx@@YAHHH@Z  10005a50 f i RTreeCooking.obj
 0001:00004a80       ??$PxMax@I@physx@@YAIII@Z  10005a80 f i RTreeCooking.obj
 0001:00004ab0       ??$PxMax@M@physx@@YAMMM@Z  10005ab0 f i RTreeCooking.obj
 0001:00004ae0       ??$PxMin@I@physx@@YAIII@Z  10005ae0 f i RTreeCooking.obj
 0001:00004b10       ??$PxMin@M@physx@@YAMMM@Z  10005b10 f i RTreeCooking.obj
 0001:00004b40       ??$median3@I$$CBU?$Less@I@shdfnd@physx@@@internal@shdfnd@physx@@YAXPAIHHABU?$Less@I@12@@Z 10005b40 f i RTreeCooking.obj
 0001:00004c70       ??$median3@I$$CBUSortBoundsPredicate@physx@@@internal@shdfnd@physx@@YAXPAIHHABUSortBoundsPredicate@2@@Z 10005c70 f i RTreeCooking.obj
 0001:00004da0       ??$partition@I$$CBU?$Less@I@shdfnd@physx@@@internal@shdfnd@physx@@YAHPAIHHABU?$Less@I@12@@Z 10005da0 f i RTreeCooking.obj
 0001:00004f70       ??$partition@I$$CBUSortBoundsPredicate@physx@@@internal@shdfnd@physx@@YAHPAIHHABUSortBoundsPredicate@2@@Z 10005f70 f i RTreeCooking.obj
 0001:00005140       ??$partition@UBoundsLTE@physx@@@quickSelect@physx@@YAIPIAIIIIABUBoundsLTE@1@@Z 10006140 f i RTreeCooking.obj
 0001:000053d0       ??$quickSelectFirstK@UBoundsLTE@physx@@@quickSelect@physx@@YAXPIAIIIIABUBoundsLTE@1@@Z 100063d0 f i RTreeCooking.obj
 0001:00005500       ??$smallSort@I$$CBU?$Less@I@shdfnd@physx@@@internal@shdfnd@physx@@YAXPAIHHABU?$Less@I@12@@Z 10006500 f i RTreeCooking.obj
 0001:000055c0       ??$smallSort@I$$CBUSortBoundsPredicate@physx@@@internal@shdfnd@physx@@YAXPAIHHABUSortBoundsPredicate@2@@Z 100065c0 f i RTreeCooking.obj
 0001:00005680       ??$sort@I@shdfnd@physx@@YAXPAII@Z 10006680 f i RTreeCooking.obj
 0001:000056d0       ??$sort@IU?$Less@I@shdfnd@physx@@VNamedAllocator@23@@shdfnd@physx@@YAXPAIIABU?$Less@I@01@ABVNamedAllocator@01@I@Z 100066d0 f i RTreeCooking.obj
 0001:000059a0       ??$sort@IUSortBoundsPredicate@physx@@@shdfnd@physx@@YAXPAIIABUSortBoundsPredicate@1@@Z 100069a0 f i RTreeCooking.obj
 0001:000059e0       ??$sort@IUSortBoundsPredicate@physx@@VNamedAllocator@shdfnd@2@@shdfnd@physx@@YAXPAIIABUSortBoundsPredicate@1@ABVNamedAllocator@01@I@Z 100069e0 f i RTreeCooking.obj
 0001:00005cb0       ??$swap@I@shdfnd@physx@@YAXAAI0@Z 10006cb0 f i RTreeCooking.obj
 0001:00005ce0       ??0?$AlignedAllocator@$0IA@VAllocator@shdfnd@physx@@@shdfnd@physx@@QAE@ABVAllocator@12@@Z 10006ce0 f i RTreeCooking.obj
 0001:00005d00       ??0?$Array@IVNamedAllocator@shdfnd@physx@@@shdfnd@physx@@QAE@IABIABVNamedAllocator@12@@Z 10006d00 f i RTreeCooking.obj
 0001:00005d60       ??0?$Array@UInterval@physx@@V?$InlineAllocator@$0CA@VNamedAllocator@shdfnd@physx@@@shdfnd@2@@shdfnd@physx@@QAE@ABV?$InlineAllocator@$0CA@VNamedAllocator@shdfnd@physx@@@12@@Z 10006d60 f i RTreeCooking.obj
 0001:00005db0       ??0?$Array@UPxBounds3V@physx@@VNamedAllocator@shdfnd@2@@shdfnd@physx@@QAE@ABVNamedAllocator@12@@Z 10006db0 f i RTreeCooking.obj
 0001:00005e00       ??0?$Array@URTreeNodeNQ@physx@@VNamedAllocator@shdfnd@2@@shdfnd@physx@@QAE@ABVNamedAllocator@12@@Z 10006e00 f i RTreeCooking.obj
 0001:00005e50       ??0?$Array@URTreeNodeQ@Gu@physx@@VNamedAllocator@shdfnd@3@@shdfnd@physx@@QAE@ABVNamedAllocator@12@@Z 10006e50 f i RTreeCooking.obj
 0001:00005ea0       ??0?$Array@VPxVec3@physx@@VNamedAllocator@shdfnd@2@@shdfnd@physx@@QAE@ABVNamedAllocator@12@@Z 10006ea0 f i RTreeCooking.obj
 0001:00005ef0       ??0?$InlineAllocator@$0CA@VNamedAllocator@shdfnd@physx@@@shdfnd@physx@@QAE@ABV012@@Z 10006ef0 f i RTreeCooking.obj
 0001:00005f20       ??0?$InlineAllocator@$0CA@VNamedAllocator@shdfnd@physx@@@shdfnd@physx@@QAE@ABVNamedAllocator@12@@Z 10006f20 f i RTreeCooking.obj
 0001:00005f50       ??0?$InlineArray@UInterval@physx@@$03VNamedAllocator@shdfnd@2@@shdfnd@physx@@QAE@ABVNamedAllocator@12@@Z 10006f50 f i RTreeCooking.obj
 0001:00005fb0       ??0?$ScopedPointer@HVTempAllocator@shdfnd@physx@@@shdfnd@physx@@QAE@XZ 10006fb0 f i RTreeCooking.obj
 0001:00005fd0       ??0?$Stack@VNamedAllocator@shdfnd@physx@@@internal@shdfnd@physx@@QAE@PAHIABVNamedAllocator@23@@Z 10006fd0 f i RTreeCooking.obj
 0001:00006020       ??0BoundsLTE@physx@@QAE@IPBVPxVec3@1@@Z 10007020 f i RTreeCooking.obj
 0001:00006050       ??0Interval@physx@@QAE@II@Z 10007050 f i RTreeCooking.obj
 0001:00006080       ??0PxBounds3@physx@@QAE@ABV01@@Z 10007080 f i RTreeCooking.obj
 0001:000060c0       ??0PxBounds3@physx@@QAE@ABVPxVec3@1@0@Z 100070c0 f i RTreeCooking.obj
 0001:00006100       ??0PxBounds3V@physx@@QAE@AAT__m128@@0@Z 10007100 f i RTreeCooking.obj
 0001:00006140       ??0PxBounds3V@physx@@QAE@UU@01@@Z 10007140 f i RTreeCooking.obj
 0001:00006160       ??0PxVec3@physx@@QAE@ABV01@@Z 10007160 f i RTreeCooking.obj
 0001:000061a0       ??0PxVec3@physx@@QAE@M@Z   100071a0 f i RTreeCooking.obj
 0001:000061f0       ??0PxVec3@physx@@QAE@MMM@Z 100071f0 f i RTreeCooking.obj
 0001:00006240       ??0PxVec4@physx@@QAE@ABVPxVec3@1@M@Z 10007240 f i RTreeCooking.obj
 0001:00006290       ??0PxVec4@physx@@QAE@M@Z   10007290 f i RTreeCooking.obj
 0001:000062f0       ??0PxVec4@physx@@QAE@MMMM@Z 100072f0 f i RTreeCooking.obj
 0001:00006350       ??0RTreeNodeNQ@physx@@QAE@ABU01@@Z 10007350 f i RTreeCooking.obj
 0001:000063a0       ??0RTreeNodeNQ@physx@@QAE@XZ 100073a0 f i RTreeCooking.obj
 0001:000063e0       ??0SortBoundsPredicate@physx@@QAE@IPBUPxBounds3V@1@@Z 100073e0 f i RTreeCooking.obj
 0001:00006410       ??0SubSortQuick@physx@@QAE@PAIPBUPxBounds3V@1@IM@Z 10007410 f i RTreeCooking.obj
 0001:00006570       ??0SubSortSAH@physx@@QAE@PAIPBUPxBounds3V@1@IPBI22222M@Z 10007570 f i RTreeCooking.obj
 0001:00006710       ??1?$Array@IVNamedAllocator@shdfnd@physx@@@shdfnd@physx@@QAE@XZ 10007710 f i RTreeCooking.obj
 0001:00006780       ??1?$Array@UInterval@physx@@V?$InlineAllocator@$0CA@VNamedAllocator@shdfnd@physx@@@shdfnd@2@@shdfnd@physx@@QAE@XZ 10007780 f i RTreeCooking.obj
 0001:000067f0       ??1?$Array@UPxBounds3V@physx@@VNamedAllocator@shdfnd@2@@shdfnd@physx@@QAE@XZ 100077f0 f i RTreeCooking.obj
 0001:00006860       ??1?$Array@URTreeNodeNQ@physx@@VNamedAllocator@shdfnd@2@@shdfnd@physx@@QAE@XZ 10007860 f i RTreeCooking.obj
 0001:000068d0       ??1?$Array@URTreeNodeQ@Gu@physx@@VNamedAllocator@shdfnd@3@@shdfnd@physx@@QAE@XZ 100078d0 f i RTreeCooking.obj
 0001:00006940       ??1?$Array@VPxVec3@physx@@VNamedAllocator@shdfnd@2@@shdfnd@physx@@QAE@XZ 10007940 f i RTreeCooking.obj
 0001:000069b0       ??1?$InlineAllocator@$0CA@VNamedAllocator@shdfnd@physx@@@shdfnd@physx@@QAE@XZ 100079b0 f i RTreeCooking.obj
 0001:000069d0       ??1?$InlineArray@UInterval@physx@@$03VNamedAllocator@shdfnd@2@@shdfnd@physx@@QAE@XZ 100079d0 f i RTreeCooking.obj
 0001:000069f0       ??1?$ScopedPointer@HVTempAllocator@shdfnd@physx@@@shdfnd@physx@@QAE@XZ 100079f0 f i RTreeCooking.obj
 0001:00006a20       ??1?$Stack@VNamedAllocator@shdfnd@physx@@@internal@shdfnd@physx@@QAE@XZ 10007a20 f i RTreeCooking.obj
 0001:00006a60       ??1SubSortQuick@physx@@QAE@XZ 10007a60 f i RTreeCooking.obj
 0001:00006a80       ??1SubSortSAH@physx@@QAE@XZ 10007a80 f i RTreeCooking.obj
 0001:00006b30       ??2@YAPAXIPAX@Z            10007b30 f i RTreeCooking.obj
 0001:00006b40       ??4PxVec3@physx@@QAEAAV01@ABV01@@Z 10007b40 f i RTreeCooking.obj
 0001:00006b80       ??4PxVec4@physx@@QAEAAV01@ABV01@@Z 10007b80 f i RTreeCooking.obj
 0001:00006bd0       ??A?$Array@IVNamedAllocator@shdfnd@physx@@@shdfnd@physx@@QAEAAII@Z 10007bd0 f i RTreeCooking.obj
 0001:00006c40       ??A?$Array@UInterval@physx@@V?$InlineAllocator@$0CA@VNamedAllocator@shdfnd@physx@@@shdfnd@2@@shdfnd@physx@@QAEAAUInterval@2@I@Z 10007c40 f i RTreeCooking.obj
 0001:00006cc0       ??A?$Array@URTreeNodeNQ@physx@@VNamedAllocator@shdfnd@2@@shdfnd@physx@@QAEAAURTreeNodeNQ@2@I@Z 10007cc0 f i RTreeCooking.obj
 0001:00006d30       ??A?$Array@URTreeNodeQ@Gu@physx@@VNamedAllocator@shdfnd@3@@shdfnd@physx@@QAEAAURTreeNodeQ@Gu@2@I@Z 10007d30 f i RTreeCooking.obj
 0001:00006da0       ??APxVec3@physx@@QBEABMI@Z 10007da0 f i RTreeCooking.obj
 0001:00006e10       ??B?$ScopedPointer@HVTempAllocator@shdfnd@physx@@@shdfnd@physx@@QBEPAHXZ 10007e10 f i RTreeCooking.obj
 0001:00006e30       ??GPxVec4@physx@@QBE?AV01@ABV01@@Z 10007e30 f i RTreeCooking.obj
 0001:00006ec0       ??HPxVec3@physx@@QBE?AV01@ABV01@@Z 10007ec0 f i RTreeCooking.obj
 0001:00006f30       ??KPxVec4@physx@@QBE?AV01@M@Z 10007f30 f i RTreeCooking.obj
 0001:00006fd0       ??R?$Less@I@shdfnd@physx@@QBE_NABI0@Z 10007fd0 f i RTreeCooking.obj
 0001:00007010       ??RBoundsLTE@physx@@QBE_NABI0@Z 10008010 f i RTreeCooking.obj
 0001:000070a0       ??RSortBoundsPredicate@physx@@QBE_NABI0@Z 100080a0 f i RTreeCooking.obj
 0001:000071d0       ?FLoad@aos@shdfnd@physx@@YA?AT__m128@@M@Z 100081d0 f i RTreeCooking.obj
 0001:00007210       ?FMax@aos@shdfnd@physx@@YA?AT__m128@@XZ 10008210 f i RTreeCooking.obj
 0001:00007260       ?FNegMax@aos@shdfnd@physx@@YA?AT__m128@@XZ 10008260 f i RTreeCooking.obj
 0001:000072b0       ?FStore@aos@shdfnd@physx@@YAXT__m128@@PIAM@Z 100082b0 f i RTreeCooking.obj
 0001:000072f0       ?PxAbs@physx@@YAHH@Z       100082f0 f i RTreeCooking.obj
 0001:00007300       ?PxIsFinite@physx@@YA_NM@Z 10008300 f i RTreeCooking.obj
 0001:00007320       ?PxMemCopy@physx@@YAPAXPIAXPIBXI@Z 10008320 f i RTreeCooking.obj
 0001:00007340       ?V3Add@aos@shdfnd@physx@@YA?AT__m128@@T4@0@Z 10008340 f i RTreeCooking.obj
 0001:00007390       ?V3Dot@aos@shdfnd@physx@@YA?AT__m128@@T4@0@Z 10008390 f i RTreeCooking.obj
 0001:00007470       ?V3Load@aos@shdfnd@physx@@YA?AT__m128@@M@Z 10008470 f i RTreeCooking.obj
 0001:000074d0       ?V3LoadU@aos@shdfnd@physx@@YA?AT__m128@@ABVPxVec3@3@@Z 100084d0 f i RTreeCooking.obj
 0001:00007540       ?V3Max@aos@shdfnd@physx@@YA?AT__m128@@T4@0@Z 10008540 f i RTreeCooking.obj
 0001:00007590       ?V3Min@aos@shdfnd@physx@@YA?AT__m128@@T4@0@Z 10008590 f i RTreeCooking.obj
 0001:000075e0       ?V3PermZXY@aos@shdfnd@physx@@YA?AT__m128@@T4@@Z 100085e0 f i RTreeCooking.obj
 0001:00007630       ?V3ReadXYZ@aos@shdfnd@physx@@YAABVPxVec3@3@ABT__m128@@@Z 10008630 f i RTreeCooking.obj
 0001:00007640       ?V3Splat@aos@shdfnd@physx@@YA?AT__m128@@T4@@Z 10008640 f i RTreeCooking.obj
 0001:000076c0       ?V3StoreA@aos@shdfnd@physx@@YAXT__m128@@AAVPxVec3@3@@Z 100086c0 f i RTreeCooking.obj
 0001:00007760       ?V3Sub@aos@shdfnd@physx@@YA?AT__m128@@T4@0@Z 10008760 f i RTreeCooking.obj
 0001:000077b0       ?V3Zero@aos@shdfnd@physx@@YA?AT__m128@@XZ 100087b0 f i RTreeCooking.obj
 0001:000077f0       ?V4ClearW@aos@shdfnd@physx@@YA?AT__m128@@T4@@Z 100087f0 f i RTreeCooking.obj
 0001:00007840       ?V4Load@aos@shdfnd@physx@@YA?AT__m128@@M@Z 10008840 f i RTreeCooking.obj
 0001:00007880       ?Vec3V_From_FloatV@aos@shdfnd@physx@@YA?AT__m128@@T4@@Z 10008880 f i RTreeCooking.obj
 0001:000078e0       ?Vec3V_From_Vec4V@aos@shdfnd@physx@@YA?AT__m128@@T4@@Z 100088e0 f i RTreeCooking.obj
 0001:00007930       ?Vec4V_From_FloatV@aos@shdfnd@physx@@YA?AT__m128@@T4@@Z 10008930 f i RTreeCooking.obj
 0001:00007970       ?allocate@?$AlignedAllocator@$0IA@VAllocator@shdfnd@physx@@@shdfnd@physx@@QAEPAXIPBDH@Z 10008970 f i RTreeCooking.obj
 0001:000079f0       ?allocate@?$Array@IVNamedAllocator@shdfnd@physx@@@shdfnd@physx@@IAEPAII@Z 100089f0 f i RTreeCooking.obj
 0001:00007a70       ?allocate@?$Array@UInterval@physx@@V?$InlineAllocator@$0CA@VNamedAllocator@shdfnd@physx@@@shdfnd@2@@shdfnd@physx@@IAEPAUInterval@3@I@Z 10008a70 f i RTreeCooking.obj
 0001:00007af0       ?allocate@?$Array@UPxBounds3V@physx@@VNamedAllocator@shdfnd@2@@shdfnd@physx@@IAEPAUPxBounds3V@3@I@Z 10008af0 f i RTreeCooking.obj
 0001:00007b70       ?allocate@?$Array@URTreeNodeNQ@physx@@VNamedAllocator@shdfnd@2@@shdfnd@physx@@IAEPAURTreeNodeNQ@3@I@Z 10008b70 f i RTreeCooking.obj
 0001:00007bf0       ?allocate@?$Array@URTreeNodeQ@Gu@physx@@VNamedAllocator@shdfnd@3@@shdfnd@physx@@IAEPAURTreeNodeQ@Gu@3@I@Z 10008bf0 f i RTreeCooking.obj
 0001:00007c70       ?allocate@?$Array@VPxVec3@physx@@VNamedAllocator@shdfnd@2@@shdfnd@physx@@IAEPAVPxVec3@3@I@Z 10008c70 f i RTreeCooking.obj
 0001:00007cf0       ?allocate@?$InlineAllocator@$0CA@VNamedAllocator@shdfnd@physx@@@shdfnd@physx@@QAEPAXIPBDH@Z 10008cf0 f i RTreeCooking.obj
 0001:00007d40       ?begin@?$Array@IVNamedAllocator@shdfnd@physx@@@shdfnd@physx@@QAEPAIXZ 10008d40 f i RTreeCooking.obj
 0001:00007d60       ?begin@?$Array@UPxBounds3V@physx@@VNamedAllocator@shdfnd@2@@shdfnd@physx@@QAEPAUPxBounds3V@3@XZ 10008d60 f i RTreeCooking.obj
 0001:00007d80       ?begin@?$Array@VPxVec3@physx@@VNamedAllocator@shdfnd@2@@shdfnd@physx@@QAEPAVPxVec3@3@XZ 10008d80 f i RTreeCooking.obj
 0001:00007da0       ?capacity@?$Array@IVNamedAllocator@shdfnd@physx@@@shdfnd@physx@@QBEIXZ 10008da0 f i RTreeCooking.obj
 0001:00007dc0       ?capacity@?$Array@UInterval@physx@@V?$InlineAllocator@$0CA@VNamedAllocator@shdfnd@physx@@@shdfnd@2@@shdfnd@physx@@QBEIXZ 10008dc0 f i RTreeCooking.obj
 0001:00007de0       ?capacity@?$Array@UPxBounds3V@physx@@VNamedAllocator@shdfnd@2@@shdfnd@physx@@QBEIXZ 10008de0 f i RTreeCooking.obj
 0001:00007e00       ?capacity@?$Array@URTreeNodeNQ@physx@@VNamedAllocator@shdfnd@2@@shdfnd@physx@@QBEIXZ 10008e00 f i RTreeCooking.obj
 0001:00007e20       ?capacity@?$Array@URTreeNodeQ@Gu@physx@@VNamedAllocator@shdfnd@3@@shdfnd@physx@@QBEIXZ 10008e20 f i RTreeCooking.obj
 0001:00007e40       ?capacity@?$Array@VPxVec3@physx@@VNamedAllocator@shdfnd@2@@shdfnd@physx@@QBEIXZ 10008e40 f i RTreeCooking.obj
 0001:00007e60       ?capacityIncrement@?$Array@IVNamedAllocator@shdfnd@physx@@@shdfnd@physx@@IBEIXZ 10008e60 f i RTreeCooking.obj
 0001:00007ea0       ?capacityIncrement@?$Array@UInterval@physx@@V?$InlineAllocator@$0CA@VNamedAllocator@shdfnd@physx@@@shdfnd@2@@shdfnd@physx@@IBEIXZ 10008ea0 f i RTreeCooking.obj
 0001:00007ee0       ?capacityIncrement@?$Array@UPxBounds3V@physx@@VNamedAllocator@shdfnd@2@@shdfnd@physx@@IBEIXZ 10008ee0 f i RTreeCooking.obj
 0001:00007f20       ?capacityIncrement@?$Array@URTreeNodeNQ@physx@@VNamedAllocator@shdfnd@2@@shdfnd@physx@@IBEIXZ 10008f20 f i RTreeCooking.obj
 0001:00007f60       ?capacityIncrement@?$Array@URTreeNodeQ@Gu@physx@@VNamedAllocator@shdfnd@3@@shdfnd@physx@@IBEIXZ 10008f60 f i RTreeCooking.obj
 0001:00007fa0       ?capacityIncrement@?$Array@VPxVec3@physx@@VNamedAllocator@shdfnd@2@@shdfnd@physx@@IBEIXZ 10008fa0 f i RTreeCooking.obj
 0001:00007fe0       ?computeSA@SubSortSAH@physx@@QAEMPBIABUInterval@2@@Z 10008fe0 f i RTreeCooking.obj
 0001:00008160       ?copy@?$Array@IVNamedAllocator@shdfnd@physx@@@shdfnd@physx@@KAXPAI0PBI@Z 10009160 f i RTreeCooking.obj
 0001:000081d0       ?copy@?$Array@UInterval@physx@@V?$InlineAllocator@$0CA@VNamedAllocator@shdfnd@physx@@@shdfnd@2@@shdfnd@physx@@KAXPAUInterval@3@0PBU43@@Z 100091d0 f i RTreeCooking.obj
 0001:00008250       ?copy@?$Array@UPxBounds3V@physx@@VNamedAllocator@shdfnd@2@@shdfnd@physx@@KAXPAUPxBounds3V@3@0PBU43@@Z 10009250 f i RTreeCooking.obj
 0001:000082d0       ?copy@?$Array@URTreeNodeNQ@physx@@VNamedAllocator@shdfnd@2@@shdfnd@physx@@KAXPAURTreeNodeNQ@3@0PBU43@@Z 100092d0 f i RTreeCooking.obj
 0001:00008340       ?copy@?$Array@URTreeNodeQ@Gu@physx@@VNamedAllocator@shdfnd@3@@shdfnd@physx@@KAXPAURTreeNodeQ@Gu@3@0PBU453@@Z 10009340 f i RTreeCooking.obj
 0001:000083c0       ?copy@?$Array@VPxVec3@physx@@VNamedAllocator@shdfnd@2@@shdfnd@physx@@KAXPAVPxVec3@3@0PBV43@@Z 100093c0 f i RTreeCooking.obj
 0001:00008430       ?create@?$Array@IVNamedAllocator@shdfnd@physx@@@shdfnd@physx@@KAXPAI0ABI@Z 10009430 f i RTreeCooking.obj
 0001:000084a0       ?deallocate@?$Array@IVNamedAllocator@shdfnd@physx@@@shdfnd@physx@@IAEXPAX@Z 100094a0 f i RTreeCooking.obj
 0001:000084c0       ?deallocate@?$Array@UInterval@physx@@V?$InlineAllocator@$0CA@VNamedAllocator@shdfnd@physx@@@shdfnd@2@@shdfnd@physx@@IAEXPAX@Z 100094c0 f i RTreeCooking.obj
 0001:000084e0       ?deallocate@?$Array@UPxBounds3V@physx@@VNamedAllocator@shdfnd@2@@shdfnd@physx@@IAEXPAX@Z 100094e0 f i RTreeCooking.obj
 0001:00008500       ?deallocate@?$Array@URTreeNodeNQ@physx@@VNamedAllocator@shdfnd@2@@shdfnd@physx@@IAEXPAX@Z 10009500 f i RTreeCooking.obj
 0001:00008520       ?deallocate@?$Array@URTreeNodeQ@Gu@physx@@VNamedAllocator@shdfnd@3@@shdfnd@physx@@IAEXPAX@Z 10009520 f i RTreeCooking.obj
 0001:00008540       ?deallocate@?$Array@VPxVec3@physx@@VNamedAllocator@shdfnd@2@@shdfnd@physx@@IAEXPAX@Z 10009540 f i RTreeCooking.obj
 0001:00008560       ?deallocate@?$InlineAllocator@$0CA@VNamedAllocator@shdfnd@physx@@@shdfnd@physx@@QAEXPAX@Z 10009560 f i RTreeCooking.obj
 0001:000085a0       ?destroy@?$Array@IVNamedAllocator@shdfnd@physx@@@shdfnd@physx@@KAXPAI0@Z 100095a0 f i RTreeCooking.obj
 0001:000085c0       ?destroy@?$Array@UInterval@physx@@V?$InlineAllocator@$0CA@VNamedAllocator@shdfnd@physx@@@shdfnd@2@@shdfnd@physx@@KAXPAUInterval@3@0@Z 100095c0 f i RTreeCooking.obj
 0001:000085e0       ?destroy@?$Array@UPxBounds3V@physx@@VNamedAllocator@shdfnd@2@@shdfnd@physx@@KAXPAUPxBounds3V@3@0@Z 100095e0 f i RTreeCooking.obj
 0001:00008600       ?destroy@?$Array@URTreeNodeNQ@physx@@VNamedAllocator@shdfnd@2@@shdfnd@physx@@KAXPAURTreeNodeNQ@3@0@Z 10009600 f i RTreeCooking.obj
 0001:00008620       ?destroy@?$Array@URTreeNodeQ@Gu@physx@@VNamedAllocator@shdfnd@3@@shdfnd@physx@@KAXPAURTreeNodeQ@Gu@3@0@Z 10009620 f i RTreeCooking.obj
 0001:00008640       ?destroy@?$Array@VPxVec3@physx@@VNamedAllocator@shdfnd@2@@shdfnd@physx@@KAXPAVPxVec3@3@0@Z 10009640 f i RTreeCooking.obj
 0001:00008660       ?empty@?$Stack@VNamedAllocator@shdfnd@physx@@@internal@shdfnd@physx@@QAE_NXZ 10009660 f i RTreeCooking.obj
 0001:000086a0       ?empty@PxBounds3@physx@@SA?AV12@XZ 100096a0 f i RTreeCooking.obj
 0001:00008700       ?getExtents@PxBounds3V@physx@@QBE?AT__m128@@XZ 10009700 f i RTreeCooking.obj
 0001:00008760       ?getMaxVec3@PxBounds3V@physx@@QBEABVPxVec3@2@XZ 10009760 f i RTreeCooking.obj
 0001:00008780       ?getMinVec3@PxBounds3V@physx@@QBEABVPxVec3@2@XZ 10009780 f i RTreeCooking.obj
 0001:000087a0       ?grow@?$Array@IVNamedAllocator@shdfnd@physx@@@shdfnd@physx@@IAEXI@Z 100097a0 f i RTreeCooking.obj
 0001:00008820       ?grow@?$Array@UPxBounds3V@physx@@VNamedAllocator@shdfnd@2@@shdfnd@physx@@IAEXI@Z 10009820 f i RTreeCooking.obj
 0001:000088a0       ?grow@?$Array@URTreeNodeNQ@physx@@VNamedAllocator@shdfnd@2@@shdfnd@physx@@IAEXI@Z 100098a0 f i RTreeCooking.obj
 0001:00008920       ?grow@?$Array@URTreeNodeQ@Gu@physx@@VNamedAllocator@shdfnd@3@@shdfnd@physx@@IAEXI@Z 10009920 f i RTreeCooking.obj
 0001:000089a0       ?grow@?$Array@VPxVec3@physx@@VNamedAllocator@shdfnd@2@@shdfnd@physx@@IAEXI@Z 100099a0 f i RTreeCooking.obj
 0001:00008a20       ?grow@?$Stack@VNamedAllocator@shdfnd@physx@@@internal@shdfnd@physx@@QAEXXZ 10009a20 f i RTreeCooking.obj
 0001:00008ad0       ?growAndPushBack@?$Array@IVNamedAllocator@shdfnd@physx@@@shdfnd@physx@@IAEAAIABI@Z 10009ad0 f i RTreeCooking.obj
 0001:00008c60       ?growAndPushBack@?$Array@UInterval@physx@@V?$InlineAllocator@$0CA@VNamedAllocator@shdfnd@physx@@@shdfnd@2@@shdfnd@physx@@IAEAAUInterval@3@ABU43@@Z 10009c60 f i RTreeCooking.obj
 0001:00008e00       ?growAndPushBack@?$Array@UPxBounds3V@physx@@VNamedAllocator@shdfnd@2@@shdfnd@physx@@IAEAAUPxBounds3V@3@ABU43@@Z 10009e00 f i RTreeCooking.obj
 0001:00008f90       ?growAndPushBack@?$Array@URTreeNodeNQ@physx@@VNamedAllocator@shdfnd@2@@shdfnd@physx@@IAEAAURTreeNodeNQ@3@ABU43@@Z 10009f90 f i RTreeCooking.obj
 0001:00009120       ?growAndPushBack@?$Array@URTreeNodeQ@Gu@physx@@VNamedAllocator@shdfnd@3@@shdfnd@physx@@IAEAAURTreeNodeQ@Gu@3@ABU453@@Z 1000a120 f i RTreeCooking.obj
 0001:000092b0       ?growAndPushBack@?$Array@VPxVec3@physx@@VNamedAllocator@shdfnd@2@@shdfnd@physx@@IAEAAVPxVec3@3@ABV43@@Z 1000a2b0 f i RTreeCooking.obj
 0001:00009430       ?include@PxBounds3V@physx@@QAEXABU12@@Z 1000a430 f i RTreeCooking.obj
 0001:000094b0       ?isFinite@PxBounds3@physx@@QBE_NXZ 1000a4b0 f i RTreeCooking.obj
 0001:00009510       ?isFinite@PxVec3@physx@@QBE_NXZ 1000a510 f i RTreeCooking.obj
 0001:000095b0       ?isFinite@intrinsics@physx@@YA_NM@Z 1000a5b0 f i RTreeCooking.obj
 0001:00009600       ?isInUserMemory@?$Array@IVNamedAllocator@shdfnd@physx@@@shdfnd@physx@@QBEIXZ 1000a600 f i RTreeCooking.obj
 0001:00009620       ?isInUserMemory@?$Array@UInterval@physx@@V?$InlineAllocator@$0CA@VNamedAllocator@shdfnd@physx@@@shdfnd@2@@shdfnd@physx@@QBEIXZ 1000a620 f i RTreeCooking.obj
 0001:00009640       ?isInUserMemory@?$Array@UPxBounds3V@physx@@VNamedAllocator@shdfnd@2@@shdfnd@physx@@QBEIXZ 1000a640 f i RTreeCooking.obj
 0001:00009660       ?isInUserMemory@?$Array@URTreeNodeNQ@physx@@VNamedAllocator@shdfnd@2@@shdfnd@physx@@QBEIXZ 1000a660 f i RTreeCooking.obj
 0001:00009680       ?isInUserMemory@?$Array@URTreeNodeQ@Gu@physx@@VNamedAllocator@shdfnd@3@@shdfnd@physx@@QBEIXZ 1000a680 f i RTreeCooking.obj
 0001:000096a0       ?isInUserMemory@?$Array@VPxVec3@physx@@VNamedAllocator@shdfnd@2@@shdfnd@physx@@QBEIXZ 1000a6a0 f i RTreeCooking.obj
 0001:000096c0       ?isInside@PxBounds3@physx@@QBE_NABV12@@Z 1000a6c0 f i RTreeCooking.obj
 0001:000097e0       ?isLeaf@RTreeNodeQ@Gu@physx@@QBEIXZ 1000a7e0 f i RTreeCooking.obj
 0001:00009800       ?isValid@PxBounds3@physx@@QBE_NXZ 1000a800 f i RTreeCooking.obj
 0001:00009920       ?memCopy@intrinsics@physx@@YAPAXPIAXPIBXI@Z 1000a920 f i RTreeCooking.obj
 0001:00009940       ?pop@?$Stack@VNamedAllocator@shdfnd@physx@@@internal@shdfnd@physx@@QAEXAAH0@Z 1000a940 f i RTreeCooking.obj
 0001:00009a10       ?popBack@?$Array@IVNamedAllocator@shdfnd@physx@@@shdfnd@physx@@QAEIXZ 1000aa10 f i RTreeCooking.obj
 0001:00009ab0       ?push@?$Stack@VNamedAllocator@shdfnd@physx@@@internal@shdfnd@physx@@QAEXHH@Z 1000aab0 f i RTreeCooking.obj
 0001:00009b40       ?pushBack@?$Array@IVNamedAllocator@shdfnd@physx@@@shdfnd@physx@@QAEAAIABI@Z 1000ab40 f i RTreeCooking.obj
 0001:00009bf0       ?pushBack@?$Array@UInterval@physx@@V?$InlineAllocator@$0CA@VNamedAllocator@shdfnd@physx@@@shdfnd@2@@shdfnd@physx@@QAEAAUInterval@3@ABU43@@Z 1000abf0 f i RTreeCooking.obj
 0001:00009cb0       ?pushBack@?$Array@UPxBounds3V@physx@@VNamedAllocator@shdfnd@2@@shdfnd@physx@@QAEAAUPxBounds3V@3@ABU43@@Z 1000acb0 f i RTreeCooking.obj
 0001:00009d70       ?pushBack@?$Array@URTreeNodeNQ@physx@@VNamedAllocator@shdfnd@2@@shdfnd@physx@@QAEAAURTreeNodeNQ@3@ABU43@@Z 1000ad70 f i RTreeCooking.obj
 0001:00009e20       ?pushBack@?$Array@URTreeNodeQ@Gu@physx@@VNamedAllocator@shdfnd@3@@shdfnd@physx@@QAEAAURTreeNodeQ@Gu@3@ABU453@@Z 1000ae20 f i RTreeCooking.obj
 0001:00009ee0       ?pushBack@?$Array@VPxVec3@physx@@VNamedAllocator@shdfnd@2@@shdfnd@physx@@QAEAAVPxVec3@3@ABV43@@Z 1000aee0 f i RTreeCooking.obj
 0001:00009f90       ?recreate@?$Array@IVNamedAllocator@shdfnd@physx@@@shdfnd@physx@@IAEXI@Z 1000af90 f i RTreeCooking.obj
 0001:0000a0a0       ?recreate@?$Array@UPxBounds3V@physx@@VNamedAllocator@shdfnd@2@@shdfnd@physx@@IAEXI@Z 1000b0a0 f i RTreeCooking.obj
 0001:0000a1b0       ?recreate@?$Array@URTreeNodeNQ@physx@@VNamedAllocator@shdfnd@2@@shdfnd@physx@@IAEXI@Z 1000b1b0 f i RTreeCooking.obj
 0001:0000a2c0       ?recreate@?$Array@URTreeNodeQ@Gu@physx@@VNamedAllocator@shdfnd@3@@shdfnd@physx@@IAEXI@Z 1000b2c0 f i RTreeCooking.obj
 0001:0000a3c0       ?recreate@?$Array@VPxVec3@physx@@VNamedAllocator@shdfnd@2@@shdfnd@physx@@IAEXI@Z 1000b3c0 f i RTreeCooking.obj
 0001:0000a4c0       ?replaceWithLast@?$Array@UInterval@physx@@V?$InlineAllocator@$0CA@VNamedAllocator@shdfnd@physx@@@shdfnd@2@@shdfnd@physx@@QAEXI@Z 1000b4c0 f i RTreeCooking.obj
 0001:0000a570       ?reserve@?$Array@IVNamedAllocator@shdfnd@physx@@@shdfnd@physx@@QAEXI@Z 1000b570 f i RTreeCooking.obj
 0001:0000a5a0       ?reserve@?$Array@UPxBounds3V@physx@@VNamedAllocator@shdfnd@2@@shdfnd@physx@@QAEXI@Z 1000b5a0 f i RTreeCooking.obj
 0001:0000a5d0       ?reserve@?$Array@URTreeNodeNQ@physx@@VNamedAllocator@shdfnd@2@@shdfnd@physx@@QAEXI@Z 1000b5d0 f i RTreeCooking.obj
 0001:0000a600       ?reserve@?$Array@URTreeNodeQ@Gu@physx@@VNamedAllocator@shdfnd@3@@shdfnd@physx@@QAEXI@Z 1000b600 f i RTreeCooking.obj
 0001:0000a630       ?reserve@?$Array@VPxVec3@physx@@VNamedAllocator@shdfnd@2@@shdfnd@physx@@QAEXI@Z 1000b630 f i RTreeCooking.obj
 0001:0000a660       ?resize@?$Array@IVNamedAllocator@shdfnd@physx@@@shdfnd@physx@@QAEXIABI@Z 1000b660 f i RTreeCooking.obj
 0001:0000a6f0       ?resizeUninitialized@?$Array@URTreeNodeNQ@physx@@VNamedAllocator@shdfnd@2@@shdfnd@physx@@QAEXI@Z 1000b6f0 f i RTreeCooking.obj
 0001:0000a720       ?selectMax@intrinsics@physx@@YAMMM@Z 1000b720 f i RTreeCooking.obj
 0001:0000a760       ?selectMin@intrinsics@physx@@YAMMM@Z 1000b760 f i RTreeCooking.obj
 0001:0000a7a0       ?setEmpty@PxBounds3@physx@@QAEXXZ 1000b7a0 f i RTreeCooking.obj
 0001:0000a810       ?setLeaf@RTreeNodeQ@Gu@physx@@QAEX_N@Z 1000b810 f i RTreeCooking.obj
 0001:0000a860       ?size@?$Array@IVNamedAllocator@shdfnd@physx@@@shdfnd@physx@@QBEIXZ 1000b860 f i RTreeCooking.obj
 0001:0000a880       ?size@?$Array@UInterval@physx@@V?$InlineAllocator@$0CA@VNamedAllocator@shdfnd@physx@@@shdfnd@2@@shdfnd@physx@@QBEIXZ 1000b880 f i RTreeCooking.obj
 0001:0000a8a0       ?size@?$Array@URTreeNodeNQ@physx@@VNamedAllocator@shdfnd@2@@shdfnd@physx@@QBEIXZ 1000b8a0 f i RTreeCooking.obj
 0001:0000a8c0       ?size@?$Array@URTreeNodeQ@Gu@physx@@VNamedAllocator@shdfnd@3@@shdfnd@physx@@QBEIXZ 1000b8c0 f i RTreeCooking.obj
 0001:0000a8e0       ?size@?$Array@VPxVec3@physx@@VNamedAllocator@shdfnd@2@@shdfnd@physx@@QBEIXZ 1000b8e0 f i RTreeCooking.obj
 0001:0000a900       ?sort4@SubSortQuick@physx@@QAEXPIAIIAAV?$Array@URTreeNodeNQ@physx@@VNamedAllocator@shdfnd@2@@shdfnd@2@AAIAAUPxBounds3V@2@I@Z 1000b900 f i RTreeCooking.obj
 0001:0000b150       ?sort4@SubSortSAH@physx@@QAEXPAIIAAV?$Array@URTreeNodeNQ@physx@@VNamedAllocator@shdfnd@2@@shdfnd@2@AAIIPAURTreeNodeNQ@2@@Z 1000c150 f i RTreeCooking.obj
 0001:0000bf00       ?split@SubSortSAH@physx@@QAEIPAII@Z 1000cf00 f i RTreeCooking.obj
 0001:0000cb80       ?loadFromDesc@TriangleMeshBuilder@physx@@QAE_NABVPxTriangleMeshDesc@2@ABUPxCookingParams@2@_N@Z 1000db80 f   TriangleMeshBuilder.obj
 0001:0000cd90       ?save@TriangleMeshBuilder@physx@@QBE_NAAVPxOutputStream@2@_NABUPxCookingParams@2@@Z 1000dd90 f   TriangleMeshBuilder.obj
 0001:0000d320       ?computeLocalBounds@TriangleMeshBuilder@physx@@IAEXXZ 1000e320 f   TriangleMeshBuilder.obj
 0001:0000d430       ?importMesh@TriangleMeshBuilder@physx@@IAE_NABVPxTriangleMeshDesc@2@ABUPxCookingParams@2@_N@Z 1000e430 f   TriangleMeshBuilder.obj
 0001:0000db50       ??$?_UI@@YAPAXIV?$ReflectionAllocator@I@shdfnd@physx@@PBDH@Z 1000eb50 f i TriangleMeshBuilder.obj
 0001:0000db70       ??0?$PxFlags@W4Enum@PxMeshFlag@physx@@G@physx@@QAE@ABV01@@Z 1000eb70 f i TriangleMeshBuilder.obj
 0001:0000dba0       ??0?$PxFlags@W4Enum@PxMeshFlag@physx@@G@physx@@QAE@W4Enum@PxMeshFlag@1@@Z 1000eba0 f i TriangleMeshBuilder.obj
 0001:0000dbc0       ??0?$PxFlags@W4Enum@PxMeshFlag@physx@@G@physx@@QAE@XZ 1000ebc0 f i TriangleMeshBuilder.obj
 0001:0000dbe0       ??0?$PxFlags@W4Enum@PxMeshPreprocessingFlag@physx@@I@physx@@QAE@ABV01@@Z 1000ebe0 f i TriangleMeshBuilder.obj
 0001:0000dc00       ??0?$ReflectionAllocator@I@shdfnd@physx@@QAE@PBD@Z 1000ec00 f i TriangleMeshBuilder.obj
 0001:0000dc20       ??0PxSimpleTriangleMesh@physx@@QAE@ABV01@@Z 1000ec20 f i TriangleMeshBuilder.obj
 0001:0000dc90       ??0PxTriangleMeshDesc@physx@@QAE@ABV01@@Z 1000ec90 f i TriangleMeshBuilder.obj
 0001:0000dce0       ??APxVec3@physx@@QAEAAMI@Z 1000ece0 f i TriangleMeshBuilder.obj
 0001:0000dd50       ??B?$PxFlags@W4Enum@PxMeshFlag@physx@@G@physx@@QBE_NXZ 1000ed50 f i TriangleMeshBuilder.obj
 0001:0000dd80       ??B?$PxFlags@W4Enum@PxMeshPreprocessingFlag@physx@@I@physx@@QBE_NXZ 1000ed80 f i TriangleMeshBuilder.obj
 0001:0000ddb0       ??I?$PxFlags@W4Enum@PxMeshFlag@physx@@G@physx@@QBE?AV01@W4Enum@PxMeshFlag@1@@Z 1000edb0 f i TriangleMeshBuilder.obj
 0001:0000de00       ??I?$PxFlags@W4Enum@PxMeshPreprocessingFlag@physx@@I@physx@@QBE?AV01@W4Enum@PxMeshPreprocessingFlag@1@@Z 1000ee00 f i TriangleMeshBuilder.obj
 0001:0000de40       ??S?$PxFlags@W4Enum@PxMeshFlag@physx@@G@physx@@QBE?AV01@XZ 1000ee40 f i TriangleMeshBuilder.obj
 0001:0000de80       ??Sphysx@@YA?AV?$PxFlags@W4Enum@PxMeshFlag@physx@@G@0@W4Enum@PxMeshFlag@0@@Z 1000ee80 f i TriangleMeshBuilder.obj
 0001:0000deb0       ??_4?$PxFlags@W4Enum@PxMeshFlag@physx@@G@physx@@QAEAAV01@ABV01@@Z 1000eeb0 f i TriangleMeshBuilder.obj
 0001:0000dee0       ??_H@YGXPAXIHP6EPAX0@Z@Z   1000eee0 f i TriangleMeshBuilder.obj
 0001:0000df10       ?PxAbs@physx@@YAMM@Z       1000ef10 f i TriangleMeshBuilder.obj
 0001:0000df30       ?abs@intrinsics@physx@@YAMM@Z 1000ef30 f i TriangleMeshBuilder.obj
 0001:0000df50       ?allocate@?$ReflectionAllocator@I@shdfnd@physx@@QAEPAXIPBDH@Z 1000ef50 f i TriangleMeshBuilder.obj
 0001:0000dfb0       ?fabs@@YAMM@Z              1000efb0 f i TriangleMeshBuilder.obj
 0001:0000dfd0       ?gatherStrided@shdfnd@physx@@YAXPBXPAXIII@Z 1000efd0 f i TriangleMeshBuilder.obj
 0001:0000e040       ?getFoundation@shdfnd@physx@@YAAAVFoundation@12@XZ 1000f040 f i TriangleMeshBuilder.obj
 0001:0000e050       ?getName@?$ReflectionAllocator@I@shdfnd@physx@@CAPBDXZ 1000f050 f i TriangleMeshBuilder.obj
 0001:0000e0a0       ?isValid@PxSimpleTriangleMesh@physx@@QBE_NXZ 1000f0a0 f i TriangleMeshBuilder.obj
 0001:0000e170       ?isValid@PxTriangleMeshDesc@physx@@QBE_NXZ 1000f170 f i TriangleMeshBuilder.obj
 0001:0000e1e0       ?to16@shdfnd@physx@@YAGI@Z 1000f1e0 f i TriangleMeshBuilder.obj
 0001:0000e240       ?writeIntBuffer@physx@@YAXPBII_NAAVPxOutputStream@1@@Z 1000f240 f i TriangleMeshBuilder.obj
 0001:0000e270       _fabsf                     1000f270 f i TriangleMeshBuilder.obj
 0001:0000e2a0       _powf                      1000f2a0 f i TriangleMeshBuilder.obj
 0001:0000e2e0       ??0BigConvexDataBuilder@physx@@QAE@PBUConvexHullData@Gu@1@PAVBigConvexData@1@PBVPxVec3@1@@Z 1000f2e0 f   BigConvexDataBuilder.obj
 0001:0000e310       ??1BigConvexDataBuilder@physx@@QAE@XZ 1000f310 f   BigConvexDataBuilder.obj
 0001:0000e320       ?Precompute@BigConvexDataBuilder@physx@@QAE_NI@Z 1000f320 f   BigConvexDataBuilder.obj
 0001:0000e6e0       ?Initialize@BigConvexDataBuilder@physx@@QAE_NXZ 1000f6e0 f   BigConvexDataBuilder.obj
 0001:0000e730       ?PrecomputeSample@BigConvexDataBuilder@physx@@QAE_NIABVPxVec3@2@@Z 1000f730 f   BigConvexDataBuilder.obj
 0001:0000e830       ?Save@BigConvexDataBuilder@physx@@QBE_NAAVPxOutputStream@2@_NIPBUHullTriangleData@2@@Z 1000f830 f   BigConvexDataBuilder.obj
 0001:0000e920       ?ComputeValencies@BigConvexDataBuilder@physx@@QBE_NIPBUHullTriangleData@2@@Z 1000f920 f   BigConvexDataBuilder.obj
 0001:0000e970       ?Compute@BigConvexDataBuilder@physx@@QBE_NABUVALENCIESCREATE@2@@Z 1000f970 f   BigConvexDataBuilder.obj
 0001:0000edd0       ?Save@BigConvexDataBuilder@physx@@QBE_NAAVPxOutputStream@2@_N@Z 1000fdd0 f   BigConvexDataBuilder.obj
 0001:0000f290       ??$?_UE@@YAPAXIV?$ReflectionAllocator@E@shdfnd@physx@@PBDH@Z 10010290 f i BigConvexDataBuilder.obj
 0001:0000f2b0       ??$?_UG@@YAPAXIV?$ReflectionAllocator@G@shdfnd@physx@@PBDH@Z 100102b0 f i BigConvexDataBuilder.obj
 0001:0000f2d0       ??$?_UUValency@Gu@physx@@@@YAPAXIV?$ReflectionAllocator@UValency@Gu@physx@@@shdfnd@physx@@PBDH@Z 100102d0 f i BigConvexDataBuilder.obj
 0001:0000f2f0       ??0?$ReflectionAllocator@E@shdfnd@physx@@QAE@PBD@Z 100102f0 f i BigConvexDataBuilder.obj
 0001:0000f310       ??0?$ReflectionAllocator@G@shdfnd@physx@@QAE@PBD@Z 10010310 f i BigConvexDataBuilder.obj
 0001:0000f330       ??0?$ReflectionAllocator@UValency@Gu@physx@@@shdfnd@physx@@QAE@PBD@Z 10010330 f i BigConvexDataBuilder.obj
 0001:0000f350       ??0EDGELISTCREATE@Gu@physx@@QAE@XZ 10010350 f i BigConvexDataBuilder.obj
 0001:0000f3c0       ??0PxVec3@physx@@QAE@XZ    100103c0 f i BigConvexDataBuilder.obj
 0001:0000f3e0       ??0VALENCIESCREATE@physx@@QAE@XZ 100103e0 f i BigConvexDataBuilder.obj
 0001:0000f410       ??_0PxVec3@physx@@QAEAAV01@M@Z 10010410 f i BigConvexDataBuilder.obj
 0001:0000f490       ?GetEdge@EdgeList@Gu@physx@@QBEABUEdgeData@23@I@Z 10010490 f i BigConvexDataBuilder.obj
 0001:0000f4b0       ?GetNbEdges@EdgeList@Gu@physx@@QBEIXZ 100104b0 f i BigConvexDataBuilder.obj
 0001:0000f4d0       ?PxMemZero@physx@@YAPAXPIAXI@Z 100104d0 f i BigConvexDataBuilder.obj
 0001:0000f4f0       ?PxSqrt@physx@@YAMM@Z      100104f0 f i BigConvexDataBuilder.obj
 0001:0000f510       ?allocate@?$ReflectionAllocator@E@shdfnd@physx@@QAEPAXIPBDH@Z 10010510 f i BigConvexDataBuilder.obj
 0001:0000f570       ?allocate@?$ReflectionAllocator@G@shdfnd@physx@@QAEPAXIPBDH@Z 10010570 f i BigConvexDataBuilder.obj
 0001:0000f5d0       ?allocate@?$ReflectionAllocator@UValency@Gu@physx@@@shdfnd@physx@@QAEPAXIPBDH@Z 100105d0 f i BigConvexDataBuilder.obj
 0001:0000f630       ?dot@PxVec3@physx@@QBEMABV12@@Z 10010630 f i BigConvexDataBuilder.obj
 0001:0000f690       ?getName@?$ReflectionAllocator@E@shdfnd@physx@@CAPBDXZ 10010690 f i BigConvexDataBuilder.obj
 0001:0000f6e0       ?getName@?$ReflectionAllocator@G@shdfnd@physx@@CAPBDXZ 100106e0 f i BigConvexDataBuilder.obj
 0001:0000f730       ?getName@?$ReflectionAllocator@UValency@Gu@physx@@@shdfnd@physx@@CAPBDXZ 10010730 f i BigConvexDataBuilder.obj
 0001:0000f780       ?magnitude@PxVec3@physx@@QBEMXZ 10010780 f i BigConvexDataBuilder.obj
 0001:0000f7b0       ?magnitudeSquared@PxVec3@physx@@QBEMXZ 100107b0 f i BigConvexDataBuilder.obj
 0001:0000f810       ?memZero@intrinsics@physx@@YAPAXPIAXI@Z 10010810 f i BigConvexDataBuilder.obj
 0001:0000f830       ?normalize@PxVec3@physx@@QAEMXZ 10010830 f i BigConvexDataBuilder.obj
 0001:0000f880       ?sqrt@intrinsics@physx@@YAMM@Z 10010880 f i BigConvexDataBuilder.obj
 0001:0000f8a0       _sqrtf                     100108a0 f i BigConvexDataBuilder.obj
 0001:0000f920       ??0ConvexHullBuilder@physx@@QAE@PAUConvexHullData@Gu@1@@Z 10010920 f   ConvexHullBuilder.obj
 0001:0000f9a0       ??1ConvexHullBuilder@physx@@QAE@XZ 100109a0 f   ConvexHullBuilder.obj
 0001:0000fab0       ?Init@ConvexHullBuilder@physx@@QAE_NIPBVPxVec3@2@IPBIIPBUPxHullPolygon@2@@Z 10010ab0 f   ConvexHullBuilder.obj
 0001:00010340       ?Save@ConvexHullBuilder@physx@@QBE_NAAVPxOutputStream@2@_N@Z 10011340 f   ConvexHullBuilder.obj
 0001:00010560       ?CreateEdgeList@ConvexHullBuilder@physx@@QAE_NXZ 10011560 f   ConvexHullBuilder.obj
 0001:00011060       ?CreatePolygonData@ConvexHullBuilder@physx@@QAE_NXZ 10012060 f   ConvexHullBuilder.obj
 0001:00011cb0       ?CheckHullPolygons@ConvexHullBuilder@physx@@QBE_NXZ 10012cb0 f   ConvexHullBuilder.obj
 0001:00012370       ?CreateTrianglesFromPolygons@ConvexHullBuilder@physx@@QAE_NXZ 10013370 f   ConvexHullBuilder.obj
 0001:000127e0       ?ComputeGeomCenter@ConvexHullBuilder@physx@@QBE_NAAVPxVec3@2@@Z 100137e0 f   ConvexHullBuilder.obj
 0001:00012930       ?CalculateVertexMapTable@ConvexHullBuilder@physx@@QAE_NI_N@Z 10013930 f   ConvexHullBuilder.obj
 0001:00012b50       ?ComputeHullPolygons@ConvexHullBuilder@physx@@QAE_NABIPBVPxVec3@2@0PBI@Z 10013b50 f   ConvexHullBuilder.obj
 0001:000162d0       ??$?_UUEdgeDescData@Gu@physx@@@@YAPAXIV?$ReflectionAllocator@UEdgeDescData@Gu@physx@@@shdfnd@physx@@PBDH@Z 100172d0 f i ConvexHullBuilder.obj
 0001:000162f0       ??$?_UUHullTriangleData@physx@@@@YAPAXIV?$ReflectionAllocator@UHullTriangleData@physx@@@shdfnd@physx@@PBDH@Z 100172f0 f i ConvexHullBuilder.obj
 0001:00016310       ??$PX_UNUSED@H@@YAXABH@Z   10017310 f i ConvexHullBuilder.obj
 0001:00016320       ??$PlaneEquation@U?$TriangleT@I@Gu@physx@@@@YA?AVPxPlane@physx@@ABU?$TriangleT@I@Gu@1@PBVPxVec3@1@@Z 10017320 f i ConvexHullBuilder.obj
 0001:000163a0       ??$swap@E@shdfnd@physx@@YAXAAE0@Z 100173a0 f i ConvexHullBuilder.obj
 0001:000163d0       ??0?$ReflectionAllocator@UEdgeDescData@Gu@physx@@@shdfnd@physx@@QAE@PBD@Z 100173d0 f i ConvexHullBuilder.obj
 0001:000163f0       ??0?$ReflectionAllocator@UHullTriangleData@physx@@@shdfnd@physx@@QAE@PBD@Z 100173f0 f i ConvexHullBuilder.obj
 0001:00016410       ??0?$TriangleT@I@Gu@physx@@QAE@III@Z 10017410 f i ConvexHullBuilder.obj
 0001:00016470       ??0ADJACENCIESCREATE@physx@@QAE@XZ 10017470 f i ConvexHullBuilder.obj
 0001:000164d0       ??0HullPolygonData@Gu@physx@@QAE@ABU012@@Z 100174d0 f i ConvexHullBuilder.obj
 0001:00016530       ??0PxPlane@physx@@QAE@ABV01@@Z 10017530 f i ConvexHullBuilder.obj
 0001:00016570       ??0PxPlane@physx@@QAE@ABVPxVec3@1@00@Z 10017570 f i ConvexHullBuilder.obj
 0001:00016610       ??0PxPlane@physx@@QAE@MMMM@Z 10017610 f i ConvexHullBuilder.obj
 0001:00016670       ??4PxPlane@physx@@QAEAAV01@ABV01@@Z 10017670 f i ConvexHullBuilder.obj
 0001:000166b0       ??DPxVec3@physx@@QBE?AV01@M@Z 100176b0 f i ConvexHullBuilder.obj
 0001:00016720       ??GPxVec3@physx@@QBE?AV01@ABV01@@Z 10017720 f i ConvexHullBuilder.obj
 0001:00016790       ??GPxVec3@physx@@QBE?AV01@XZ 10017790 f i ConvexHullBuilder.obj
 0001:00016800       ??YPxVec3@physx@@QAEAAV01@ABV01@@Z 10017800 f i ConvexHullBuilder.obj
 0001:00016870       ?ComputeNbPolygons@ConvexHullBuilder@physx@@QBEIXZ 10017870 f i ConvexHullBuilder.obj
 0001:000168b0       ?Flip@physx@@YAXAAUHullTriangleData@1@@Z 100178b0 f i ConvexHullBuilder.obj
 0001:00016910       ?GetAdjTri@AdjTriangle@physx@@QBEIW4SharedEdgeIndex@2@@Z 10017910 f i ConvexHullBuilder.obj
 0001:00016940       ?GetFaces@ConvexHullBuilder@physx@@QBEPBUHullTriangleData@2@XZ 10017940 f i ConvexHullBuilder.obj
 0001:00016960       ?GetNbFaces@ConvexHullBuilder@physx@@QBEIXZ 10017960 f i ConvexHullBuilder.obj
 0001:00016980       ?HasActiveEdge01@AdjTriangle@physx@@QBEHXZ 10017980 f i ConvexHullBuilder.obj
 0001:000169b0       ?HasActiveEdge12@AdjTriangle@physx@@QBEHXZ 100179b0 f i ConvexHullBuilder.obj
 0001:000169e0       ?HasActiveEdge20@AdjTriangle@physx@@QBEHXZ 100179e0 f i ConvexHullBuilder.obj
 0001:00016a10       ?HasActiveEdge@AdjTriangle@physx@@QBEHI@Z 10017a10 f i ConvexHullBuilder.obj
 0001:00016a40       ?PxRecipSqrt@physx@@YAMM@Z 10017a40 f i ConvexHullBuilder.obj
 0001:00016a60       ?allocate@?$ReflectionAllocator@UEdgeDescData@Gu@physx@@@shdfnd@physx@@QAEPAXIPBDH@Z 10017a60 f i ConvexHullBuilder.obj
 0001:00016ac0       ?allocate@?$ReflectionAllocator@UHullTriangleData@physx@@@shdfnd@physx@@QAEPAXIPBDH@Z 10017ac0 f i ConvexHullBuilder.obj
 0001:00016b20       ?area@?$TriangleT@I@Gu@physx@@QBEMPBVPxVec3@3@@Z 10017b20 f i ConvexHullBuilder.obj
 0001:00016be0       ?center@?$TriangleT@I@Gu@physx@@QBEXPBVPxVec3@3@AAV43@@Z 10017be0 f i ConvexHullBuilder.obj
 0001:00016ca0       ?cross@PxVec3@physx@@QBE?AV12@ABV12@@Z 10017ca0 f i ConvexHullBuilder.obj
 0001:00016d60       ?distance@PxPlane@physx@@QBEMABVPxVec3@2@@Z 10017d60 f i ConvexHullBuilder.obj
 0001:00016da0       ?flip@?$TriangleT@I@Gu@physx@@QAEXXZ 10017da0 f i ConvexHullBuilder.obj
 0001:00016de0       ?flip@physx@@YAXAAG@Z      10017de0 f i ConvexHullBuilder.obj
 0001:00016e50       ?flip@physx@@YAXAAM@Z      10017e50 f i ConvexHullBuilder.obj
 0001:00016f00       ?flipData@Gu@physx@@YAXAAUHullPolygonData@12@@Z 10017f00 f i ConvexHullBuilder.obj
 0001:00016f60       ?getName@?$ReflectionAllocator@UEdgeDescData@Gu@physx@@@shdfnd@physx@@CAPBDXZ 10017f60 f i ConvexHullBuilder.obj
 0001:00016fb0       ?getName@?$ReflectionAllocator@UHullTriangleData@physx@@@shdfnd@physx@@CAPBDXZ 10017fb0 f i ConvexHullBuilder.obj
 0001:00017000       ?getNormalized@PxVec3@physx@@QBE?AV12@XZ 10018000 f i ConvexHullBuilder.obj
 0001:000170c0       ?recipSqrt@intrinsics@physx@@YAMM@Z 100180c0 f i ConvexHullBuilder.obj
 0001:00017110       ?to8@shdfnd@physx@@YAEI@Z  10018110 f i ConvexHullBuilder.obj
 0001:00017170       ??0ConvexMeshBuilder@physx@@QAE@XZ 10018170 f   ConvexMeshBuilder.obj
 0001:000171b0       ??1ConvexMeshBuilder@physx@@UAE@XZ 100181b0 f   ConvexMeshBuilder.obj
 0001:000171f0       ?loadFromDesc@ConvexMeshBuilder@physx@@QAE_NABVPxConvexMeshDesc@2@W4Enum@PxPlatform@2@@Z 100181f0 f   ConvexMeshBuilder.obj
 0001:000172a0       ?save@ConvexMeshBuilder@physx@@QBE_NAAVPxOutputStream@2@_N@Z 100182a0 f   ConvexMeshBuilder.obj
 0001:00017590       ?loadConvexHull@ConvexMeshBuilder@physx@@QAE_NABVPxConvexMeshDesc@2@@Z 10018590 f   ConvexMeshBuilder.obj
 0001:000178b0       ?computeHullPolygons@ConvexMeshBuilder@physx@@QAE_NABIPBVPxVec3@2@0PBIAAVPxAllocatorCallback@2@AAIAAPAV32@4AAPAI4AAPAUPxHullPolygon@2@@Z 100188b0 f   ConvexMeshBuilder.obj
 0001:00017b80       ?computeGaussMaps@ConvexMeshBuilder@physx@@QAE_NXZ 10018b80 f   ConvexMeshBuilder.obj
 0001:00017c60       ?computeMassInfo@ConvexMeshBuilder@physx@@QAEXXZ 10018c60 f   ConvexMeshBuilder.obj
 0001:00017ec0       ?computeInternalObjects@ConvexMeshBuilder@physx@@QAEXXZ 10018ec0 f   ConvexMeshBuilder.obj
 0001:00018df0       ??0?$PxFlags@W4Enum@PxBaseFlag@physx@@G@physx@@QAE@ABV01@@Z 10019df0 f i ConvexMeshBuilder.obj
 0001:00018e20       ??0?$PxFlags@W4Enum@PxConvexFlag@physx@@G@physx@@QAE@ABV01@@Z 10019e20 f i ConvexMeshBuilder.obj
 0001:00018e50       ??0?$ReflectionAllocator@VBigConvexData@physx@@@shdfnd@physx@@QAE@PBD@Z 10019e50 f i ConvexMeshBuilder.obj
 0001:00018e70       ??0PxBoundedData@physx@@QAE@XZ 10019e70 f i ConvexMeshBuilder.obj
 0001:00018ea0       ??0PxIntegrals@physx@@QAE@XZ 10019ea0 f i ConvexMeshBuilder.obj
 0001:00018ec0       ??0PxMat33@physx@@QAE@ABVPxVec3@1@00@Z 10019ec0 f i ConvexMeshBuilder.obj
 0001:00018f10       ??0PxSimpleTriangleMesh@physx@@QAE@XZ 10019f10 f i ConvexMeshBuilder.obj
 0001:00018f50       ??0PxStridedData@physx@@QAE@XZ 10019f50 f i ConvexMeshBuilder.obj
 0001:00018f80       ??2UserAllocated@shdfnd@physx@@SAPAXIPAX@Z 10019f80 f i ConvexMeshBuilder.obj
 0001:00018f90       ??3UserAllocated@shdfnd@physx@@SAXPAX@Z 10019f90 f i ConvexMeshBuilder.obj
 0001:00018fc0       ??4PxMat33@physx@@QAEAAV01@ABV01@@Z 10019fc0 f i ConvexMeshBuilder.obj
 0001:00019010       ??APxMat33@physx@@QAEAAVPxVec3@1@I@Z 1001a010 f i ConvexMeshBuilder.obj
 0001:00019030       ??B?$PxFlags@W4Enum@PxBaseFlag@physx@@G@physx@@QBE_NXZ 1001a030 f i ConvexMeshBuilder.obj
 0001:00019060       ??B?$PxFlags@W4Enum@PxConvexFlag@physx@@G@physx@@QBE_NXZ 1001a060 f i ConvexMeshBuilder.obj
 0001:00019090       ??GPxMat33@physx@@QBE?AV01@XZ 1001a090 f i ConvexMeshBuilder.obj
 0001:000190f0       ??I?$PxFlags@W4Enum@PxBaseFlag@physx@@G@physx@@QBE?AV01@W4Enum@PxBaseFlag@1@@Z 1001a0f0 f i ConvexMeshBuilder.obj
 0001:00019140       ??I?$PxFlags@W4Enum@PxConvexFlag@physx@@G@physx@@QBE?AV01@W4Enum@PxConvexFlag@1@@Z 1001a140 f i ConvexMeshBuilder.obj
 0001:00019190       ??RPxMat33@physx@@QAEAAMII@Z 1001a190 f i ConvexMeshBuilder.obj
 0001:000191c0       ??XPxVec3@physx@@QAEAAV01@M@Z 1001a1c0 f i ConvexMeshBuilder.obj
 0001:00019220       ??_EConvexMeshBuilder@physx@@W7AEPAXI@Z 1001a220 f i ConvexMeshBuilder.obj
 0001:00019230       ??_GBigConvexData@physx@@QAEPAXI@Z 1001a230 f i ConvexMeshBuilder.obj
 0001:00019270       ??_EConvexMeshBuilder@physx@@UAEPAXI@Z 1001a270 f i ConvexMeshBuilder.obj
 0001:00019270       ??_GConvexMeshBuilder@physx@@UAEPAXI@Z 1001a270 f i ConvexMeshBuilder.obj
 0001:000192b0       ?PxGetGaussMapVertexLimitForPlatform@physx@@YAIW4Enum@PxPlatform@1@@Z 1001a2b0 f i ConvexMeshBuilder.obj
 0001:00019360       ?allocate@?$ReflectionAllocator@VBigConvexData@physx@@@shdfnd@physx@@QAEPAXIPBDH@Z 1001a360 f i ConvexMeshBuilder.obj
 0001:000193c0       ?getName@?$ReflectionAllocator@VBigConvexData@physx@@@shdfnd@physx@@CAPBDXZ 1001a3c0 f i ConvexMeshBuilder.obj
 0001:00019410       ?getOriginInertia@PxIntegrals@physx@@QAEXAAVPxMat33@2@@Z 1001a410 f i ConvexMeshBuilder.obj
 0001:000194b0       ?isReleasable@PxBase@physx@@UBE_NXZ 1001a4b0 f i ConvexMeshBuilder.obj
 0001:000194e0       ?isValid@PxConvexMeshDesc@physx@@QBE_NXZ 1001a4e0 f i ConvexMeshBuilder.obj
 0001:000196e0       ?largestAxis@shdfnd@physx@@YAIABVPxVec3@2@@Z 1001a6e0 f i ConvexMeshBuilder.obj
 0001:00019760       ?markSerializedMem@Cm@physx@@YAXPAXI@Z 1001a760 f i ConvexMeshBuilder.obj
 0001:000197a0       ?requires@ConvexMesh@Gu@physx@@UAEXAAVPxProcessPxBaseCallback@3@@Z 1001a7a0 f i ConvexMeshBuilder.obj
 0001:000197b0       ??0HullLibrary@physx@@QAE@XZ 1001a7b0 f   hulllib.obj
 0001:00019820       ??1HullLibrary@physx@@QAE@XZ 1001a820 f   hulllib.obj
 0001:00019860       ?CreateConvexHull@HullLibrary@physx@@QAE?AW4HullError@2@ABVHullDesc@2@AAVHullResult@2@@Z 1001a860 f   hulllib.obj
 0001:00019eb0       ?ReleaseResult@HullLibrary@physx@@QAE?AW4HullError@2@AAVHullResult@2@@Z 1001aeb0 f   hulllib.obj
 0001:00019f30       ?CreateTriangleMesh@HullLibrary@physx@@QAE?AW4HullError@2@AAVHullResult@2@PAVConvexHullTriangleInterface@2@@Z 1001af30 f   hulllib.obj
 0001:0001a090       ?b2bfix@HullLibrary@physx@@AAEXPAVTri@2@0@Z 1001b090 f   hulllib.obj
 0001:0001a260       ?removeb2b@HullLibrary@physx@@AAEXPAVTri@2@0@Z 1001b260 f   hulllib.obj
 0001:0001a2b0       ?checkit@HullLibrary@physx@@ABEXPAVTri@2@@Z 1001b2b0 f   hulllib.obj
 0001:0001a430       ?extrude@HullLibrary@physx@@AAEXPAVTri@2@H@Z 1001b430 f   hulllib.obj
 0001:0001a850       ?extrudable@HullLibrary@physx@@ABEPAVTri@2@M@Z 1001b850 f   hulllib.obj
 0001:0001a900       ?calchullgen@HullLibrary@physx@@AAE?AW4HullError@2@PAVfloat3@2@HHM@Z 1001b900 f   hulllib.obj
 0001:0001b6e0       ?calchull@HullLibrary@physx@@AAE?AW4HullError@2@PAVfloat3@2@HAAPAHAAHAAPAV42@2HM@Z 1001c6e0 f   hulllib.obj
 0001:0001b970       ?expandhull@HullLibrary@physx@@AAE?AW4HullError@2@PAVfloat3@2@HAAPAV42@AAHM@Z 1001c970 f   hulllib.obj
 0001:0001c3d0       ?calchullpbev@HullLibrary@physx@@AAE?AW4HullError@2@PAVfloat3@2@HHAAV?$Array@VPlane@physx@@@hullLibArray@2@M@Z 1001d3d0 f   hulllib.obj
 0001:0001ccf0       ?ComputeHull@HullLibrary@physx@@AAE?AW4HullError@2@IPBMAAVPHullResult@2@IMM@Z 1001dcf0 f   hulllib.obj
 0001:0001cfd0       ?overhullv@HullLibrary@physx@@AAE?AW4HullError@2@PAVfloat3@2@HHAAPAV42@AAHAAPAH2MMHM@Z 1001dfd0 f   hulllib.obj
 0001:0001dd00       ??0ConvexH@physx@@QAE@HHH@Z 1001ed00 f   hulllib.obj
 0001:000207b0       ?neib@Tri@physx@@QAEAAHHH@Z 100217b0 f   hulllib.obj
 0001:000258f0       ??$?2V?$ReflectionAllocator@VConvexH@physx@@@shdfnd@physx@@@UserAllocated@shdfnd@physx@@SAPAXIV?$ReflectionAllocator@VConvexH@physx@@@12@PBDH@Z 100268f0 f i hulllib.obj
 0001:00025910       ??$?2V?$ReflectionAllocator@VTri@physx@@@shdfnd@physx@@@UserAllocated@shdfnd@physx@@SAPAXIV?$ReflectionAllocator@VTri@physx@@@12@PBDH@Z 10026910 f i hulllib.obj
 0001:00025930       ??$?_UM@@YAPAXIV?$ReflectionAllocator@M@shdfnd@physx@@PBDH@Z 10026930 f i hulllib.obj
 0001:00025950       ??$Max@M@physx@@YAMABM0@Z  10026950 f i hulllib.obj
 0001:000259a0       ??$Min@H@physx@@YAHABH0@Z  100269a0 f i hulllib.obj
 0001:000259e0       ??$Min@M@physx@@YAMABM0@Z  100269e0 f i hulllib.obj
 0001:00025a30       ??$Swap@H@physx@@YAXAAH0@Z 10026a30 f i hulllib.obj
 0001:00025a60       ??$maxdir@Vfloat3@physx@@@physx@@YAHPBVfloat3@0@HABV10@@Z 10026a60 f i hulllib.obj
 0001:00025b50       ??$maxdirfiltered@Vfloat3@physx@@@physx@@YAHPBVfloat3@0@HABV10@PA_N@Z 10026b50 f i hulllib.obj
 0001:00025ca0       ??$maxdirsterid@Vfloat3@physx@@@physx@@YAHPBVfloat3@0@HABV10@AAV?$Array@H@hullLibArray@0@@Z 10026ca0 f i hulllib.obj
 0001:000261e0       ??0?$Array@H@hullLibArray@physx@@QAE@H@Z 100271e0 f i hulllib.obj
 0001:00026230       ??0?$Array@PAVTri@physx@@@hullLibArray@physx@@QAE@H@Z 10027230 f i hulllib.obj
 0001:00026280       ??0?$Array@UExpandPlane@physx@@@hullLibArray@physx@@QAE@H@Z 10027280 f i hulllib.obj
 0001:000262d0       ??0?$Array@VHalfEdge@ConvexH@physx@@@hullLibArray@physx@@QAE@H@Z 100272d0 f i hulllib.obj
 0001:00026320       ??0?$Array@VPlane@physx@@@hullLibArray@physx@@QAE@H@Z 10027320 f i hulllib.obj
 0001:00026370       ??0?$Array@Vfloat3@physx@@@hullLibArray@physx@@QAE@H@Z 10027370 f i hulllib.obj
 0001:000263c0       ??0?$Array@Vint3@physx@@@hullLibArray@physx@@QAE@H@Z 100273c0 f i hulllib.obj
 0001:00026410       ??0?$ReflectionAllocator@M@shdfnd@physx@@QAE@PBD@Z 10027410 f i hulllib.obj
 0001:00026430       ??0?$ReflectionAllocator@VConvexH@physx@@@shdfnd@physx@@QAE@PBD@Z 10027430 f i hulllib.obj
 0001:00026450       ??0?$ReflectionAllocator@VTri@physx@@@shdfnd@physx@@QAE@PBD@Z 10027450 f i hulllib.obj
 0001:00026470       ??0?$ScopedPointer@_NVTempAllocator@shdfnd@physx@@@shdfnd@physx@@QAE@XZ 10027470 f i hulllib.obj
 0001:00026490       ??0ExpandPlane@physx@@QAE@XZ 10027490 f i hulllib.obj
 0001:00026520       ??0HalfEdge@ConvexH@physx@@QAE@FEE@Z 10027520 f i hulllib.obj
 0001:00026560       ??0HalfEdge@ConvexH@physx@@QAE@XZ 10027560 f i hulllib.obj
 0001:00026580       ??0PHullResult@physx@@QAE@XZ 10027580 f i hulllib.obj
 0001:000265d0       ??0Plane@physx@@QAE@ABVfloat3@1@M@Z 100275d0 f i hulllib.obj
 0001:00026610       ??0Plane@physx@@QAE@XZ     10027610 f i hulllib.obj
 0001:00026640       ??0Tri@physx@@QAE@HHHPAV?$Array@PAVTri@physx@@@hullLibArray@1@@Z 10027640 f i hulllib.obj
 0001:000266c0       ??0float3@physx@@QAE@MMM@Z 100276c0 f i hulllib.obj
 0001:00026710       ??0float3@physx@@QAE@XZ    10027710 f i hulllib.obj
 0001:00026760       ??0float3x3@physx@@QAE@Vfloat3@1@00@Z 10027760 f i hulllib.obj
 0001:000267d0       ??0float3x3@physx@@QAE@XZ  100277d0 f i hulllib.obj
 0001:00026810       ??0int3@physx@@QAE@HHH@Z   10027810 f i hulllib.obj
 0001:00026850       ??0int4@physx@@QAE@HHHH@Z  10027850 f i hulllib.obj
 0001:00026890       ??1?$Array@H@hullLibArray@physx@@QAE@XZ 10027890 f i hulllib.obj
 0001:00026900       ??1?$Array@PAVTri@physx@@@hullLibArray@physx@@QAE@XZ 10027900 f i hulllib.obj
 0001:00026970       ??1?$Array@UExpandPlane@physx@@@hullLibArray@physx@@QAE@XZ 10027970 f i hulllib.obj
 0001:000269e0       ??1?$Array@VHalfEdge@ConvexH@physx@@@hullLibArray@physx@@QAE@XZ 100279e0 f i hulllib.obj
 0001:00026a50       ??1?$Array@VPlane@physx@@@hullLibArray@physx@@QAE@XZ 10027a50 f i hulllib.obj
 0001:00026ac0       ??1?$Array@Vfloat3@physx@@@hullLibArray@physx@@QAE@XZ 10027ac0 f i hulllib.obj
 0001:00026b30       ??1?$Array@Vint3@physx@@@hullLibArray@physx@@QAE@XZ 10027b30 f i hulllib.obj
 0001:00026ba0       ??1?$ScopedPointer@_NVTempAllocator@shdfnd@physx@@@shdfnd@physx@@QAE@XZ 10027ba0 f i hulllib.obj
 0001:00026bd0       ??1ConvexH@physx@@QAE@XZ   10027bd0 f i hulllib.obj
 0001:00026c10       ??1Tri@physx@@IAE@XZ       10027c10 f i hulllib.obj
 0001:00026c20       ??8physx@@YAHABVPlane@0@0@Z 10027c20 f i hulllib.obj
 0001:00026c80       ??8physx@@YAHABVfloat3@0@0@Z 10027c80 f i hulllib.obj
 0001:00026cf0       ??9physx@@YAHABVfloat3@0@0@Z 10027cf0 f i hulllib.obj
 0001:00026d60       ??A?$Array@H@hullLibArray@physx@@QAEAAHH@Z 10027d60 f i hulllib.obj
 0001:00026de0       ??A?$Array@PAVTri@physx@@@hullLibArray@physx@@QAEAAPAVTri@2@H@Z 10027de0 f i hulllib.obj
 0001:00026e60       ??A?$Array@UExpandPlane@physx@@@hullLibArray@physx@@QAEAAUExpandPlane@2@H@Z 10027e60 f i hulllib.obj
 0001:00026ee0       ??A?$Array@VHalfEdge@ConvexH@physx@@@hullLibArray@physx@@QAEAAVHalfEdge@ConvexH@2@H@Z 10027ee0 f i hulllib.obj
 0001:00026f60       ??A?$Array@VPlane@physx@@@hullLibArray@physx@@QAEAAVPlane@2@H@Z 10027f60 f i hulllib.obj
 0001:00026fe0       ??A?$Array@Vfloat3@physx@@@hullLibArray@physx@@QAEAAVfloat3@2@H@Z 10027fe0 f i hulllib.obj
 0001:00027060       ??Afloat3@physx@@QAEAAMH@Z 10028060 f i hulllib.obj
 0001:000270d0       ??Afloat3@physx@@QBEABMH@Z 100280d0 f i hulllib.obj
 0001:00027140       ??Afloat3x3@physx@@QAEAAVfloat3@1@H@Z 10028140 f i hulllib.obj
 0001:000271b0       ??Afloat3x3@physx@@QBEABVfloat3@1@H@Z 100281b0 f i hulllib.obj
 0001:00027220       ??Aint3@physx@@QAEAAHH@Z   10028220 f i hulllib.obj
 0001:00027240       ??Aint3@physx@@QBEABHH@Z   10028240 f i hulllib.obj
 0001:00027260       ??Aint4@physx@@QAEAAHH@Z   10028260 f i hulllib.obj
 0001:00027280       ??B?$ScopedPointer@_NVTempAllocator@shdfnd@physx@@@shdfnd@physx@@QBEPA_NXZ 10028280 f i hulllib.obj
 0001:000272a0       ??_G?$Array@PAVTri@physx@@@hullLibArray@physx@@QAEPAXI@Z 100282a0 f i hulllib.obj
 0001:000272e0       ??_GConvexH@physx@@QAEPAXI@Z 100282e0 f i hulllib.obj
 0001:00027320       ??_GTri@physx@@IAEPAXI@Z   10028320 f i hulllib.obj
 0001:00027360       ?Add@?$Array@H@hullLibArray@physx@@QAEAAHH@Z 10028360 f i hulllib.obj
 0001:00027450       ?Add@?$Array@PAVTri@physx@@@hullLibArray@physx@@QAEAAPAVTri@3@PAV43@@Z 10028450 f i hulllib.obj
 0001:00027540       ?Add@?$Array@UExpandPlane@physx@@@hullLibArray@physx@@QAEAAUExpandPlane@3@U43@@Z 10028540 f i hulllib.obj
 0001:00027640       ?Add@?$Array@VPlane@physx@@@hullLibArray@physx@@QAEAAVPlane@3@V43@@Z 10028640 f i hulllib.obj
 0001:00027750       ?Add@?$Array@Vfloat3@physx@@@hullLibArray@physx@@QAEAAVfloat3@3@V43@@Z 10028750 f i hulllib.obj
 0001:00027850       ?Add@?$Array@Vint3@physx@@@hullLibArray@physx@@QAEAAVint3@3@V43@@Z 10028850 f i hulllib.obj
 0001:00027950       ?HasHullFlag@HullDesc@physx@@QBE_NW4HullFlag@2@@Z 10028950 f i hulllib.obj
 0001:00027990       ?PxMemSet@physx@@YAPAXPIAXHI@Z 10028990 f i hulllib.obj
 0001:000279b0       ?SetSize@?$Array@PAVTri@physx@@@hullLibArray@physx@@QAEXH@Z 100289b0 f i hulllib.obj
 0001:00027a40       ?SetSize@?$Array@Vint3@physx@@@hullLibArray@physx@@QAEXH@Z 10028a40 f i hulllib.obj
 0001:00027ad0       ?allocate@?$Array@H@hullLibArray@physx@@QAEXH@Z 10028ad0 f i hulllib.obj
 0001:00027cb0       ?allocate@?$Array@PAVTri@physx@@@hullLibArray@physx@@QAEXH@Z 10028cb0 f i hulllib.obj
 0001:00027e90       ?allocate@?$Array@UExpandPlane@physx@@@hullLibArray@physx@@QAEXH@Z 10028e90 f i hulllib.obj
 0001:00028070       ?allocate@?$Array@VHalfEdge@ConvexH@physx@@@hullLibArray@physx@@QAEXH@Z 10029070 f i hulllib.obj
 0001:00028250       ?allocate@?$Array@VPlane@physx@@@hullLibArray@physx@@QAEXH@Z 10029250 f i hulllib.obj
 0001:00028450       ?allocate@?$Array@Vfloat3@physx@@@hullLibArray@physx@@QAEXH@Z 10029450 f i hulllib.obj
 0001:00028640       ?allocate@?$Array@Vint3@physx@@@hullLibArray@physx@@QAEXH@Z 10029640 f i hulllib.obj
 0001:00028830       ?allocate@?$ReflectionAllocator@M@shdfnd@physx@@QAEPAXIPBDH@Z 10029830 f i hulllib.obj
 0001:00028890       ?allocate@?$ReflectionAllocator@VConvexH@physx@@@shdfnd@physx@@QAEPAXIPBDH@Z 10029890 f i hulllib.obj
 0001:000288f0       ?allocate@?$ReflectionAllocator@VTri@physx@@@shdfnd@physx@@QAEPAXIPBDH@Z 100298f0 f i hulllib.obj
 0001:00028950       ?cos@@YAMM@Z               10029950 f i hulllib.obj
 0001:00028970       ?distance@Plane@physx@@QBEMABVfloat3@2@@Z 10029970 f i hulllib.obj
 0001:000289e0       ?getName@?$ReflectionAllocator@M@shdfnd@physx@@CAPBDXZ 100299e0 f i hulllib.obj
 0001:00028a30       ?getName@?$ReflectionAllocator@VConvexH@physx@@@shdfnd@physx@@CAPBDXZ 10029a30 f i hulllib.obj
 0001:00028a80       ?getName@?$ReflectionAllocator@VTri@physx@@@shdfnd@physx@@CAPBDXZ 10029a80 f i hulllib.obj
 0001:00028ad0       ?memSet@intrinsics@physx@@YAPAXPIAXHI@Z 10029ad0 f i hulllib.obj
 0001:00028af0       ?to8@shdfnd@physx@@YAEG@Z  10029af0 f i hulllib.obj
 0001:00028b50       _cosf                      10029b50 f i hulllib.obj
 0001:00028b80       _sinf                      10029b80 f i hulllib.obj
 0001:00028c00       ?computeVolumeIntegrals@physx@@YA_NABVPxSimpleTriangleMesh@1@MAAUPxIntegrals@1@@Z 10029c00 f   VolumeIntegration.obj
 0001:00028c60       ?computeVolumeIntegralsEberly@physx@@YA_NABVPxSimpleTriangleMesh@1@MAAUPxIntegrals@1@ABVPxVec3@1@@Z 10029c60 f   VolumeIntegration.obj
 0001:00028cb0       ??0VolumeIntegrator@?A0xcaa98087@physx@@QAE@VPxSimpleTriangleMesh@2@N@Z 10029cb0 f   VolumeIntegration.obj
 0001:00028d00       ??1VolumeIntegrator@?A0xcaa98087@physx@@QAE@XZ 10029d00 f   VolumeIntegration.obj
 0001:00028d10       ?computeVolumeIntegrals@VolumeIntegrator@?A0xcaa98087@physx@@QAE_NAAUPxIntegrals@3@@Z 10029d10 f   VolumeIntegration.obj
 0001:000294f0       ?computeCenterOfMass@VolumeIntegrator@?A0xcaa98087@physx@@AAE?AVPxVec3@3@XZ 1002a4f0 f   VolumeIntegration.obj
 0001:000295d0       ?computeInertiaTensor@VolumeIntegrator@?A0xcaa98087@physx@@AAEXPAN@Z 1002a5d0 f   VolumeIntegration.obj
 0001:00029800       ?computeCOMInertiaTensor@VolumeIntegrator@?A0xcaa98087@physx@@AAEXPAN@Z 1002a800 f   VolumeIntegration.obj
 0001:00029af0       ?computeFaceNormal@VolumeIntegrator@?A0xcaa98087@physx@@AAEXAAUFace@123@PAI@Z 1002aaf0 f   VolumeIntegration.obj
 0001:00029c10       ?computeProjectionIntegrals@VolumeIntegrator@?A0xcaa98087@physx@@AAEXABUFace@123@@Z 1002ac10 f   VolumeIntegration.obj
 0001:0002a2a0       ?computeFaceIntegrals@VolumeIntegrator@?A0xcaa98087@physx@@AAEXABUFace@123@@Z 1002b2a0 f   VolumeIntegration.obj
 0001:0002a830       ??0VolumeIntegratorEberly@?A0xcaa98087@physx@@QAE@ABVPxSimpleTriangleMesh@2@N@Z 1002b830 f   VolumeIntegration.obj
 0001:0002a870       ??1VolumeIntegratorEberly@?A0xcaa98087@physx@@QAE@XZ 1002b870 f   VolumeIntegration.obj
 0001:0002a880       ?computeVolumeIntegrals@VolumeIntegratorEberly@?A0xcaa98087@physx@@QAE_NAAUPxIntegrals@3@ABVPxVec3@3@@Z 1002b880 f   VolumeIntegration.obj
 0001:0002b970       ?subexpressions@VolumeIntegratorEberly@?A0xcaa98087@physx@@AAEXNNNAAN00000@Z 1002c970 f   VolumeIntegration.obj
 0001:0002c620       ??4?$PxFlags@W4Enum@PxMeshFlag@physx@@G@physx@@QAEAAV01@ABV01@@Z 1002d620 f i VolumeIntegration.obj
 0001:0002c650       ??4PxSimpleTriangleMesh@physx@@QAEAAV01@ABV01@@Z 1002d650 f i VolumeIntegration.obj
 0001:0002c6c0       ?isZero@PxVec3@physx@@QBE_NXZ 1002d6c0 f i VolumeIntegration.obj
 0001:0002c740       ?ComputeNbBoundaryEdges@AdjTriangle@physx@@QBEIXZ 1002d740 f   Adjacencies.obj
 0001:0002c7d0       ?ComputeNbNeighbors@AdjTriangle@physx@@QBEIXZ 1002d7d0 f   Adjacencies.obj
 0001:0002c860       ?HasNeighbor@AdjTriangle@physx@@QBE_NIPAI@Z 1002d860 f   Adjacencies.obj
 0001:0002c950       ?Flip@AdjTriangle@physx@@QAEXXZ 1002d950 f   Adjacencies.obj
 0001:0002c980       ??0Adjacencies@physx@@QAE@XZ 1002d980 f   Adjacencies.obj
 0001:0002c9b0       ??1Adjacencies@physx@@QAE@XZ 1002d9b0 f   Adjacencies.obj
 0001:0002ca00       ?Load@Adjacencies@physx@@QAE_NAAVPxInputStream@2@@Z 1002da00 f   Adjacencies.obj
 0001:0002cb00       ?Walk@Adjacencies@physx@@QAE_NP6AXABUCommonWalkParams@2@IIII@ZPAX@Z 1002db00 f   Adjacencies.obj
 0001:0002cc10       ?Walk2@Adjacencies@physx@@QAE_NP6AXABUCommonWalkParams@2@IIII@ZPAXPBVPxVec3@2@PBU?$TriangleT@I@Gu@2@@Z 1002dc10 f   Adjacencies.obj
 0001:0002cd50       ?ComputeNbBoundaryEdges@Adjacencies@physx@@QBEIXZ 1002dd50 f   Adjacencies.obj
 0001:0002cdb0       ?GetBoundaryVertices@Adjacencies@physx@@QBE_NIPA_NPBU?$TriangleT@I@Gu@2@@Z 1002ddb0 f   Adjacencies.obj
 0001:0002cfc0       ?MakeLastRef@Adjacencies@physx@@QAE_NAAVAdjTriangle@2@IPAU?$TriangleT@I@Gu@2@@Z 1002dfc0 f   Adjacencies.obj
 0001:0002d240       ?AssignNewEdgeCode@Adjacencies@physx@@AAEXIE@Z 1002e240 f   Adjacencies.obj
 0001:0002d2c0       ??0AdjacenciesBuilder@physx@@QAE@XZ 1002e2c0 f   Adjacencies.obj
 0001:0002d2e0       ??1AdjacenciesBuilder@physx@@QAE@XZ 1002e2e0 f   Adjacencies.obj
 0001:0002d300       ?Init@AdjacenciesBuilder@physx@@QAE_NABUADJACENCIESCREATE@2@@Z 1002e300 f   Adjacencies.obj
 0001:0002ec30       ??$?_UV?$ReflectionAllocator@VAdjEdge@@@shdfnd@physx@@@UserAllocated@shdfnd@physx@@SAPAXIV?$ReflectionAllocator@VAdjEdge@@@12@PBDH@Z 1002fc30 f i Adjacencies.obj
 0001:0002ec50       ??$?_UV?$ReflectionAllocator@VAdjTriangle@physx@@@shdfnd@physx@@@UserAllocated@shdfnd@physx@@SAPAXIV?$ReflectionAllocator@VAdjTriangle@physx@@@12@PBDH@Z 1002fc50 f i Adjacencies.obj
 0001:0002ec70       ??$swap@M@shdfnd@physx@@YAXAAM0@Z 1002fc70 f i Adjacencies.obj
 0001:0002ecb0       ??0?$ReflectionAllocator@VAdjEdge@@@shdfnd@physx@@QAE@PBD@Z 1002fcb0 f i Adjacencies.obj
 0001:0002ecd0       ??0?$ReflectionAllocator@VAdjTriangle@physx@@@shdfnd@physx@@QAE@PBD@Z 1002fcd0 f i Adjacencies.obj
 0001:0002ecf0       ??0?$TriangleT@I@Gu@physx@@QAE@XZ 1002fcf0 f i Adjacencies.obj
 0001:0002ed10       ??0AdjEdge@@QAE@XZ         1002fd10 f i Adjacencies.obj
 0001:0002ed30       ??0AdjTriangle@physx@@QAE@XZ 1002fd30 f i Adjacencies.obj
 0001:0002ed50       ??0PrivateWalkParams@?1??Walk2@Adjacencies@physx@@QAE_NP6AXABUCommonWalkParams@3@IIII@ZPAXPBVPxVec3@3@PBU?$TriangleT@I@Gu@3@@Z@QAE@XZ 1002fd50 f i Adjacencies.obj
 0001:0002ed70       ??1AdjEdge@@QAE@XZ         1002fd70 f i Adjacencies.obj
 0001:0002ed80       ??1AdjTriangle@physx@@QAE@XZ 1002fd80 f i Adjacencies.obj
 0001:0002ed90       ??_EAdjEdge@@QAEPAXI@Z     1002fd90 f i Adjacencies.obj
 0001:0002ee20       ??_EAdjTriangle@physx@@QAEPAXI@Z 1002fe20 f i Adjacencies.obj
 0001:0002eeb0       ??_I@YGXPAXIHP6EX0@Z@Z     1002feb0 f i Adjacencies.obj
 0001:0002eef0       ??_VUserAllocated@shdfnd@physx@@SAXPAX@Z 1002fef0 f i Adjacencies.obj
 0001:0002ef20       ?GetEdgeTriangle@EdgeList@Gu@physx@@QBEABUEdgeTriangleData@23@I@Z 1002ff20 f i Adjacencies.obj
 0001:0002ef40       ?HasActiveEdge01@EdgeTriangleAC@Gu@physx@@SAHABUEdgeTriangleData@23@@Z 1002ff40 f i Adjacencies.obj
 0001:0002ef60       ?HasActiveEdge12@EdgeTriangleAC@Gu@physx@@SAHABUEdgeTriangleData@23@@Z 1002ff60 f i Adjacencies.obj
 0001:0002ef80       ?HasActiveEdge20@EdgeTriangleAC@Gu@physx@@SAHABUEdgeTriangleData@23@@Z 1002ff80 f i Adjacencies.obj
 0001:0002efa0       ?allocate@?$ReflectionAllocator@VAdjEdge@@@shdfnd@physx@@QAEPAXIPBDH@Z 1002ffa0 f i Adjacencies.obj
 0001:0002f000       ?allocate@?$ReflectionAllocator@VAdjTriangle@physx@@@shdfnd@physx@@QAEPAXIPBDH@Z 10030000 f i Adjacencies.obj
 0001:0002f060       ?findEdge@?$TriangleT@I@Gu@physx@@QBEEII@Z 10030060 f i Adjacencies.obj
 0001:0002f1d0       ?getName@?$ReflectionAllocator@VAdjEdge@@@shdfnd@physx@@CAPBDXZ 100301d0 f i Adjacencies.obj
 0001:0002f220       ?getName@?$ReflectionAllocator@VAdjTriangle@physx@@@shdfnd@physx@@CAPBDXZ 10030220 f i Adjacencies.obj
 0001:0002f270       _PxCreateCooking           10030270 f   Cooking.obj
 0001:0002f320       ?release@Cooking@physx@@UAEXXZ 10030320 f   Cooking.obj
 0001:0002f360       ?setParams@Cooking@physx@@UAEXABUPxCookingParams@2@@Z 10030360 f   Cooking.obj
 0001:0002f380       ?getParams@Cooking@physx@@UAEABUPxCookingParams@2@XZ 10030380 f   Cooking.obj
 0001:0002f3a0       ?platformMismatch@Cooking@physx@@UAE_NXZ 100303a0 f   Cooking.obj
 0001:0002f4d0       ?cookTriangleMesh@Cooking@physx@@UAE_NABVPxTriangleMeshDesc@2@AAVPxOutputStream@2@@Z 100304d0 f   Cooking.obj
 0001:0002f630       ?createTriangleMesh@Cooking@physx@@UAEPAVPxTriangleMesh@2@ABVPxTriangleMeshDesc@2@AAVPxPhysicsInsertionCallback@2@@Z 10030630 f   Cooking.obj
 0001:0002f7d0       ?validateTriangleMesh@Cooking@physx@@UAE_NABVPxTriangleMeshDesc@2@@Z 100307d0 f   Cooking.obj
 0001:0002f870       ?cookConvexMesh@Cooking@physx@@UAE_NABVPxConvexMeshDesc@2@AAVPxOutputStream@2@PAW4Enum@PxConvexMeshCookingResult@2@@Z 10030870 f   Cooking.obj
 0001:0002fd20       ?computeHullPolygons@Cooking@physx@@UAE_NABVPxSimpleTriangleMesh@2@AAVPxAllocatorCallback@2@AAIAAPAVPxVec3@2@2AAPAI2AAPAUPxHullPolygon@2@@Z 10030d20 f   Cooking.obj
 0001:0002fee0       ?cookHeightField@Cooking@physx@@UAE_NABVPxHeightFieldDesc@2@AAVPxOutputStream@2@@Z 10030ee0 f   Cooking.obj
 0001:000300d0       ?createHeightField@Cooking@physx@@UAEPAVPxHeightField@2@ABVPxHeightFieldDesc@2@AAVPxPhysicsInsertionCallback@2@@Z 100310d0 f   Cooking.obj
 0001:000302a0       ?loadTriangleMeshDesc@Cooking@physx@@AAE_NABVPxTriangleMeshDesc@2@AAVTriangleMeshBuilder@2@@Z 100312a0 f   Cooking.obj
 0001:000307b0       ??$?2V?$ReflectionAllocator@VCooking@physx@@@shdfnd@physx@@@UserAllocated@shdfnd@physx@@SAPAXIV?$ReflectionAllocator@VCooking@physx@@@12@PBDH@Z 100317b0 f i Cooking.obj
 0001:000307d0       ??$PX_UNUSED@VPxFoundation@physx@@@@YAXABVPxFoundation@physx@@@Z 100317d0 f i Cooking.obj
 0001:000307e0       ??0?$PxFlags@W4Enum@PxConvexFlag@physx@@G@physx@@QAE@W4Enum@PxConvexFlag@1@@Z 100317e0 f i Cooking.obj
 0001:00030800       ??0?$PxFlags@W4Enum@PxConvexFlag@physx@@G@physx@@QAE@XZ 10031800 f i Cooking.obj
 0001:00030820       ??0?$PxFlags@W4Enum@PxHeightFieldFlag@physx@@G@physx@@QAE@ABV01@@Z 10031820 f i Cooking.obj
 0001:00030850       ??0?$ReflectionAllocator@VCooking@physx@@@shdfnd@physx@@QAE@PBD@Z 10031850 f i Cooking.obj
 0001:00030870       ??0?$ReflectionAllocator@VHeightField@Gu@physx@@@shdfnd@physx@@QAE@PBD@Z 10031870 f i Cooking.obj
 0001:00030890       ??0?$ReflectionAllocator@VTriangleMeshBuilder@physx@@@shdfnd@physx@@QAE@PBD@Z 10031890 f i Cooking.obj
 0001:000308b0       ??0Cooking@physx@@QAE@ABUPxCookingParams@1@@Z 100318b0 f i Cooking.obj
 0001:000308f0       ??0HullDesc@physx@@QAE@XZ  100318f0 f i Cooking.obj
 0001:00030970       ??0HullResult@physx@@QAE@XZ 10031970 f i Cooking.obj
 0001:000309d0       ??0PxConvexMeshDesc@physx@@QAE@ABV01@@Z 100319d0 f i Cooking.obj
 0001:00030a90       ??0PxCooking@physx@@QAE@XZ 10031a90 f i Cooking.obj
 0001:00030ab0       ??0PxCookingParams@physx@@QAE@ABU01@@Z 10031ab0 f i Cooking.obj
 0001:00030b80       ??0TriangleMeshBuilder@physx@@QAE@XZ 10031b80 f i Cooking.obj
 0001:00030bc0       ??1Cooking@physx@@UAE@XZ   10031bc0 f i Cooking.obj
 0001:00030be0       ??1PxCooking@physx@@MAE@XZ 10031be0 f i Cooking.obj
 0001:00030c00       ??1TriangleMeshBuilder@physx@@UAE@XZ 10031c00 f i Cooking.obj
 0001:00030c20       ??4?$PxFlags@W4Enum@PxMeshPreprocessingFlag@physx@@I@physx@@QAEAAV01@ABV01@@Z 10031c20 f i Cooking.obj
 0001:00030c40       ??4PxCookingParams@physx@@QAEAAU01@ABU01@@Z 10031c40 f i Cooking.obj
 0001:00030d10       ??9?$PxFlags@W4Enum@PxHeightFieldFlag@physx@@G@physx@@QBE_NABV01@@Z 10031d10 f i Cooking.obj
 0001:00030d50       ??I?$PxFlags@W4Enum@PxHeightFieldFlag@physx@@G@physx@@QBE?AV01@W4Enum@PxHeightFieldFlag@1@@Z 10031d50 f i Cooking.obj
 0001:00030da0       ??S?$PxFlags@W4Enum@PxConvexFlag@physx@@G@physx@@QBE?AV01@XZ 10031da0 f i Cooking.obj
 0001:00030de0       ??Sphysx@@YA?AV?$PxFlags@W4Enum@PxConvexFlag@physx@@G@0@W4Enum@PxConvexFlag@0@@Z 10031de0 f i Cooking.obj
 0001:00030e10       ??_4?$PxFlags@W4Enum@PxConvexFlag@physx@@G@physx@@QAEAAV01@ABV01@@Z 10031e10 f i Cooking.obj
 0001:00030e3d       ??_ETriangleMeshBuilder@physx@@W7AEPAXI@Z 10031e3d f i Cooking.obj
 0001:00030e50       ??_ECooking@physx@@UAEPAXI@Z 10031e50 f i Cooking.obj
 0001:00030e50       ??_GCooking@physx@@UAEPAXI@Z 10031e50 f i Cooking.obj
 0001:00030e90       ??_GPxCooking@physx@@MAEPAXI@Z 10031e90 f i Cooking.obj
 0001:00030e90       ??_EPxCooking@physx@@MAEPAXI@Z 10031e90 f i Cooking.obj
 0001:00030ed0       ??_GTriangleMeshBuilder@physx@@UAEPAXI@Z 10031ed0 f i Cooking.obj
 0001:00030ed0       ??_ETriangleMeshBuilder@physx@@UAEPAXI@Z 10031ed0 f i Cooking.obj
 0001:00030f10       ?allocate@?$ReflectionAllocator@VCooking@physx@@@shdfnd@physx@@QAEPAXIPBDH@Z 10031f10 f i Cooking.obj
 0001:00030f70       ?allocate@?$ReflectionAllocator@VHeightField@Gu@physx@@@shdfnd@physx@@QAEPAXIPBDH@Z 10031f70 f i Cooking.obj
 0001:00030fd0       ?allocate@?$ReflectionAllocator@VTriangleMeshBuilder@physx@@@shdfnd@physx@@QAEPAXIPBDH@Z 10031fd0 f i Cooking.obj
 0001:00031030       ?getName@?$ReflectionAllocator@VCooking@physx@@@shdfnd@physx@@CAPBDXZ 10032030 f i Cooking.obj
 0001:00031080       ?getName@?$ReflectionAllocator@VHeightField@Gu@physx@@@shdfnd@physx@@CAPBDXZ 10032080 f i Cooking.obj
 0001:000310d0       ?getName@?$ReflectionAllocator@VTriangleMeshBuilder@physx@@@shdfnd@physx@@CAPBDXZ 100320d0 f i Cooking.obj
 0001:00031120       ?isValid@PxHeightFieldDesc@physx@@QBE_NXZ 10032120 f i Cooking.obj
 0001:00031210       ?littleEndian@shdfnd@physx@@YADXZ 10032210 f i Cooking.obj
 0001:00031230       ?requires@TriangleMesh@Gu@physx@@UAEXAAVPxProcessPxBaseCallback@3@@Z 10032230 f i Cooking.obj
 0001:00031240       ??0ReducedVertexCloud@physx@@QAE@PBVPxVec3@1@I@Z 10032240 f   CookingUtils.obj
 0001:00031280       ??1ReducedVertexCloud@physx@@QAE@XZ 10032280 f   CookingUtils.obj
 0001:000312a0       ?Clean@ReducedVertexCloud@physx@@QAEAAV12@XZ 100322a0 f   CookingUtils.obj
 0001:00031300       ?Reduce@ReducedVertexCloud@physx@@QAE_NPAUREDUCEDCLOUD@2@@Z 10032300 f   CookingUtils.obj
 0001:00031700       ??0EdgeList@Gu@physx@@QAE@XZ 10032700 f   EdgeList.obj
 0001:00031740       ??1EdgeList@Gu@physx@@QAE@XZ 10032740 f   EdgeList.obj
 0001:000317e0       ?Load@EdgeList@Gu@physx@@QAE_NAAVPxInputStream@3@@Z 100327e0 f   EdgeList.obj
 0001:000319b0       ??0EdgeListBuilder@Gu@physx@@QAE@XZ 100329b0 f   EdgeList.obj
 0001:000319d0       ??1EdgeListBuilder@Gu@physx@@QAE@XZ 100329d0 f   EdgeList.obj
 0001:000319f0       ?Init@EdgeListBuilder@Gu@physx@@QAE_NABUEDGELISTCREATE@23@@Z 100329f0 f   EdgeList.obj
 0001:00031b70       ?CreateFacesToEdges@EdgeListBuilder@Gu@physx@@AAE_NIPBIPBG@Z 10032b70 f   EdgeList.obj
 0001:00032060       ?CreateEdgesToFaces@EdgeListBuilder@Gu@physx@@AAE_NIPBIPBG@Z 10033060 f   EdgeList.obj
 0001:00032470       ?ComputeActiveEdges@EdgeListBuilder@Gu@physx@@AAE_NIPBIPBGPBVPxVec3@3@M@Z 10033470 f   EdgeList.obj
 0001:00033ec0       ??$?_UUEdgeData@Gu@physx@@@@YAPAXIV?$ReflectionAllocator@UEdgeData@Gu@physx@@@shdfnd@physx@@PBDH@Z 10034ec0 f i EdgeList.obj
 0001:00033ee0       ??$?_UUEdgeTriangleData@Gu@physx@@@@YAPAXIV?$ReflectionAllocator@UEdgeTriangleData@Gu@physx@@@shdfnd@physx@@PBDH@Z 10034ee0 f i EdgeList.obj
 0001:00033f00       ??0?$ReflectionAllocator@UEdgeData@Gu@physx@@@shdfnd@physx@@QAE@PBD@Z 10034f00 f i EdgeList.obj
 0001:00033f20       ??0?$ReflectionAllocator@UEdgeTriangleData@Gu@physx@@@shdfnd@physx@@QAE@PBD@Z 10034f20 f i EdgeList.obj
 0001:00033f40       ??0PxTriangle@physx@@QAE@ABVPxVec3@1@00@Z 10034f40 f i EdgeList.obj
 0001:00033fc0       ??1PxTriangle@physx@@QAE@XZ 10034fc0 f i EdgeList.obj
 0001:00033fd0       ?GetEdgeToTriangles@EdgeList@Gu@physx@@QBEPBUEdgeDescData@23@XZ 10034fd0 f i EdgeList.obj
 0001:00033ff0       ?GetEdges@EdgeList@Gu@physx@@QBEPBUEdgeData@23@XZ 10034ff0 f i EdgeList.obj
 0001:00034010       ?GetFacesByEdges@EdgeList@Gu@physx@@QBEPBIXZ 10035010 f i EdgeList.obj
 0001:00034030       ?OppositeVertex@@YAIIIIII@Z 10035030 f i EdgeList.obj
 0001:000340d0       ?PxAtan2@physx@@YAMMM@Z    100350d0 f i EdgeList.obj
 0001:00034100       ?allocate@?$ReflectionAllocator@UEdgeData@Gu@physx@@@shdfnd@physx@@QAEPAXIPBDH@Z 10035100 f i EdgeList.obj
 0001:00034160       ?allocate@?$ReflectionAllocator@UEdgeTriangleData@Gu@physx@@@shdfnd@physx@@QAEPAXIPBDH@Z 10035160 f i EdgeList.obj
 0001:000341c0       ?angle@shdfnd@physx@@YAMABVPxVec3@2@0@Z 100351c0 f i EdgeList.obj
 0001:00034230       ?atan2@@YAMMM@Z            10035230 f i EdgeList.obj
 0001:00034260       ?getName@?$ReflectionAllocator@UEdgeData@Gu@physx@@@shdfnd@physx@@CAPBDXZ 10035260 f i EdgeList.obj
 0001:000342b0       ?getName@?$ReflectionAllocator@UEdgeTriangleData@Gu@physx@@@shdfnd@physx@@CAPBDXZ 100352b0 f i EdgeList.obj
 0001:00034300       ?normal@PxTriangle@physx@@QBEXAAVPxVec3@2@@Z 10035300 f i EdgeList.obj
 0001:00034390       _atan2f                    10035390 f i EdgeList.obj
 0001:000343d0       ??0InternalTriangleMeshBuilder@physx@@QAE@PAVInternalTriangleMesh@1@ABUPxCookingParams@1@@Z 100353d0 f   InternalTriangleMeshBuilder.obj
 0001:00034400       ??1InternalTriangleMeshBuilder@physx@@QAE@XZ 10035400 f   InternalTriangleMeshBuilder.obj
 0001:00034420       ?cleanMesh@InternalTriangleMeshBuilder@physx@@QAE_N_N@Z 10035420 f   InternalTriangleMeshBuilder.obj
 0001:000349a0       ?fillRemapTable@InternalTriangleMeshBuilder@physx@@QAEXXZ 100359a0 f   InternalTriangleMeshBuilder.obj
 0001:00034a70       ?remapTopology@InternalTriangleMeshBuilder@physx@@QAEXPBI@Z 10035a70 f   InternalTriangleMeshBuilder.obj
 0001:00034d40       ?createRTree@InternalTriangleMeshBuilder@physx@@QAE_NXZ 10035d40 f   InternalTriangleMeshBuilder.obj
 0001:00034ea0       ?createSharedEdgeData@InternalTriangleMeshBuilder@physx@@QAEX_N0@Z 10035ea0 f   InternalTriangleMeshBuilder.obj
 0001:00035510       ?releaseEdgeList@InternalTriangleMeshBuilder@physx@@AAEXXZ 10036510 f   InternalTriangleMeshBuilder.obj
 0001:00035560       ?createEdgeList@InternalTriangleMeshBuilder@physx@@AAEXXZ 10036560 f   InternalTriangleMeshBuilder.obj
 0001:00035b20       ??$?2V?$ReflectionAllocator@VEdgeListBuilder@Gu@physx@@@shdfnd@physx@@@UserAllocated@shdfnd@physx@@SAPAXIV?$ReflectionAllocator@VEdgeListBuilder@Gu@physx@@@12@PBDH@Z 10036b20 f i InternalTriangleMeshBuilder.obj
 0001:00035b40       ??$PX_UNUSED@U?$TriangleT@I@Gu@physx@@@@YAXABU?$TriangleT@I@Gu@physx@@@Z 10036b40 f i InternalTriangleMeshBuilder.obj
 0001:00035b50       ??0?$Array@IVNamedAllocator@shdfnd@physx@@@shdfnd@physx@@QAE@ABVNamedAllocator@12@@Z 10036b50 f i InternalTriangleMeshBuilder.obj
 0001:00035ba0       ??0?$ReflectionAllocator@VEdgeListBuilder@Gu@physx@@@shdfnd@physx@@QAE@PBD@Z 10036ba0 f i InternalTriangleMeshBuilder.obj
 0001:00035bc0       ??0RTreeCookerRemap@@QAE@I@Z 10036bc0 f i InternalTriangleMeshBuilder.obj
 0001:00035c00       ??0RemapCallback@RTreeCooker@physx@@QAE@XZ 10036c00 f i InternalTriangleMeshBuilder.obj
 0001:00035c20       ??1RTreeCookerRemap@@UAE@XZ 10036c20 f i InternalTriangleMeshBuilder.obj
 0001:00035c40       ??1RemapCallback@RTreeCooker@physx@@UAE@XZ 10036c40 f i InternalTriangleMeshBuilder.obj
 0001:00035c60       ??_GEdgeListBuilder@Gu@physx@@QAEPAXI@Z 10036c60 f i InternalTriangleMeshBuilder.obj
 0001:00035ca0       ??_GRTreeCookerRemap@@UAEPAXI@Z 10036ca0 f i InternalTriangleMeshBuilder.obj
 0001:00035ca0       ??_ERTreeCookerRemap@@UAEPAXI@Z 10036ca0 f i InternalTriangleMeshBuilder.obj
 0001:00035ce0       ??_GRemapCallback@RTreeCooker@physx@@UAEPAXI@Z 10036ce0 f i InternalTriangleMeshBuilder.obj
 0001:00035ce0       ??_ERemapCallback@RTreeCooker@physx@@UAEPAXI@Z 10036ce0 f i InternalTriangleMeshBuilder.obj
 0001:00035d20       ?GetNbFaces@EdgeList@Gu@physx@@QBEIXZ 10036d20 f i InternalTriangleMeshBuilder.obj
 0001:00035d40       ?LeafSetData@Gu@physx@@YAIII@Z 10036d40 f i InternalTriangleMeshBuilder.obj
 0001:00035e10       ?SetData@LeafTriangles@Gu@physx@@QAEXII@Z 10036e10 f i InternalTriangleMeshBuilder.obj
 0001:00035e40       ?allocate@?$ReflectionAllocator@VEdgeListBuilder@Gu@physx@@@shdfnd@physx@@QAEPAXIPBDH@Z 10036e40 f i InternalTriangleMeshBuilder.obj
 0001:00035ea0       ?findEdgeCCW@?$TriangleT@I@Gu@physx@@QBEEII@Z 10036ea0 f i InternalTriangleMeshBuilder.obj
 0001:00036010       ?getName@?$ReflectionAllocator@VEdgeListBuilder@Gu@physx@@@shdfnd@physx@@CAPBDXZ 10037010 f i InternalTriangleMeshBuilder.obj
 0001:00036060       ?remap@RTreeCookerRemap@@UAEXPAIII@Z 10037060 f i InternalTriangleMeshBuilder.obj
 0001:00036200       ??0MeshCleaner@physx@@QAE@IPBVPxVec3@1@IPBIM@Z 10037200 f   MeshCleaner.obj
 0001:00036a70       ??1MeshCleaner@physx@@QAE@XZ 10037a70 f   MeshCleaner.obj
 0001:00036f50       ??9Indices@@QBE_NABU0@@Z   10037f50 f i MeshCleaner.obj
 0001:00036ff0       ??9PxVec3@physx@@QBE_NABV01@@Z 10037ff0 f i MeshCleaner.obj
 0001:00037070       ?PxFloor@physx@@YAMM@Z     10038070 f i MeshCleaner.obj
 0001:00037090       ?nextPowerOfTwo@shdfnd@physx@@YAII@Z 10038090 f i MeshCleaner.obj
 0001:000370f0       _floorf                    100380f0 f i MeshCleaner.obj
 0001:0003711c       _GetModuleFileNameA@12     1003811c f   kernel32:KERNEL32.dll
 0001:00037122       _LoadLibraryA@4            10038122 f   kernel32:KERNEL32.dll
 0001:00037128       __imp_load_?writeWord@physx@@YAXG_NAAVPxOutputStream@1@@Z 10038128 f   PhysX3CommonDEBUG_x86:PhysX3CommonDEBUG_x86.dll
 0001:00037132       __tailMerge_PhysX3CommonDEBUG_x86_dll 10038132 f i PhysX3CommonDEBUG_x86:PhysX3CommonDEBUG_x86.dll
 0001:00037143       ?writeWord@physx@@YAXG_NAAVPxOutputStream@1@@Z 10038143 f   PhysX3CommonDEBUG_x86:PhysX3CommonDEBUG_x86.dll
 0001:00037149       __imp_load_?writeDword@physx@@YAXI_NAAVPxOutputStream@1@@Z 10038149 f   PhysX3CommonDEBUG_x86:PhysX3CommonDEBUG_x86.dll
 0001:00037153       ?writeDword@physx@@YAXI_NAAVPxOutputStream@1@@Z 10038153 f   PhysX3CommonDEBUG_x86:PhysX3CommonDEBUG_x86.dll
[...]
 0004:0000008c       __imp__GetEnvironmentStringsW@0 100c108c     kernel32:KERNEL32.dll
 0004:00000090       __imp__FreeEnvironmentStringsW@4 100c1090     kernel32:KERNEL32.dll
 0004:00000094       __imp__UnhandledExceptionFilter@4 100c1094     kernel32:KERNEL32.dll
 0004:00000098       __imp__SetUnhandledExceptionFilter@4 100c1098     kernel32:KERNEL32.dll
 0004:0000009c       __imp__InitializeCriticalSectionAndSpinCount@8 100c109c     kernel32:KERNEL32.dll
 0004:000000a0       __imp__CreateEventW@16     100c10a0     kernel32:KERNEL32.dll
 0004:000000a4       __imp__Sleep@4             100c10a4     kernel32:KERNEL32.dll
 0004:000000a8       __imp__GetCurrentProcess@0 100c10a8     kernel32:KERNEL32.dll
 0004:000000ac       __imp__TerminateProcess@8  100c10ac     kernel32:KERNEL32.dll
 0004:000000b0       __imp__TlsAlloc@0          100c10b0     kernel32:KERNEL32.dll
 0004:000000b4       __imp__TlsGetValue@4       100c10b4     kernel32:KERNEL32.dll
 0004:000000b8       __imp__TlsSetValue@8       100c10b8     kernel32:KERNEL32.dll
 0004:000000bc       __imp__TlsFree@4           100c10bc     kernel32:KERNEL32.dll
 0004:000000c0       __imp__GetTickCount@0      100c10c0     kernel32:KERNEL32.dll
 0004:000000c4       __imp__GetModuleHandleW@4  100c10c4     kernel32:KERNEL32.dll
 0004:000000c8       __imp__CreateSemaphoreW@16 100c10c8     kernel32:KERNEL32.dll
 0004:000000cc       __imp__LoadLibraryExW@12   100c10cc     kernel32:KERNEL32.dll
 0004:000000d0       __imp__IsValidCodePage@4   100c10d0     kernel32:KERNEL32.dll
 0004:000000d4       __imp__GetACP@0            100c10d4     kernel32:KERNEL32.dll
 0004:000000d8       __imp__GetOEMCP@0          100c10d8     kernel32:KERNEL32.dll
 0004:000000dc       __imp__GetCPInfo@8         100c10dc     kernel32:KERNEL32.dll
 0004:000000e0       __imp__HeapAlloc@12        100c10e0     kernel32:KERNEL32.dll
 0004:000000e4       __imp__HeapFree@12         100c10e4     kernel32:KERNEL32.dll
 0004:000000e8       __imp__RtlUnwind@16        100c10e8     kernel32:KERNEL32.dll
 0004:000000ec       __imp__SetConsoleCtrlHandler@8 100c10ec     kernel32:KERNEL32.dll
 0004:000000f0       __imp__OutputDebugStringW@4 100c10f0     kernel32:KERNEL32.dll
 0004:000000f4       __imp__WaitForSingleObjectEx@12 100c10f4     kernel32:KERNEL32.dll
 0004:000000f8       __imp__CreateThread@24     100c10f8     kernel32:KERNEL32.dll
 0004:000000fc       __imp__OutputDebugStringA@4 100c10fc     kernel32:KERNEL32.dll
 0004:00000100       __imp__WriteConsoleW@20    100c1100     kernel32:KERNEL32.dll
 0004:00000104       __imp__HeapReAlloc@16      100c1104     kernel32:KERNEL32.dll
 0004:00000108       __imp__HeapSize@12         100c1108     kernel32:KERNEL32.dll
 0004:0000010c       __imp__HeapQueryInformation@20 100c110c     kernel32:KERNEL32.dll
 0004:00000110       __imp__GetDateFormatW@24   100c1110     kernel32:KERNEL32.dll
 0004:00000114       __imp__GetTimeFormatW@24   100c1114     kernel32:KERNEL32.dll
 0004:00000118       __imp__CompareStringW@24   100c1118     kernel32:KERNEL32.dll
 0004:0000011c       __imp__LCMapStringW@24     100c111c     kernel32:KERNEL32.dll
 0004:00000120       __imp__GetLocaleInfoW@16   100c1120     kernel32:KERNEL32.dll
 0004:00000124       __imp__IsValidLocale@8     100c1124     kernel32:KERNEL32.dll
 0004:00000128       __imp__GetUserDefaultLCID@0 100c1128     kernel32:KERNEL32.dll
 0004:0000012c       __imp__EnumSystemLocalesW@8 100c112c     kernel32:KERNEL32.dll
 0004:00000130       __imp__VirtualQuery@12     100c1130     kernel32:KERNEL32.dll
 0004:00000134       __imp__GetStringTypeW@16   100c1134     kernel32:KERNEL32.dll
 0004:00000138       __imp__FlushFileBuffers@4  100c1138     kernel32:KERNEL32.dll
 0004:0000013c       __imp__GetConsoleCP@0      100c113c     kernel32:KERNEL32.dll
 0004:00000140       __imp__GetConsoleMode@8    100c1140     kernel32:KERNEL32.dll
 0004:00000144       __imp__SetFilePointerEx@20 100c1144     kernel32:KERNEL32.dll
 0004:00000148       __imp__CloseHandle@4       100c1148     kernel32:KERNEL32.dll
 0004:0000014c       __imp__SetStdHandle@8      100c114c     kernel32:KERNEL32.dll
 0004:00000150       __imp__CreateFileW@28      100c1150     kernel32:KERNEL32.dll
 0004:00000154       \177KERNEL32_NULL_THUNK_DATA 100c1154     kernel32:KERNEL32.dll
 0004:000001c4       __IMPORT_DESCRIPTOR_KERNEL32 100c11c4     kernel32:KERNEL32.dll
 0004:000001d8       __NULL_IMPORT_DESCRIPTOR   100c11d8     kernel32:KERNEL32.dll
 0005:00000000       __DELAY_IMPORT_DESCRIPTOR_PhysX3CommonDEBUG_x86_dll 100c2000     PhysX3CommonDEBUG_x86:PhysX3CommonDEBUG_x86.dll
 0005:00000020       __NULL_DELAY_IMPORT_DESCRIPTOR 100c2020     PhysX3CommonDEBUG_x86:PhysX3CommonDEBUG_x86.dll
 0005:000001f4       \177PhysX3CommonDEBUG_x86_NULL_THUNK_DATA_DLN 100c21f4     PhysX3CommonDEBUG_x86:PhysX3CommonDEBUG_x86.dll
 0005:00000274       __imp_?writeWord@physx@@YAXG_NAAVPxOutputStream@1@@Z 100c2274     PhysX3CommonDEBUG_x86:PhysX3CommonDEBUG_x86.dll
 0005:00000278       __imp_?writeDword@physx@@YAXI_NAAVPxOutputStream@1@@Z 100c2278     PhysX3CommonDEBUG_x86:PhysX3CommonDEBUG_x86.dll
 0005:0000027c       __imp_?writeFloat@physx@@YAXM_NAAVPxOutputStream@1@@Z 100c227c     PhysX3CommonDEBUG_x86:PhysX3CommonDEBUG_x86.dll
 0005:00000280       __imp_?writeHeader@physx@@YA_NCCCCI_NAAVPxOutputStream@1@@Z 100c2280     PhysX3CommonDEBUG_x86:PhysX3CommonDEBUG_x86.dll
 0005:00000284       __imp_??0Allocator@shdfnd@physx@@QAE@PBD@Z 100c2284     PhysX3CommonDEBUG_x86:PhysX3CommonDEBUG_x86.dll
 0005:00000288       __imp_?allocate@Allocator@shdfnd@physx@@QAEPAXIPBDH@Z 100c2288     PhysX3CommonDEBUG_x86:PhysX3CommonDEBUG_x86.dll
 0005:0000028c       __imp_??0NamedAllocator@shdfnd@physx@@QAE@PBD@Z 100c228c     PhysX3CommonDEBUG_x86:PhysX3CommonDEBUG_x86.dll
 0005:00000290       __imp_??0NamedAllocator@shdfnd@physx@@QAE@ABV012@@Z 100c2290     PhysX3CommonDEBUG_x86:PhysX3CommonDEBUG_x86.dll
 0005:00000294       __imp_??1NamedAllocator@shdfnd@physx@@QAE@XZ 100c2294     PhysX3CommonDEBUG_x86:PhysX3CommonDEBUG_x86.dll
 0005:00000298       __imp_?allocate@NamedAllocator@shdfnd@physx@@QAEPAXIPBDH@Z 100c2298     PhysX3CommonDEBUG_x86:PhysX3CommonDEBUG_x86.dll
 0005:0000029c       __imp_?deallocate@NamedAllocator@shdfnd@physx@@QAEXPAX@Z 100c229c     PhysX3CommonDEBUG_x86:PhysX3CommonDEBUG_x86.dll
 0005:000002a0       __imp_?PxGetAssertHandler@physx@@YAAAVPxAssertHandler@1@XZ 100c22a0     PhysX3CommonDEBUG_x86:PhysX3CommonDEBUG_x86.dll
 0005:000002a4       __imp_?validate@RTree@Gu@physx@@QAEXXZ 100c22a4     PhysX3CommonDEBUG_x86:PhysX3CommonDEBUG_x86.dll
 0005:000002a8       __imp_??0TempAllocator@shdfnd@physx@@QAE@PBD@Z 100c22a8     PhysX3CommonDEBUG_x86:PhysX3CommonDEBUG_x86.dll
 0005:000002ac       __imp_?allocate@TempAllocator@shdfnd@physx@@QAEPAXIPBDH@Z 100c22ac     PhysX3CommonDEBUG_x86:PhysX3CommonDEBUG_x86.dll
 0005:000002b0       __imp_?deallocate@TempAllocator@shdfnd@physx@@QAEXPAX@Z 100c22b0     PhysX3CommonDEBUG_x86:PhysX3CommonDEBUG_x86.dll
 0005:000002b4       __imp_?computeBoundsAroundVertices@Gu@physx@@YAXAAVPxBounds3@2@IPIBVPxVec3@2@@Z 100c22b4     PhysX3CommonDEBUG_x86:PhysX3CommonDEBUG_x86.dll
 0005:000002b8       __imp__PxGetFoundation     100c22b8     PhysX3CommonDEBUG_x86:PhysX3CommonDEBUG_x86.dll
 0005:000002bc       __imp_?getAllocator@shdfnd@physx@@YAAAVPxAllocatorCallback@2@XZ 100c22bc     PhysX3CommonDEBUG_x86:PhysX3CommonDEBUG_x86.dll
 0005:000002c0       __imp_?deallocate@Allocator@shdfnd@physx@@QAEXPAX@Z 100c22c0     PhysX3CommonDEBUG_x86:PhysX3CommonDEBUG_x86.dll
 0005:000002c4       __imp_?getInstance@Foundation@shdfnd@physx@@SAAAV123@XZ 100c22c4     PhysX3CommonDEBUG_x86:PhysX3CommonDEBUG_x86.dll
 0005:000002c8       __imp_?error@Foundation@shdfnd@physx@@QAAXW4Enum@PxErrorCode@3@PBDH1ZZ 100c22c8     PhysX3CommonDEBUG_x86:PhysX3CommonDEBUG_x86.dll
 0005:000002cc       __imp_?save@RTree@Gu@physx@@QBE_NAAVPxOutputStream@3@@Z 100c22cc     PhysX3CommonDEBUG_x86:PhysX3CommonDEBUG_x86.dll
 0005:000002d0       __imp_?release@InternalTriangleMesh@physx@@QAEXXZ 100c22d0     PhysX3CommonDEBUG_x86:PhysX3CommonDEBUG_x86.dll
 0005:000002d4       __imp_?allocateVertices@InternalTriangleMesh@physx@@QAEPAVPxVec3@2@I@Z 100c22d4     PhysX3CommonDEBUG_x86:PhysX3CommonDEBUG_x86.dll
 0005:000002d8       __imp_?allocateTriangles@InternalTriangleMesh@physx@@QAEPAXI_N@Z 100c22d8     PhysX3CommonDEBUG_x86:PhysX3CommonDEBUG_x86.dll
 0005:000002dc       __imp_?allocateMaterials@InternalTriangleMesh@physx@@QAEPAGXZ 100c22dc     PhysX3CommonDEBUG_x86:PhysX3CommonDEBUG_x86.dll
 0005:000002e0       __imp_?getNumVertices@InternalTriangleMesh@physx@@QBEIXZ 100c22e0     PhysX3CommonDEBUG_x86:PhysX3CommonDEBUG_x86.dll
 0005:000002e4       __imp_?getNumTriangles@InternalTriangleMesh@physx@@QBEIXZ 100c22e4     PhysX3CommonDEBUG_x86:PhysX3CommonDEBUG_x86.dll
 0005:000002e8       __imp_?getVertices@InternalTriangleMesh@physx@@QBEPBVPxVec3@2@XZ 100c22e8     PhysX3CommonDEBUG_x86:PhysX3CommonDEBUG_x86.dll
 0005:000002ec       __imp_?getTriangles@InternalTriangleMesh@physx@@QBEPBXXZ 100c22ec     PhysX3CommonDEBUG_x86:PhysX3CommonDEBUG_x86.dll
 0005:000002f0       __imp_?getMaterials@InternalTriangleMesh@physx@@QBEPBGXZ 100c22f0     PhysX3CommonDEBUG_x86:PhysX3CommonDEBUG_x86.dll
 0005:000002f4       __imp_?getFaceRemap@InternalTriangleMesh@physx@@QBEPBIXZ 100c22f4     PhysX3CommonDEBUG_x86:PhysX3CommonDEBUG_x86.dll
 0005:000002f8       __imp_?getAdjacencies@InternalTriangleMesh@physx@@QBEPBIXZ 100c22f8     PhysX3CommonDEBUG_x86:PhysX3CommonDEBUG_x86.dll
 0005:000002fc       __imp_?getCollisionModel@InternalTriangleMesh@physx@@QBEABVRTreeMidphase@Gu@2@XZ 100c22fc     PhysX3CommonDEBUG_x86:PhysX3CommonDEBUG_x86.dll
 0005:00000300       __imp_?writeWordBuffer@physx@@YAXPBGI_NAAVPxOutputStream@1@@Z 100c2300     PhysX3CommonDEBUG_x86:PhysX3CommonDEBUG_x86.dll
 0005:00000304       __imp_?writeFloatBuffer@physx@@YAXPBMI_NAAVPxOutputStream@1@@Z 100c2304     PhysX3CommonDEBUG_x86:PhysX3CommonDEBUG_x86.dll
 0005:00000308       __imp_?computeMaxIndex@physx@@YAIPBII@Z 100c2308     PhysX3CommonDEBUG_x86:PhysX3CommonDEBUG_x86.dll
 0005:0000030c       __imp_?storeIndices@physx@@YAXIIPBIAAVPxOutputStream@1@_N@Z 100c230c     PhysX3CommonDEBUG_x86:PhysX3CommonDEBUG_x86.dll
 0005:00000310       __imp_?computeMaxIndex@physx@@YAGPBGI@Z 100c2310     PhysX3CommonDEBUG_x86:PhysX3CommonDEBUG_x86.dll
 0005:00000314       __imp_?WriteHeader@Gu@physx@@YA_NEEEEI_NAAVPxOutputStream@2@@Z 100c2314     PhysX3CommonDEBUG_x86:PhysX3CommonDEBUG_x86.dll
 0005:00000318       __imp_?StoreIndices@Gu@physx@@YAXGIPBGAAVPxOutputStream@2@_N@Z 100c2318     PhysX3CommonDEBUG_x86:PhysX3CommonDEBUG_x86.dll
 0005:0000031c       __imp_?CreateOffsets@BigConvexData@physx@@IAEXXZ 100c231c     PhysX3CommonDEBUG_x86:PhysX3CommonDEBUG_x86.dll
 0005:00000320       __imp_?GetRanks@RadixSort@Gu@physx@@QBEPBIXZ 100c2320     PhysX3CommonDEBUG_x86:PhysX3CommonDEBUG_x86.dll
 0005:00000324       __imp_??0RadixSortBuffered@Gu@physx@@QAE@XZ 100c2324     PhysX3CommonDEBUG_x86:PhysX3CommonDEBUG_x86.dll
 0005:00000328       __imp_??1RadixSortBuffered@Gu@physx@@UAE@XZ 100c2328     PhysX3CommonDEBUG_x86:PhysX3CommonDEBUG_x86.dll
 0005:0000032c       __imp_?Sort@RadixSortBuffered@Gu@physx@@QAEAAV123@PBIIW4RadixHint@23@@Z 100c232c     PhysX3CommonDEBUG_x86:PhysX3CommonDEBUG_x86.dll
 0005:00000330       __imp_??0Container@Gu@physx@@QAE@XZ 100c2330     PhysX3CommonDEBUG_x86:PhysX3CommonDEBUG_x86.dll
 0005:00000334       __imp_??0Container@Gu@physx@@QAE@ABV012@@Z 100c2334     PhysX3CommonDEBUG_x86:PhysX3CommonDEBUG_x86.dll
 0005:00000338       __imp_??1Container@Gu@physx@@QAE@XZ 100c2338     PhysX3CommonDEBUG_x86:PhysX3CommonDEBUG_x86.dll
 0005:0000033c       __imp_?Add@Container@Gu@physx@@QAEAAV123@I@Z 100c233c     PhysX3CommonDEBUG_x86:PhysX3CommonDEBUG_x86.dll
 0005:00000340       __imp_?Add@Container@Gu@physx@@QAEAAV123@PBII@Z 100c2340     PhysX3CommonDEBUG_x86:PhysX3CommonDEBUG_x86.dll
 0005:00000344       __imp_?Add@Container@Gu@physx@@QAEAAV123@ABV123@@Z 100c2344     PhysX3CommonDEBUG_x86:PhysX3CommonDEBUG_x86.dll
 0005:00000348       __imp_?AddUnique@Container@Gu@physx@@QAEAAV123@I@Z 100c2348     PhysX3CommonDEBUG_x86:PhysX3CommonDEBUG_x86.dll
 0005:0000034c       __imp_?Empty@Container@Gu@physx@@QAEAAV123@XZ 100c234c     PhysX3CommonDEBUG_x86:PhysX3CommonDEBUG_x86.dll
 0005:00000350       __imp_?Reset@Container@Gu@physx@@QAEXXZ 100c2350     PhysX3CommonDEBUG_x86:PhysX3CommonDEBUG_x86.dll
 0005:00000354       __imp_?Contains@Container@Gu@physx@@QBE_NIPAI@Z 100c2354     PhysX3CommonDEBUG_x86:PhysX3CommonDEBUG_x86.dll
 0005:00000358       __imp_?DeleteIndex@Container@Gu@physx@@QAEXI@Z 100c2358     PhysX3CommonDEBUG_x86:PhysX3CommonDEBUG_x86.dll
 0005:0000035c       __imp_?GetNbEntries@Container@Gu@physx@@QBEIXZ 100c235c     PhysX3CommonDEBUG_x86:PhysX3CommonDEBUG_x86.dll
 0005:00000360       __imp_?GetEntry@Container@Gu@physx@@QBEII@Z 100c2360     PhysX3CommonDEBUG_x86:PhysX3CommonDEBUG_x86.dll
 0005:00000364       __imp_?GetEntries@Container@Gu@physx@@QBEPAIXZ 100c2364     PhysX3CommonDEBUG_x86:PhysX3CommonDEBUG_x86.dll
 0005:00000368       __imp_??AContainer@Gu@physx@@QAEAAII@Z 100c2368     PhysX3CommonDEBUG_x86:PhysX3CommonDEBUG_x86.dll
 0005:0000036c       __imp_??4Container@Gu@physx@@QAEXABV012@@Z 100c236c     PhysX3CommonDEBUG_x86:PhysX3CommonDEBUG_x86.dll
 0005:00000370       __imp_??0ConvexMesh@Gu@physx@@QAE@XZ 100c2370     PhysX3CommonDEBUG_x86:PhysX3CommonDEBUG_x86.dll
 0005:00000374       __imp_??1ConvexMesh@Gu@physx@@UAE@XZ 100c2374     PhysX3CommonDEBUG_x86:PhysX3CommonDEBUG_x86.dll
 0005:00000378       __imp_??0BigConvexData@physx@@QAE@XZ 100c2378     PhysX3CommonDEBUG_x86:PhysX3CommonDEBUG_x86.dll
 0005:0000037c       __imp_??1BigConvexData@physx@@QAE@XZ 100c237c     PhysX3CommonDEBUG_x86:PhysX3CommonDEBUG_x86.dll
 0005:00000380       __imp_?exportExtraData@ConvexMesh@Gu@physx@@UAEXAAVPxSerializationContext@3@@Z 100c2380     PhysX3CommonDEBUG_x86:PhysX3CommonDEBUG_x86.dll
 0005:00000384       __imp_?getConcreteTypeName@PxConvexMesh@physx@@UBEPBDXZ 100c2384     PhysX3CommonDEBUG_x86:PhysX3CommonDEBUG_x86.dll
 0005:00000388       __imp_?getIndexBuffer@ConvexMesh@Gu@physx@@UBEPBEXZ 100c2388     PhysX3CommonDEBUG_x86:PhysX3CommonDEBUG_x86.dll
 0005:0000038c       __imp_?getLocalBounds@ConvexMesh@Gu@physx@@UBE?AVPxBounds3@3@XZ 100c238c     PhysX3CommonDEBUG_x86:PhysX3CommonDEBUG_x86.dll
 0005:00000390       __imp_?getMassInformation@ConvexMesh@Gu@physx@@UBEXAAMAAVPxMat33@3@AAVPxVec3@3@@Z 100c2390     PhysX3CommonDEBUG_x86:PhysX3CommonDEBUG_x86.dll
 0005:00000394       __imp_?getNbPolygons@ConvexMesh@Gu@physx@@UBEIXZ 100c2394     PhysX3CommonDEBUG_x86:PhysX3CommonDEBUG_x86.dll
 0005:00000398       __imp_?getNbVertices@ConvexMesh@Gu@physx@@UBEIXZ 100c2398     PhysX3CommonDEBUG_x86:PhysX3CommonDEBUG_x86.dll
 0005:0000039c       __imp_?getPolygonData@ConvexMesh@Gu@physx@@UBE_NIAAUPxHullPolygon@3@@Z 100c239c     PhysX3CommonDEBUG_x86:PhysX3CommonDEBUG_x86.dll
 0005:000003a0       __imp_?getReferenceCount@ConvexMesh@Gu@physx@@UBEIXZ 100c23a0     PhysX3CommonDEBUG_x86:PhysX3CommonDEBUG_x86.dll
 0005:000003a4       __imp_?getVertices@ConvexMesh@Gu@physx@@UBEPBVPxVec3@3@XZ 100c23a4     PhysX3CommonDEBUG_x86:PhysX3CommonDEBUG_x86.dll
 0005:000003a8       __imp_?isKindOf@PxConvexMesh@physx@@MBE_NPBD@Z 100c23a8     PhysX3CommonDEBUG_x86:PhysX3CommonDEBUG_x86.dll
 0005:000003ac       __imp_?onRefCountZero@ConvexMesh@Gu@physx@@UAEXXZ 100c23ac     PhysX3CommonDEBUG_x86:PhysX3CommonDEBUG_x86.dll
 0005:000003b0       __imp_?release@ConvexMesh@Gu@physx@@UAEXXZ 100c23b0     PhysX3CommonDEBUG_x86:PhysX3CommonDEBUG_x86.dll
 0005:000003b4       __imp_?readDword@physx@@YAI_NAAVPxInputStream@1@@Z 100c23b4     PhysX3CommonDEBUG_x86:PhysX3CommonDEBUG_x86.dll
 0005:000003b8       __imp_?ReadHeader@Gu@physx@@YA_NEEEEAAIAA_NAAVPxInputStream@2@@Z 100c23b8     PhysX3CommonDEBUG_x86:PhysX3CommonDEBUG_x86.dll
 0005:000003bc       __imp_??0FPUGuard@shdfnd@physx@@QAE@XZ 100c23bc     PhysX3CommonDEBUG_x86:PhysX3CommonDEBUG_x86.dll
 0005:000003c0       __imp_??1FPUGuard@shdfnd@physx@@QAE@XZ 100c23c0     PhysX3CommonDEBUG_x86:PhysX3CommonDEBUG_x86.dll
 0005:000003c4       __imp_?incRefCount@Foundation@shdfnd@physx@@SAXXZ 100c23c4     PhysX3CommonDEBUG_x86:PhysX3CommonDEBUG_x86.dll
 0005:000003c8       __imp_?decRefCount@Foundation@shdfnd@physx@@SAXXZ 100c23c8     PhysX3CommonDEBUG_x86:PhysX3CommonDEBUG_x86.dll
 0005:000003cc       __imp_??0TriangleMesh@Gu@physx@@QAE@XZ 100c23cc     PhysX3CommonDEBUG_x86:PhysX3CommonDEBUG_x86.dll
 0005:000003d0       __imp_?checkMeshIndicesSize@TriangleMesh@Gu@physx@@QAEXXZ 100c23d0     PhysX3CommonDEBUG_x86:PhysX3CommonDEBUG_x86.dll
 0005:000003d4       __imp_??1TriangleMesh@Gu@physx@@UAE@XZ 100c23d4     PhysX3CommonDEBUG_x86:PhysX3CommonDEBUG_x86.dll
 0005:000003d8       __imp_??0HeightField@Gu@physx@@QAE@PAVGuMeshFactory@2@@Z 100c23d8     PhysX3CommonDEBUG_x86:PhysX3CommonDEBUG_x86.dll
 0005:000003dc       __imp_?loadFromDesc@HeightField@Gu@physx@@QAE_NABVPxHeightFieldDesc@3@_N@Z 100c23dc     PhysX3CommonDEBUG_x86:PhysX3CommonDEBUG_x86.dll
 0005:000003e0       __imp_?releaseMemory@HeightField@Gu@physx@@QAEX_N@Z 100c23e0     PhysX3CommonDEBUG_x86:PhysX3CommonDEBUG_x86.dll
 0005:000003e4       __imp_?exportExtraData@TriangleMesh@Gu@physx@@UAEXAAVPxSerializationContext@3@@Z 100c23e4     PhysX3CommonDEBUG_x86:PhysX3CommonDEBUG_x86.dll
 0005:000003e8       __imp_?getConcreteTypeName@PxTriangleMesh@physx@@UBEPBDXZ 100c23e8     PhysX3CommonDEBUG_x86:PhysX3CommonDEBUG_x86.dll
 0005:000003ec       __imp_?getLocalBounds@TriangleMesh@Gu@physx@@UBE?AVPxBounds3@3@XZ 100c23ec     PhysX3CommonDEBUG_x86:PhysX3CommonDEBUG_x86.dll
 0005:000003f0       __imp_?getNbTriangles@TriangleMesh@Gu@physx@@UBEIXZ 100c23f0     PhysX3CommonDEBUG_x86:PhysX3CommonDEBUG_x86.dll
 0005:000003f4       __imp_?getNbVertices@TriangleMesh@Gu@physx@@UBEIXZ 100c23f4     PhysX3CommonDEBUG_x86:PhysX3CommonDEBUG_x86.dll
 0005:000003f8       __imp_?getReferenceCount@TriangleMesh@Gu@physx@@UBEIXZ 100c23f8     PhysX3CommonDEBUG_x86:PhysX3CommonDEBUG_x86.dll
 0005:000003fc       __imp_?getTriangleMaterialIndex@TriangleMesh@Gu@physx@@UBEGI@Z 100c23fc     PhysX3CommonDEBUG_x86:PhysX3CommonDEBUG_x86.dll
 0005:00000400       __imp_?getTriangleMeshFlags@TriangleMesh@Gu@physx@@UBE?AV?$PxFlags@W4Enum@PxTriangleMeshFlag@physx@@E@3@XZ 100c2400     PhysX3CommonDEBUG_x86:PhysX3CommonDEBUG_x86.dll
 0005:00000404       __imp_?getTriangles@TriangleMesh@Gu@physx@@UBEPBXXZ 100c2404     PhysX3CommonDEBUG_x86:PhysX3CommonDEBUG_x86.dll
 0005:00000408       __imp_?getTrianglesRemap@TriangleMesh@Gu@physx@@UBEPBIXZ 100c2408     PhysX3CommonDEBUG_x86:PhysX3CommonDEBUG_x86.dll
 0005:0000040c       __imp_?getVertices@TriangleMesh@Gu@physx@@UBEPBVPxVec3@3@XZ 100c240c     PhysX3CommonDEBUG_x86:PhysX3CommonDEBUG_x86.dll
 0005:00000410       __imp_?isKindOf@PxTriangleMesh@physx@@MBE_NPBD@Z 100c2410     PhysX3CommonDEBUG_x86:PhysX3CommonDEBUG_x86.dll
 0005:00000414       __imp_?onRefCountZero@TriangleMesh@Gu@physx@@UAEXXZ 100c2414     PhysX3CommonDEBUG_x86:PhysX3CommonDEBUG_x86.dll
 0005:00000418       __imp_?release@TriangleMesh@Gu@physx@@UAEXXZ 100c2418     PhysX3CommonDEBUG_x86:PhysX3CommonDEBUG_x86.dll
 0005:0000041c       __imp_?has16BitIndices@InternalTriangleMesh@physx@@QBE_NXZ 100c241c     PhysX3CommonDEBUG_x86:PhysX3CommonDEBUG_x86.dll
 0005:00000420       __imp_?setTriangleAdjacency@InternalTriangleMesh@physx@@QAEXIII@Z 100c2420     PhysX3CommonDEBUG_x86:PhysX3CommonDEBUG_x86.dll
 0005:00000424       __imp_?setupMeshInterface@InternalTriangleMesh@physx@@QAEXXZ 100c2424     PhysX3CommonDEBUG_x86:PhysX3CommonDEBUG_x86.dll
 0005:00000428       \177PhysX3CommonDEBUG_x86_NULL_THUNK_DATA_DLA 100c2428     PhysX3CommonDEBUG_x86:PhysX3CommonDEBUG_x86.dll
 0005:00001d58       \177PhysX3CommonDEBUG_x86_NULL_THUNK_DATA_DLB 100c3d58     PhysX3CommonDEBUG_x86:PhysX3CommonDEBUG_x86.dll
