 PhysX3Common_x86

 Timestamp is 55b9b933 (Wed Jul 29 22:42:11 2015)

 Preferred load address is 10000000

 Start         Length     Name                   Class
 0001:00000000 000053b4H .text$di                CODE
 0001:000053c0 0019a20eH .text$mn                CODE
 0001:0019f5d0 0000000bH .text$yd                CODE
 0002:00000000 000001e4H .idata$5                DATA
 0002:000001e4 00000004H .CRT$XCA                DATA
 0002:000001e8 000009c8H .CRT$XCU                DATA
 0002:00000bb0 00000004H .CRT$XCZ                DATA
 0002:00000bb4 00000004H .CRT$XIA                DATA
 0002:00000bb8 00000004H .CRT$XIAA               DATA
 0002:00000bbc 00000004H .CRT$XIC                DATA
 0002:00000bc0 00000004H .CRT$XIZ                DATA
 0002:00000bd0 00004bc8H .rdata                  DATA
 0002:00005798 00000078H .rdata$debug            DATA
 0002:00005810 00000048H .rdata$r                DATA
 0002:00005860 00000008H .rdata$sxdata           DATA
 0002:00005868 00000004H .rtc$IAA                DATA
 0002:0000586c 00000004H .rtc$IZZ                DATA
 0002:00005870 00000004H .rtc$TAA                DATA
 0002:00005874 00000004H .rtc$TZZ                DATA
 0002:00005878 000000b4H .xdata$x                DATA
 0002:00005930 000129caH .edata                  DATA
 0002:000182fc 0000003cH .idata$2                DATA
 0002:00018338 00000014H .idata$3                DATA
 0002:0001834c 000001e4H .idata$4                DATA
 0002:00018530 000006d2H .idata$6                DATA
 0003:00000000 00000c2cH .data                   DATA
 0003:00000c2c 000002e4H .data$r                 DATA
 0003:00000f10 000026d4H .bss                    DATA
 0004:00000000 000000a0H .rsrc$01                DATA
 0004:000000a0 000004b8H .rsrc$02                DATA

  Address         Publics by Value              Rva+Base       Lib:Object

 0000:00000000       __except_list              00000000     <absolute>
 0000:00000000       ___guard_flags             00000000     <absolute>
 0000:00000000       ___guard_fids_count        00000000     <absolute>
 0000:00000000       ___guard_fids_table        00000000     <absolute>
 0000:00000002       ___safe_se_handler_count   00000002     <absolute>
 0000:00009876       __fltused                  00009876     <absolute>
 0000:00009876       __ldused                   00009876     <absolute>
 0000:00000000       ___ImageBase               10000000     <linker-defined>
 0001:000053c0       ?atomicExchange@shdfnd@physx@@YAHPCHH@Z 100063c0 f   PsWindowsAtomic.obj
 0001:000053d0       ?atomicCompareExchange@shdfnd@physx@@YAHPCHHH@Z 100063d0 f   PsWindowsAtomic.obj
 0001:000053f0       ?atomicCompareExchangePointer@shdfnd@physx@@YAPAXPAPCXPAX1@Z 100063f0 f   PsWindowsAtomic.obj
 0001:00005410       ?atomicIncrement@shdfnd@physx@@YAHPCH@Z 10006410 f   PsWindowsAtomic.obj
 0001:00005430       ?atomicDecrement@shdfnd@physx@@YAHPCH@Z 10006430 f   PsWindowsAtomic.obj
 0001:00005440       ?atomicAdd@shdfnd@physx@@YAHPCHH@Z 10006440 f   PsWindowsAtomic.obj
 0001:00005470       ?atomicMax@shdfnd@physx@@YAHPCHH@Z 10006470 f   PsWindowsAtomic.obj
 0001:000054a0       __InlineInterlockedCompareExchangePointer 100064a0 f i PsWindowsAtomic.obj
 0001:000054c0       ?getCpuId@Cpu@shdfnd@physx@@SAEXZ 100064c0 f   PsWindowsCpu.obj
 0001:000054f0       ??0FPUGuard@shdfnd@physx@@QAE@XZ 100064f0 f   PsWindowsFPU.obj
 0001:00005530       ??1FPUGuard@shdfnd@physx@@QAE@XZ 10006530 f   PsWindowsFPU.obj
 0001:00005570       ?enableFPExceptions@shdfnd@physx@@YAXXZ 10006570 f   PsWindowsFPU.obj
 0001:00005590       ?disableFPExceptions@shdfnd@physx@@YAXXZ 10006590 f   PsWindowsFPU.obj
 0001:000055b0       ??4FPUGuard@shdfnd@physx@@QAEAAV012@ABV012@@Z 100065b0 f i PsWindowsFPU.obj
 0001:000055d0       ??0MemoryMappedFile@shdfnd@physx@@QAE@PBDI@Z 100065d0 f   PsWindowsMemoryMappedFile.obj
 0001:00005650       ??1MemoryMappedFile@shdfnd@physx@@QAE@XZ 10006650 f   PsWindowsMemoryMappedFile.obj
 0001:00005690       ?getBaseAddress@MemoryMappedFile@shdfnd@physx@@QAEPAXXZ 10006690 f   PsWindowsMemoryMappedFile.obj
 0001:000056a0       ??0Allocator@shdfnd@physx@@QAE@PBD@Z 100066a0 f i PsWindowsMemoryMappedFile.obj
 0001:000056b0       ??0PxFoundation@physx@@QAE@ABV01@@Z 100066b0 f i PsWindowsMemoryMappedFile.obj
 0001:000056c0       ??0PxFoundation@physx@@QAE@XZ 100066c0 f i PsWindowsMemoryMappedFile.obj
 0001:000056d0       ??1PxFoundation@physx@@MAE@XZ 100066d0 f i PsWindowsMemoryMappedFile.obj
 0001:000056e0       ??4Allocator@shdfnd@physx@@QAEAAV012@ABV012@@Z 100066e0 f i PsWindowsMemoryMappedFile.obj
 0001:000056f0       ??4ErrorHandler@shdfnd@physx@@QAEAAV012@ABV012@@Z 100066f0 f i PsWindowsMemoryMappedFile.obj
 0001:00005710       ??4MutexImpl@shdfnd@physx@@QAEAAV012@ABV012@@Z 10006710 f i PsWindowsMemoryMappedFile.obj
 0001:00005720       ??4PAUtils@shdfnd@physx@@QAEAAV012@ABV012@@Z 10006720 f i PsWindowsMemoryMappedFile.obj
 0001:00005730       ??4PxFoundation@physx@@QAEAAV01@ABV01@@Z 10006730 f i PsWindowsMemoryMappedFile.obj
 0001:00005740       ??_EPxFoundation@physx@@MAEPAXI@Z 10006740 f i PsWindowsMemoryMappedFile.obj
 0001:000057a0       ??_FAllocator@shdfnd@physx@@QAEXXZ 100067a0 f i PsWindowsMemoryMappedFile.obj
 0001:000057b0       ??_GPxFoundation@physx@@MAEPAXI@Z 100067b0 f i PsWindowsMemoryMappedFile.obj
 0001:000057e0       ??_I@YGXPAXIHP6EX0@Z@Z     100067e0 f i PsWindowsMemoryMappedFile.obj
 0001:00005820       ?getAllocator@Foundation@shdfnd@physx@@UBEAAVPxBroadcastingAllocator@3@XZ 10006820 f i PsWindowsMemoryMappedFile.obj
 0001:00005830       ?getCallbackCount@ErrorHandler@shdfnd@physx@@QBEIXZ 10006830 f i PsWindowsMemoryMappedFile.obj
 0001:00005840       ?getCheckedAllocator@Foundation@shdfnd@physx@@QAEAAVPxAllocatorCallback@3@XZ 10006840 f i PsWindowsMemoryMappedFile.obj
 0001:00005850       ?getErrorCallback@ErrorHandler@shdfnd@physx@@QBEPAVPxErrorCallback@3@H@Z 10006850 f i PsWindowsMemoryMappedFile.obj
 0001:00005860       ?getErrorHandler@Foundation@shdfnd@physx@@QAEAAVErrorHandler@23@XZ 10006860 f i PsWindowsMemoryMappedFile.obj
 0001:00005870       ?getErrorMutex@Foundation@shdfnd@physx@@QAEAAV?$MutexT@V?$ReflectionAllocator@VMutexImpl@shdfnd@physx@@@shdfnd@physx@@@23@XZ 10006870 f i PsWindowsMemoryMappedFile.obj
 0001:00005880       ?getMaxCallbackNum@ErrorHandler@shdfnd@physx@@QBEIXZ 10006880 f i PsWindowsMemoryMappedFile.obj
 0001:00005890       ?getNamedAllocMap@Foundation@shdfnd@physx@@QAEAAV?$HashMap@PBVNamedAllocator@shdfnd@physx@@PBDU?$Hash@PBVNamedAllocator@shdfnd@physx@@@23@VNonTrackingAllocator@23@@23@XZ 10006890 f i PsWindowsMemoryMappedFile.obj
 0001:000058a0       ?getNamedAllocMutex@Foundation@shdfnd@physx@@QAEAAV?$MutexT@V?$ReflectionAllocator@VMutexImpl@shdfnd@physx@@@shdfnd@physx@@@23@XZ 100068a0 f i PsWindowsMemoryMappedFile.obj
 0001:000058b0       ?getPAUtils@Foundation@shdfnd@physx@@QAEAAVPAUtils@23@XZ 100068b0 f i PsWindowsMemoryMappedFile.obj
 0001:000058c0       ?getReportAllocationNames@Foundation@shdfnd@physx@@UBE_NXZ 100068c0 f i PsWindowsMemoryMappedFile.obj
 0001:000058d0       ?getTempAllocFreeTable@Foundation@shdfnd@physx@@QAEAAV?$Array@PATTempAllocatorChunk@shdfnd@physx@@VAllocator@23@@23@XZ 100068d0 f i PsWindowsMemoryMappedFile.obj
 0001:000058e0       ?getTempAllocMutex@Foundation@shdfnd@physx@@QAEAAV?$MutexT@V?$ReflectionAllocator@VMutexImpl@shdfnd@physx@@@shdfnd@physx@@@23@XZ 100068e0 f i PsWindowsMemoryMappedFile.obj
 0001:000058f0       ?setReportAllocationNames@Foundation@shdfnd@physx@@UAEX_N@Z 100068f0 f i PsWindowsMemoryMappedFile.obj
 0001:00005900       ??0PsModuleUpdateLoader@shdfnd@physx@@QAE@PBD@Z 10006900 f   PsWindowsModuleUpdateLoader.obj
 0001:00005940       ??1PsModuleUpdateLoader@shdfnd@physx@@QAE@XZ 10006940 f   PsWindowsModuleUpdateLoader.obj
 0001:00005960       ?LoadModule@PsModuleUpdateLoader@shdfnd@physx@@QAEPAUHINSTANCE__@@PBD0@Z 10006960 f   PsWindowsModuleUpdateLoader.obj
 0001:00005990       ??4PsModuleUpdateLoader@shdfnd@physx@@QAEAAV012@ABV012@@Z 10006990 f i PsWindowsModuleUpdateLoader.obj
 0001:000059b0       ?loadLibrary@shdfnd@physx@@YGPAUHINSTANCE__@@PBD@Z 100069b0 f i PsWindowsModuleUpdateLoader.obj
 0001:000059c0       ??0MutexImpl@shdfnd@physx@@QAE@XZ 100069c0 f   PsWindowsMutex.obj
 0001:000059e0       ??1MutexImpl@shdfnd@physx@@QAE@XZ 100069e0 f   PsWindowsMutex.obj
 0001:000059f0       ?lock@MutexImpl@shdfnd@physx@@QAEXXZ 100069f0 f   PsWindowsMutex.obj
 0001:00005a00       ?trylock@MutexImpl@shdfnd@physx@@QAE_NXZ 10006a00 f   PsWindowsMutex.obj
 0001:00005a10       ?unlock@MutexImpl@shdfnd@physx@@QAEXXZ 10006a10 f   PsWindowsMutex.obj
 0001:00005a20       ?getSize@MutexImpl@shdfnd@physx@@SAABIXZ 10006a20 f   PsWindowsMutex.obj
 0001:00005a30       ??0ReadWriteLock@shdfnd@physx@@QAE@XZ 10006a30 f   PsWindowsMutex.obj
 0001:00005a70       ??1ReadWriteLock@shdfnd@physx@@QAE@XZ 10006a70 f   PsWindowsMutex.obj
 0001:00005ab0       ?lockReader@ReadWriteLock@shdfnd@physx@@QAEXXZ 10006ab0 f   PsWindowsMutex.obj
 0001:00005ae0       ?lockWriter@ReadWriteLock@shdfnd@physx@@QAEXXZ 10006ae0 f   PsWindowsMutex.obj
 0001:00005b00       ?unlockReader@ReadWriteLock@shdfnd@physx@@QAEXXZ 10006b00 f   PsWindowsMutex.obj
 0001:00005b10       ?unlockWriter@ReadWriteLock@shdfnd@physx@@QAEXXZ 10006b10 f   PsWindowsMutex.obj
 0001:00005b20       ?getMutex@?A0xc8e00268@shdfnd@physx@@YAPAUMutexWinImpl@123@PAVMutexImpl@23@@Z 10006b20 f   PsWindowsMutex.obj
 0001:00005b30       ??0?$MutexT@V?$ReflectionAllocator@VMutexImpl@shdfnd@physx@@@shdfnd@physx@@@shdfnd@physx@@QAE@ABV?$ReflectionAllocator@VMutexImpl@shdfnd@physx@@@12@@Z 10006b30 f i PsWindowsMutex.obj
 0001:00005ba0       ??0?$ReflectionAllocator@VMutexImpl@shdfnd@physx@@@shdfnd@physx@@QAE@ABV012@@Z 10006ba0 f i PsWindowsMutex.obj
 0001:00005bb0       ??0?$ReflectionAllocator@VMutexImpl@shdfnd@physx@@@shdfnd@physx@@QAE@PBD@Z 10006bb0 f i PsWindowsMutex.obj
 0001:00005bc0       ??0ReadWriteLockImpl@shdfnd@physx@@QAE@XZ 10006bc0 f i PsWindowsMutex.obj
 0001:00005be0       ??1?$MutexT@V?$ReflectionAllocator@VMutexImpl@shdfnd@physx@@@shdfnd@physx@@@shdfnd@physx@@QAE@XZ 10006be0 f i PsWindowsMutex.obj
 0001:00005c00       ??1ReadWriteLockImpl@shdfnd@physx@@QAE@XZ 10006c00 f i PsWindowsMutex.obj
 0001:00005c20       ??2@YAPAXIPAX@Z            10006c20 f i PsWindowsMutex.obj
 0001:00005c30       ??4ThreadImpl@shdfnd@physx@@QAEAAV012@ABV012@@Z 10006c30 f i PsWindowsMutex.obj
 0001:00005c40       ??_GMutexImpl@shdfnd@physx@@QAEPAXI@Z 10006c40 f i PsWindowsMutex.obj
 0001:00005c70       ??_GReadWriteLockImpl@shdfnd@physx@@QAEPAXI@Z 10006c70 f i PsWindowsMutex.obj
 0001:00005cb0       ?allocate@?$ReflectionAllocator@VMutexImpl@shdfnd@physx@@@shdfnd@physx@@QAEPAXIPBDH@Z 10006cb0 f i PsWindowsMutex.obj
 0001:00005d10       ?deallocate@?$ReflectionAllocator@VMutexImpl@shdfnd@physx@@@shdfnd@physx@@QAEXPAX@Z 10006d10 f i PsWindowsMutex.obj
 0001:00005d30       ?getName@?$ReflectionAllocator@VMutexImpl@shdfnd@physx@@@shdfnd@physx@@CAPBDXZ 10006d30 f i PsWindowsMutex.obj
 0001:00005d60       ?lock@?$MutexT@V?$ReflectionAllocator@VMutexImpl@shdfnd@physx@@@shdfnd@physx@@@shdfnd@physx@@QBEXXZ 10006d60 f i PsWindowsMutex.obj
 0001:00005d70       ?unlock@?$MutexT@V?$ReflectionAllocator@VMutexImpl@shdfnd@physx@@@shdfnd@physx@@@shdfnd@physx@@QBEXXZ 10006d70 f i PsWindowsMutex.obj
 0001:00005d80       ??0PAUtils@shdfnd@physx@@QAE@XZ 10006d80 f   PsWindowsPAEventSrc.obj
 0001:00005d90       ??1PAUtils@shdfnd@physx@@QAE@XZ 10006d90 f   PsWindowsPAEventSrc.obj
 0001:00005de0       ?isEnabled@PAUtils@shdfnd@physx@@QAE_NXZ 10006de0 f   PsWindowsPAEventSrc.obj
 0001:00005e00       ?isEventEnabled@PAUtils@shdfnd@physx@@QAE_NG@Z 10006e00 f   PsWindowsPAEventSrc.obj
 0001:00005e30       ?registerEvent@PAUtils@shdfnd@physx@@QAEGPBD@Z 10006e30 f   PsWindowsPAEventSrc.obj
 0001:00005ec0       ?startEvent@PAUtils@shdfnd@physx@@QAEXGG@Z 10006ec0 f   PsWindowsPAEventSrc.obj
 0001:00005f60       ?stopEvent@PAUtils@shdfnd@physx@@QAEXGG@Z 10006f60 f   PsWindowsPAEventSrc.obj
 0001:00006000       ?statEvent@PAUtils@shdfnd@physx@@QAEXGI@Z 10007000 f   PsWindowsPAEventSrc.obj
 0001:00006040       ?statEvent@PAUtils@shdfnd@physx@@QAEXGII@Z 10007040 f   PsWindowsPAEventSrc.obj
 0001:00006070       ?debugEvent@PAUtils@shdfnd@physx@@QAEXGII@Z 10007070 f   PsWindowsPAEventSrc.obj
 0001:000060a0       ?rawEvent@PAUtils@shdfnd@physx@@QAEXGIIE@Z 100070a0 f   PsWindowsPAEventSrc.obj
 0001:000060d0       ?rawEventWithTimestamp@PAUtils@shdfnd@physx@@QAE_NG_KIIE@Z 100070d0 f   PsWindowsPAEventSrc.obj
 0001:00006100       ?lock@PAUtils@shdfnd@physx@@QAE_NXZ 10007100 f   PsWindowsPAEventSrc.obj
 0001:00006150       ?unlock@PAUtils@shdfnd@physx@@QAE_NXZ 10007150 f   PsWindowsPAEventSrc.obj
 0001:00006170       ??0ConnImpl@shdfnd@physx@@QAE@XZ 10007170 f   PsWindowsPAEventSrc.obj
 0001:000062d0       ??1ConnImpl@shdfnd@physx@@QAE@XZ 100072d0 f   PsWindowsPAEventSrc.obj
 0001:00006310       ??$?2V?$ReflectionAllocator@VConnImpl@shdfnd@physx@@@shdfnd@physx@@@UserAllocated@shdfnd@physx@@SAPAXIV?$ReflectionAllocator@VConnImpl@shdfnd@physx@@@12@PBDH@Z 10007310 f i PsWindowsPAEventSrc.obj
 0001:00006370       ??0?$ReflectionAllocator@VConnImpl@shdfnd@physx@@@shdfnd@physx@@QAE@PBD@Z 10007370 f i PsWindowsPAEventSrc.obj
 0001:00006380       ??3UserAllocated@shdfnd@physx@@SAXPAX@Z 10007380 f i PsWindowsPAEventSrc.obj
 0001:000063a0       ??_GConnImpl@shdfnd@physx@@QAEPAXI@Z 100073a0 f i PsWindowsPAEventSrc.obj
 0001:000063f0       ?GetProcID@ConnImpl@shdfnd@physx@@QAEEXZ 100073f0 f i PsWindowsPAEventSrc.obj
 0001:00006420       ?GetThreadPriority@ConnImpl@shdfnd@physx@@QAEIXZ 10007420 f i PsWindowsPAEventSrc.obj
 0001:00006460       ?allocate@?$ReflectionAllocator@VConnImpl@shdfnd@physx@@@shdfnd@physx@@QAEPAXIPBDH@Z 10007460 f i PsWindowsPAEventSrc.obj
 0001:000064c0       ?eventEnabled@ConnImpl@shdfnd@physx@@QAE_NG@Z 100074c0 f i PsWindowsPAEventSrc.obj
 0001:000064e0       ?eventLoggingEnabled@ConnImpl@shdfnd@physx@@QAE_NXZ 100074e0 f i PsWindowsPAEventSrc.obj
 0001:00006500       ?getFoundation@shdfnd@physx@@YAAAVFoundation@12@XZ 10007500 f i PsWindowsPAEventSrc.obj
 0001:00006510       ?getName@?$ReflectionAllocator@VConnImpl@shdfnd@physx@@@shdfnd@physx@@CAPBDXZ 10007510 f i PsWindowsPAEventSrc.obj
 0001:00006540       ?registerEvent@ConnImpl@shdfnd@physx@@QAEGPBD@Z 10007540 f i PsWindowsPAEventSrc.obj
 0001:00006570       ?submitEvent@ConnImpl@shdfnd@physx@@QAE_NGIIE@Z 10007570 f i PsWindowsPAEventSrc.obj
 0001:000065a0       ?printFormatted@shdfnd@physx@@YAXPBDZZ 100075a0 f   PsWindowsPrintString.obj
 0001:000065f0       ?printString@shdfnd@physx@@YAXPBD@Z 100075f0 f   PsWindowsPrintString.obj
 0001:00006620       ??0SListImpl@shdfnd@physx@@QAE@XZ 10007620 f   PsWindowsSList.obj
 0001:00006630       ??1SListImpl@shdfnd@physx@@QAE@XZ 10007630 f   PsWindowsSList.obj
 0001:00006640       ?push@SListImpl@shdfnd@physx@@QAEXPAVSListEntry@23@@Z 10007640 f   PsWindowsSList.obj
 0001:00006660       ?pop@SListImpl@shdfnd@physx@@QAEPAVSListEntry@23@XZ 10007660 f   PsWindowsSList.obj
 0001:00006670       ?flush@SListImpl@shdfnd@physx@@QAEPAVSListEntry@23@XZ 10007670 f   PsWindowsSList.obj
 0001:00006680       ?getSize@SListImpl@shdfnd@physx@@SAABIXZ 10007680 f   PsWindowsSList.obj
 0001:00006690       ??$getDetail@USListImpl@shdfnd@physx@@@?A0x65960a6c@shdfnd@physx@@YAPAT_SLIST_HEADER@@PAUSListImpl@12@@Z 10007690 f i PsWindowsSList.obj
 0001:000066a0       ??4SListImpl@shdfnd@physx@@QAEAAU012@ABU012@@Z 100076a0 f i PsWindowsSList.obj
 0001:000066b0       ??0Socket@shdfnd@physx@@QAE@_N@Z 100076b0 f   PsWindowsSocket.obj
 0001:00006720       ??1Socket@shdfnd@physx@@UAE@XZ 10007720 f   PsWindowsSocket.obj
 0001:00006760       ?connect@Socket@shdfnd@physx@@QAE_NPBDGI@Z 10007760 f   PsWindowsSocket.obj
 0001:00006770       ?listen@Socket@shdfnd@physx@@QAE_NGPAVConnection@123@@Z 10007770 f   PsWindowsSocket.obj
 0001:00006780       ?disconnect@Socket@shdfnd@physx@@QAEXXZ 10007780 f   PsWindowsSocket.obj
 0001:00006790       ?isConnected@Socket@shdfnd@physx@@QBE_NXZ 10007790 f   PsWindowsSocket.obj
 0001:000067a0       ?getHost@Socket@shdfnd@physx@@QBEPBDXZ 100077a0 f   PsWindowsSocket.obj
 0001:000067b0       ?getPort@Socket@shdfnd@physx@@QBEGXZ 100077b0 f   PsWindowsSocket.obj
 0001:000067c0       ?flush@Socket@shdfnd@physx@@QAE_NXZ 100077c0 f   PsWindowsSocket.obj
 0001:000067e0       ?write@Socket@shdfnd@physx@@QAEIPBEI@Z 100077e0 f   PsWindowsSocket.obj
 0001:00006800       ?read@Socket@shdfnd@physx@@QAEIPAEI@Z 10007800 f   PsWindowsSocket.obj
 0001:00006820       ?setBlocking@Socket@shdfnd@physx@@QAEX_N@Z 10007820 f   PsWindowsSocket.obj
 0001:00006860       ?isBlocking@Socket@shdfnd@physx@@QBE_NXZ 10007860 f   PsWindowsSocket.obj
 0001:00006870       ??0SocketImpl@shdfnd@physx@@QAE@XZ 10007870 f   PsWindowsSocket.obj
 0001:000068e0       ??1SocketImpl@shdfnd@physx@@UAE@XZ 100078e0 f   PsWindowsSocket.obj
 0001:00006930       ?connect@SocketImpl@shdfnd@physx@@QAE_NPBDGI@Z 10007930 f   PsWindowsSocket.obj
 0001:00006b40       ?listen@SocketImpl@shdfnd@physx@@QAE_NGPAVConnection@Socket@23@@Z 10007b40 f   PsWindowsSocket.obj
 0001:00006c10       ?disconnect@SocketImpl@shdfnd@physx@@QAEXXZ 10007c10 f   PsWindowsSocket.obj
 0001:00006c70       ?setBlocking@SocketImpl@shdfnd@physx@@QAEX_N@Z 10007c70 f   PsWindowsSocket.obj
 0001:00006ca0       ?write@SocketImpl@shdfnd@physx@@UAEIPBEI@Z 10007ca0 f   PsWindowsSocket.obj
 0001:00006d00       ?flush@SocketImpl@shdfnd@physx@@UAE_NXZ 10007d00 f   PsWindowsSocket.obj
 0001:00006d10       ?read@SocketImpl@shdfnd@physx@@QAEIPAEI@Z 10007d10 f   PsWindowsSocket.obj
 0001:00006dc0       ?execute@SocketImpl@shdfnd@physx@@UAEXXZ 10007dc0 f   PsWindowsSocket.obj
 0001:00006e10       ??0BufferedSocketImpl@shdfnd@physx@@QAE@XZ 10007e10 f   PsWindowsSocket.obj
 0001:00006e90       ?flush@BufferedSocketImpl@shdfnd@physx@@UAE_NXZ 10007e90 f   PsWindowsSocket.obj
 0001:00006f10       ?write@BufferedSocketImpl@shdfnd@physx@@UAEIPBEI@Z 10007f10 f   PsWindowsSocket.obj
 0001:00006fc0       ??0?$ReflectionAllocator@VThreadImpl@shdfnd@physx@@@shdfnd@physx@@QAE@ABV012@@Z 10007fc0 f i PsWindowsSocket.obj
 0001:00006fd0       ??0?$ReflectionAllocator@VThreadImpl@shdfnd@physx@@@shdfnd@physx@@QAE@PBD@Z 10007fd0 f i PsWindowsSocket.obj
 0001:00006fe0       ??0?$ThreadT@V?$ReflectionAllocator@VThreadImpl@shdfnd@physx@@@shdfnd@physx@@@shdfnd@physx@@QAE@ABV?$ReflectionAllocator@VThreadImpl@shdfnd@physx@@@12@@Z 10007fe0 f i PsWindowsSocket.obj
 0001:00007060       ??0Runnable@shdfnd@physx@@QAE@XZ 10008060 f i PsWindowsSocket.obj
 0001:00007070       ??0Socket@shdfnd@physx@@QAE@ABV012@@Z 10008070 f i PsWindowsSocket.obj
 0001:00007090       ??1?$ThreadT@V?$ReflectionAllocator@VThreadImpl@shdfnd@physx@@@shdfnd@physx@@@shdfnd@physx@@UAE@XZ 10008090 f i PsWindowsSocket.obj
 0001:000070c0       ??1BufferedSocketImpl@shdfnd@physx@@UAE@XZ 100080c0 f i PsWindowsSocket.obj
 0001:00007110       ??1Runnable@shdfnd@physx@@UAE@XZ 10008110 f i PsWindowsSocket.obj
 0001:00007120       ??2UserAllocated@shdfnd@physx@@SAPAXIPAX@Z 10008120 f i PsWindowsSocket.obj
 0001:00007130       ??4Socket@shdfnd@physx@@QAEAAV012@ABV012@@Z 10008130 f i PsWindowsSocket.obj
 0001:00007150       ??_ESocket@shdfnd@physx@@UAEPAXI@Z 10008150 f i PsWindowsSocket.obj
 0001:00007260       ??_FSocket@shdfnd@physx@@QAEXXZ 10008260 f i PsWindowsSocket.obj
 0001:000072b0       ??_E?$ThreadT@V?$ReflectionAllocator@VThreadImpl@shdfnd@physx@@@shdfnd@physx@@@shdfnd@physx@@UAEPAXI@Z 100082b0 f i PsWindowsSocket.obj
 0001:000072b0       ??_G?$ThreadT@V?$ReflectionAllocator@VThreadImpl@shdfnd@physx@@@shdfnd@physx@@@shdfnd@physx@@UAEPAXI@Z 100082b0 f i PsWindowsSocket.obj
 0001:00007300       ??_EBufferedSocketImpl@shdfnd@physx@@UAEPAXI@Z 10008300 f i PsWindowsSocket.obj
 0001:00007300       ??_GBufferedSocketImpl@shdfnd@physx@@UAEPAXI@Z 10008300 f i PsWindowsSocket.obj
 0001:00007360       ??_ERunnable@shdfnd@physx@@UAEPAXI@Z 10008360 f i PsWindowsSocket.obj
 0001:00007360       ??_GRunnable@shdfnd@physx@@UAEPAXI@Z 10008360 f i PsWindowsSocket.obj
 0001:00007390       ??_GSocket@shdfnd@physx@@UAEPAXI@Z 10008390 f i PsWindowsSocket.obj
 0001:000073e0       ??_ESocketImpl@shdfnd@physx@@UAEPAXI@Z 100083e0 f i PsWindowsSocket.obj
 0001:000073e0       ??_GSocketImpl@shdfnd@physx@@UAEPAXI@Z 100083e0 f i PsWindowsSocket.obj
 0001:00007440       ??_GThreadImpl@shdfnd@physx@@QAEPAXI@Z 10008440 f i PsWindowsSocket.obj
 0001:00007470       ??_VUserAllocated@shdfnd@physx@@SAXPAX@Z 10008470 f i PsWindowsSocket.obj
 0001:00007490       ?PxMemCopy@physx@@YAPAXPIAXPIBXI@Z 10008490 f i PsWindowsSocket.obj
 0001:000074a0       ?PxMemSet@physx@@YAPAXPIAXHI@Z 100084a0 f i PsWindowsSocket.obj
 0001:000074b0       ?allocate@?$ReflectionAllocator@VThreadImpl@shdfnd@physx@@@shdfnd@physx@@QAEPAXIPBDH@Z 100084b0 f i PsWindowsSocket.obj
 0001:00007510       ?deallocate@?$ReflectionAllocator@VThreadImpl@shdfnd@physx@@@shdfnd@physx@@QAEXPAX@Z 10008510 f i PsWindowsSocket.obj
 0001:00007530       ?execute@?$ThreadT@V?$ReflectionAllocator@VThreadImpl@shdfnd@physx@@@shdfnd@physx@@@shdfnd@physx@@UAEXXZ 10008530 f i PsWindowsSocket.obj
 0001:00007540       ?execute@Runnable@shdfnd@physx@@UAEXXZ 10008540 f i PsWindowsSocket.obj
 0001:00007550       ?getDefaultStackSize@?$ThreadT@V?$ReflectionAllocator@VThreadImpl@shdfnd@physx@@@shdfnd@physx@@@shdfnd@physx@@SAIXZ 10008550 f i PsWindowsSocket.obj
 0001:00007560       ?getHost@SocketImpl@shdfnd@physx@@QBEPBDXZ 10008560 f i PsWindowsSocket.obj
 0001:00007570       ?getName@?$ReflectionAllocator@VThreadImpl@shdfnd@physx@@@shdfnd@physx@@CAPBDXZ 10008570 f i PsWindowsSocket.obj
 0001:000075a0       ?getPort@SocketImpl@shdfnd@physx@@QBEGXZ 100085a0 f i PsWindowsSocket.obj
 0001:000075b0       ?isBlocking@SocketImpl@shdfnd@physx@@QBE_NXZ 100085b0 f i PsWindowsSocket.obj
 0001:000075c0       ?isConnected@SocketImpl@shdfnd@physx@@QBE_NXZ 100085c0 f i PsWindowsSocket.obj
 0001:000075d0       ?memCopy@intrinsics@physx@@YAPAXPIAXPIBXI@Z 100085d0 f i PsWindowsSocket.obj
 0001:000075e0       ?memSet@intrinsics@physx@@YAPAXPIAXHI@Z 100085e0 f i PsWindowsSocket.obj
 0001:000075f0       ?quit@?$ThreadT@V?$ReflectionAllocator@VThreadImpl@shdfnd@physx@@@shdfnd@physx@@@shdfnd@physx@@QAEXXZ 100085f0 f i PsWindowsSocket.obj
 0001:00007600       ?quitIsSignalled@?$ThreadT@V?$ReflectionAllocator@VThreadImpl@shdfnd@physx@@@shdfnd@physx@@@shdfnd@physx@@QAE_NXZ 10008600 f i PsWindowsSocket.obj
 0001:00007610       ?signalQuit@?$ThreadT@V?$ReflectionAllocator@VThreadImpl@shdfnd@physx@@@shdfnd@physx@@@shdfnd@physx@@QAEXXZ 10008610 f i PsWindowsSocket.obj
 0001:00007620       ?sleep@?$ThreadT@V?$ReflectionAllocator@VThreadImpl@shdfnd@physx@@@shdfnd@physx@@@shdfnd@physx@@SAXI@Z 10008620 f i PsWindowsSocket.obj
 0001:00007630       ?start@?$ThreadT@V?$ReflectionAllocator@VThreadImpl@shdfnd@physx@@@shdfnd@physx@@@shdfnd@physx@@QAEXI@Z 10008630 f i PsWindowsSocket.obj
 0001:00007650       ?waitForQuit@?$ThreadT@V?$ReflectionAllocator@VThreadImpl@shdfnd@physx@@@shdfnd@physx@@@shdfnd@physx@@QAE_NXZ 10008650 f i PsWindowsSocket.obj
 0001:00007660       ??0SyncImpl@shdfnd@physx@@QAE@XZ 10008660 f   PsWindowsSync.obj
 0001:00007680       ??1SyncImpl@shdfnd@physx@@QAE@XZ 10008680 f   PsWindowsSync.obj
 0001:00007690       ?wait@SyncImpl@shdfnd@physx@@QAE_NI@Z 10008690 f   PsWindowsSync.obj
 0001:000076c0       ?set@SyncImpl@shdfnd@physx@@QAEXXZ 100086c0 f   PsWindowsSync.obj
 0001:000076d0       ?reset@SyncImpl@shdfnd@physx@@QAEXXZ 100086d0 f   PsWindowsSync.obj
 0001:000076e0       ?getSize@SyncImpl@shdfnd@physx@@SAABIXZ 100086e0 f   PsWindowsSync.obj
 0001:000076f0       ?getSync@?A0x8141929d@shdfnd@physx@@YAAAPAXPAVSyncImpl@23@@Z 100086f0 f   PsWindowsSync.obj
 0001:00007700       ??4SyncImpl@shdfnd@physx@@QAEAAV012@ABV012@@Z 10008700 f i PsWindowsSync.obj
 0001:00007710       ?getDefaultStackSize@ThreadImpl@shdfnd@physx@@SAIXZ 10008710 f   PsWindowsThread.obj
 0001:00007720       ?getId@ThreadImpl@shdfnd@physx@@SAIXZ 10008720 f   PsWindowsThread.obj
 0001:00007730       ??0ThreadImpl@shdfnd@physx@@QAE@XZ 10008730 f   PsWindowsThread.obj
 0001:00007760       ??0ThreadImpl@shdfnd@physx@@QAE@P6APAXPAX@Z0@Z 10008760 f   PsWindowsThread.obj
 0001:000077d0       ??1ThreadImpl@shdfnd@physx@@QAE@XZ 100087d0 f   PsWindowsThread.obj
 0001:00007800       ?start@ThreadImpl@shdfnd@physx@@QAEXIPAVRunnable@23@@Z 10008800 f   PsWindowsThread.obj
 0001:00007870       ?kill@ThreadImpl@shdfnd@physx@@QAEXXZ 10008870 f   PsWindowsThread.obj
 0001:00007890       ?signalQuit@ThreadImpl@shdfnd@physx@@QAEXXZ 10008890 f   PsWindowsThread.obj
 0001:000078a0       ?waitForQuit@ThreadImpl@shdfnd@physx@@QAE_NXZ 100088a0 f   PsWindowsThread.obj
 0001:000078c0       ?quitIsSignalled@ThreadImpl@shdfnd@physx@@QAE_NXZ 100088c0 f   PsWindowsThread.obj
 0001:000078e0       ?quit@ThreadImpl@shdfnd@physx@@QAEXXZ 100088e0 f   PsWindowsThread.obj
 0001:000078f0       ?setAffinityMask@ThreadImpl@shdfnd@physx@@QAEII@Z 100088f0 f   PsWindowsThread.obj
 0001:00007920       ?getPriority@ThreadImpl@shdfnd@physx@@SA?AW4Enum@ThreadPriority@23@I@Z 10008920 f   PsWindowsThread.obj
 0001:00007970       ?setPriority@ThreadImpl@shdfnd@physx@@QAEXW4Enum@ThreadPriority@23@@Z 10008970 f   PsWindowsThread.obj
 0001:000079e0       ?setName@ThreadImpl@shdfnd@physx@@QAEXPBD@Z 100089e0 f   PsWindowsThread.obj
 0001:00007a60       ?sleep@ThreadImpl@shdfnd@physx@@SAXI@Z 10008a60 f   PsWindowsThread.obj
 0001:00007a70       ?yield@ThreadImpl@shdfnd@physx@@SAXXZ 10008a70 f   PsWindowsThread.obj
 0001:00007a80       ?getNbPhysicalCores@ThreadImpl@shdfnd@physx@@SAIXZ 10008a80 f   PsWindowsThread.obj
 0001:00007b50       ?getSize@ThreadImpl@shdfnd@physx@@SAABIXZ 10008b50 f   PsWindowsThread.obj
 0001:00007b60       ?TlsAlloc@shdfnd@physx@@YAIXZ 10008b60 f   PsWindowsThread.obj
 0001:00007b70       ?TlsFree@shdfnd@physx@@YAXI@Z 10008b70 f   PsWindowsThread.obj
 0001:00007b80       ?TlsGet@shdfnd@physx@@YAPAXI@Z 10008b80 f   PsWindowsThread.obj
 0001:00007b90       ?TlsSet@shdfnd@physx@@YAIIPAX@Z 10008b90 f   PsWindowsThread.obj
 0001:00007bb0       ?getThread@?A0xa6256d9c@shdfnd@physx@@YAPAV_ThreadImpl@123@PAVThreadImpl@23@@Z 10008bb0 f   PsWindowsThread.obj
 0001:00007bc0       ?PxThreadStart@?A0xa6256d9c@shdfnd@physx@@YGKPAX@Z 10008bc0 f   PsWindowsThread.obj
 0001:00007bf0       ??$PX_UNUSED@K@@YAXABK@Z   10008bf0 f i PsWindowsThread.obj
 0001:00007c00       ?getBootCounterFrequency@Time@shdfnd@physx@@SAABUCounterFrequencyToTensOfNanos@23@XZ 10008c00 f   PsWindowsTime.obj
 0001:00007c10       ?getCounterFrequency@Time@shdfnd@physx@@SA?AUCounterFrequencyToTensOfNanos@23@XZ 10008c10 f   PsWindowsTime.obj
 0001:00007c40       ?getCurrentCounterValue@Time@shdfnd@physx@@SA_KXZ 10008c40 f   PsWindowsTime.obj
 0001:00007c60       ??0Time@shdfnd@physx@@QAE@XZ 10008c60 f   PsWindowsTime.obj
 0001:00007ca0       ?getElapsedSeconds@Time@shdfnd@physx@@QAENXZ 10008ca0 f   PsWindowsTime.obj
 0001:00007cf0       ?peekElapsedSeconds@Time@shdfnd@physx@@QAENXZ 10008cf0 f   PsWindowsTime.obj
 0001:00007d30       ?getLastTime@Time@shdfnd@physx@@QBENXZ 10008d30 f   PsWindowsTime.obj
 0001:00007d60       ?getTimeTicks@?A0x7e2a37ff@@YA_JXZ 10008d60 f   PsWindowsTime.obj
 0001:00007d80       ?getTickDuration@?A0x7e2a37ff@@YANXZ 10008d80 f   PsWindowsTime.obj
 0001:00007dc0       ??0CounterFrequencyToTensOfNanos@shdfnd@physx@@QAE@_K0@Z 10008dc0 f i PsWindowsTime.obj
 0001:00007de0       ??4Time@shdfnd@physx@@QAEAAV012@ABV012@@Z 10008de0 f i PsWindowsTime.obj
 0001:00007e00       ?getCurrentTimeInTensOfNanoSeconds@Time@shdfnd@physx@@SA_KXZ 10008e00 f i PsWindowsTime.obj
 0001:00007e40       ?toTensOfNanos@CounterFrequencyToTensOfNanos@shdfnd@physx@@QBE_K_K@Z 10008e40 f i PsWindowsTime.obj
 0001:00007e70       ?allocate@Allocator@shdfnd@physx@@QAEPAXIPBDH@Z 10008e70 f   PsAllocator.obj
 0001:00007ea0       ?deallocate@Allocator@shdfnd@physx@@QAEXPAX@Z 10008ea0 f   PsAllocator.obj
 0001:00007ec0       ?PxGetAssertHandler@physx@@YAAAVPxAssertHandler@1@XZ 10008ec0 f   PsAssert.obj
 0001:00007ed0       ?PxSetAssertHandler@physx@@YAXAAVPxAssertHandler@1@@Z 10008ed0 f   PsAssert.obj
 0001:00007ee0       ??$PX_UNUSED@_N@@YAXAB_N@Z 10008ee0 f i PsAssert.obj
 0001:00007ef0       ??0DefaultAssertHandler@?A0x8c7671c9@@QAE@XZ 10008ef0 f i PsAssert.obj
 0001:00007f00       ??0PxAssertHandler@physx@@QAE@XZ 10008f00 f i PsAssert.obj
 0001:00007f10       ??1DefaultAssertHandler@?A0x8c7671c9@@UAE@XZ 10008f10 f i PsAssert.obj
 0001:00007f20       ??1PxAssertHandler@physx@@UAE@XZ 10008f20 f i PsAssert.obj
 0001:00007f30       ??RDefaultAssertHandler@?A0x8c7671c9@@EAEXPBD0HAA_N@Z 10008f30 f i PsAssert.obj
 0001:00007f70       ??_EDefaultAssertHandler@?A0x8c7671c9@@UAEPAXI@Z 10008f70 f i PsAssert.obj
 0001:00007f70       ??_GDefaultAssertHandler@?A0x8c7671c9@@UAEPAXI@Z 10008f70 f i PsAssert.obj
 0001:00007fa0       ??_EPxAssertHandler@physx@@UAEPAXI@Z 10008fa0 f i PsAssert.obj
 0001:00007fa0       ??_GPxAssertHandler@physx@@UAEPAXI@Z 10008fa0 f i PsAssert.obj
 0001:00007fd0       ??0ErrorHandler@shdfnd@physx@@QAE@XZ 10008fd0 f   PsErrorHandler.obj
 0001:00007ff0       ??1ErrorHandler@shdfnd@physx@@QAE@XZ 10008ff0 f   PsErrorHandler.obj
 0001:00008030       ?reportError@ErrorHandler@shdfnd@physx@@QAEXW4Enum@PxErrorCode@3@PBD1H@Z 10009030 f   PsErrorHandler.obj
 0001:00008080       ?registerErrorCallback@ErrorHandler@shdfnd@physx@@QAEHAAVPxErrorCallback@3@@Z 10009080 f   PsErrorHandler.obj
 0001:000080f0       ?unRegisterErrorCallback@ErrorHandler@shdfnd@physx@@QAEXAAVPxErrorCallback@3@@Z 100090f0 f   PsErrorHandler.obj
 0001:00008160       ?unRegisterErrorCallback@ErrorHandler@shdfnd@physx@@QAEXH@Z 10009160 f   PsErrorHandler.obj
 0001:000081b0       ??0ScopedLock@?$MutexT@V?$ReflectionAllocator@VMutexImpl@shdfnd@physx@@@shdfnd@physx@@@shdfnd@physx@@QAE@AAV123@@Z 100091b0 f i PsErrorHandler.obj
 0001:000081d0       ??1ScopedLock@?$MutexT@V?$ReflectionAllocator@VMutexImpl@shdfnd@physx@@@shdfnd@physx@@@shdfnd@physx@@QAE@XZ 100091d0 f i PsErrorHandler.obj
 0001:000081e0       ?getMutex@?A0x322ecad1@@YAAAV?$MutexT@V?$ReflectionAllocator@VMutexImpl@shdfnd@physx@@@shdfnd@physx@@@shdfnd@physx@@XZ 100091e0 f i PsErrorHandler.obj
 0001:000081f0       ?lowestSetBit@shdfnd@physx@@YAII@Z 100091f0 f i PsErrorHandler.obj
 0001:00008200       ?lowestSetBitUnsafe@shdfnd@physx@@YAII@Z 10009200 f i PsErrorHandler.obj
 0001:00008210       ?createFastIPC@shdfnd@physx@@YAPAVPxIPC@12@AAW4ErrorCode@312@W4ConnectionType@312@PBDII_N3I@Z 10009210 f   PsFastIPC.obj
 0001:000082a0       ??$?2V?$ReflectionAllocator@VFastIPC@shdfnd@physx@@@shdfnd@physx@@@UserAllocated@shdfnd@physx@@SAPAXIV?$ReflectionAllocator@VFastIPC@shdfnd@physx@@@12@PBDH@Z 100092a0 f i PsFastIPC.obj
 0001:00008300       ??$?2V?$ReflectionAllocator@VMemoryMappedFile@shdfnd@physx@@@shdfnd@physx@@@UserAllocated@shdfnd@physx@@SAPAXIV?$ReflectionAllocator@VMemoryMappedFile@shdfnd@physx@@@12@PBDH@Z 10009300 f i PsFastIPC.obj
 0001:00008360       ??$?2V?$ReflectionAllocator@VMultiPartData@PxRingBuffer@shdfnd@physx@@@shdfnd@physx@@@UserAllocated@shdfnd@physx@@SAPAXIV?$ReflectionAllocator@VMultiPartData@PxRingBuffer@shdfnd@physx@@@12@PBDH@Z 10009360 f i PsFastIPC.obj
 0001:000083c0       ??$?2V?$ReflectionAllocator@VMultiPartPacket@PxRingBuffer@shdfnd@physx@@@shdfnd@physx@@@UserAllocated@shdfnd@physx@@SAPAXIV?$ReflectionAllocator@VMultiPartPacket@PxRingBuffer@shdfnd@physx@@@12@PBDH@Z 100093c0 f i PsFastIPC.obj
 0001:00008420       ??0?$ReflectionAllocator@VFastIPC@shdfnd@physx@@@shdfnd@physx@@QAE@PBD@Z 10009420 f i PsFastIPC.obj
 0001:00008430       ??0?$ReflectionAllocator@VMemoryMappedFile@shdfnd@physx@@@shdfnd@physx@@QAE@PBD@Z 10009430 f i PsFastIPC.obj
 0001:00008440       ??0?$ReflectionAllocator@VMultiPartData@PxRingBuffer@shdfnd@physx@@@shdfnd@physx@@QAE@PBD@Z 10009440 f i PsFastIPC.obj
 0001:00008450       ??0?$ReflectionAllocator@VMultiPartPacket@PxRingBuffer@shdfnd@physx@@@shdfnd@physx@@QAE@PBD@Z 10009450 f i PsFastIPC.obj
 0001:00008460       ??0FastIPC@shdfnd@physx@@QAE@AAW4ErrorCode@PxIPC@12@W4ConnectionType@412@PBDII_N3I@Z 10009460 f i PsFastIPC.obj
 0001:00008830       ??0MultiPartData@PxRingBuffer@shdfnd@physx@@QAE@PBVMultiPartPacketHeader@123@@Z 10009830 f i PsFastIPC.obj
 0001:00008870       ??0MultiPartPacket@PxRingBuffer@shdfnd@physx@@QAE@W4MessageType@123@PBXIIPAV123@@Z 10009870 f i PsFastIPC.obj
 0001:000088e0       ??0PxIPC@shdfnd@physx@@QAE@XZ 100098e0 f i PsFastIPC.obj
 0001:000088f0       ??0PxRingBuffer@shdfnd@physx@@QAE@XZ 100098f0 f i PsFastIPC.obj
 0001:00008940       ??1FastIPC@shdfnd@physx@@UAE@XZ 10009940 f i PsFastIPC.obj
 0001:000089a0       ??1MultiPartData@PxRingBuffer@shdfnd@physx@@QAE@XZ 100099a0 f i PsFastIPC.obj
 0001:000089c0       ??1MultiPartPacket@PxRingBuffer@shdfnd@physx@@QAE@XZ 100099c0 f i PsFastIPC.obj
 0001:000089e0       ??1PxIPC@shdfnd@physx@@MAE@XZ 100099e0 f i PsFastIPC.obj
 0001:000089f0       ??1PxRingBuffer@shdfnd@physx@@QAE@XZ 100099f0 f i PsFastIPC.obj
 0001:00008a50       ??_EFastIPC@shdfnd@physx@@UAEPAXI@Z 10009a50 f i PsFastIPC.obj
 0001:00008a50       ??_GFastIPC@shdfnd@physx@@UAEPAXI@Z 10009a50 f i PsFastIPC.obj
 0001:00008ac0       ??_GMemoryMappedFile@shdfnd@physx@@QAEPAXI@Z 10009ac0 f i PsFastIPC.obj
 0001:00008af0       ??_GMultiPartData@PxRingBuffer@shdfnd@physx@@QAEPAXI@Z 10009af0 f i PsFastIPC.obj
 0001:00008b20       ??_GMultiPartPacket@PxRingBuffer@shdfnd@physx@@QAEPAXI@Z 10009b20 f i PsFastIPC.obj
 0001:00008b50       ??_GPxIPC@shdfnd@physx@@MAEPAXI@Z 10009b50 f i PsFastIPC.obj
 0001:00008b50       ??_EPxIPC@shdfnd@physx@@MAEPAXI@Z 10009b50 f i PsFastIPC.obj
 0001:00008b80       ?acknowledgeInternal@PxRingBuffer@shdfnd@physx@@AAEXXZ 10009b80 f i PsFastIPC.obj
 0001:00008bc0       ?allocate@?$ReflectionAllocator@VFastIPC@shdfnd@physx@@@shdfnd@physx@@QAEPAXIPBDH@Z 10009bc0 f i PsFastIPC.obj
 0001:00008c20       ?allocate@?$ReflectionAllocator@VMemoryMappedFile@shdfnd@physx@@@shdfnd@physx@@QAEPAXIPBDH@Z 10009c20 f i PsFastIPC.obj
 0001:00008c80       ?allocate@?$ReflectionAllocator@VMultiPartData@PxRingBuffer@shdfnd@physx@@@shdfnd@physx@@QAEPAXIPBDH@Z 10009c80 f i PsFastIPC.obj
 0001:00008ce0       ?allocate@?$ReflectionAllocator@VMultiPartPacket@PxRingBuffer@shdfnd@physx@@@shdfnd@physx@@QAEPAXIPBDH@Z 10009ce0 f i PsFastIPC.obj
 0001:00008d40       ?canSend@FastIPC@shdfnd@physx@@UAE_NI@Z 10009d40 f i PsFastIPC.obj
 0001:00008d90       ?canSend@PxRingBuffer@shdfnd@physx@@QBE?AW4ErrorCode@123@I@Z 10009d90 f i PsFastIPC.obj
 0001:00008e20       ?getData@MultiPartData@PxRingBuffer@shdfnd@physx@@QBEPBXXZ 10009e20 f i PsFastIPC.obj
 0001:00008e30       ?getDataLen@PacketHeader@PxRingBuffer@shdfnd@physx@@QBEIXZ 10009e30 f i PsFastIPC.obj
 0001:00008e40       ?getMessageSize@MultiPartData@PxRingBuffer@shdfnd@physx@@QBEIXZ 10009e40 f i PsFastIPC.obj
 0001:00008e50       ?getMessageSize@MultiPartPacket@PxRingBuffer@shdfnd@physx@@QBEIXZ 10009e50 f i PsFastIPC.obj
 0001:00008e60       ?getMessageType@MultiPartData@PxRingBuffer@shdfnd@physx@@QBE?AW4MessageType@234@XZ 10009e60 f i PsFastIPC.obj
 0001:00008e70       ?getMessageType@PacketHeader@PxRingBuffer@shdfnd@physx@@QBE?AW4MessageType@234@XZ 10009e70 f i PsFastIPC.obj
 0001:00008e80       ?getName@?$ReflectionAllocator@VFastIPC@shdfnd@physx@@@shdfnd@physx@@CAPBDXZ 10009e80 f i PsFastIPC.obj
 0001:00008eb0       ?getName@?$ReflectionAllocator@VMemoryMappedFile@shdfnd@physx@@@shdfnd@physx@@CAPBDXZ 10009eb0 f i PsFastIPC.obj
 0001:00008ee0       ?getName@?$ReflectionAllocator@VMultiPartData@PxRingBuffer@shdfnd@physx@@@shdfnd@physx@@CAPBDXZ 10009ee0 f i PsFastIPC.obj
 0001:00008f10       ?getName@?$ReflectionAllocator@VMultiPartPacket@PxRingBuffer@shdfnd@physx@@@shdfnd@physx@@CAPBDXZ 10009f10 f i PsFastIPC.obj
 0001:00008f40       ?getNext@MultiPartPacket@PxRingBuffer@shdfnd@physx@@QBEPAV1234@XZ 10009f40 f i PsFastIPC.obj
 0001:00008f50       ?getReadAddress@PxRingBuffer@shdfnd@physx@@ABEIXZ 10009f50 f i PsFastIPC.obj
 0001:00008f60       ?getWriteAddress@PxRingBuffer@shdfnd@physx@@ABEIXZ 10009f60 f i PsFastIPC.obj
 0001:00008f70       ?haveConnection@FastIPC@shdfnd@physx@@UBE_NXZ 10009f70 f i PsFastIPC.obj
 0001:00008f90       ?init@PacketHeader@PxRingBuffer@shdfnd@physx@@QAEXIII@Z 10009f90 f i PsFastIPC.obj
 0001:00008fb0       ?init@PxRingBuffer@shdfnd@physx@@QAEXPAXI_N1IPAI2@Z 10009fb0 f i PsFastIPC.obj
 0001:00009040       ?isFinished@MultiPartData@PxRingBuffer@shdfnd@physx@@QBE_NXZ 1000a040 f i PsFastIPC.obj
 0001:00009050       ?isPadded@PacketHeader@PxRingBuffer@shdfnd@physx@@QBE_NXZ 1000a050 f i PsFastIPC.obj
 0001:00009060       ?isServer@FastIPC@shdfnd@physx@@UBE_NXZ 1000a060 f i PsFastIPC.obj
 0001:00009070       ?process@MultiPartData@PxRingBuffer@shdfnd@physx@@QAE_NPBXI@Z 1000a070 f i PsFastIPC.obj
 0001:000090b0       ?process@MultiPartPacket@PxRingBuffer@shdfnd@physx@@QAE?AW4ErrorCode@234@XZ 1000a0b0 f i PsFastIPC.obj
 0001:00009130       ?pumpPendingSends@FastIPC@shdfnd@physx@@UAE_NXZ 1000a130 f i PsFastIPC.obj
 0001:00009190       ?pumpPendingSends@PxRingBuffer@shdfnd@physx@@QAE_NXZ 1000a190 f i PsFastIPC.obj
 0001:000091e0       ?readData@PxRingBuffer@shdfnd@physx@@AAEPBXAAII@Z 1000a1e0 f i PsFastIPC.obj
 0001:00009200       ?receiveAcknowledge@FastIPC@shdfnd@physx@@UAE?AW4ErrorCode@PxIPC@23@XZ 1000a200 f i PsFastIPC.obj
 0001:00009220       ?receiveAcknowledge@PxRingBuffer@shdfnd@physx@@QAE?AW4ErrorCode@123@XZ 1000a220 f i PsFastIPC.obj
 0001:000092b0       ?receiveData@FastIPC@shdfnd@physx@@UAEPBXAAI@Z 1000a2b0 f i PsFastIPC.obj
 0001:000092f0       ?receiveData@PxRingBuffer@shdfnd@physx@@QAE?AW4MessageType@123@AAPBXAAI@Z 1000a2f0 f i PsFastIPC.obj
 0001:000094f0       ?release@FastIPC@shdfnd@physx@@UAEXXZ 1000a4f0 f i PsFastIPC.obj
 0001:00009500       ?sendData@FastIPC@shdfnd@physx@@UAE?AW4ErrorCode@PxIPC@23@PBXI_N@Z 1000a500 f i PsFastIPC.obj
 0001:00009530       ?sendData@PxRingBuffer@shdfnd@physx@@QAE?AW4ErrorCode@123@W4MessageType@123@PBXI_N@Z 1000a530 f i PsFastIPC.obj
 0001:00009650       ?sendDataInternal@PxRingBuffer@shdfnd@physx@@AAE?AW4ErrorCode@123@W4MessageType@123@PBXI@Z 1000a650 f i PsFastIPC.obj
 0001:00009690       ?sendHeader@MultiPartPacket@PxRingBuffer@shdfnd@physx@@QAE?AW4ErrorCode@234@XZ 1000a690 f i PsFastIPC.obj
 0001:00009700       ?setNext@MultiPartPacket@PxRingBuffer@shdfnd@physx@@QAEXPAV1234@@Z 1000a700 f i PsFastIPC.obj
 0001:00009710       ?setReadAddress@PxRingBuffer@shdfnd@physx@@AAEXI@Z 1000a710 f i PsFastIPC.obj
 0001:00009720       ?setWriteAddress@PxRingBuffer@shdfnd@physx@@AAEXI@Z 1000a720 f i PsFastIPC.obj
 0001:00009730       ?writeData@PxRingBuffer@shdfnd@physx@@AAEXW4MessageType@123@PBXI@Z 1000a730 f i PsFastIPC.obj
 0001:00009810       ?createFastXml@shdfnd@physx@@YAPAVFastXml@12@PAVCallback@312@@Z 1000a810 f   PsFastXml.obj
 0001:00009840       ??0AttributePairs@FastXml@shdfnd@physx@@QAE@HPAPBD@Z 1000a840 f i PsFastXml.obj
 0001:00009860       ??0FastXml@shdfnd@physx@@QAE@XZ 1000a860 f i PsFastXml.obj
 0001:00009870       ??0MyFastXml@?A0x376bbd1f@@QAE@PAVCallback@FastXml@shdfnd@physx@@@Z 1000a870 f i PsFastXml.obj
 0001:00009970       ??1FastXml@shdfnd@physx@@MAE@XZ 1000a970 f i PsFastXml.obj
 0001:00009980       ??1MyFastXml@?A0x376bbd1f@@EAE@XZ 1000a980 f i PsFastXml.obj
 0001:000099a0       ??_GFastXml@shdfnd@physx@@MAEPAXI@Z 1000a9a0 f i PsFastXml.obj
 0001:000099a0       ??_EFastXml@shdfnd@physx@@MAEPAXI@Z 1000a9a0 f i PsFastXml.obj
 0001:000099d0       ??_EMyFastXml@?A0x376bbd1f@@EAEPAXI@Z 1000a9d0 f i PsFastXml.obj
 0001:000099d0       ??_GMyFastXml@?A0x376bbd1f@@EAEPAXI@Z 1000a9d0 f i PsFastXml.obj
 0001:00009a00       ?getCharType@MyFastXml@?A0x376bbd1f@@ABE?AW4CharType@12@PAD@Z 1000aa00 f i PsFastXml.obj
 0001:00009a20       ?getError@MyFastXml@?A0x376bbd1f@@UAEPBDAAH@Z 1000aa20 f i PsFastXml.obj
 0001:00009a50       ?nextSep@MyFastXml@?A0x376bbd1f@@AAEPADPAD@Z 1000aa50 f i PsFastXml.obj
 0001:00009a80       ?nextSoftOrClose@MyFastXml@?A0x376bbd1f@@AAEPADPADAA_N@Z 1000aa80 f i PsFastXml.obj
 0001:00009ac0       ?popElement@MyFastXml@?A0x376bbd1f@@AAEPBDXZ 1000aac0 f i PsFastXml.obj
 0001:00009b30       ?processClose@MyFastXml@?A0x376bbd1f@@QAEPADDPBDPADHPAPBDPAVCallback@FastXml@shdfnd@physx@@AA_N@Z 1000ab30 f i PsFastXml.obj
 0001:00009f80       ?processClose@MyFastXml@?A0x376bbd1f@@QAEPADPADPAVCallback@FastXml@shdfnd@physx@@AA_N@Z 1000af80 f i PsFastXml.obj
 0001:0000a040       ?processXml@MyFastXml@?A0x376bbd1f@@QAE_NPAVCallback@FastXml@shdfnd@physx@@@Z 1000b040 f i PsFastXml.obj
 0001:0000a490       ?processXml@MyFastXml@?A0x376bbd1f@@UAE_NAAVPxInputData@physx@@_N@Z 1000b490 f i PsFastXml.obj
 0001:0000a4c0       ?pushElement@MyFastXml@?A0x376bbd1f@@AAEXPBD@Z 1000b4c0 f i PsFastXml.obj
 0001:0000a520       ?readData@MyFastXml@?A0x376bbd1f@@QAEPADPAD@Z 1000b520 f i PsFastXml.obj
 0001:0000a740       ?release@MyFastXml@?A0x376bbd1f@@UAEXXZ 1000b740 f i PsFastXml.obj
 0001:0000a760       ?releaseMemory@MyFastXml@?A0x376bbd1f@@AAEXXZ 1000b760 f i PsFastXml.obj
 0001:0000a810       ?skipNextData@MyFastXml@?A0x376bbd1f@@AAEPADPAD@Z 1000b810 f i PsFastXml.obj
 0001:0000a850       ?strchr@@YAPADPADH@Z       1000b850 f i PsFastXml.obj
 0001:0000a860       ?strstr@@YAPADPADPBD@Z     1000b860 f i PsFastXml.obj
 0001:0000a870       _PxCreateFoundation        1000b870 f   PsFoundation.obj
 0001:0000a890       _PxGetFoundation           1000b890 f   PsFoundation.obj
 0001:0000a8a0       ?getAllocator@shdfnd@physx@@YAAAVPxAllocatorCallback@2@XZ 1000b8a0 f   PsFoundation.obj
 0001:0000a8b0       ??0Foundation@shdfnd@physx@@AAE@AAVPxErrorCallback@2@AAVPxAllocatorCallback@2@@Z 1000b8b0 f   PsFoundation.obj
 0001:0000a990       ??1Foundation@shdfnd@physx@@EAE@XZ 1000b990 f   PsFoundation.obj
 0001:0000aaa0       ?release@Foundation@shdfnd@physx@@UAEXXZ 1000baa0 f   PsFoundation.obj
 0001:0000aab0       ?createInstance@Foundation@shdfnd@physx@@SAPAV123@IAAVPxErrorCallback@3@AAVPxAllocatorCallback@3@@Z 1000bab0 f   PsFoundation.obj
 0001:0000abb0       ?destroyInstance@Foundation@shdfnd@physx@@SAXXZ 1000bbb0 f   PsFoundation.obj
 0001:0000ac10       ?getInstance@Foundation@shdfnd@physx@@SAAAV123@XZ 1000bc10 f   PsFoundation.obj
 0001:0000ac20       ?incRefCount@Foundation@shdfnd@physx@@SAXXZ 1000bc20 f   PsFoundation.obj
 0001:0000ac50       ?decRefCount@Foundation@shdfnd@physx@@SAXXZ 1000bc50 f   PsFoundation.obj
 0001:0000ac80       ?getErrorCallback@Foundation@shdfnd@physx@@UBEAAVPxErrorCallback@3@XZ 1000bc80 f   PsFoundation.obj
 0001:0000ac90       ?setErrorLevel@Foundation@shdfnd@physx@@UAEXW4Enum@PxErrorCode@3@@Z 1000bc90 f   PsFoundation.obj
 0001:0000aca0       ?getErrorLevel@Foundation@shdfnd@physx@@UBE?AW4Enum@PxErrorCode@3@XZ 1000bca0 f   PsFoundation.obj
 0001:0000acb0       ?getAllocatorCallback@Foundation@shdfnd@physx@@UBEAAVPxAllocatorCallback@3@XZ 1000bcb0 f   PsFoundation.obj
 0001:0000acc0       ?error@Foundation@shdfnd@physx@@QAAXW4Enum@PxErrorCode@3@PBDH1ZZ 1000bcc0 f   PsFoundation.obj
 0001:0000ad20       ?errorImpl@Foundation@shdfnd@physx@@QAEXW4Enum@PxErrorCode@3@PBDH1PAD@Z 1000bd20 f   PsFoundation.obj
 0001:0000ad80       ?getWarnOnceTimestamp@Foundation@shdfnd@physx@@SAIXZ 1000bd80 f   PsFoundation.obj
 0001:0000ad90       ?allocate@AlignCheckAllocator@Foundation@shdfnd@physx@@UAEPAXIPBD0H@Z 1000bd90 f   PsFoundation.obj
 0001:0000ae30       ??$PX_UNUSED@H@@YAXABH@Z   1000be30 f i PsFoundation.obj
 0001:0000ae40       ??0?$Array@PATTempAllocatorChunk@shdfnd@physx@@VAllocator@23@@shdfnd@physx@@QAE@ABVAllocator@12@@Z 1000be40 f i PsFoundation.obj
 0001:0000ae60       ??0?$HashBase@V?$Pair@QBVNamedAllocator@shdfnd@physx@@PBD@shdfnd@physx@@PBVNamedAllocator@23@U?$Hash@PBVNamedAllocator@shdfnd@physx@@@23@UGetKey@?$HashMapBase@PBVNamedAllocator@shdfnd@physx@@PBDU?$Hash@PBVNamedAllocator@shdfnd@physx@@@23@VNonTrackingAllocator@23@@internal@23@VNonTrackingAllocator@23@$00@internal@shdfnd@physx@@QAE@IM@Z 1000be60 f i PsFoundation.obj
 0001:0000aed0       ??0?$HashMap@PBVNamedAllocator@shdfnd@physx@@PBDU?$Hash@PBVNamedAllocator@shdfnd@physx@@@23@VNonTrackingAllocator@23@@shdfnd@physx@@QAE@IM@Z 1000bed0 f i PsFoundation.obj
 0001:0000af40       ??0?$HashMapBase@PBVNamedAllocator@shdfnd@physx@@PBDU?$Hash@PBVNamedAllocator@shdfnd@physx@@@23@VNonTrackingAllocator@23@@internal@shdfnd@physx@@QAE@IM@Z 1000bf40 f i PsFoundation.obj
 0001:0000afb0       ??0?$Pair@QBVNamedAllocator@shdfnd@physx@@PBD@shdfnd@physx@@QAE@ABV012@@Z 1000bfb0 f i PsFoundation.obj
 0001:0000afd0       ??0AlignCheckAllocator@Foundation@shdfnd@physx@@QAE@AAVPxAllocatorCallback@3@@Z 1000bfd0 f i PsFoundation.obj
 0001:0000aff0       ??0NonTrackingAllocator@shdfnd@physx@@QAE@PBD@Z 1000bff0 f i PsFoundation.obj
 0001:0000b000       ??0PxAllocatorCallback@physx@@QAE@XZ 1000c000 f i PsFoundation.obj
 0001:0000b010       ??0PxBroadcastingAllocator@physx@@QAE@XZ 1000c010 f i PsFoundation.obj
 0001:0000b020       ??0TempAllocator@shdfnd@physx@@QAE@PBD@Z 1000c020 f i PsFoundation.obj
 0001:0000b030       ??1?$Array@PATTempAllocatorChunk@shdfnd@physx@@VAllocator@23@@shdfnd@physx@@QAE@XZ 1000c030 f i PsFoundation.obj
 0001:0000b050       ??1?$HashBase@V?$Pair@QBVNamedAllocator@shdfnd@physx@@PBD@shdfnd@physx@@PBVNamedAllocator@23@U?$Hash@PBVNamedAllocator@shdfnd@physx@@@23@UGetKey@?$HashMapBase@PBVNamedAllocator@shdfnd@physx@@PBDU?$Hash@PBVNamedAllocator@shdfnd@physx@@@23@VNonTrackingAllocator@23@@internal@23@VNonTrackingAllocator@23@$00@internal@shdfnd@physx@@QAE@XZ 1000c050 f i PsFoundation.obj
 0001:0000b070       ??1?$HashMap@PBVNamedAllocator@shdfnd@physx@@PBDU?$Hash@PBVNamedAllocator@shdfnd@physx@@@23@VNonTrackingAllocator@23@@shdfnd@physx@@QAE@XZ 1000c070 f i PsFoundation.obj
 0001:0000b090       ??1?$HashMapBase@PBVNamedAllocator@shdfnd@physx@@PBDU?$Hash@PBVNamedAllocator@shdfnd@physx@@@23@VNonTrackingAllocator@23@@internal@shdfnd@physx@@QAE@XZ 1000c090 f i PsFoundation.obj
 0001:0000b0b0       ??1AlignCheckAllocator@Foundation@shdfnd@physx@@UAE@XZ 1000c0b0 f i PsFoundation.obj
 0001:0000b0c0       ??1PxAllocatorCallback@physx@@UAE@XZ 1000c0c0 f i PsFoundation.obj
 0001:0000b0d0       ??1PxBroadcastingAllocator@physx@@MAE@XZ 1000c0d0 f i PsFoundation.obj
 0001:0000b0e0       ??4TempAllocator@shdfnd@physx@@QAEAAV012@ABV012@@Z 1000c0e0 f i PsFoundation.obj
 0001:0000b0f0       ??A?$Array@PATTempAllocatorChunk@shdfnd@physx@@VAllocator@23@@shdfnd@physx@@QAEAAPATTempAllocatorChunk@12@I@Z 1000c0f0 f i PsFoundation.obj
 0001:0000b100       ??R?$Hash@PBVNamedAllocator@shdfnd@physx@@@shdfnd@physx@@QBEIABQBVNamedAllocator@12@@Z 1000c100 f i PsFoundation.obj
 0001:0000b140       ??RGetKey@?$HashMapBase@PBVNamedAllocator@shdfnd@physx@@PBDU?$Hash@PBVNamedAllocator@shdfnd@physx@@@23@VNonTrackingAllocator@23@@internal@shdfnd@physx@@QAEABQBVNamedAllocator@34@ABV?$Pair@QBVNamedAllocator@shdfnd@physx@@PBD@34@@Z 1000c140 f i PsFoundation.obj
 0001:0000b150       ??_EFoundation@shdfnd@physx@@EAEPAXI@Z 1000c150 f i PsFoundation.obj
 0001:0000b1c0       ??_FTempAllocator@shdfnd@physx@@QAEXXZ 1000c1c0 f i PsFoundation.obj
 0001:0000b1d0       ??_EAlignCheckAllocator@Foundation@shdfnd@physx@@UAEPAXI@Z 1000c1d0 f i PsFoundation.obj
 0001:0000b1d0       ??_GAlignCheckAllocator@Foundation@shdfnd@physx@@UAEPAXI@Z 1000c1d0 f i PsFoundation.obj
 0001:0000b200       ??_GFoundation@shdfnd@physx@@EAEPAXI@Z 1000c200 f i PsFoundation.obj
 0001:0000b230       ??_GPxAllocatorCallback@physx@@UAEPAXI@Z 1000c230 f i PsFoundation.obj
 0001:0000b230       ??_EPxAllocatorCallback@physx@@UAEPAXI@Z 1000c230 f i PsFoundation.obj
 0001:0000b260       ??_GPxBroadcastingAllocator@physx@@MAEPAXI@Z 1000c260 f i PsFoundation.obj
 0001:0000b260       ??_EPxBroadcastingAllocator@physx@@MAEPAXI@Z 1000c260 f i PsFoundation.obj
 0001:0000b290       ?allocate@?$Array@PATTempAllocatorChunk@shdfnd@physx@@VAllocator@23@@shdfnd@physx@@IAEPAPATTempAllocatorChunk@23@I@Z 1000c290 f i PsFoundation.obj
 0001:0000b2c0       ?allocate@NonTrackingAllocator@shdfnd@physx@@QAEPAXIPBDH@Z 1000c2c0 f i PsFoundation.obj
 0001:0000b2f0       ?capacity@?$Array@PATTempAllocatorChunk@shdfnd@physx@@VAllocator@23@@shdfnd@physx@@QBEIXZ 1000c2f0 f i PsFoundation.obj
 0001:0000b300       ?copy@?$Array@PATTempAllocatorChunk@shdfnd@physx@@VAllocator@23@@shdfnd@physx@@KAXPAPATTempAllocatorChunk@23@0PBQAT423@@Z 1000c300 f i PsFoundation.obj
 0001:0000b330       ?create@?$Array@PATTempAllocatorChunk@shdfnd@physx@@VAllocator@23@@shdfnd@physx@@KAXPAPATTempAllocatorChunk@23@0ABQAT423@@Z 1000c330 f i PsFoundation.obj
 0001:0000b360       ?deallocate@?$Array@PATTempAllocatorChunk@shdfnd@physx@@VAllocator@23@@shdfnd@physx@@IAEXPAX@Z 1000c360 f i PsFoundation.obj
 0001:0000b370       ?deallocate@AlignCheckAllocator@Foundation@shdfnd@physx@@UAEXPAX@Z 1000c370 f i PsFoundation.obj
 0001:0000b3c0       ?deallocate@NonTrackingAllocator@shdfnd@physx@@QAEXPAX@Z 1000c3c0 f i PsFoundation.obj
 0001:0000b3e0       ?deregisterAllocationListener@AlignCheckAllocator@Foundation@shdfnd@physx@@UAEXAAVPxAllocationListener@4@@Z 1000c3e0 f i PsFoundation.obj
 0001:0000b420       ?destroy@?$Array@PATTempAllocatorChunk@shdfnd@physx@@VAllocator@23@@shdfnd@physx@@KAXPAPATTempAllocatorChunk@23@0@Z 1000c420 f i PsFoundation.obj
 0001:0000b430       ?destroy@?$HashBase@V?$Pair@QBVNamedAllocator@shdfnd@physx@@PBD@shdfnd@physx@@PBVNamedAllocator@23@U?$Hash@PBVNamedAllocator@shdfnd@physx@@@23@UGetKey@?$HashMapBase@PBVNamedAllocator@shdfnd@physx@@PBDU?$Hash@PBVNamedAllocator@shdfnd@physx@@@23@VNonTrackingAllocator@23@@internal@23@VNonTrackingAllocator@23@$00@internal@shdfnd@physx@@AAEXXZ 1000c430 f i PsFoundation.obj
 0001:0000b470       ?freeListAdd@?$HashBase@V?$Pair@QBVNamedAllocator@shdfnd@physx@@PBD@shdfnd@physx@@PBVNamedAllocator@23@U?$Hash@PBVNamedAllocator@shdfnd@physx@@@23@UGetKey@?$HashMapBase@PBVNamedAllocator@shdfnd@physx@@PBDU?$Hash@PBVNamedAllocator@shdfnd@physx@@@23@VNonTrackingAllocator@23@@internal@23@VNonTrackingAllocator@23@$00@internal@shdfnd@physx@@AAEXII@Z 1000c470 f i PsFoundation.obj
 0001:0000b490       ?getBaseAllocator@AlignCheckAllocator@Foundation@shdfnd@physx@@QBEAAVPxAllocatorCallback@4@XZ 1000c490 f i PsFoundation.obj
 0001:0000b4a0       ?grow@?$Array@PATTempAllocatorChunk@shdfnd@physx@@VAllocator@23@@shdfnd@physx@@IAEXI@Z 1000c4a0 f i PsFoundation.obj
 0001:0000b4b0       ?hash@?$HashBase@V?$Pair@QBVNamedAllocator@shdfnd@physx@@PBD@shdfnd@physx@@PBVNamedAllocator@23@U?$Hash@PBVNamedAllocator@shdfnd@physx@@@23@UGetKey@?$HashMapBase@PBVNamedAllocator@shdfnd@physx@@PBDU?$Hash@PBVNamedAllocator@shdfnd@physx@@@23@VNonTrackingAllocator@23@@internal@23@VNonTrackingAllocator@23@$00@internal@shdfnd@physx@@ABEIABQBVNamedAllocator@34@I@Z 1000c4b0 f i PsFoundation.obj
 0001:0000b4f0       ?hash@shdfnd@physx@@YAII@Z 1000c4f0 f i PsFoundation.obj
 0001:0000b530       ?hash@shdfnd@physx@@YAIPBX@Z 1000c530 f i PsFoundation.obj
 0001:0000b570       ?init@?$HashBase@V?$Pair@QBVNamedAllocator@shdfnd@physx@@PBD@shdfnd@physx@@PBVNamedAllocator@23@U?$Hash@PBVNamedAllocator@shdfnd@physx@@@23@UGetKey@?$HashMapBase@PBVNamedAllocator@shdfnd@physx@@PBDU?$Hash@PBVNamedAllocator@shdfnd@physx@@@23@VNonTrackingAllocator@23@@internal@23@VNonTrackingAllocator@23@$00@internal@shdfnd@physx@@AAEXIM@Z 1000c570 f i PsFoundation.obj
 0001:0000b5d0       ?isInUserMemory@?$Array@PATTempAllocatorChunk@shdfnd@physx@@VAllocator@23@@shdfnd@physx@@QBEIXZ 1000c5d0 f i PsFoundation.obj
 0001:0000b5e0       ?isPowerOfTwo@shdfnd@physx@@YA_NI@Z 1000c5e0 f i PsFoundation.obj
 0001:0000b600       ?nextPowerOfTwo@shdfnd@physx@@YAII@Z 1000c600 f i PsFoundation.obj
 0001:0000b630       ?recreate@?$Array@PATTempAllocatorChunk@shdfnd@physx@@VAllocator@23@@shdfnd@physx@@IAEXI@Z 1000c630 f i PsFoundation.obj
 0001:0000b6b0       ?registerAllocationListener@AlignCheckAllocator@Foundation@shdfnd@physx@@UAEXAAVPxAllocationListener@4@@Z 1000c6b0 f i PsFoundation.obj
 0001:0000b6d0       ?reserve@?$Array@PATTempAllocatorChunk@shdfnd@physx@@VAllocator@23@@shdfnd@physx@@QAEXI@Z 1000c6d0 f i PsFoundation.obj
 0001:0000b6f0       ?reserveInternal@?$HashBase@V?$Pair@QBVNamedAllocator@shdfnd@physx@@PBD@shdfnd@physx@@PBVNamedAllocator@23@U?$Hash@PBVNamedAllocator@shdfnd@physx@@@23@UGetKey@?$HashMapBase@PBVNamedAllocator@shdfnd@physx@@PBDU?$Hash@PBVNamedAllocator@shdfnd@physx@@@23@VNonTrackingAllocator@23@@internal@23@VNonTrackingAllocator@23@$00@internal@shdfnd@physx@@AAEXI@Z 1000c6f0 f i PsFoundation.obj
 0001:0000b880       ?reset@?$Array@PATTempAllocatorChunk@shdfnd@physx@@VAllocator@23@@shdfnd@physx@@QAEXXZ 1000c880 f i PsFoundation.obj
 0001:0000b8b0       ?resize@?$Array@PATTempAllocatorChunk@shdfnd@physx@@VAllocator@23@@shdfnd@physx@@QAEXIABQATTempAllocatorChunk@23@@Z 1000c8b0 f i PsFoundation.obj
 0001:0000b900       ?shrink@?$Array@PATTempAllocatorChunk@shdfnd@physx@@VAllocator@23@@shdfnd@physx@@QAEXXZ 1000c900 f i PsFoundation.obj
 0001:0000b910       ?size@?$Array@PATTempAllocatorChunk@shdfnd@physx@@VAllocator@23@@shdfnd@physx@@QBEIXZ 1000c910 f i PsFoundation.obj
 0001:0000b920       ?sprintf_s@string@physx@@YAHPADIPBDZZ 1000c920 f i PsFoundation.obj
 0001:0000b940       ?computeQuatFromNormal@shdfnd@physx@@YA?AVPxQuat@2@ABVPxVec3@2@@Z 1000c940 f   PsMathUtils.obj
 0001:0000bab0       ?optimizeBoundingBox@shdfnd@physx@@YA?AVPxVec3@2@AAVPxMat33@2@@Z 1000cab0 f   PsMathUtils.obj
 0001:0000be40       ?slerp@shdfnd@physx@@YA?AVPxQuat@2@MABV32@0@Z 1000ce40 f   PsMathUtils.obj
 0001:0000bfd0       ?integrateTransform@shdfnd@physx@@YAXABVPxTransform@2@ABVPxVec3@2@1MAAV32@@Z 1000cfd0 f   PsMathUtils.obj
 0001:0000c200       ??$PX_UNUSED@W4PxIDENTITY@physx@@@@YAXABW4PxIDENTITY@physx@@@Z 1000d200 f i PsMathUtils.obj
 0001:0000c210       ??$PxClamp@M@physx@@YAMMMM@Z 1000d210 f i PsMathUtils.obj
 0001:0000c250       ??$PxMax@M@physx@@YAMMM@Z  1000d250 f i PsMathUtils.obj
 0001:0000c280       ??$PxMin@M@physx@@YAMMM@Z  1000d280 f i PsMathUtils.obj
 0001:0000c2b0       ??$swap@I@shdfnd@physx@@YAXAAI0@Z 1000d2b0 f i PsMathUtils.obj
 0001:0000c2d0       ??0PxQuat@physx@@QAE@ABV01@@Z 1000d2d0 f i PsMathUtils.obj
 0001:0000c300       ??0PxQuat@physx@@QAE@MABVPxVec3@1@@Z 1000d300 f i PsMathUtils.obj
 0001:0000c370       ??0PxQuat@physx@@QAE@MMMM@Z 1000d370 f i PsMathUtils.obj
 0001:0000c3a0       ??0PxQuat@physx@@QAE@W4PxIDENTITY@1@@Z 1000d3a0 f i PsMathUtils.obj
 0001:0000c3c0       ??0PxQuat@physx@@QAE@XZ    1000d3c0 f i PsMathUtils.obj
 0001:0000c3d0       ??0PxVec3@physx@@QAE@ABV01@@Z 1000d3d0 f i PsMathUtils.obj
 0001:0000c3f0       ??0PxVec3@physx@@QAE@MMM@Z 1000d3f0 f i PsMathUtils.obj
 0001:0000c420       ??4PxQuat@physx@@QAEAAV01@ABV01@@Z 1000d420 f i PsMathUtils.obj
 0001:0000c450       ??4PxVec3@physx@@QAEAAV01@ABV01@@Z 1000d450 f i PsMathUtils.obj
 0001:0000c470       ??APxMat33@physx@@QAEAAVPxVec3@1@H@Z 1000d470 f i PsMathUtils.obj
 0001:0000c480       ??APxVec3@physx@@QAEAAMH@Z 1000d480 f i PsMathUtils.obj
 0001:0000c490       ??APxVec3@physx@@QAEAAMI@Z 1000d490 f i PsMathUtils.obj
 0001:0000c4a0       ??DPxQuat@physx@@QBE?AV01@ABV01@@Z 1000d4a0 f i PsMathUtils.obj
 0001:0000c580       ??DPxQuat@physx@@QBE?AV01@M@Z 1000d580 f i PsMathUtils.obj
 0001:0000c5a0       ??DPxVec3@physx@@QBE?AV01@M@Z 1000d5a0 f i PsMathUtils.obj
 0001:0000c5e0       ??HPxQuat@physx@@QBE?AV01@ABV01@@Z 1000d5e0 f i PsMathUtils.obj
 0001:0000c630       ??HPxVec3@physx@@QBE?AV01@ABV01@@Z 1000d630 f i PsMathUtils.obj
 0001:0000c670       ??XPxVec3@physx@@QAEAAV01@M@Z 1000d670 f i PsMathUtils.obj
 0001:0000c6b0       ??ZPxVec3@physx@@QAEAAV01@ABV01@@Z 1000d6b0 f i PsMathUtils.obj
 0001:0000c6f0       ??_0PxVec3@physx@@QAEAAV01@M@Z 1000d6f0 f i PsMathUtils.obj
 0001:0000c730       ?PxAbs@physx@@YAMM@Z       1000d730 f i PsMathUtils.obj
 0001:0000c750       ?PxAsin@physx@@YAMM@Z      1000d750 f i PsMathUtils.obj
 0001:0000c790       ?PxAtan2@physx@@YAMMM@Z    1000d790 f i PsMathUtils.obj
 0001:0000c7a0       ?PxCos@physx@@YAMM@Z       1000d7a0 f i PsMathUtils.obj
 0001:0000c7c0       ?PxRecipSqrt@physx@@YAMM@Z 1000d7c0 f i PsMathUtils.obj
 0001:0000c7f0       ?PxSin@physx@@YAMM@Z       1000d7f0 f i PsMathUtils.obj
 0001:0000c810       ?PxSqrt@physx@@YAMM@Z      1000d810 f i PsMathUtils.obj
 0001:0000c830       ?abs@intrinsics@physx@@YAMM@Z 1000d830 f i PsMathUtils.obj
 0001:0000c850       ?asin@@YAMM@Z              1000d850 f i PsMathUtils.obj
 0001:0000c870       ?atan2@@YAMMM@Z            1000d870 f i PsMathUtils.obj
 0001:0000c880       ?cos@intrinsics@physx@@YAMM@Z 1000d880 f i PsMathUtils.obj
 0001:0000c8a0       ?dot@PxQuat@physx@@QBEMABV12@@Z 1000d8a0 f i PsMathUtils.obj
 0001:0000c8f0       ?dot@PxVec3@physx@@QBEMABV12@@Z 1000d8f0 f i PsMathUtils.obj
 0001:0000c910       ?fabs@@YAMM@Z              1000d910 f i PsMathUtils.obj
 0001:0000c930       ?fsel@intrinsics@physx@@YAMMMM@Z 1000d930 f i PsMathUtils.obj
 0001:0000c960       ?magnitude@PxVec3@physx@@QBEMXZ 1000d960 f i PsMathUtils.obj
 0001:0000c9a0       ?magnitudeSquared@PxVec3@physx@@QBEMXZ 1000d9a0 f i PsMathUtils.obj
 0001:0000c9e0       ?normalize@PxVec3@physx@@QAEMXZ 1000d9e0 f i PsMathUtils.obj
 0001:0000ca50       ?recipSqrt@intrinsics@physx@@YAMM@Z 1000da50 f i PsMathUtils.obj
 0001:0000ca80       ?selectMax@intrinsics@physx@@YAMMM@Z 1000da80 f i PsMathUtils.obj
 0001:0000cab0       ?selectMin@intrinsics@physx@@YAMMM@Z 1000dab0 f i PsMathUtils.obj
 0001:0000cae0       ?sin@intrinsics@physx@@YAMM@Z 1000dae0 f i PsMathUtils.obj
 0001:0000cb00       ?sqrt@intrinsics@physx@@YAMM@Z 1000db00 f i PsMathUtils.obj
 0001:0000cb20       _asinf                     1000db20 f i PsMathUtils.obj
 0001:0000cb40       _atan2f                    1000db40 f i PsMathUtils.obj
 0001:0000cb50       _cosf                      1000db50 f i PsMathUtils.obj
 0001:0000cb70       _fabsf                     1000db70 f i PsMathUtils.obj
 0001:0000cb90       _sinf                      1000db90 f i PsMathUtils.obj
 0001:0000cbb0       _sqrtf                     1000dbb0 f i PsMathUtils.obj
 0001:0000cbd0       ?allocate@TempAllocator@shdfnd@physx@@QAEPAXIPBDH@Z 1000dbd0 f   PsTempAllocator.obj
 0001:0000ccc0       ?deallocate@TempAllocator@shdfnd@physx@@QAEXPAX@Z 1000dcc0 f   PsTempAllocator.obj
 0001:0000cd50       ??$PxMax@I@physx@@YAIII@Z  1000dd50 f i PsTempAllocator.obj
 0001:0000cd60       ??$PxMin@PAPATTempAllocatorChunk@shdfnd@physx@@@physx@@YAPAPATTempAllocatorChunk@shdfnd@0@PAPAT120@0@Z 1000dd60 f i PsTempAllocator.obj
 0001:0000cd70       ?begin@?$Array@PATTempAllocatorChunk@shdfnd@physx@@VAllocator@23@@shdfnd@physx@@QAEPAPATTempAllocatorChunk@23@XZ 1000dd70 f i PsTempAllocator.obj
 0001:0000cd80       ?end@?$Array@PATTempAllocatorChunk@shdfnd@physx@@VAllocator@23@@shdfnd@physx@@QAEPAPATTempAllocatorChunk@23@XZ 1000dd80 f i PsTempAllocator.obj
 0001:0000cd90       ?getFreeTable@?A0xe98f8e58@shdfnd@physx@@YAAAV?$Array@PATTempAllocatorChunk@shdfnd@physx@@VAllocator@23@@23@XZ 1000dd90 f i PsTempAllocator.obj
 0001:0000cda0       ?getMutex@?A0xe98f8e58@shdfnd@physx@@YAAAV?$MutexT@V?$ReflectionAllocator@VMutexImpl@shdfnd@physx@@@shdfnd@physx@@@23@XZ 1000dda0 f i PsTempAllocator.obj
 0001:0000cdb0       ?highestSetBit@shdfnd@physx@@YAII@Z 1000ddb0 f i PsTempAllocator.obj
 0001:0000cdc0       ?highestSetBitUnsafe@shdfnd@physx@@YAII@Z 1000ddc0 f i PsTempAllocator.obj
 0001:0000cdd0       ?checkValid@shdfnd@physx@@YA_NABM@Z 1000ddd0 f   PsUtilities.obj
 0001:0000ce00       ?checkValid@shdfnd@physx@@YA_NABVPxVec3@2@@Z 1000de00 f   PsUtilities.obj
 0001:0000ce70       ?checkValid@shdfnd@physx@@YA_NABVPxQuat@2@@Z 1000de70 f   PsUtilities.obj
 0001:0000cf00       ?checkValid@shdfnd@physx@@YA_NABVPxMat33@2@@Z 1000df00 f   PsUtilities.obj
 0001:0000d030       ?checkValid@shdfnd@physx@@YA_NABVPxTransform@2@@Z 1000e030 f   PsUtilities.obj
 0001:0000d0b0       ?checkValid@shdfnd@physx@@YA_NPBD@Z 1000e0b0 f   PsUtilities.obj
 0001:0000d0d0       ??APxMat33@physx@@QBEABVPxVec3@1@I@Z 1000e0d0 f i PsUtilities.obj
 0001:0000d0e0       ??APxVec3@physx@@QBEABMI@Z 1000e0e0 f i PsUtilities.obj
 0001:0000d0f0       ??RPxMat33@physx@@QBEMII@Z 1000e0f0 f i PsUtilities.obj
 0001:0000d110       ?PxIsFinite@physx@@YA_NM@Z 1000e110 f i PsUtilities.obj
 0001:0000d140       ?isFinite@intrinsics@physx@@YA_NM@Z 1000e140 f i PsUtilities.obj
 0001:0000d170       ?PxCreateCollection@@YAPAVPxCollection@physx@@XZ 1000e170 f   CmCollection.obj
 0001:0000d1d0       ?add@Collection@Cm@physx@@UAEXAAVPxBase@3@_K@Z 1000e1d0 f   CmCollection.obj
 0001:0000d2c0       ?remove@Collection@Cm@physx@@UAEXAAVPxBase@3@@Z 1000e2c0 f   CmCollection.obj
 0001:0000d300       ?contains@Collection@Cm@physx@@UBE_NAAVPxBase@3@@Z 1000e300 f   CmCollection.obj
 0001:0000d320       ?addId@Collection@Cm@physx@@UAEXAAVPxBase@3@_K@Z 1000e320 f   CmCollection.obj
 0001:0000d3c0       ?removeId@Collection@Cm@physx@@UAEX_K@Z 1000e3c0 f   CmCollection.obj
 0001:0000d430       ?find@Collection@Cm@physx@@UBEPAVPxBase@3@_K@Z 1000e430 f   CmCollection.obj
 0001:0000d450       ?add@Collection@Cm@physx@@UAEXAAVPxCollection@3@@Z 1000e450 f   CmCollection.obj
 0001:0000d5b0       ?remove@Collection@Cm@physx@@UAEXAAVPxCollection@3@@Z 1000e5b0 f   CmCollection.obj
 0001:0000d610       ?getNbObjects@Collection@Cm@physx@@UBEIXZ 1000e610 f   CmCollection.obj
 0001:0000d620       ?getObject@Collection@Cm@physx@@UBEAAVPxBase@3@I@Z 1000e620 f   CmCollection.obj
 0001:0000d640       ?getObjects@Collection@Cm@physx@@UBEIPAPAVPxBase@3@II@Z 1000e640 f   CmCollection.obj
 0001:0000d690       ?getNbIds@Collection@Cm@physx@@UBEIXZ 1000e690 f   CmCollection.obj
 0001:0000d6a0       ?getId@Collection@Cm@physx@@UBE_KABVPxBase@3@@Z 1000e6a0 f   CmCollection.obj
 0001:0000d6e0       ?getIds@Collection@Cm@physx@@UBEIPA_KII@Z 1000e6e0 f   CmCollection.obj
 0001:0000d780       ??$?2V?$ReflectionAllocator@VCollection@Cm@physx@@@shdfnd@physx@@@UserAllocated@shdfnd@physx@@SAPAXIV?$ReflectionAllocator@VCollection@Cm@physx@@@12@PBDH@Z 1000e780 f i CmCollection.obj
 0001:0000d7e0       ??0?$CoalescedHashMap@PAVPxBase@physx@@_KU?$Hash@PAVPxBase@physx@@@shdfnd@2@VAllocator@42@@shdfnd@physx@@QAE@IM@Z 1000e7e0 f i CmCollection.obj
 0001:0000d850       ??0?$CoalescedHashMap@_KPAVPxBase@physx@@U?$Hash@_K@shdfnd@2@VAllocator@42@@shdfnd@physx@@QAE@IM@Z 1000e850 f i CmCollection.obj
 0001:0000d8c0       ??0?$CollectionHashMap@PAVPxBase@physx@@_KU?$Hash@PAVPxBase@physx@@@shdfnd@2@VAllocator@42@@Cm@physx@@QAE@IM@Z 1000e8c0 f i CmCollection.obj
 0001:0000d930       ??0?$CollectionHashMap@_KPAVPxBase@physx@@U?$Hash@_K@shdfnd@2@VAllocator@42@@Cm@physx@@QAE@IM@Z 1000e930 f i CmCollection.obj
 0001:0000d9a0       ??0?$HashBase@V?$Pair@$$CB_KPAVPxBase@physx@@@shdfnd@physx@@_KU?$Hash@_K@23@UGetKey@?$HashMapBase@_KPAVPxBase@physx@@U?$Hash@_K@shdfnd@2@VAllocator@42@@internal@23@VAllocator@23@$00@internal@shdfnd@physx@@QAE@IM@Z 1000e9a0 f i CmCollection.obj
 0001:0000da10       ??0?$HashBase@V?$Pair@QAVPxBase@physx@@_K@shdfnd@physx@@PAVPxBase@3@U?$Hash@PAVPxBase@physx@@@23@UGetKey@?$HashMapBase@PAVPxBase@physx@@_KU?$Hash@PAVPxBase@physx@@@shdfnd@2@VAllocator@42@@internal@23@VAllocator@23@$00@internal@shdfnd@physx@@QAE@IM@Z 1000ea10 f i CmCollection.obj
 0001:0000da80       ??0?$HashMapBase@PAVPxBase@physx@@_KU?$Hash@PAVPxBase@physx@@@shdfnd@2@VAllocator@42@@internal@shdfnd@physx@@QAE@IM@Z 1000ea80 f i CmCollection.obj
 0001:0000daf0       ??0?$HashMapBase@_KPAVPxBase@physx@@U?$Hash@_K@shdfnd@2@VAllocator@42@@internal@shdfnd@physx@@QAE@IM@Z 1000eaf0 f i CmCollection.obj
 0001:0000db60       ??0?$Pair@$$CB_KPAVPxBase@physx@@@shdfnd@physx@@QAE@ABV012@@Z 1000eb60 f i CmCollection.obj
 0001:0000db80       ??0?$Pair@$$CB_KPAVPxBase@physx@@@shdfnd@physx@@QAE@AB_KABQAVPxBase@2@@Z 1000eb80 f i CmCollection.obj
 0001:0000dba0       ??0?$Pair@QAVPxBase@physx@@_K@shdfnd@physx@@QAE@ABQAVPxBase@2@AB_K@Z 1000eba0 f i CmCollection.obj
 0001:0000dbc0       ??0?$Pair@QAVPxBase@physx@@_K@shdfnd@physx@@QAE@ABV012@@Z 1000ebc0 f i CmCollection.obj
 0001:0000dbe0       ??0?$ReflectionAllocator@VCollection@Cm@physx@@@shdfnd@physx@@QAE@PBD@Z 1000ebe0 f i CmCollection.obj
 0001:0000dbf0       ??0Collection@Cm@physx@@QAE@XZ 1000ebf0 f i CmCollection.obj
 0001:0000dca0       ??0Iter@?$HashBase@V?$Pair@$$CB_KPAVPxBase@physx@@@shdfnd@physx@@_KU?$Hash@_K@23@UGetKey@?$HashMapBase@_KPAVPxBase@physx@@U?$Hash@_K@shdfnd@2@VAllocator@42@@internal@23@VAllocator@23@$00@internal@shdfnd@physx@@QAE@AAV1234@@Z 1000eca0 f i CmCollection.obj
 0001:0000dd00       ??0PxCollection@physx@@IAE@XZ 1000ed00 f i CmCollection.obj
 0001:0000dd10       ??1?$CoalescedHashMap@PAVPxBase@physx@@_KU?$Hash@PAVPxBase@physx@@@shdfnd@2@VAllocator@42@@shdfnd@physx@@QAE@XZ 1000ed10 f i CmCollection.obj
 0001:0000dd20       ??1?$CoalescedHashMap@_KPAVPxBase@physx@@U?$Hash@_K@shdfnd@2@VAllocator@42@@shdfnd@physx@@QAE@XZ 1000ed20 f i CmCollection.obj
 0001:0000dd30       ??1?$CollectionHashMap@PAVPxBase@physx@@_KU?$Hash@PAVPxBase@physx@@@shdfnd@2@VAllocator@42@@Cm@physx@@QAE@XZ 1000ed30 f i CmCollection.obj
 0001:0000dd40       ??1?$CollectionHashMap@_KPAVPxBase@physx@@U?$Hash@_K@shdfnd@2@VAllocator@42@@Cm@physx@@QAE@XZ 1000ed40 f i CmCollection.obj
 0001:0000dd50       ??1?$HashBase@V?$Pair@$$CB_KPAVPxBase@physx@@@shdfnd@physx@@_KU?$Hash@_K@23@UGetKey@?$HashMapBase@_KPAVPxBase@physx@@U?$Hash@_K@shdfnd@2@VAllocator@42@@internal@23@VAllocator@23@$00@internal@shdfnd@physx@@QAE@XZ 1000ed50 f i CmCollection.obj
 0001:0000dd60       ??1?$HashBase@V?$Pair@QAVPxBase@physx@@_K@shdfnd@physx@@PAVPxBase@3@U?$Hash@PAVPxBase@physx@@@23@UGetKey@?$HashMapBase@PAVPxBase@physx@@_KU?$Hash@PAVPxBase@physx@@@shdfnd@2@VAllocator@42@@internal@23@VAllocator@23@$00@internal@shdfnd@physx@@QAE@XZ 1000ed60 f i CmCollection.obj
 0001:0000dd70       ??1?$HashMapBase@PAVPxBase@physx@@_KU?$Hash@PAVPxBase@physx@@@shdfnd@2@VAllocator@42@@internal@shdfnd@physx@@QAE@XZ 1000ed70 f i CmCollection.obj
 0001:0000dd80       ??1?$HashMapBase@_KPAVPxBase@physx@@U?$Hash@_K@shdfnd@2@VAllocator@42@@internal@shdfnd@physx@@QAE@XZ 1000ed80 f i CmCollection.obj
 0001:0000dd90       ??1Collection@Cm@physx@@UAE@XZ 1000ed90 f i CmCollection.obj
 0001:0000ddc0       ??1PxCollection@physx@@MAE@XZ 1000edc0 f i CmCollection.obj
 0001:0000ddd0       ??A?$HashMapBase@PAVPxBase@physx@@_KU?$Hash@PAVPxBase@physx@@@shdfnd@2@VAllocator@42@@internal@shdfnd@physx@@QAEAA_KABQAVPxBase@3@@Z 1000edd0 f i CmCollection.obj
 0001:0000de10       ??A?$HashMapBase@_KPAVPxBase@physx@@U?$Hash@_K@shdfnd@2@VAllocator@42@@internal@shdfnd@physx@@QAEAAPAVPxBase@3@AB_K@Z 1000ee10 f i CmCollection.obj
 0001:0000de50       ??CIter@?$HashBase@V?$Pair@$$CB_KPAVPxBase@physx@@@shdfnd@physx@@_KU?$Hash@_K@23@UGetKey@?$HashMapBase@_KPAVPxBase@physx@@U?$Hash@_K@shdfnd@2@VAllocator@42@@internal@23@VAllocator@23@$00@internal@shdfnd@physx@@QBEPAV?$Pair@$$CB_KPAVPxBase@physx@@@34@XZ 1000ee50 f i CmCollection.obj
 0001:0000de60       ??EIter@?$HashBase@V?$Pair@$$CB_KPAVPxBase@physx@@@shdfnd@physx@@_KU?$Hash@_K@23@UGetKey@?$HashMapBase@_KPAVPxBase@physx@@U?$Hash@_K@shdfnd@2@VAllocator@42@@internal@23@VAllocator@23@$00@internal@shdfnd@physx@@QAE?AV01234@H@Z 1000ee60 f i CmCollection.obj
 0001:0000deb0       ??R?$Hash@PAVPxBase@physx@@@shdfnd@physx@@QBEIABQAVPxBase@2@@Z 1000eeb0 f i CmCollection.obj
 0001:0000def0       ??R?$Hash@PAVPxBase@physx@@@shdfnd@physx@@QBE_NABQAVPxBase@2@0@Z 1000eef0 f i CmCollection.obj
 0001:0000df10       ??R?$Hash@_K@shdfnd@physx@@QBEIAB_K@Z 1000ef10 f i CmCollection.obj
 0001:0000df30       ??R?$Hash@_K@shdfnd@physx@@QBE_NAB_K0@Z 1000ef30 f i CmCollection.obj
 0001:0000df60       ??RGetKey@?$HashMapBase@PAVPxBase@physx@@_KU?$Hash@PAVPxBase@physx@@@shdfnd@2@VAllocator@42@@internal@shdfnd@physx@@QAEABQAVPxBase@4@ABV?$Pair@QAVPxBase@physx@@_K@34@@Z 1000ef60 f i CmCollection.obj
 0001:0000df70       ??RGetKey@?$HashMapBase@_KPAVPxBase@physx@@U?$Hash@_K@shdfnd@2@VAllocator@42@@internal@shdfnd@physx@@QAEAB_KABV?$Pair@$$CB_KPAVPxBase@physx@@@34@@Z 1000ef70 f i CmCollection.obj
 0001:0000df80       ??_ECollection@Cm@physx@@UAEPAXI@Z 1000ef80 f i CmCollection.obj
 0001:0000df80       ??_GCollection@Cm@physx@@UAEPAXI@Z 1000ef80 f i CmCollection.obj
 0001:0000dfd0       ??_GPxCollection@physx@@MAEPAXI@Z 1000efd0 f i CmCollection.obj
 0001:0000dfd0       ??_EPxCollection@physx@@MAEPAXI@Z 1000efd0 f i CmCollection.obj
 0001:0000e000       ?advance@Iter@?$HashBase@V?$Pair@$$CB_KPAVPxBase@physx@@@shdfnd@physx@@_KU?$Hash@_K@23@UGetKey@?$HashMapBase@_KPAVPxBase@physx@@U?$Hash@_K@shdfnd@2@VAllocator@42@@internal@23@VAllocator@23@$00@internal@shdfnd@physx@@AAEXXZ 1000f000 f i CmCollection.obj
 0001:0000e030       ?allocate@?$ReflectionAllocator@VCollection@Cm@physx@@@shdfnd@physx@@QAEPAXIPBDH@Z 1000f030 f i CmCollection.obj
 0001:0000e090       ?capacity@?$HashBase@V?$Pair@QAVPxBase@physx@@_K@shdfnd@physx@@PAVPxBase@3@U?$Hash@PAVPxBase@physx@@@23@UGetKey@?$HashMapBase@PAVPxBase@physx@@_KU?$Hash@PAVPxBase@physx@@@shdfnd@2@VAllocator@42@@internal@23@VAllocator@23@$00@internal@shdfnd@physx@@QBEIXZ 1000f090 f i CmCollection.obj
 0001:0000e0a0       ?capacity@?$HashMapBase@PAVPxBase@physx@@_KU?$Hash@PAVPxBase@physx@@@shdfnd@2@VAllocator@42@@internal@shdfnd@physx@@QBEIXZ 1000f0a0 f i CmCollection.obj
 0001:0000e0b0       ?check@Iter@?$HashBase@V?$Pair@$$CB_KPAVPxBase@physx@@@shdfnd@physx@@_KU?$Hash@_K@23@UGetKey@?$HashMapBase@_KPAVPxBase@physx@@U?$Hash@_K@shdfnd@2@VAllocator@42@@internal@23@VAllocator@23@$00@internal@shdfnd@physx@@QBEXXZ 1000f0b0 f i CmCollection.obj
 0001:0000e0c0       ?create@?$HashBase@V?$Pair@$$CB_KPAVPxBase@physx@@@shdfnd@physx@@_KU?$Hash@_K@23@UGetKey@?$HashMapBase@_KPAVPxBase@physx@@U?$Hash@_K@shdfnd@2@VAllocator@42@@internal@23@VAllocator@23@$00@internal@shdfnd@physx@@QAEPAV?$Pair@$$CB_KPAVPxBase@physx@@@34@AB_KAA_N@Z 1000f0c0 f i CmCollection.obj
 0001:0000e1c0       ?create@?$HashBase@V?$Pair@QAVPxBase@physx@@_K@shdfnd@physx@@PAVPxBase@3@U?$Hash@PAVPxBase@physx@@@23@UGetKey@?$HashMapBase@PAVPxBase@physx@@_KU?$Hash@PAVPxBase@physx@@@shdfnd@2@VAllocator@42@@internal@23@VAllocator@23@$00@internal@shdfnd@physx@@QAEPAV?$Pair@QAVPxBase@physx@@_K@34@ABQAVPxBase@4@AA_N@Z 1000f1c0 f i CmCollection.obj
 0001:0000e2e0       ?destroy@?$HashBase@V?$Pair@$$CB_KPAVPxBase@physx@@@shdfnd@physx@@_KU?$Hash@_K@23@UGetKey@?$HashMapBase@_KPAVPxBase@physx@@U?$Hash@_K@shdfnd@2@VAllocator@42@@internal@23@VAllocator@23@$00@internal@shdfnd@physx@@AAEXXZ 1000f2e0 f i CmCollection.obj
 0001:0000e320       ?destroy@?$HashBase@V?$Pair@QAVPxBase@physx@@_K@shdfnd@physx@@PAVPxBase@3@U?$Hash@PAVPxBase@physx@@@23@UGetKey@?$HashMapBase@PAVPxBase@physx@@_KU?$Hash@PAVPxBase@physx@@@shdfnd@2@VAllocator@42@@internal@23@VAllocator@23@$00@internal@shdfnd@physx@@AAEXXZ 1000f320 f i CmCollection.obj
 0001:0000e360       ?done@Iter@?$HashBase@V?$Pair@$$CB_KPAVPxBase@physx@@@shdfnd@physx@@_KU?$Hash@_K@23@UGetKey@?$HashMapBase@_KPAVPxBase@physx@@U?$Hash@_K@shdfnd@2@VAllocator@42@@internal@23@VAllocator@23@$00@internal@shdfnd@physx@@QBE_NXZ 1000f360 f i CmCollection.obj
 0001:0000e370       ?erase@?$HashBase@V?$Pair@$$CB_KPAVPxBase@physx@@@shdfnd@physx@@_KU?$Hash@_K@23@UGetKey@?$HashMapBase@_KPAVPxBase@physx@@U?$Hash@_K@shdfnd@2@VAllocator@42@@internal@23@VAllocator@23@$00@internal@shdfnd@physx@@QAE_NAB_K@Z 1000f370 f i CmCollection.obj
 0001:0000e420       ?erase@?$HashBase@V?$Pair@QAVPxBase@physx@@_K@shdfnd@physx@@PAVPxBase@3@U?$Hash@PAVPxBase@physx@@@23@UGetKey@?$HashMapBase@PAVPxBase@physx@@_KU?$Hash@PAVPxBase@physx@@@shdfnd@2@VAllocator@42@@internal@23@VAllocator@23@$00@internal@shdfnd@physx@@QAE_NABQAVPxBase@4@@Z 1000f420 f i CmCollection.obj
 0001:0000e4d0       ?erase@?$HashMapBase@PAVPxBase@physx@@_KU?$Hash@PAVPxBase@physx@@@shdfnd@2@VAllocator@42@@internal@shdfnd@physx@@QAE_NABQAVPxBase@4@@Z 1000f4d0 f i CmCollection.obj
 0001:0000e4e0       ?erase@?$HashMapBase@_KPAVPxBase@physx@@U?$Hash@_K@shdfnd@2@VAllocator@42@@internal@shdfnd@physx@@QAE_NAB_K@Z 1000f4e0 f i CmCollection.obj
 0001:0000e4f0       ?find@?$HashBase@V?$Pair@$$CB_KPAVPxBase@physx@@@shdfnd@physx@@_KU?$Hash@_K@23@UGetKey@?$HashMapBase@_KPAVPxBase@physx@@U?$Hash@_K@shdfnd@2@VAllocator@42@@internal@23@VAllocator@23@$00@internal@shdfnd@physx@@QBEPBV?$Pair@$$CB_KPAVPxBase@physx@@@34@AB_K@Z 1000f4f0 f i CmCollection.obj
 0001:0000e570       ?find@?$HashBase@V?$Pair@QAVPxBase@physx@@_K@shdfnd@physx@@PAVPxBase@3@U?$Hash@PAVPxBase@physx@@@23@UGetKey@?$HashMapBase@PAVPxBase@physx@@_KU?$Hash@PAVPxBase@physx@@@shdfnd@2@VAllocator@42@@internal@23@VAllocator@23@$00@internal@shdfnd@physx@@QBEPBV?$Pair@QAVPxBase@physx@@_K@34@ABQAVPxBase@4@@Z 1000f570 f i CmCollection.obj
 0001:0000e600       ?find@?$HashMapBase@PAVPxBase@physx@@_KU?$Hash@PAVPxBase@physx@@@shdfnd@2@VAllocator@42@@internal@shdfnd@physx@@QBEPBV?$Pair@QAVPxBase@physx@@_K@34@ABQAVPxBase@4@@Z 1000f600 f i CmCollection.obj
 0001:0000e610       ?find@?$HashMapBase@_KPAVPxBase@physx@@U?$Hash@_K@shdfnd@2@VAllocator@42@@internal@shdfnd@physx@@QBEPBV?$Pair@$$CB_KPAVPxBase@physx@@@34@AB_K@Z 1000f610 f i CmCollection.obj
 0001:0000e620       ?freeListAdd@?$HashBase@V?$Pair@$$CB_KPAVPxBase@physx@@@shdfnd@physx@@_KU?$Hash@_K@23@UGetKey@?$HashMapBase@_KPAVPxBase@physx@@U?$Hash@_K@shdfnd@2@VAllocator@42@@internal@23@VAllocator@23@$00@internal@shdfnd@physx@@AAEXI@Z 1000f620 f i CmCollection.obj
 0001:0000e630       ?freeListAdd@?$HashBase@V?$Pair@$$CB_KPAVPxBase@physx@@@shdfnd@physx@@_KU?$Hash@_K@23@UGetKey@?$HashMapBase@_KPAVPxBase@physx@@U?$Hash@_K@shdfnd@2@VAllocator@42@@internal@23@VAllocator@23@$00@internal@shdfnd@physx@@AAEXII@Z 1000f630 f i CmCollection.obj
 0001:0000e650       ?freeListAdd@?$HashBase@V?$Pair@QAVPxBase@physx@@_K@shdfnd@physx@@PAVPxBase@3@U?$Hash@PAVPxBase@physx@@@23@UGetKey@?$HashMapBase@PAVPxBase@physx@@_KU?$Hash@PAVPxBase@physx@@@shdfnd@2@VAllocator@42@@internal@23@VAllocator@23@$00@internal@shdfnd@physx@@AAEXI@Z 1000f650 f i CmCollection.obj
 0001:0000e660       ?freeListAdd@?$HashBase@V?$Pair@QAVPxBase@physx@@_K@shdfnd@physx@@PAVPxBase@3@U?$Hash@PAVPxBase@physx@@@23@UGetKey@?$HashMapBase@PAVPxBase@physx@@_KU?$Hash@PAVPxBase@physx@@@shdfnd@2@VAllocator@42@@internal@23@VAllocator@23@$00@internal@shdfnd@physx@@AAEXII@Z 1000f660 f i CmCollection.obj
 0001:0000e680       ?freeListEmpty@?$HashBase@V?$Pair@$$CB_KPAVPxBase@physx@@@shdfnd@physx@@_KU?$Hash@_K@23@UGetKey@?$HashMapBase@_KPAVPxBase@physx@@U?$Hash@_K@shdfnd@2@VAllocator@42@@internal@23@VAllocator@23@$00@internal@shdfnd@physx@@ABE_NXZ 1000f680 f i CmCollection.obj
 0001:0000e690       ?freeListEmpty@?$HashBase@V?$Pair@QAVPxBase@physx@@_K@shdfnd@physx@@PAVPxBase@3@U?$Hash@PAVPxBase@physx@@@23@UGetKey@?$HashMapBase@PAVPxBase@physx@@_KU?$Hash@PAVPxBase@physx@@@shdfnd@2@VAllocator@42@@internal@23@VAllocator@23@$00@internal@shdfnd@physx@@ABE_NXZ 1000f690 f i CmCollection.obj
 0001:0000e6a0       ?freeListGetNext@?$HashBase@V?$Pair@$$CB_KPAVPxBase@physx@@@shdfnd@physx@@_KU?$Hash@_K@23@UGetKey@?$HashMapBase@_KPAVPxBase@physx@@U?$Hash@_K@shdfnd@2@VAllocator@42@@internal@23@VAllocator@23@$00@internal@shdfnd@physx@@AAEIXZ 1000f6a0 f i CmCollection.obj
 0001:0000e6b0       ?freeListGetNext@?$HashBase@V?$Pair@QAVPxBase@physx@@_K@shdfnd@physx@@PAVPxBase@3@U?$Hash@PAVPxBase@physx@@@23@UGetKey@?$HashMapBase@PAVPxBase@physx@@_KU?$Hash@PAVPxBase@physx@@@shdfnd@2@VAllocator@42@@internal@23@VAllocator@23@$00@internal@shdfnd@physx@@AAEIXZ 1000f6b0 f i CmCollection.obj
 0001:0000e6c0       ?getEntries@?$CoalescedHashMap@PAVPxBase@physx@@_KU?$Hash@PAVPxBase@physx@@@shdfnd@2@VAllocator@42@@shdfnd@physx@@QBEPBV?$Pair@QAVPxBase@physx@@_K@23@XZ 1000f6c0 f i CmCollection.obj
 0001:0000e6d0       ?getEntries@?$HashBase@V?$Pair@QAVPxBase@physx@@_K@shdfnd@physx@@PAVPxBase@3@U?$Hash@PAVPxBase@physx@@@23@UGetKey@?$HashMapBase@PAVPxBase@physx@@_KU?$Hash@PAVPxBase@physx@@@shdfnd@2@VAllocator@42@@internal@23@VAllocator@23@$00@internal@shdfnd@physx@@QBEPBV?$Pair@QAVPxBase@physx@@_K@34@XZ 1000f6d0 f i CmCollection.obj
 0001:0000e6e0       ?getIterator@?$HashMapBase@_KPAVPxBase@physx@@U?$Hash@_K@shdfnd@2@VAllocator@42@@internal@shdfnd@physx@@QAE?AVIter@?$HashBase@V?$Pair@$$CB_KPAVPxBase@physx@@@shdfnd@physx@@_KU?$Hash@_K@23@UGetKey@?$HashMapBase@_KPAVPxBase@physx@@U?$Hash@_K@shdfnd@2@VAllocator@42@@internal@23@VAllocator@23@$00@234@XZ 1000f6e0 f i CmCollection.obj
 0001:0000e700       ?getName@?$ReflectionAllocator@VCollection@Cm@physx@@@shdfnd@physx@@CAPBDXZ 1000f700 f i CmCollection.obj
 0001:0000e730       ?grow@?$HashBase@V?$Pair@$$CB_KPAVPxBase@physx@@@shdfnd@physx@@_KU?$Hash@_K@23@UGetKey@?$HashMapBase@_KPAVPxBase@physx@@U?$Hash@_K@shdfnd@2@VAllocator@42@@internal@23@VAllocator@23@$00@internal@shdfnd@physx@@AAEXXZ 1000f730 f i CmCollection.obj
 0001:0000e750       ?grow@?$HashBase@V?$Pair@QAVPxBase@physx@@_K@shdfnd@physx@@PAVPxBase@3@U?$Hash@PAVPxBase@physx@@@23@UGetKey@?$HashMapBase@PAVPxBase@physx@@_KU?$Hash@PAVPxBase@physx@@@shdfnd@2@VAllocator@42@@internal@23@VAllocator@23@$00@internal@shdfnd@physx@@AAEXXZ 1000f750 f i CmCollection.obj
 0001:0000e770       ?hash@?$HashBase@V?$Pair@$$CB_KPAVPxBase@physx@@@shdfnd@physx@@_KU?$Hash@_K@23@UGetKey@?$HashMapBase@_KPAVPxBase@physx@@U?$Hash@_K@shdfnd@2@VAllocator@42@@internal@23@VAllocator@23@$00@internal@shdfnd@physx@@ABEIAB_K@Z 1000f770 f i CmCollection.obj
 0001:0000e7a0       ?hash@?$HashBase@V?$Pair@$$CB_KPAVPxBase@physx@@@shdfnd@physx@@_KU?$Hash@_K@23@UGetKey@?$HashMapBase@_KPAVPxBase@physx@@U?$Hash@_K@shdfnd@2@VAllocator@42@@internal@23@VAllocator@23@$00@internal@shdfnd@physx@@ABEIAB_KI@Z 1000f7a0 f i CmCollection.obj
 0001:0000e7c0       ?hash@?$HashBase@V?$Pair@QAVPxBase@physx@@_K@shdfnd@physx@@PAVPxBase@3@U?$Hash@PAVPxBase@physx@@@23@UGetKey@?$HashMapBase@PAVPxBase@physx@@_KU?$Hash@PAVPxBase@physx@@@shdfnd@2@VAllocator@42@@internal@23@VAllocator@23@$00@internal@shdfnd@physx@@ABEIABQAVPxBase@4@@Z 1000f7c0 f i CmCollection.obj
 0001:0000e800       ?hash@?$HashBase@V?$Pair@QAVPxBase@physx@@_K@shdfnd@physx@@PAVPxBase@3@U?$Hash@PAVPxBase@physx@@@23@UGetKey@?$HashMapBase@PAVPxBase@physx@@_KU?$Hash@PAVPxBase@physx@@@shdfnd@2@VAllocator@42@@internal@23@VAllocator@23@$00@internal@shdfnd@physx@@ABEIABQAVPxBase@4@I@Z 1000f800 f i CmCollection.obj
 0001:0000e840       ?hash@shdfnd@physx@@YAI_K@Z 1000f840 f i CmCollection.obj
 0001:0000e8d0       ?init@?$HashBase@V?$Pair@$$CB_KPAVPxBase@physx@@@shdfnd@physx@@_KU?$Hash@_K@23@UGetKey@?$HashMapBase@_KPAVPxBase@physx@@U?$Hash@_K@shdfnd@2@VAllocator@42@@internal@23@VAllocator@23@$00@internal@shdfnd@physx@@AAEXIM@Z 1000f8d0 f i CmCollection.obj
 0001:0000e930       ?init@?$HashBase@V?$Pair@QAVPxBase@physx@@_K@shdfnd@physx@@PAVPxBase@3@U?$Hash@PAVPxBase@physx@@@23@UGetKey@?$HashMapBase@PAVPxBase@physx@@_KU?$Hash@PAVPxBase@physx@@@shdfnd@2@VAllocator@42@@internal@23@VAllocator@23@$00@internal@shdfnd@physx@@AAEXIM@Z 1000f930 f i CmCollection.obj
 0001:0000e990       ?insert@?$HashMapBase@PAVPxBase@physx@@_KU?$Hash@PAVPxBase@physx@@@shdfnd@2@VAllocator@42@@internal@shdfnd@physx@@QAE_NQAVPxBase@4@_K@Z 1000f990 f i CmCollection.obj
 0001:0000e9d0       ?insert@?$HashMapBase@_KPAVPxBase@physx@@U?$Hash@_K@shdfnd@2@VAllocator@42@@internal@shdfnd@physx@@QAE_N_KQAVPxBase@4@@Z 1000f9d0 f i CmCollection.obj
 0001:0000ea10       ?release@Collection@Cm@physx@@UAEXXZ 1000fa10 f i CmCollection.obj
 0001:0000ea20       ?replaceWithLast@?$HashBase@V?$Pair@$$CB_KPAVPxBase@physx@@@shdfnd@physx@@_KU?$Hash@_K@23@UGetKey@?$HashMapBase@_KPAVPxBase@physx@@U?$Hash@_K@shdfnd@2@VAllocator@42@@internal@23@VAllocator@23@$00@internal@shdfnd@physx@@AAEXI@Z 1000fa20 f i CmCollection.obj
 0001:0000eaa0       ?replaceWithLast@?$HashBase@V?$Pair@QAVPxBase@physx@@_K@shdfnd@physx@@PAVPxBase@3@U?$Hash@PAVPxBase@physx@@@23@UGetKey@?$HashMapBase@PAVPxBase@physx@@_KU?$Hash@PAVPxBase@physx@@@shdfnd@2@VAllocator@42@@internal@23@VAllocator@23@$00@internal@shdfnd@physx@@AAEXI@Z 1000faa0 f i CmCollection.obj
 0001:0000eb40       ?reserve@?$HashBase@V?$Pair@$$CB_KPAVPxBase@physx@@@shdfnd@physx@@_KU?$Hash@_K@23@UGetKey@?$HashMapBase@_KPAVPxBase@physx@@U?$Hash@_K@shdfnd@2@VAllocator@42@@internal@23@VAllocator@23@$00@internal@shdfnd@physx@@QAEXI@Z 1000fb40 f i CmCollection.obj
[...]
 0003:00002450       _maxFError                 101bc450     GuOverlapTestsMesh.obj
 0003:00002460       ?validateCounter@?1??validateRecursive@RTree@Gu@physx@@IAEXIURTreeNodeQ@34@PAURTreePage@34@@Z@4IA 101bc460     GuRTree.obj
 0003:00002470       _signMask                  101bc470     GuRTreeQueries.obj
 0003:00002480       _epsFloat4                 101bc480     GuRTreeQueries.obj
 0003:00002490       _epsInflateFloat4          101bc490     GuRTreeQueries.obj
 0003:000024a0       _minV4Error                101bc4a0     GuRTreeQueries.obj
 0003:000024b0       _maxV4Error                101bc4b0     GuRTreeQueries.obj
 0003:000024c0       _minFError                 101bc4c0     GuRTreeQueries.obj
 0003:000024d0       _minV3Error                101bc4d0     GuRTreeQueries.obj
 0003:000024e0       _maxV3Error                101bc4e0     GuRTreeQueries.obj
 0003:000024f0       _twos                      101bc4f0     GuRTreeQueries.obj
 0003:00002500       _maxFError                 101bc500     GuRTreeQueries.obj
 0003:00002510       _zeroes                    101bc510     GuRTreeQueries.obj
 0003:00002520       _minV4Error                101bc520     GuSweepsMesh.obj
 0003:00002530       _maxV4Error                101bc530     GuSweepsMesh.obj
 0003:00002540       _minFError                 101bc540     GuSweepsMesh.obj
 0003:00002550       _minV3Error                101bc550     GuSweepsMesh.obj
 0003:00002560       _maxV3Error                101bc560     GuSweepsMesh.obj
 0003:00002570       _maxFError                 101bc570     GuSweepsMesh.obj
 0003:00002580       _minV4Error                101bc580     GuHeightFieldUtil.obj
 0003:00002590       _maxV4Error                101bc590     GuHeightFieldUtil.obj
 0003:000025a0       _minFError                 101bc5a0     GuHeightFieldUtil.obj
 0003:000025b0       _minV3Error                101bc5b0     GuHeightFieldUtil.obj
 0003:000025c0       _maxV3Error                101bc5c0     GuHeightFieldUtil.obj
 0003:000025d0       _maxFError                 101bc5d0     GuHeightFieldUtil.obj
 0003:000025e0       _minV4Error                101bc5e0     GuOverlapTestsHF.obj
 0003:000025f0       _maxV4Error                101bc5f0     GuOverlapTestsHF.obj
 0003:00002600       _minFError                 101bc600     GuOverlapTestsHF.obj
 0003:00002610       _minV3Error                101bc610     GuOverlapTestsHF.obj
 0003:00002620       _maxV3Error                101bc620     GuOverlapTestsHF.obj
 0003:00002630       _maxFError                 101bc630     GuOverlapTestsHF.obj
 0003:00002640       _minV4Error                101bc640     GuSweepsHF.obj
 0003:00002650       _maxV4Error                101bc650     GuSweepsHF.obj
 0003:00002660       _minFError                 101bc660     GuSweepsHF.obj
 0003:00002670       _minV3Error                101bc670     GuSweepsHF.obj
 0003:00002680       _maxV3Error                101bc680     GuSweepsHF.obj
 0003:00002690       _maxFError                 101bc690     GuSweepsHF.obj
 0003:000026a0       _minV4Error                101bc6a0     GuPCMContactBoxBox.obj
 0003:000026b0       _maxV4Error                101bc6b0     GuPCMContactBoxBox.obj
 0003:000026c0       _minFError                 101bc6c0     GuPCMContactBoxBox.obj
 0003:000026d0       _minV3Error                101bc6d0     GuPCMContactBoxBox.obj
 0003:000026e0       _maxV3Error                101bc6e0     GuPCMContactBoxBox.obj
 0003:000026f0       _maxFError                 101bc6f0     GuPCMContactBoxBox.obj
 0003:00002700       _minV4Error                101bc700     GuPCMContactBoxConvex.obj
 0003:00002710       _maxV4Error                101bc710     GuPCMContactBoxConvex.obj
 0003:00002720       _minFError                 101bc720     GuPCMContactBoxConvex.obj
 0003:00002730       _minV3Error                101bc730     GuPCMContactBoxConvex.obj
 0003:00002740       _maxV3Error                101bc740     GuPCMContactBoxConvex.obj
 0003:00002750       _maxFError                 101bc750     GuPCMContactBoxConvex.obj
 0003:00002760       _minV4Error                101bc760     GuPCMContactCapsuleBox.obj
 0003:00002770       _maxV4Error                101bc770     GuPCMContactCapsuleBox.obj
 0003:00002780       _minFError                 101bc780     GuPCMContactCapsuleBox.obj
 0003:00002790       _minV3Error                101bc790     GuPCMContactCapsuleBox.obj
 0003:000027a0       _maxV3Error                101bc7a0     GuPCMContactCapsuleBox.obj
 0003:000027b0       _maxFError                 101bc7b0     GuPCMContactCapsuleBox.obj
 0003:000027c0       _minV4Error                101bc7c0     GuPCMContactCapsuleConvex.obj
 0003:000027d0       _maxV4Error                101bc7d0     GuPCMContactCapsuleConvex.obj
 0003:000027e0       _minFError                 101bc7e0     GuPCMContactCapsuleConvex.obj
 0003:000027f0       _minV3Error                101bc7f0     GuPCMContactCapsuleConvex.obj
 0003:00002800       _maxV3Error                101bc800     GuPCMContactCapsuleConvex.obj
 0003:00002810       _maxFError                 101bc810     GuPCMContactCapsuleConvex.obj
 0003:00002820       _minV4Error                101bc820     GuPCMContactCapsuleHeightField.obj
 0003:00002830       _maxV4Error                101bc830     GuPCMContactCapsuleHeightField.obj
 0003:00002840       _minFError                 101bc840     GuPCMContactCapsuleHeightField.obj
 0003:00002850       _minV3Error                101bc850     GuPCMContactCapsuleHeightField.obj
 0003:00002860       _maxV3Error                101bc860     GuPCMContactCapsuleHeightField.obj
 0003:00002870       _maxFError                 101bc870     GuPCMContactCapsuleHeightField.obj
 0003:00002880       _minV4Error                101bc880     GuPCMContactCapsuleMesh.obj
 0003:00002890       _maxV4Error                101bc890     GuPCMContactCapsuleMesh.obj
 0003:000028a0       _minFError                 101bc8a0     GuPCMContactCapsuleMesh.obj
 0003:000028b0       _minV3Error                101bc8b0     GuPCMContactCapsuleMesh.obj
 0003:000028c0       _maxV3Error                101bc8c0     GuPCMContactCapsuleMesh.obj
 0003:000028d0       _maxFError                 101bc8d0     GuPCMContactCapsuleMesh.obj
 0003:000028e0       _minV4Error                101bc8e0     GuPCMContactConvexCommon.obj
 0003:000028f0       _maxV4Error                101bc8f0     GuPCMContactConvexCommon.obj
 0003:00002900       _minFError                 101bc900     GuPCMContactConvexCommon.obj
 0003:00002910       _minV3Error                101bc910     GuPCMContactConvexCommon.obj
 0003:00002920       _maxV3Error                101bc920     GuPCMContactConvexCommon.obj
 0003:00002930       _maxFError                 101bc930     GuPCMContactConvexCommon.obj
 0003:00002940       _minV4Error                101bc940     GuPCMContactConvexConvex.obj
 0003:00002950       _maxV4Error                101bc950     GuPCMContactConvexConvex.obj
 0003:00002960       _minFError                 101bc960     GuPCMContactConvexConvex.obj
 0003:00002970       _minV3Error                101bc970     GuPCMContactConvexConvex.obj
 0003:00002980       _maxV3Error                101bc980     GuPCMContactConvexConvex.obj
 0003:00002990       _maxFError                 101bc990     GuPCMContactConvexConvex.obj
 0003:000029a0       _minV4Error                101bc9a0     GuPCMContactConvexHeightField.obj
 0003:000029b0       _maxV4Error                101bc9b0     GuPCMContactConvexHeightField.obj
 0003:000029c0       _minFError                 101bc9c0     GuPCMContactConvexHeightField.obj
 0003:000029d0       _minV3Error                101bc9d0     GuPCMContactConvexHeightField.obj
 0003:000029e0       _maxV3Error                101bc9e0     GuPCMContactConvexHeightField.obj
 0003:000029f0       _maxFError                 101bc9f0     GuPCMContactConvexHeightField.obj
 0003:00002a00       _minV4Error                101bca00     GuPCMContactConvexMesh.obj
 0003:00002a10       _maxV4Error                101bca10     GuPCMContactConvexMesh.obj
 0003:00002a20       _minFError                 101bca20     GuPCMContactConvexMesh.obj
 0003:00002a30       _minV3Error                101bca30     GuPCMContactConvexMesh.obj
 0003:00002a40       _maxV3Error                101bca40     GuPCMContactConvexMesh.obj
 0003:00002a50       _maxFError                 101bca50     GuPCMContactConvexMesh.obj
 0003:00002a60       _minV4Error                101bca60     GuPCMContactGenBoxConvex.obj
 0003:00002a70       _maxV4Error                101bca70     GuPCMContactGenBoxConvex.obj
 0003:00002a80       _minFError                 101bca80     GuPCMContactGenBoxConvex.obj
 0003:00002a90       _minV3Error                101bca90     GuPCMContactGenBoxConvex.obj
 0003:00002aa0       _maxV3Error                101bcaa0     GuPCMContactGenBoxConvex.obj
 0003:00002ab0       _maxFError                 101bcab0     GuPCMContactGenBoxConvex.obj
 0003:00002ac0       _minV4Error                101bcac0     GuPCMContactGenSphereCapsule.obj
 0003:00002ad0       _maxV4Error                101bcad0     GuPCMContactGenSphereCapsule.obj
 0003:00002ae0       _minFError                 101bcae0     GuPCMContactGenSphereCapsule.obj
 0003:00002af0       _minV3Error                101bcaf0     GuPCMContactGenSphereCapsule.obj
 0003:00002b00       _maxV3Error                101bcb00     GuPCMContactGenSphereCapsule.obj
 0003:00002b10       _maxFError                 101bcb10     GuPCMContactGenSphereCapsule.obj
 0003:00002b20       _minV4Error                101bcb20     GuPCMContactPlaneBox.obj
 0003:00002b30       _maxV4Error                101bcb30     GuPCMContactPlaneBox.obj
 0003:00002b40       _minFError                 101bcb40     GuPCMContactPlaneBox.obj
 0003:00002b50       _minV3Error                101bcb50     GuPCMContactPlaneBox.obj
 0003:00002b60       _maxV3Error                101bcb60     GuPCMContactPlaneBox.obj
 0003:00002b70       _maxFError                 101bcb70     GuPCMContactPlaneBox.obj
 0003:00002b80       _minV4Error                101bcb80     GuPCMContactPlaneCapsule.obj
 0003:00002b90       _maxV4Error                101bcb90     GuPCMContactPlaneCapsule.obj
 0003:00002ba0       _minFError                 101bcba0     GuPCMContactPlaneCapsule.obj
 0003:00002bb0       _minV3Error                101bcbb0     GuPCMContactPlaneCapsule.obj
 0003:00002bc0       _maxV3Error                101bcbc0     GuPCMContactPlaneCapsule.obj
 0003:00002bd0       _maxFError                 101bcbd0     GuPCMContactPlaneCapsule.obj
 0003:00002be0       _minV4Error                101bcbe0     GuPCMContactPlaneConvex.obj
 0003:00002bf0       _maxV4Error                101bcbf0     GuPCMContactPlaneConvex.obj
 0003:00002c00       _minFError                 101bcc00     GuPCMContactPlaneConvex.obj
 0003:00002c10       _minV3Error                101bcc10     GuPCMContactPlaneConvex.obj
 0003:00002c20       _maxV3Error                101bcc20     GuPCMContactPlaneConvex.obj
 0003:00002c30       _maxFError                 101bcc30     GuPCMContactPlaneConvex.obj
 0003:00002c40       _minV4Error                101bcc40     GuPCMContactSphereConvex.obj
 0003:00002c50       _maxV4Error                101bcc50     GuPCMContactSphereConvex.obj
 0003:00002c60       _minFError                 101bcc60     GuPCMContactSphereConvex.obj
 0003:00002c70       _minV3Error                101bcc70     GuPCMContactSphereConvex.obj
 0003:00002c80       _maxV3Error                101bcc80     GuPCMContactSphereConvex.obj
 0003:00002c90       _maxFError                 101bcc90     GuPCMContactSphereConvex.obj
 0003:00002ca0       _minV4Error                101bcca0     GuPCMContactSphereHeightField.obj
 0003:00002cb0       _maxV4Error                101bccb0     GuPCMContactSphereHeightField.obj
 0003:00002cc0       _minFError                 101bccc0     GuPCMContactSphereHeightField.obj
 0003:00002cd0       _minV3Error                101bccd0     GuPCMContactSphereHeightField.obj
 0003:00002ce0       _maxV3Error                101bcce0     GuPCMContactSphereHeightField.obj
 0003:00002cf0       _maxFError                 101bccf0     GuPCMContactSphereHeightField.obj
 0003:00002d00       _minV4Error                101bcd00     GuPCMContactSphereMesh.obj
 0003:00002d10       _maxV4Error                101bcd10     GuPCMContactSphereMesh.obj
 0003:00002d20       _minFError                 101bcd20     GuPCMContactSphereMesh.obj
 0003:00002d30       _minV3Error                101bcd30     GuPCMContactSphereMesh.obj
 0003:00002d40       _maxV3Error                101bcd40     GuPCMContactSphereMesh.obj
 0003:00002d50       _maxFError                 101bcd50     GuPCMContactSphereMesh.obj
 0003:00002d60       _minV4Error                101bcd60     GuPCMShapeConvex.obj
 0003:00002d70       _maxV4Error                101bcd70     GuPCMShapeConvex.obj
 0003:00002d80       _minFError                 101bcd80     GuPCMShapeConvex.obj
 0003:00002d90       _minV3Error                101bcd90     GuPCMShapeConvex.obj
 0003:00002da0       _maxV3Error                101bcda0     GuPCMShapeConvex.obj
 0003:00002db0       _maxFError                 101bcdb0     GuPCMShapeConvex.obj
 0003:00002dc0       _minV4Error                101bcdc0     GuPCMTriangleContactGen.obj
 0003:00002dd0       _maxV4Error                101bcdd0     GuPCMTriangleContactGen.obj
 0003:00002de0       _minFError                 101bcde0     GuPCMTriangleContactGen.obj
 0003:00002df0       _minV3Error                101bcdf0     GuPCMTriangleContactGen.obj
 0003:00002e00       _maxV3Error                101bce00     GuPCMTriangleContactGen.obj
 0003:00002e10       _maxFError                 101bce10     GuPCMTriangleContactGen.obj
 0003:00002e20       _minV4Error                101bce20     GuPersistentContactManifold.obj
 0003:00002e30       _maxV4Error                101bce30     GuPersistentContactManifold.obj
 0003:00002e40       _minFError                 101bce40     GuPersistentContactManifold.obj
 0003:00002e50       _minV3Error                101bce50     GuPersistentContactManifold.obj
 0003:00002e60       _maxV3Error                101bce60     GuPersistentContactManifold.obj
 0003:00002e70       _maxFError                 101bce70     GuPersistentContactManifold.obj
 0003:00002e80       _minV4Error                101bce80     GuBox.obj
 0003:00002e90       _maxV4Error                101bce90     GuBox.obj
 0003:00002ea0       _minFError                 101bcea0     GuBox.obj
 0003:00002eb0       _minV3Error                101bceb0     GuBox.obj
 0003:00002ec0       _maxV3Error                101bcec0     GuBox.obj
 0003:00002ed0       _maxFError                 101bced0     GuBox.obj
 0003:00002ee0       _minV4Error                101bcee0     GuCapsule.obj
 0003:00002ef0       _maxV4Error                101bcef0     GuCapsule.obj
 0003:00002f00       _minFError                 101bcf00     GuCapsule.obj
 0003:00002f10       _minV3Error                101bcf10     GuCapsule.obj
 0003:00002f20       _maxV3Error                101bcf20     GuCapsule.obj
 0003:00002f30       _maxFError                 101bcf30     GuCapsule.obj
 0003:00002f40       _minV4Error                101bcf40     GuCCTSweepTests.obj
 0003:00002f50       _maxV4Error                101bcf50     GuCCTSweepTests.obj
 0003:00002f60       _minFError                 101bcf60     GuCCTSweepTests.obj
 0003:00002f70       _minV3Error                101bcf70     GuCCTSweepTests.obj
 0003:00002f80       _maxV3Error                101bcf80     GuCCTSweepTests.obj
 0003:00002f90       _maxFError                 101bcf90     GuCCTSweepTests.obj
 0003:00002fa0       _minV4Error                101bcfa0     GuGeometryQuery.obj
 0003:00002fb0       _maxV4Error                101bcfb0     GuGeometryQuery.obj
 0003:00002fc0       _minFError                 101bcfc0     GuGeometryQuery.obj
 0003:00002fd0       _minV3Error                101bcfd0     GuGeometryQuery.obj
 0003:00002fe0       _maxV3Error                101bcfe0     GuGeometryQuery.obj
 0003:00002ff0       _maxFError                 101bcff0     GuGeometryQuery.obj
 0003:00003000       _minV4Error                101bd000     GuGeomUtilsInternal.obj
 0003:00003010       _maxV4Error                101bd010     GuGeomUtilsInternal.obj
 0003:00003020       _minFError                 101bd020     GuGeomUtilsInternal.obj
 0003:00003030       _minV3Error                101bd030     GuGeomUtilsInternal.obj
 0003:00003040       _maxV3Error                101bd040     GuGeomUtilsInternal.obj
 0003:00003050       _maxFError                 101bd050     GuGeomUtilsInternal.obj
 0003:00003060       _minV4Error                101bd060     GuMTD.obj
 0003:00003070       _maxV4Error                101bd070     GuMTD.obj
 0003:00003080       _minFError                 101bd080     GuMTD.obj
 0003:00003090       _minV3Error                101bd090     GuMTD.obj
 0003:000030a0       _maxV3Error                101bd0a0     GuMTD.obj
 0003:000030b0       _maxFError                 101bd0b0     GuMTD.obj
 0003:000030c0       _minV4Error                101bd0c0     GuOverlapTests.obj
 0003:000030d0       _maxV4Error                101bd0d0     GuOverlapTests.obj
 0003:000030e0       _minFError                 101bd0e0     GuOverlapTests.obj
 0003:000030f0       _minV3Error                101bd0f0     GuOverlapTests.obj
 0003:00003100       _maxV3Error                101bd100     GuOverlapTests.obj
 0003:00003110       _maxFError                 101bd110     GuOverlapTests.obj
 0003:00003120       _minV4Error                101bd120     GuRaycastTests.obj
 0003:00003130       _maxV4Error                101bd130     GuRaycastTests.obj
 0003:00003140       _minFError                 101bd140     GuRaycastTests.obj
 0003:00003150       _minV3Error                101bd150     GuRaycastTests.obj
 0003:00003160       _maxV3Error                101bd160     GuRaycastTests.obj
 0003:00003170       _maxFError                 101bd170     GuRaycastTests.obj
 0003:00003180       _minV4Error                101bd180     GuSweepMTD.obj
 0003:00003190       _maxV4Error                101bd190     GuSweepMTD.obj
 0003:000031a0       _minFError                 101bd1a0     GuSweepMTD.obj
 0003:000031b0       _minV3Error                101bd1b0     GuSweepMTD.obj
 0003:000031c0       _maxV3Error                101bd1c0     GuSweepMTD.obj
 0003:000031d0       _maxFError                 101bd1d0     GuSweepMTD.obj
 0003:000031e0       _minV4Error                101bd1e0     GuSweepSharedTests.obj
 0003:000031f0       _maxV4Error                101bd1f0     GuSweepSharedTests.obj
 0003:00003200       _minFError                 101bd200     GuSweepSharedTests.obj
 0003:00003210       _minV3Error                101bd210     GuSweepSharedTests.obj
 0003:00003220       _maxV3Error                101bd220     GuSweepSharedTests.obj
 0003:00003230       _maxFError                 101bd230     GuSweepSharedTests.obj
 0003:00003240       _minV4Error                101bd240     GuSweepTests.obj
 0003:00003250       _maxV4Error                101bd250     GuSweepTests.obj
 0003:00003260       _minFError                 101bd260     GuSweepTests.obj
 0003:00003270       _minV3Error                101bd270     GuSweepTests.obj
 0003:00003280       _maxV3Error                101bd280     GuSweepTests.obj
 0003:00003290       _maxFError                 101bd290     GuSweepTests.obj
 0003:000032a8       ___proc_attached           101bd2a8     MSVCRT:crtdll.obj
 0003:000032b0       _GS_ExceptionRecord        101bd2b0     MSVCRT:gs_report.obj
 0003:00003300       _GS_ContextRecord          101bd300     MSVCRT:gs_report.obj
 0003:000035cc       _DebuggerWasPresent        101bd5cc     MSVCRT:gs_report.obj
 0004:000000a0       $R000000                   101be0a0     PhysX3Common.res
 0004:000003d8       $R000338                   101be3d8     PhysX3Common.res
