 PhysX3CommonDEBUG_x86

 Timestamp is 59432fec (Thu Jun 15 18:10:04 2017)

 Preferred load address is 10000000

 Start         Length     Name                   Class
 0001:00000000 00017fa0H .text$di                CODE
 0001:00017fa0 001466e0H .text$mn                CODE
 0001:0015e680 00001012H .text$yd                CODE
 0002:00000000 00000104H .CRT$XCA                DATA
 0002:00000104 00000cfcH .CRT$XCU                DATA
 0002:00000e00 00000104H .CRT$XCZ                DATA
 0002:00000f04 00000104H .CRT$XIA                DATA
 0002:00001008 00000104H .CRT$XIZ                DATA
 0002:0000110c 00000104H .CRT$XPA                DATA
 0002:00001210 00000104H .CRT$XPZ                DATA
 0002:00001314 00000104H .CRT$XTA                DATA
 0002:00001418 00000108H .CRT$XTZ                DATA
 0002:00001520 0000bea4H .rdata                  DATA
 0002:0000d3c4 0000027cH .rdata$r                DATA
 0002:0000d640 0000010cH .rdata$sxdata           DATA
 0002:0000d74c 00000194H .rdata$zzzdbg           DATA
 0002:0000d8e0 00000104H .rtc$IAA                DATA
 0002:0000d9e4 00000384H .rtc$IMZ                DATA
 0002:0000dd68 00000104H .rtc$IZZ                DATA
 0002:0000de6c 00000104H .rtc$TAA                DATA
 0002:0000df70 00000384H .rtc$TMZ                DATA
 0002:0000e2f4 00000104H .rtc$TZZ                DATA
 0002:0000e3f8 000002b8H .xdata$x                DATA
 0002:0000e6b0 00016f4fH .edata                  DATA
 0003:00000000 000005e4H .data                   DATA
 0003:000005e4 0000040cH .data$r                 DATA
 0003:000009f0 00003e90H .bss                    DATA
 0004:00000000 00000354H .idata$5                DATA
 0004:00000354 00000050H .idata$2                DATA
 0004:000003a4 00000014H .idata$3                DATA
 0004:000003b8 00000354H .idata$4                DATA
 0004:0000070c 00000a95H .idata$6                DATA
 0005:00000000 00000173H .gfids$y                DATA
 0006:00000000 00000104H .00cfg                  DATA
 0007:00000000 000001c0H .rsrc$01                DATA
 0007:000001c0 000006a9H .rsrc$02                DATA

  Address         Publics by Value              Rva+Base       Lib:Object

 0000:00000000       ___guard_fids_count        00000000     <absolute>
 0000:00000000       ___guard_iat_table         00000000     <absolute>
 0000:00000000       ___guard_longjmp_table     00000000     <absolute>
 0000:00000000       ___guard_iat_count         00000000     <absolute>
 0000:00000000       ___guard_longjmp_count     00000000     <absolute>
 0000:00000000       ___dynamic_value_reloc_table 00000000     <absolute>
 0000:00000000       ___guard_fids_table        00000000     <absolute>
 0000:00000002       ___safe_se_handler_count   00000002     <absolute>
 0000:00000100       ___guard_flags             00000100     <absolute>
 0000:00000000       ___ImageBase               10000000     <linker-defined>
 0001:00017fa0       ?atomicExchange@shdfnd@physx@@YAHPCHH@Z 10018fa0 f   PsWindowsAtomic.obj
 0001:00017fb0       ?atomicCompareExchange@shdfnd@physx@@YAHPCHHH@Z 10018fb0 f   PsWindowsAtomic.obj
 0001:00017fd0       ?atomicCompareExchangePointer@shdfnd@physx@@YAPAXPAPCXPAX1@Z 10018fd0 f   PsWindowsAtomic.obj
 0001:00017ff0       ?atomicIncrement@shdfnd@physx@@YAHPCH@Z 10018ff0 f   PsWindowsAtomic.obj
 0001:00018010       ?atomicDecrement@shdfnd@physx@@YAHPCH@Z 10019010 f   PsWindowsAtomic.obj
 0001:00018030       ?atomicAdd@shdfnd@physx@@YAHPCHH@Z 10019030 f   PsWindowsAtomic.obj
 0001:00018060       ?atomicMax@shdfnd@physx@@YAHPCHH@Z 10019060 f   PsWindowsAtomic.obj
 0001:000180e0       __InlineInterlockedCompareExchangePointer 100190e0 f i PsWindowsAtomic.obj
 0001:00018100       ?getCpuId@Cpu@shdfnd@physx@@SAEXZ 10019100 f   PsWindowsCpu.obj
 0001:00018150       ??0FPUGuard@shdfnd@physx@@QAE@XZ 10019150 f   PsWindowsFPU.obj
 0001:000181a0       ??1FPUGuard@shdfnd@physx@@QAE@XZ 100191a0 f   PsWindowsFPU.obj
 0001:00018200       ?enableFPExceptions@shdfnd@physx@@YAXXZ 10019200 f   PsWindowsFPU.obj
 0001:00018220       ?disableFPExceptions@shdfnd@physx@@YAXXZ 10019220 f   PsWindowsFPU.obj
 0001:00018280       ??4FPUGuard@shdfnd@physx@@QAEAAV012@ABV012@@Z 10019280 f i PsWindowsFPU.obj
 0001:000182b0       ??0MemoryMappedFile@shdfnd@physx@@QAE@PBDI@Z 100192b0 f   PsWindowsMemoryMappedFile.obj
 0001:00018370       ??1MemoryMappedFile@shdfnd@physx@@QAE@XZ 10019370 f   PsWindowsMemoryMappedFile.obj
 0001:000183d0       ?getBaseAddress@MemoryMappedFile@shdfnd@physx@@QAEPAXXZ 100193d0 f   PsWindowsMemoryMappedFile.obj
 0001:00018430       ??0Allocator@shdfnd@physx@@QAE@PBD@Z 10019430 f i PsWindowsMemoryMappedFile.obj
 0001:00018450       ??0PxFoundation@physx@@QAE@ABV01@@Z 10019450 f i PsWindowsMemoryMappedFile.obj
 0001:00018470       ??0PxFoundation@physx@@QAE@XZ 10019470 f i PsWindowsMemoryMappedFile.obj
 0001:00018490       ??1PxFoundation@physx@@MAE@XZ 10019490 f i PsWindowsMemoryMappedFile.obj
 0001:000184b0       ??4Allocator@shdfnd@physx@@QAEAAV012@$$QAV012@@Z 100194b0 f i PsWindowsMemoryMappedFile.obj
 0001:000184d0       ??4Allocator@shdfnd@physx@@QAEAAV012@ABV012@@Z 100194d0 f i PsWindowsMemoryMappedFile.obj
 0001:000184f0       ??4ErrorHandler@shdfnd@physx@@QAEAAV012@ABV012@@Z 100194f0 f i PsWindowsMemoryMappedFile.obj
 0001:00018530       ??4MutexImpl@shdfnd@physx@@QAEAAV012@ABV012@@Z 10019530 f i PsWindowsMemoryMappedFile.obj
 0001:00018550       ??4PAUtils@shdfnd@physx@@QAEAAV012@ABV012@@Z 10019550 f i PsWindowsMemoryMappedFile.obj
 0001:00018570       ??4PxFoundation@physx@@QAEAAV01@ABV01@@Z 10019570 f i PsWindowsMemoryMappedFile.obj
 0001:00018590       ??_EPxFoundation@physx@@MAEPAXI@Z 10019590 f i PsWindowsMemoryMappedFile.obj
 0001:00018630       ??_FAllocator@shdfnd@physx@@QAEXXZ 10019630 f i PsWindowsMemoryMappedFile.obj
 0001:00018650       ??_FNamedAllocator@shdfnd@physx@@QAEXXZ 10019650 f i PsWindowsMemoryMappedFile.obj
 0001:00018670       ??_GPxFoundation@physx@@MAEPAXI@Z 10019670 f i PsWindowsMemoryMappedFile.obj
 0001:000186b0       ??_I@YGXPAXIIP6EX0@Z@Z     100196b0 f i PsWindowsMemoryMappedFile.obj
 0001:00018720       ?getAllocator@Foundation@shdfnd@physx@@UBEAAVPxBroadcastingAllocator@3@XZ 10019720 f i PsWindowsMemoryMappedFile.obj
 0001:00018740       ?getCallbackCount@ErrorHandler@shdfnd@physx@@QBEIXZ 10019740 f i PsWindowsMemoryMappedFile.obj
 0001:00018760       ?getCheckedAllocator@Foundation@shdfnd@physx@@QAEAAVPxAllocatorCallback@3@XZ 10019760 f i PsWindowsMemoryMappedFile.obj
 0001:00018780       ?getErrorCallback@ErrorHandler@shdfnd@physx@@QBEPAVPxErrorCallback@3@H@Z 10019780 f i PsWindowsMemoryMappedFile.obj
 0001:000187a0       ?getErrorHandler@Foundation@shdfnd@physx@@QAEAAVErrorHandler@23@XZ 100197a0 f i PsWindowsMemoryMappedFile.obj
 0001:000187c0       ?getErrorMutex@Foundation@shdfnd@physx@@QAEAAV?$MutexT@VAllocator@shdfnd@physx@@@23@XZ 100197c0 f i PsWindowsMemoryMappedFile.obj
 0001:000187e0       ?getMaxCallbackNum@ErrorHandler@shdfnd@physx@@QBEIXZ 100197e0 f i PsWindowsMemoryMappedFile.obj
 0001:00018800       ?getNamedAllocMap@Foundation@shdfnd@physx@@QAEAAV?$HashMap@PBVNamedAllocator@shdfnd@physx@@PBDU?$Hash@PBVNamedAllocator@shdfnd@physx@@@23@VNonTrackingAllocator@23@@23@XZ 10019800 f i PsWindowsMemoryMappedFile.obj
 0001:00018820       ?getNamedAllocMutex@Foundation@shdfnd@physx@@QAEAAV?$MutexT@VAllocator@shdfnd@physx@@@23@XZ 10019820 f i PsWindowsMemoryMappedFile.obj
 0001:00018840       ?getPAUtils@Foundation@shdfnd@physx@@QAEAAVPAUtils@23@XZ 10019840 f i PsWindowsMemoryMappedFile.obj
 0001:00018860       ?getReportAllocationNames@Foundation@shdfnd@physx@@UBE_NXZ 10019860 f i PsWindowsMemoryMappedFile.obj
 0001:00018880       ?getTempAllocFreeTable@Foundation@shdfnd@physx@@QAEAAV?$Array@PATTempAllocatorChunk@shdfnd@physx@@VAllocator@23@@23@XZ 10019880 f i PsWindowsMemoryMappedFile.obj
 0001:000188a0       ?getTempAllocMutex@Foundation@shdfnd@physx@@QAEAAV?$MutexT@VAllocator@shdfnd@physx@@@23@XZ 100198a0 f i PsWindowsMemoryMappedFile.obj
 0001:000188c0       ?setReportAllocationNames@Foundation@shdfnd@physx@@UAEX_N@Z 100198c0 f i PsWindowsMemoryMappedFile.obj
 0001:000188e0       ??0PsModuleUpdateLoader@shdfnd@physx@@QAE@PBD@Z 100198e0 f   PsWindowsModuleUpdateLoader.obj
 0001:00018930       ??1PsModuleUpdateLoader@shdfnd@physx@@QAE@XZ 10019930 f   PsWindowsModuleUpdateLoader.obj
 0001:00018960       ?LoadModule@PsModuleUpdateLoader@shdfnd@physx@@QAEPAUHINSTANCE__@@PBD0@Z 10019960 f   PsWindowsModuleUpdateLoader.obj
 0001:000189e0       ??4PsModuleUpdateLoader@shdfnd@physx@@QAEAAV012@ABV012@@Z 100199e0 f i PsWindowsModuleUpdateLoader.obj
 0001:00018a10       ?loadLibrary@shdfnd@physx@@YGPAUHINSTANCE__@@PBD@Z 10019a10 f i PsWindowsModuleUpdateLoader.obj
 0001:00018a30       ??0MutexImpl@shdfnd@physx@@QAE@XZ 10019a30 f   PsWindowsMutex.obj
 0001:00018a70       ??1MutexImpl@shdfnd@physx@@QAE@XZ 10019a70 f   PsWindowsMutex.obj
 0001:00018a90       ?lock@MutexImpl@shdfnd@physx@@QAEXXZ 10019a90 f   PsWindowsMutex.obj
 0001:00018ad0       ?trylock@MutexImpl@shdfnd@physx@@QAE_NXZ 10019ad0 f   PsWindowsMutex.obj
 0001:00018b30       ?unlock@MutexImpl@shdfnd@physx@@QAEXXZ 10019b30 f   PsWindowsMutex.obj
 0001:00018b90       ?getSize@MutexImpl@shdfnd@physx@@SAABIXZ 10019b90 f   PsWindowsMutex.obj
 0001:00018ba0       ??0ReadWriteLock@shdfnd@physx@@QAE@XZ 10019ba0 f   PsWindowsMutex.obj
 0001:00018c20       ??1ReadWriteLock@shdfnd@physx@@QAE@XZ 10019c20 f   PsWindowsMutex.obj
 0001:00018c50       ?lockReader@ReadWriteLock@shdfnd@physx@@QAEXXZ 10019c50 f   PsWindowsMutex.obj
 0001:00018c80       ?lockWriter@ReadWriteLock@shdfnd@physx@@QAEXXZ 10019c80 f   PsWindowsMutex.obj
 0001:00018cb0       ?unlockReader@ReadWriteLock@shdfnd@physx@@QAEXXZ 10019cb0 f   PsWindowsMutex.obj
 0001:00018cd0       ?unlockWriter@ReadWriteLock@shdfnd@physx@@QAEXXZ 10019cd0 f   PsWindowsMutex.obj
 0001:00018db0       ??0?$MutexT@V?$ReflectionAllocator@VMutexImpl@shdfnd@physx@@@shdfnd@physx@@@shdfnd@physx@@QAE@ABV?$ReflectionAllocator@VMutexImpl@shdfnd@physx@@@12@@Z 10019db0 f i PsWindowsMutex.obj
 0001:00018e30       ??0?$ReflectionAllocator@VMutexImpl@shdfnd@physx@@@shdfnd@physx@@QAE@ABV012@@Z 10019e30 f i PsWindowsMutex.obj
 0001:00018e50       ??0?$ReflectionAllocator@VMutexImpl@shdfnd@physx@@@shdfnd@physx@@QAE@PBD@Z 10019e50 f i PsWindowsMutex.obj
 0001:00018e70       ??0ReadWriteLockImpl@shdfnd@physx@@QAE@XZ 10019e70 f i PsWindowsMutex.obj
 0001:00018ea0       ??1?$MutexT@V?$ReflectionAllocator@VMutexImpl@shdfnd@physx@@@shdfnd@physx@@@shdfnd@physx@@QAE@XZ 10019ea0 f i PsWindowsMutex.obj
 0001:00018ed0       ??1ReadWriteLockImpl@shdfnd@physx@@QAE@XZ 10019ed0 f i PsWindowsMutex.obj
 0001:00018ef0       ??2@YAPAXIPAX@Z            10019ef0 f i PsWindowsMutex.obj
 0001:00018f00       ??4ThreadImpl@shdfnd@physx@@QAEAAV012@ABV012@@Z 10019f00 f i PsWindowsMutex.obj
 0001:00018f20       ??_GMutexImpl@shdfnd@physx@@QAEPAXI@Z 10019f20 f i PsWindowsMutex.obj
 0001:00018f60       ??_GReadWriteLockImpl@shdfnd@physx@@QAEPAXI@Z 10019f60 f i PsWindowsMutex.obj
 0001:00018fa0       ?__empty_global_delete@@YAXPAX@Z 10019fa0 f i PsWindowsMutex.obj
 0001:00018fb0       ?__empty_global_delete@@YAXPAXI@Z 10019fb0 f i PsWindowsMutex.obj
 0001:00018fc0       ?allocate@?$ReflectionAllocator@VMutexImpl@shdfnd@physx@@@shdfnd@physx@@QAEPAXIPBDH@Z 10019fc0 f i PsWindowsMutex.obj
 0001:00019020       ?deallocate@?$ReflectionAllocator@VMutexImpl@shdfnd@physx@@@shdfnd@physx@@QAEXPAX@Z 1001a020 f i PsWindowsMutex.obj
 0001:00019060       ?getFoundation@shdfnd@physx@@YAAAVFoundation@12@XZ 1001a060 f i PsWindowsMutex.obj
 0001:00019070       ?getId@?$ThreadT@V?$ReflectionAllocator@VThreadImpl@shdfnd@physx@@@shdfnd@physx@@@shdfnd@physx@@SAIXZ 1001a070 f i PsWindowsMutex.obj
 0001:00019080       ?getName@?$ReflectionAllocator@VMutexImpl@shdfnd@physx@@@shdfnd@physx@@CAPBDXZ 1001a080 f i PsWindowsMutex.obj
 0001:000190d0       ?lock@?$MutexT@V?$ReflectionAllocator@VMutexImpl@shdfnd@physx@@@shdfnd@physx@@@shdfnd@physx@@QBEXXZ 1001a0d0 f i PsWindowsMutex.obj
 0001:000190f0       ?name@type_info@@QBEPBDXZ  1001a0f0 f i PsWindowsMutex.obj
 0001:00019120       ?unlock@?$MutexT@V?$ReflectionAllocator@VMutexImpl@shdfnd@physx@@@shdfnd@physx@@@shdfnd@physx@@QBEXXZ 1001a120 f i PsWindowsMutex.obj
 0001:00019140       ??0PAUtils@shdfnd@physx@@QAE@XZ 1001a140 f   PsWindowsPAEventSrc.obj
 0001:00019160       ??1PAUtils@shdfnd@physx@@QAE@XZ 1001a160 f   PsWindowsPAEventSrc.obj
 0001:000191a0       ?isEnabled@PAUtils@shdfnd@physx@@QAE_NXZ 1001a1a0 f   PsWindowsPAEventSrc.obj
 0001:000191d0       ?isEventEnabled@PAUtils@shdfnd@physx@@QAE_NG@Z 1001a1d0 f   PsWindowsPAEventSrc.obj
 0001:00019200       ?registerEvent@PAUtils@shdfnd@physx@@QAEGPBD@Z 1001a200 f   PsWindowsPAEventSrc.obj
 0001:00019270       ?startEvent@PAUtils@shdfnd@physx@@QAEXGG@Z 1001a270 f   PsWindowsPAEventSrc.obj
 0001:00019300       ?stopEvent@PAUtils@shdfnd@physx@@QAEXGG@Z 1001a300 f   PsWindowsPAEventSrc.obj
 0001:00019390       ?statEvent@PAUtils@shdfnd@physx@@QAEXGI@Z 1001a390 f   PsWindowsPAEventSrc.obj
 0001:000193d0       ?statEvent@PAUtils@shdfnd@physx@@QAEXGII@Z 1001a3d0 f   PsWindowsPAEventSrc.obj
 0001:00019400       ?debugEvent@PAUtils@shdfnd@physx@@QAEXGII@Z 1001a400 f   PsWindowsPAEventSrc.obj
 0001:00019430       ?rawEvent@PAUtils@shdfnd@physx@@QAEXGIIE@Z 1001a430 f   PsWindowsPAEventSrc.obj
 0001:00019470       ?rawEventWithTimestamp@PAUtils@shdfnd@physx@@QAE_NG_KIIE@Z 1001a470 f   PsWindowsPAEventSrc.obj
 0001:000194b0       ?lock@PAUtils@shdfnd@physx@@QAE_NXZ 1001a4b0 f   PsWindowsPAEventSrc.obj
 0001:00019520       ?unlock@PAUtils@shdfnd@physx@@QAE_NXZ 1001a520 f   PsWindowsPAEventSrc.obj
 0001:00019550       ??0ConnImpl@shdfnd@physx@@QAE@XZ 1001a550 f   PsWindowsPAEventSrc.obj
 0001:000197a0       ??1ConnImpl@shdfnd@physx@@QAE@XZ 1001a7a0 f   PsWindowsPAEventSrc.obj
 0001:000199b0       ??$?2V?$ReflectionAllocator@VConnImpl@shdfnd@physx@@@shdfnd@physx@@@UserAllocated@shdfnd@physx@@SAPAXIV?$ReflectionAllocator@VConnImpl@shdfnd@physx@@@12@PBDH@Z 1001a9b0 f i PsWindowsPAEventSrc.obj
 0001:000199d0       ??0?$ReflectionAllocator@VConnImpl@shdfnd@physx@@@shdfnd@physx@@QAE@PBD@Z 1001a9d0 f i PsWindowsPAEventSrc.obj
 0001:000199f0       ??3UserAllocated@shdfnd@physx@@SAXPAX@Z 1001a9f0 f i PsWindowsPAEventSrc.obj
 0001:00019a20       ??_GConnImpl@shdfnd@physx@@QAEPAXI@Z 1001aa20 f i PsWindowsPAEventSrc.obj
 0001:00019a80       ?GetProcID@ConnImpl@shdfnd@physx@@QAEEXZ 1001aa80 f i PsWindowsPAEventSrc.obj
 0001:00019ab0       ?GetThreadPriority@ConnImpl@shdfnd@physx@@QAEIXZ 1001aab0 f i PsWindowsPAEventSrc.obj
 0001:00019b10       ?allocate@?$ReflectionAllocator@VConnImpl@shdfnd@physx@@@shdfnd@physx@@QAEPAXIPBDH@Z 1001ab10 f i PsWindowsPAEventSrc.obj
 0001:00019b70       ?eventEnabled@ConnImpl@shdfnd@physx@@QAE_NG@Z 1001ab70 f i PsWindowsPAEventSrc.obj
 0001:00019bb0       ?eventLoggingEnabled@ConnImpl@shdfnd@physx@@QAE_NXZ 1001abb0 f i PsWindowsPAEventSrc.obj
 0001:00019bf0       ?getName@?$ReflectionAllocator@VConnImpl@shdfnd@physx@@@shdfnd@physx@@CAPBDXZ 1001abf0 f i PsWindowsPAEventSrc.obj
 0001:00019c40       ?registerEvent@ConnImpl@shdfnd@physx@@QAEGPBD@Z 1001ac40 f i PsWindowsPAEventSrc.obj
 0001:00019c80       ?submitEvent@ConnImpl@shdfnd@physx@@QAE_NGIIE@Z 1001ac80 f i PsWindowsPAEventSrc.obj
 0001:00019cd0       ?printFormatted@shdfnd@physx@@YAXPBDZZ 1001acd0 f   PsWindowsPrintString.obj
 0001:00019d20       ?printString@shdfnd@physx@@YAXPBD@Z 1001ad20 f   PsWindowsPrintString.obj
 0001:00019d70       ??$__vcrt_va_start_verify_argument_type@PBD@@YAXXZ 1001ad70 f i PsWindowsPrintString.obj
 0001:00019d80       ___local_stdio_printf_options 1001ad80 f i PsWindowsPrintString.obj
 0001:00019d90       __vsprintf_s_l             1001ad90 f i PsWindowsPrintString.obj
 0001:00019e00       _vsprintf_s                1001ae00 f i PsWindowsPrintString.obj
 0001:00019e30       ??0SListImpl@shdfnd@physx@@QAE@XZ 1001ae30 f   PsWindowsSList.obj
 0001:00019e60       ??1SListImpl@shdfnd@physx@@QAE@XZ 1001ae60 f   PsWindowsSList.obj
 0001:00019e70       ?push@SListImpl@shdfnd@physx@@QAEXPAVSListEntry@23@@Z 1001ae70 f   PsWindowsSList.obj
 0001:00019ea0       ?pop@SListImpl@shdfnd@physx@@QAEPAVSListEntry@23@XZ 1001aea0 f   PsWindowsSList.obj
 0001:00019ec0       ?flush@SListImpl@shdfnd@physx@@QAEPAVSListEntry@23@XZ 1001aec0 f   PsWindowsSList.obj
 0001:00019ee0       ?getSize@SListImpl@shdfnd@physx@@SAABIXZ 1001aee0 f   PsWindowsSList.obj
 0001:00019f30       ??4SListImpl@shdfnd@physx@@QAEAAU012@ABU012@@Z 1001af30 f i PsWindowsSList.obj
 0001:00019f50       ??0Socket@shdfnd@physx@@QAE@_N@Z 1001af50 f   PsWindowsSocket.obj
 0001:0001a040       ??1Socket@shdfnd@physx@@UAE@XZ 1001b040 f   PsWindowsSocket.obj
 0001:0001a0a0       ?connect@Socket@shdfnd@physx@@QAE_NPBDGI@Z 1001b0a0 f   PsWindowsSocket.obj
 0001:0001a0d0       ?listen@Socket@shdfnd@physx@@QAE_NGPAVConnection@123@@Z 1001b0d0 f   PsWindowsSocket.obj
 0001:0001a100       ?disconnect@Socket@shdfnd@physx@@QAEXXZ 1001b100 f   PsWindowsSocket.obj
 0001:0001a120       ?isConnected@Socket@shdfnd@physx@@QBE_NXZ 1001b120 f   PsWindowsSocket.obj
 0001:0001a140       ?getHost@Socket@shdfnd@physx@@QBEPBDXZ 1001b140 f   PsWindowsSocket.obj
 0001:0001a160       ?getPort@Socket@shdfnd@physx@@QBEGXZ 1001b160 f   PsWindowsSocket.obj
 0001:0001a180       ?flush@Socket@shdfnd@physx@@QAE_NXZ 1001b180 f   PsWindowsSocket.obj
 0001:0001a1c0       ?write@Socket@shdfnd@physx@@QAEIPBEI@Z 1001b1c0 f   PsWindowsSocket.obj
 0001:0001a200       ?read@Socket@shdfnd@physx@@QAEIPAEI@Z 1001b200 f   PsWindowsSocket.obj
 0001:0001a240       ?setBlocking@Socket@shdfnd@physx@@QAEX_N@Z 1001b240 f   PsWindowsSocket.obj
 0001:0001a280       ?isBlocking@Socket@shdfnd@physx@@QBE_NXZ 1001b280 f   PsWindowsSocket.obj
 0001:0001a2b0       ??0SocketImpl@shdfnd@physx@@QAE@XZ 1001b2b0 f   PsWindowsSocket.obj
 0001:0001a370       ??1SocketImpl@shdfnd@physx@@UAE@XZ 1001b370 f   PsWindowsSocket.obj
 0001:0001a3a0       ?connect@SocketImpl@shdfnd@physx@@QAE_NPBDGI@Z 1001b3a0 f   PsWindowsSocket.obj
 0001:0001a640       ?listen@SocketImpl@shdfnd@physx@@QAE_NGPAVConnection@Socket@23@@Z 1001b640 f   PsWindowsSocket.obj
 0001:0001a710       ?disconnect@SocketImpl@shdfnd@physx@@QAEXXZ 1001b710 f   PsWindowsSocket.obj
 0001:0001a7a0       ?setBlocking@SocketImpl@shdfnd@physx@@QAEX_N@Z 1001b7a0 f   PsWindowsSocket.obj
 0001:0001a800       ?write@SocketImpl@shdfnd@physx@@UAEIPBEI@Z 1001b800 f   PsWindowsSocket.obj
 0001:0001a860       ?flush@SocketImpl@shdfnd@physx@@UAE_NXZ 1001b860 f   PsWindowsSocket.obj
 0001:0001a870       ?read@SocketImpl@shdfnd@physx@@QAEIPAEI@Z 1001b870 f   PsWindowsSocket.obj
 0001:0001a930       ?execute@SocketImpl@shdfnd@physx@@UAEXXZ 1001b930 f   PsWindowsSocket.obj
 0001:0001a9a0       ??0BufferedSocketImpl@shdfnd@physx@@QAE@XZ 1001b9a0 f   PsWindowsSocket.obj
 0001:0001a9d0       ?flush@BufferedSocketImpl@shdfnd@physx@@UAE_NXZ 1001b9d0 f   PsWindowsSocket.obj
 0001:0001aa60       ?write@BufferedSocketImpl@shdfnd@physx@@UAEIPBEI@Z 1001ba60 f   PsWindowsSocket.obj
 0001:0001ae70       ??0?$ReflectionAllocator@VThreadImpl@shdfnd@physx@@@shdfnd@physx@@QAE@ABV012@@Z 1001be70 f i PsWindowsSocket.obj
 0001:0001ae90       ??0?$ReflectionAllocator@VThreadImpl@shdfnd@physx@@@shdfnd@physx@@QAE@PBD@Z 1001be90 f i PsWindowsSocket.obj
 0001:0001aeb0       ??0?$ThreadT@V?$ReflectionAllocator@VThreadImpl@shdfnd@physx@@@shdfnd@physx@@@shdfnd@physx@@QAE@ABV?$ReflectionAllocator@VThreadImpl@shdfnd@physx@@@12@@Z 1001beb0 f i PsWindowsSocket.obj
 0001:0001af60       ??0Runnable@shdfnd@physx@@QAE@XZ 1001bf60 f i PsWindowsSocket.obj
 0001:0001af80       ??0Socket@shdfnd@physx@@QAE@ABV012@@Z 1001bf80 f i PsWindowsSocket.obj
 0001:0001afd0       ??1?$ThreadT@V?$ReflectionAllocator@VThreadImpl@shdfnd@physx@@@shdfnd@physx@@@shdfnd@physx@@UAE@XZ 1001bfd0 f i PsWindowsSocket.obj
 0001:0001b020       ??1BufferedSocketImpl@shdfnd@physx@@UAE@XZ 1001c020 f i PsWindowsSocket.obj
 0001:0001b050       ??1Runnable@shdfnd@physx@@UAE@XZ 1001c050 f i PsWindowsSocket.obj
 0001:0001b070       ??2UserAllocated@shdfnd@physx@@SAPAXIPAX@Z 1001c070 f i PsWindowsSocket.obj
 0001:0001b080       ??4Socket@shdfnd@physx@@QAEAAV012@ABV012@@Z 1001c080 f i PsWindowsSocket.obj
 0001:0001b0b0       ??_ESocket@shdfnd@physx@@UAEPAXI@Z 1001c0b0 f i PsWindowsSocket.obj
 0001:0001b190       ??_FSocket@shdfnd@physx@@QAEXXZ 1001c190 f i PsWindowsSocket.obj
 0001:0001b1b0       ??_G?$ThreadT@V?$ReflectionAllocator@VThreadImpl@shdfnd@physx@@@shdfnd@physx@@@shdfnd@physx@@UAEPAXI@Z 1001c1b0 f i PsWindowsSocket.obj
 0001:0001b1b0       ??_E?$ThreadT@V?$ReflectionAllocator@VThreadImpl@shdfnd@physx@@@shdfnd@physx@@@shdfnd@physx@@UAEPAXI@Z 1001c1b0 f i PsWindowsSocket.obj
 0001:0001b210       ??_GBufferedSocketImpl@shdfnd@physx@@UAEPAXI@Z 1001c210 f i PsWindowsSocket.obj
 0001:0001b210       ??_EBufferedSocketImpl@shdfnd@physx@@UAEPAXI@Z 1001c210 f i PsWindowsSocket.obj
 0001:0001b270       ??_GRunnable@shdfnd@physx@@UAEPAXI@Z 1001c270 f i PsWindowsSocket.obj
 0001:0001b270       ??_ERunnable@shdfnd@physx@@UAEPAXI@Z 1001c270 f i PsWindowsSocket.obj
 0001:0001b2b0       ??_GSocket@shdfnd@physx@@UAEPAXI@Z 1001c2b0 f i PsWindowsSocket.obj
 0001:0001b310       ??_ESocketImpl@shdfnd@physx@@UAEPAXI@Z 1001c310 f i PsWindowsSocket.obj
 0001:0001b310       ??_GSocketImpl@shdfnd@physx@@UAEPAXI@Z 1001c310 f i PsWindowsSocket.obj
 0001:0001b370       ??_GThreadImpl@shdfnd@physx@@QAEPAXI@Z 1001c370 f i PsWindowsSocket.obj
 0001:0001b3b0       ??_VUserAllocated@shdfnd@physx@@SAXPAX@Z 1001c3b0 f i PsWindowsSocket.obj
 0001:0001b3e0       ?PxMemCopy@physx@@YAPAXPIAXPIBXI@Z 1001c3e0 f i PsWindowsSocket.obj
 0001:0001b400       ?PxMemSet@physx@@YAPAXPIAXHI@Z 1001c400 f i PsWindowsSocket.obj
 0001:0001b420       ?__global_array_delete@@YAXPAX@Z 1001c420 f i PsWindowsSocket.obj
 0001:0001b440       ?__global_array_delete@@YAXPAXI@Z 1001c440 f i PsWindowsSocket.obj
 0001:0001b460       ?__global_delete@@YAXPAX@Z 1001c460 f i PsWindowsSocket.obj
 0001:0001b480       ?__global_delete@@YAXPAXI@Z 1001c480 f i PsWindowsSocket.obj
 0001:0001b4a0       ?allocate@?$ReflectionAllocator@VThreadImpl@shdfnd@physx@@@shdfnd@physx@@QAEPAXIPBDH@Z 1001c4a0 f i PsWindowsSocket.obj
 0001:0001b500       ?deallocate@?$ReflectionAllocator@VThreadImpl@shdfnd@physx@@@shdfnd@physx@@QAEXPAX@Z 1001c500 f i PsWindowsSocket.obj
 0001:0001b540       ?execute@?$ThreadT@V?$ReflectionAllocator@VThreadImpl@shdfnd@physx@@@shdfnd@physx@@@shdfnd@physx@@UAEXXZ 1001c540 f i PsWindowsSocket.obj
 0001:0001b550       ?execute@Runnable@shdfnd@physx@@UAEXXZ 1001c550 f i PsWindowsSocket.obj
 0001:0001b560       ?getDefaultStackSize@?$ThreadT@V?$ReflectionAllocator@VThreadImpl@shdfnd@physx@@@shdfnd@physx@@@shdfnd@physx@@SAIXZ 1001c560 f i PsWindowsSocket.obj
 0001:0001b570       ?getHost@SocketImpl@shdfnd@physx@@QBEPBDXZ 1001c570 f i PsWindowsSocket.obj
 0001:0001b590       ?getName@?$ReflectionAllocator@VThreadImpl@shdfnd@physx@@@shdfnd@physx@@CAPBDXZ 1001c590 f i PsWindowsSocket.obj
 0001:0001b5e0       ?getPort@SocketImpl@shdfnd@physx@@QBEGXZ 1001c5e0 f i PsWindowsSocket.obj
 0001:0001b600       ?isBlocking@SocketImpl@shdfnd@physx@@QBE_NXZ 1001c600 f i PsWindowsSocket.obj
 0001:0001b620       ?isConnected@SocketImpl@shdfnd@physx@@QBE_NXZ 1001c620 f i PsWindowsSocket.obj
 0001:0001b640       ?memCopy@intrinsics@physx@@YAPAXPIAXPIBXI@Z 1001c640 f i PsWindowsSocket.obj
 0001:0001b660       ?memSet@intrinsics@physx@@YAPAXPIAXHI@Z 1001c660 f i PsWindowsSocket.obj
 0001:0001b680       ?quit@?$ThreadT@V?$ReflectionAllocator@VThreadImpl@shdfnd@physx@@@shdfnd@physx@@@shdfnd@physx@@QAEXXZ 1001c680 f i PsWindowsSocket.obj
 0001:0001b6a0       ?quitIsSignalled@?$ThreadT@V?$ReflectionAllocator@VThreadImpl@shdfnd@physx@@@shdfnd@physx@@@shdfnd@physx@@QAE_NXZ 1001c6a0 f i PsWindowsSocket.obj
 0001:0001b6c0       ?signalQuit@?$ThreadT@V?$ReflectionAllocator@VThreadImpl@shdfnd@physx@@@shdfnd@physx@@@shdfnd@physx@@QAEXXZ 1001c6c0 f i PsWindowsSocket.obj
 0001:0001b6e0       ?sleep@?$ThreadT@V?$ReflectionAllocator@VThreadImpl@shdfnd@physx@@@shdfnd@physx@@@shdfnd@physx@@SAXI@Z 1001c6e0 f i PsWindowsSocket.obj
 0001:0001b700       ?start@?$ThreadT@V?$ReflectionAllocator@VThreadImpl@shdfnd@physx@@@shdfnd@physx@@@shdfnd@physx@@QAEXI@Z 1001c700 f i PsWindowsSocket.obj
 0001:0001b730       ?waitForQuit@?$ThreadT@V?$ReflectionAllocator@VThreadImpl@shdfnd@physx@@@shdfnd@physx@@@shdfnd@physx@@QAE_NXZ 1001c730 f i PsWindowsSocket.obj
 0001:0001b750       ??0SyncImpl@shdfnd@physx@@QAE@XZ 1001c750 f   PsWindowsSync.obj
 0001:0001b780       ??1SyncImpl@shdfnd@physx@@QAE@XZ 1001c780 f   PsWindowsSync.obj
 0001:0001b7a0       ?wait@SyncImpl@shdfnd@physx@@QAE_NI@Z 1001c7a0 f   PsWindowsSync.obj
 0001:0001b7f0       ?set@SyncImpl@shdfnd@physx@@QAEXXZ 1001c7f0 f   PsWindowsSync.obj
 0001:0001b810       ?reset@SyncImpl@shdfnd@physx@@QAEXXZ 1001c810 f   PsWindowsSync.obj
 0001:0001b830       ?getSize@SyncImpl@shdfnd@physx@@SAABIXZ 1001c830 f   PsWindowsSync.obj
 0001:0001b890       ??4SyncImpl@shdfnd@physx@@QAEAAV012@ABV012@@Z 1001c890 f i PsWindowsSync.obj
 0001:0001b8b0       ?getDefaultStackSize@ThreadImpl@shdfnd@physx@@SAIXZ 1001c8b0 f   PsWindowsThread.obj
 0001:0001b8c0       ?getId@ThreadImpl@shdfnd@physx@@SAIXZ 1001c8c0 f   PsWindowsThread.obj
 0001:0001b8d0       ??0ThreadImpl@shdfnd@physx@@QAE@XZ 1001c8d0 f   PsWindowsThread.obj
 0001:0001b950       ??0ThreadImpl@shdfnd@physx@@QAE@P6APAXPAX@Z0@Z 1001c950 f   PsWindowsThread.obj
 0001:0001b9e0       ??1ThreadImpl@shdfnd@physx@@QAE@XZ 1001c9e0 f   PsWindowsThread.obj
 0001:0001ba20       ?start@ThreadImpl@shdfnd@physx@@QAEXIPAVRunnable@23@@Z 1001ca20 f   PsWindowsThread.obj
 0001:0001bb10       ?kill@ThreadImpl@shdfnd@physx@@QAEXXZ 1001cb10 f   PsWindowsThread.obj
 0001:0001bb60       ?signalQuit@ThreadImpl@shdfnd@physx@@QAEXXZ 1001cb60 f   PsWindowsThread.obj
 0001:0001bb80       ?waitForQuit@ThreadImpl@shdfnd@physx@@QAE_NXZ 1001cb80 f   PsWindowsThread.obj
 0001:0001bbc0       ?quitIsSignalled@ThreadImpl@shdfnd@physx@@QAE_NXZ 1001cbc0 f   PsWindowsThread.obj
 0001:0001bc00       ?quit@ThreadImpl@shdfnd@physx@@QAEXXZ 1001cc00 f   PsWindowsThread.obj
 0001:0001bc30       ?setAffinityMask@ThreadImpl@shdfnd@physx@@QAEII@Z 1001cc30 f   PsWindowsThread.obj
 0001:0001bc90       ?getPriority@ThreadImpl@shdfnd@physx@@SA?AW4Enum@ThreadPriority@23@I@Z 1001cc90 f   PsWindowsThread.obj
 0001:0001bcf0       ?setPriority@ThreadImpl@shdfnd@physx@@QAEXW4Enum@ThreadPriority@23@@Z 1001ccf0 f   PsWindowsThread.obj
 0001:0001bdb0       ?setName@ThreadImpl@shdfnd@physx@@QAEXPBD@Z 1001cdb0 f   PsWindowsThread.obj
 0001:0001be50       ?sleep@ThreadImpl@shdfnd@physx@@SAXI@Z 1001ce50 f   PsWindowsThread.obj
 0001:0001be60       ?yield@ThreadImpl@shdfnd@physx@@SAXXZ 1001ce60 f   PsWindowsThread.obj
 0001:0001be70       ?getNbPhysicalCores@ThreadImpl@shdfnd@physx@@SAIXZ 1001ce70 f   PsWindowsThread.obj
 0001:0001bff0       ?getSize@ThreadImpl@shdfnd@physx@@SAABIXZ 1001cff0 f   PsWindowsThread.obj
 0001:0001c000       ?TlsAlloc@shdfnd@physx@@YAIXZ 1001d000 f   PsWindowsThread.obj
 0001:0001c060       ?TlsFree@shdfnd@physx@@YAXI@Z 1001d060 f   PsWindowsThread.obj
 0001:0001c070       ?TlsGet@shdfnd@physx@@YAPAXI@Z 1001d070 f   PsWindowsThread.obj
 0001:0001c080       ?TlsSet@shdfnd@physx@@YAIIPAX@Z 1001d080 f   PsWindowsThread.obj
 0001:0001c320       ??$PX_UNUSED@K@@YAXABK@Z   1001d320 f i PsWindowsThread.obj
 0001:0001c330       ?getBootCounterFrequency@Time@shdfnd@physx@@SAABUCounterFrequencyToTensOfNanos@23@XZ 1001d330 f   PsWindowsTime.obj
 0001:0001c340       ?getCounterFrequency@Time@shdfnd@physx@@SA?AUCounterFrequencyToTensOfNanos@23@XZ 1001d340 f   PsWindowsTime.obj
 0001:0001c370       ?getCurrentCounterValue@Time@shdfnd@physx@@SA_KXZ 1001d370 f   PsWindowsTime.obj
 0001:0001c390       ??0Time@shdfnd@physx@@QAE@XZ 1001d390 f   PsWindowsTime.obj
 0001:0001c3c0       ?getElapsedSeconds@Time@shdfnd@physx@@QAENXZ 1001d3c0 f   PsWindowsTime.obj
 0001:0001c410       ?peekElapsedSeconds@Time@shdfnd@physx@@QAENXZ 1001d410 f   PsWindowsTime.obj
 0001:0001c450       ?getLastTime@Time@shdfnd@physx@@QBENXZ 1001d450 f   PsWindowsTime.obj
 0001:0001c540       ??0CounterFrequencyToTensOfNanos@shdfnd@physx@@QAE@_K0@Z 1001d540 f i PsWindowsTime.obj
 0001:0001c580       ??4Time@shdfnd@physx@@QAEAAV012@$$QAV012@@Z 1001d580 f i PsWindowsTime.obj
 0001:0001c5b0       ??4Time@shdfnd@physx@@QAEAAV012@ABV012@@Z 1001d5b0 f i PsWindowsTime.obj
 0001:0001c5e0       ?getCurrentTimeInTensOfNanoSeconds@Time@shdfnd@physx@@SA_KXZ 1001d5e0 f i PsWindowsTime.obj
 0001:0001c620       ?toTensOfNanos@CounterFrequencyToTensOfNanos@shdfnd@physx@@QBE_K_K@Z 1001d620 f i PsWindowsTime.obj
 0001:0001c670       ?allocate@Allocator@shdfnd@physx@@QAEPAXIPBDH@Z 1001d670 f   PsAllocator.obj
 0001:0001c6b0       ?deallocate@Allocator@shdfnd@physx@@QAEXPAX@Z 1001d6b0 f   PsAllocator.obj
 0001:0001c6e0       ??0NamedAllocator@shdfnd@physx@@QAE@ABW4PxEMPTY@2@@Z 1001d6e0 f   PsAllocator.obj
 0001:0001c720       ??0NamedAllocator@shdfnd@physx@@QAE@PBD@Z 1001d720 f   PsAllocator.obj
 0001:0001c760       ??0NamedAllocator@shdfnd@physx@@QAE@ABV012@@Z 1001d760 f   PsAllocator.obj
 0001:0001c800       ??1NamedAllocator@shdfnd@physx@@QAE@XZ 1001d800 f   PsAllocator.obj
 0001:0001c890       ??4NamedAllocator@shdfnd@physx@@QAEAAV012@ABV012@@Z 1001d890 f   PsAllocator.obj
 0001:0001c930       ?allocate@NamedAllocator@shdfnd@physx@@QAEPAXIPBDH@Z 1001d930 f   PsAllocator.obj
 0001:0001c9e0       ?deallocate@NamedAllocator@shdfnd@physx@@QAEXPAX@Z 1001d9e0 f   PsAllocator.obj
 0001:0001cb00       ??$PX_UNUSED@_N@@YAXAB_N@Z 1001db00 f i PsAllocator.obj
 0001:0001cb10       ??0?$Pair@QBVNamedAllocator@shdfnd@physx@@PBD@shdfnd@physx@@QAE@ABQBVNamedAllocator@12@ABQBD@Z 1001db10 f i PsAllocator.obj
 0001:0001cb40       ??0?$Pair@QBVNamedAllocator@shdfnd@physx@@PBD@shdfnd@physx@@QAE@ABV012@@Z 1001db40 f i PsAllocator.obj
 0001:0001cb70       ??0ScopedLock@?$MutexT@VAllocator@shdfnd@physx@@@shdfnd@physx@@QAE@AAV123@@Z 1001db70 f i PsAllocator.obj
 0001:0001cba0       ??1ScopedLock@?$MutexT@VAllocator@shdfnd@physx@@@shdfnd@physx@@QAE@XZ 1001dba0 f i PsAllocator.obj
 0001:0001cbc0       ??A?$HashMapBase@PBVNamedAllocator@shdfnd@physx@@PBDU?$Hash@PBVNamedAllocator@shdfnd@physx@@@23@VNonTrackingAllocator@23@@internal@shdfnd@physx@@QAEAAPBDABQBVNamedAllocator@23@@Z 1001dbc0 f i PsAllocator.obj
 0001:0001cc50       ??R?$Hash@PBVNamedAllocator@shdfnd@physx@@@shdfnd@physx@@QBEIABQBVNamedAllocator@12@@Z 1001dc50 f i PsAllocator.obj
 0001:0001cc80       ??R?$Hash@PBVNamedAllocator@shdfnd@physx@@@shdfnd@physx@@QBE_NABQBVNamedAllocator@12@0@Z 1001dc80 f i PsAllocator.obj
 0001:0001ccc0       ??RGetKey@?$HashMapBase@PBVNamedAllocator@shdfnd@physx@@PBDU?$Hash@PBVNamedAllocator@shdfnd@physx@@@23@VNonTrackingAllocator@23@@internal@shdfnd@physx@@QAEABQBVNamedAllocator@34@ABV?$Pair@QBVNamedAllocator@shdfnd@physx@@PBD@34@@Z 1001dcc0 f i PsAllocator.obj
 0001:0001cce0       ?allocate@NonTrackingAllocator@shdfnd@physx@@QAEPAXIPBDH@Z 1001dce0 f i PsAllocator.obj
 0001:0001cd40       ?create@?$HashBase@V?$Pair@QBVNamedAllocator@shdfnd@physx@@PBD@shdfnd@physx@@PBVNamedAllocator@23@U?$Hash@PBVNamedAllocator@shdfnd@physx@@@23@UGetKey@?$HashMapBase@PBVNamedAllocator@shdfnd@physx@@PBDU?$Hash@PBVNamedAllocator@shdfnd@physx@@@23@VNonTrackingAllocator@23@@internal@23@VNonTrackingAllocator@23@$00@internal@shdfnd@physx@@QAEPAV?$Pair@QBVNamedAllocator@shdfnd@physx@@PBD@34@ABQBVNamedAllocator@34@AA_N@Z 1001dd40 f i PsAllocator.obj
 0001:0001cee0       ?deallocate@NonTrackingAllocator@shdfnd@physx@@QAEXPAX@Z 1001dee0 f i PsAllocator.obj
 0001:0001cf30       ?erase@?$HashBase@V?$Pair@QBVNamedAllocator@shdfnd@physx@@PBD@shdfnd@physx@@PBVNamedAllocator@23@U?$Hash@PBVNamedAllocator@shdfnd@physx@@@23@UGetKey@?$HashMapBase@PBVNamedAllocator@shdfnd@physx@@PBDU?$Hash@PBVNamedAllocator@shdfnd@physx@@@23@VNonTrackingAllocator@23@@internal@23@VNonTrackingAllocator@23@$00@internal@shdfnd@physx@@QAE_NABQBVNamedAllocator@34@@Z 1001df30 f i PsAllocator.obj
 0001:0001d070       ?erase@?$HashMapBase@PBVNamedAllocator@shdfnd@physx@@PBDU?$Hash@PBVNamedAllocator@shdfnd@physx@@@23@VNonTrackingAllocator@23@@internal@shdfnd@physx@@QAE_NABQBVNamedAllocator@34@@Z 1001e070 f i PsAllocator.obj
 0001:0001d090       ?find@?$HashBase@V?$Pair@QBVNamedAllocator@shdfnd@physx@@PBD@shdfnd@physx@@PBVNamedAllocator@23@U?$Hash@PBVNamedAllocator@shdfnd@physx@@@23@UGetKey@?$HashMapBase@PBVNamedAllocator@shdfnd@physx@@PBDU?$Hash@PBVNamedAllocator@shdfnd@physx@@@23@VNonTrackingAllocator@23@@internal@23@VNonTrackingAllocator@23@$00@internal@shdfnd@physx@@QBEPBV?$Pair@QBVNamedAllocator@shdfnd@physx@@PBD@34@ABQBVNamedAllocator@34@@Z 1001e090 f i PsAllocator.obj
 0001:0001d160       ?find@?$HashMapBase@PBVNamedAllocator@shdfnd@physx@@PBDU?$Hash@PBVNamedAllocator@shdfnd@physx@@@23@VNonTrackingAllocator@23@@internal@shdfnd@physx@@QBEPBV?$Pair@QBVNamedAllocator@shdfnd@physx@@PBD@34@ABQBVNamedAllocator@34@@Z 1001e160 f i PsAllocator.obj
 0001:0001d180       ?freeListAdd@?$HashBase@V?$Pair@QBVNamedAllocator@shdfnd@physx@@PBD@shdfnd@physx@@PBVNamedAllocator@23@U?$Hash@PBVNamedAllocator@shdfnd@physx@@@23@UGetKey@?$HashMapBase@PBVNamedAllocator@shdfnd@physx@@PBDU?$Hash@PBVNamedAllocator@shdfnd@physx@@@23@VNonTrackingAllocator@23@@internal@23@VNonTrackingAllocator@23@$00@internal@shdfnd@physx@@AAEXI@Z 1001e180 f i PsAllocator.obj
 0001:0001d230       ?freeListAdd@?$HashBase@V?$Pair@QBVNamedAllocator@shdfnd@physx@@PBD@shdfnd@physx@@PBVNamedAllocator@23@U?$Hash@PBVNamedAllocator@shdfnd@physx@@@23@UGetKey@?$HashMapBase@PBVNamedAllocator@shdfnd@physx@@PBDU?$Hash@PBVNamedAllocator@shdfnd@physx@@@23@VNonTrackingAllocator@23@@internal@23@VNonTrackingAllocator@23@$00@internal@shdfnd@physx@@AAEXII@Z 1001e230 f i PsAllocator.obj
 0001:0001d320       ?freeListEmpty@?$HashBase@V?$Pair@QBVNamedAllocator@shdfnd@physx@@PBD@shdfnd@physx@@PBVNamedAllocator@23@U?$Hash@PBVNamedAllocator@shdfnd@physx@@@23@UGetKey@?$HashMapBase@PBVNamedAllocator@shdfnd@physx@@PBDU?$Hash@PBVNamedAllocator@shdfnd@physx@@@23@VNonTrackingAllocator@23@@internal@23@VNonTrackingAllocator@23@$00@internal@shdfnd@physx@@ABE_NXZ 1001e320 f i PsAllocator.obj
 0001:0001d390       ?freeListGetNext@?$HashBase@V?$Pair@QBVNamedAllocator@shdfnd@physx@@PBD@shdfnd@physx@@PBVNamedAllocator@23@U?$Hash@PBVNamedAllocator@shdfnd@physx@@@23@UGetKey@?$HashMapBase@PBVNamedAllocator@shdfnd@physx@@PBDU?$Hash@PBVNamedAllocator@shdfnd@physx@@@23@VNonTrackingAllocator@23@@internal@23@VNonTrackingAllocator@23@$00@internal@shdfnd@physx@@AAEIXZ 1001e390 f i PsAllocator.obj
 0001:0001d4f0       ?grow@?$HashBase@V?$Pair@QBVNamedAllocator@shdfnd@physx@@PBD@shdfnd@physx@@PBVNamedAllocator@23@U?$Hash@PBVNamedAllocator@shdfnd@physx@@@23@UGetKey@?$HashMapBase@PBVNamedAllocator@shdfnd@physx@@PBDU?$Hash@PBVNamedAllocator@shdfnd@physx@@@23@VNonTrackingAllocator@23@@internal@23@VNonTrackingAllocator@23@$00@internal@shdfnd@physx@@AAEXXZ 1001e4f0 f i PsAllocator.obj
 0001:0001d5b0       ?hash@?$HashBase@V?$Pair@QBVNamedAllocator@shdfnd@physx@@PBD@shdfnd@physx@@PBVNamedAllocator@23@U?$Hash@PBVNamedAllocator@shdfnd@physx@@@23@UGetKey@?$HashMapBase@PBVNamedAllocator@shdfnd@physx@@PBDU?$Hash@PBVNamedAllocator@shdfnd@physx@@@23@VNonTrackingAllocator@23@@internal@23@VNonTrackingAllocator@23@$00@internal@shdfnd@physx@@ABEIABQBVNamedAllocator@34@@Z 1001e5b0 f i PsAllocator.obj
 0001:0001d5e0       ?hash@?$HashBase@V?$Pair@QBVNamedAllocator@shdfnd@physx@@PBD@shdfnd@physx@@PBVNamedAllocator@23@U?$Hash@PBVNamedAllocator@shdfnd@physx@@@23@UGetKey@?$HashMapBase@PBVNamedAllocator@shdfnd@physx@@PBDU?$Hash@PBVNamedAllocator@shdfnd@physx@@@23@VNonTrackingAllocator@23@@internal@23@VNonTrackingAllocator@23@$00@internal@shdfnd@physx@@ABEIABQBVNamedAllocator@34@I@Z 1001e5e0 f i PsAllocator.obj
 0001:0001d610       ?hash@shdfnd@physx@@YAII@Z 1001e610 f i PsAllocator.obj
 0001:0001d690       ?hash@shdfnd@physx@@YAIPBX@Z 1001e690 f i PsAllocator.obj
 0001:0001d6b0       ?insert@?$HashMapBase@PBVNamedAllocator@shdfnd@physx@@PBDU?$Hash@PBVNamedAllocator@shdfnd@physx@@@23@VNonTrackingAllocator@23@@internal@shdfnd@physx@@QAE_NQBVNamedAllocator@34@QBD@Z 1001e6b0 f i PsAllocator.obj
 0001:0001d750       ?isPowerOfTwo@shdfnd@physx@@YA_NI@Z 1001e750 f i PsAllocator.obj
 0001:0001d790       ?lock@?$MutexT@VAllocator@shdfnd@physx@@@shdfnd@physx@@QBEXXZ 1001e790 f i PsAllocator.obj
 0001:0001d7b0       ?nextPowerOfTwo@shdfnd@physx@@YAII@Z 1001e7b0 f i PsAllocator.obj
 0001:0001d810       ?replaceWithLast@?$HashBase@V?$Pair@QBVNamedAllocator@shdfnd@physx@@PBD@shdfnd@physx@@PBVNamedAllocator@23@U?$Hash@PBVNamedAllocator@shdfnd@physx@@@23@UGetKey@?$HashMapBase@PBVNamedAllocator@shdfnd@physx@@PBDU?$Hash@PBVNamedAllocator@shdfnd@physx@@@23@VNonTrackingAllocator@23@@internal@23@VNonTrackingAllocator@23@$00@internal@shdfnd@physx@@AAEXI@Z 1001e810 f i PsAllocator.obj
 0001:0001d960       ?reserve@?$HashBase@V?$Pair@QBVNamedAllocator@shdfnd@physx@@PBD@shdfnd@physx@@PBVNamedAllocator@23@U?$Hash@PBVNamedAllocator@shdfnd@physx@@@23@UGetKey@?$HashMapBase@PBVNamedAllocator@shdfnd@physx@@PBDU?$Hash@PBVNamedAllocator@shdfnd@physx@@@23@VNonTrackingAllocator@23@@internal@23@VNonTrackingAllocator@23@$00@internal@shdfnd@physx@@QAEXI@Z 1001e960 f i PsAllocator.obj
 0001:0001d990       ?reserveInternal@?$HashBase@V?$Pair@QBVNamedAllocator@shdfnd@physx@@PBD@shdfnd@physx@@PBVNamedAllocator@23@U?$Hash@PBVNamedAllocator@shdfnd@physx@@@23@UGetKey@?$HashMapBase@PBVNamedAllocator@shdfnd@physx@@PBDU?$Hash@PBVNamedAllocator@shdfnd@physx@@@23@VNonTrackingAllocator@23@@internal@23@VNonTrackingAllocator@23@$00@internal@shdfnd@physx@@AAEXI@Z 1001e990 f i PsAllocator.obj
 0001:0001de40       ?unlock@?$MutexT@VAllocator@shdfnd@physx@@@shdfnd@physx@@QBEXXZ 1001ee40 f i PsAllocator.obj
 0001:0001de60       ?PxGetAssertHandler@physx@@YAAAVPxAssertHandler@1@XZ 1001ee60 f   PsAssert.obj
 0001:0001de70       ?PxSetAssertHandler@physx@@YAXAAVPxAssertHandler@1@@Z 1001ee70 f   PsAssert.obj
 0001:0001de90       ??$__vcrt_va_start_verify_argument_type@QBD@@YAXXZ 1001ee90 f i PsAssert.obj
 0001:0001ded0       ??0PxAssertHandler@physx@@QAE@XZ 1001eed0 f i PsAssert.obj
 0001:0001df10       ??1PxAssertHandler@physx@@UAE@XZ 1001ef10 f i PsAssert.obj
 0001:0001e010       ??_GDefaultAssertHandler@?A0x8c7671c9@@UAEPAXI@Z 1001f010 f i PsAssert.obj
 0001:0001e010       ??_EDefaultAssertHandler@?A0x8c7671c9@@UAEPAXI@Z 1001f010 f i PsAssert.obj
 0001:0001e050       ??_GPxAssertHandler@physx@@UAEPAXI@Z 1001f050 f i PsAssert.obj
 0001:0001e050       ??_EPxAssertHandler@physx@@UAEPAXI@Z 1001f050 f i PsAssert.obj
 0001:0001e090       __vsnprintf_l              1001f090 f i PsAssert.obj
 0001:0001e100       __vsprintf_l               1001f100 f i PsAssert.obj
 0001:0001e130       _sprintf                   1001f130 f i PsAssert.obj
 0001:0001e180       ??0ErrorHandler@shdfnd@physx@@QAE@XZ 1001f180 f   PsErrorHandler.obj
 0001:0001e1d0       ??1ErrorHandler@shdfnd@physx@@QAE@XZ 1001f1d0 f   PsErrorHandler.obj
 0001:0001e230       ?reportError@ErrorHandler@shdfnd@physx@@QAEXW4Enum@PxErrorCode@3@PBD1H@Z 1001f230 f   PsErrorHandler.obj
 0001:0001e2b0       ?registerErrorCallback@ErrorHandler@shdfnd@physx@@QAEHAAVPxErrorCallback@3@@Z 1001f2b0 f   PsErrorHandler.obj
 0001:0001e380       ?unRegisterErrorCallback@ErrorHandler@shdfnd@physx@@QAEXAAVPxErrorCallback@3@@Z 1001f380 f   PsErrorHandler.obj
 0001:0001e3d0       ?unRegisterErrorCallback@ErrorHandler@shdfnd@physx@@QAEXH@Z 1001f3d0 f   PsErrorHandler.obj
 0001:0001e510       ?lowestSetBit@shdfnd@physx@@YAII@Z 1001f510 f i PsErrorHandler.obj
 0001:0001e570       ?lowestSetBitUnsafe@shdfnd@physx@@YAII@Z 1001f570 f i PsErrorHandler.obj
 0001:0001e590       ?createFastIPC@shdfnd@physx@@YAPAVPxIPC@12@AAW4ErrorCode@312@W4ConnectionType@312@PBDII_N3I@Z 1001f590 f   PsFastIPC.obj
 0001:0001e680       ??$?2V?$ReflectionAllocator@VFastIPC@shdfnd@physx@@@shdfnd@physx@@@UserAllocated@shdfnd@physx@@SAPAXIV?$ReflectionAllocator@VFastIPC@shdfnd@physx@@@12@PBDH@Z 1001f680 f i PsFastIPC.obj
 0001:0001e6a0       ??$?2V?$ReflectionAllocator@VMemoryMappedFile@shdfnd@physx@@@shdfnd@physx@@@UserAllocated@shdfnd@physx@@SAPAXIV?$ReflectionAllocator@VMemoryMappedFile@shdfnd@physx@@@12@PBDH@Z 1001f6a0 f i PsFastIPC.obj
 0001:0001e6c0       ??$?2V?$ReflectionAllocator@VMultiPartData@PxRingBuffer@shdfnd@physx@@@shdfnd@physx@@@UserAllocated@shdfnd@physx@@SAPAXIV?$ReflectionAllocator@VMultiPartData@PxRingBuffer@shdfnd@physx@@@12@PBDH@Z 1001f6c0 f i PsFastIPC.obj
 0001:0001e6e0       ??$?2V?$ReflectionAllocator@VMultiPartPacket@PxRingBuffer@shdfnd@physx@@@shdfnd@physx@@@UserAllocated@shdfnd@physx@@SAPAXIV?$ReflectionAllocator@VMultiPartPacket@PxRingBuffer@shdfnd@physx@@@12@PBDH@Z 1001f6e0 f i PsFastIPC.obj
 0001:0001e700       ??0?$ReflectionAllocator@VFastIPC@shdfnd@physx@@@shdfnd@physx@@QAE@PBD@Z 1001f700 f i PsFastIPC.obj
 0001:0001e720       ??0?$ReflectionAllocator@VMemoryMappedFile@shdfnd@physx@@@shdfnd@physx@@QAE@PBD@Z 1001f720 f i PsFastIPC.obj
 0001:0001e740       ??0?$ReflectionAllocator@VMultiPartData@PxRingBuffer@shdfnd@physx@@@shdfnd@physx@@QAE@PBD@Z 1001f740 f i PsFastIPC.obj
 0001:0001e760       ??0?$ReflectionAllocator@VMultiPartPacket@PxRingBuffer@shdfnd@physx@@@shdfnd@physx@@QAE@PBD@Z 1001f760 f i PsFastIPC.obj
 0001:0001e780       ??0FastIPC@shdfnd@physx@@QAE@AAW4ErrorCode@PxIPC@12@W4ConnectionType@412@PBDII_N3I@Z 1001f780 f i PsFastIPC.obj
 0001:0001eca0       ??0MultiPartData@PxRingBuffer@shdfnd@physx@@QAE@PBVMultiPartPacketHeader@123@@Z 1001fca0 f i PsFastIPC.obj
 0001:0001ed30       ??0MultiPartPacket@PxRingBuffer@shdfnd@physx@@QAE@W4MessageType@123@PBXIIPAV123@@Z 1001fd30 f i PsFastIPC.obj
 0001:0001ee10       ??0PxIPC@shdfnd@physx@@QAE@XZ 1001fe10 f i PsFastIPC.obj
 0001:0001ee30       ??0PxRingBuffer@shdfnd@physx@@QAE@XZ 1001fe30 f i PsFastIPC.obj
 0001:0001eed0       ??1FastIPC@shdfnd@physx@@UAE@XZ 1001fed0 f i PsFastIPC.obj
 0001:0001ef90       ??1MultiPartData@PxRingBuffer@shdfnd@physx@@QAE@XZ 1001ff90 f i PsFastIPC.obj
 0001:0001efc0       ??1MultiPartPacket@PxRingBuffer@shdfnd@physx@@QAE@XZ 1001ffc0 f i PsFastIPC.obj
 0001:0001eff0       ??1PxIPC@shdfnd@physx@@MAE@XZ 1001fff0 f i PsFastIPC.obj
 0001:0001f010       ??1PxRingBuffer@shdfnd@physx@@QAE@XZ 10020010 f i PsFastIPC.obj
 0001:0001f0e0       ??_EFastIPC@shdfnd@physx@@UAEPAXI@Z 100200e0 f i PsFastIPC.obj
 0001:0001f0e0       ??_GFastIPC@shdfnd@physx@@UAEPAXI@Z 100200e0 f i PsFastIPC.obj
 0001:0001f140       ??_GMemoryMappedFile@shdfnd@physx@@QAEPAXI@Z 10020140 f i PsFastIPC.obj
 0001:0001f1a0       ??_GMultiPartData@PxRingBuffer@shdfnd@physx@@QAEPAXI@Z 100201a0 f i PsFastIPC.obj
 0001:0001f200       ??_GMultiPartPacket@PxRingBuffer@shdfnd@physx@@QAEPAXI@Z 10020200 f i PsFastIPC.obj
 0001:0001f260       ??_GPxIPC@shdfnd@physx@@MAEPAXI@Z 10020260 f i PsFastIPC.obj
 0001:0001f260       ??_EPxIPC@shdfnd@physx@@MAEPAXI@Z 10020260 f i PsFastIPC.obj
 0001:0001f2a0       ?acknowledgeInternal@PxRingBuffer@shdfnd@physx@@AAEXXZ 100202a0 f i PsFastIPC.obj
 0001:0001f370       ?allocate@?$ReflectionAllocator@VFastIPC@shdfnd@physx@@@shdfnd@physx@@QAEPAXIPBDH@Z 10020370 f i PsFastIPC.obj
 0001:0001f3d0       ?allocate@?$ReflectionAllocator@VMemoryMappedFile@shdfnd@physx@@@shdfnd@physx@@QAEPAXIPBDH@Z 100203d0 f i PsFastIPC.obj
 0001:0001f430       ?allocate@?$ReflectionAllocator@VMultiPartData@PxRingBuffer@shdfnd@physx@@@shdfnd@physx@@QAEPAXIPBDH@Z 10020430 f i PsFastIPC.obj
 0001:0001f490       ?allocate@?$ReflectionAllocator@VMultiPartPacket@PxRingBuffer@shdfnd@physx@@@shdfnd@physx@@QAEPAXIPBDH@Z 10020490 f i PsFastIPC.obj
 0001:0001f4f0       ?canSend@FastIPC@shdfnd@physx@@UAE_NI@Z 100204f0 f i PsFastIPC.obj
 0001:0001f560       ?canSend@PxRingBuffer@shdfnd@physx@@QBE?AW4ErrorCode@123@I@Z 10020560 f i PsFastIPC.obj
 0001:0001f6b0       ?getData@MultiPartData@PxRingBuffer@shdfnd@physx@@QBEPBXXZ 100206b0 f i PsFastIPC.obj
 0001:0001f6d0       ?getDataLen@PacketHeader@PxRingBuffer@shdfnd@physx@@QBEIXZ 100206d0 f i PsFastIPC.obj
 0001:0001f6f0       ?getMessageSize@MultiPartData@PxRingBuffer@shdfnd@physx@@QBEIXZ 100206f0 f i PsFastIPC.obj
 0001:0001f710       ?getMessageSize@MultiPartPacket@PxRingBuffer@shdfnd@physx@@QBEIXZ 10020710 f i PsFastIPC.obj
 0001:0001f730       ?getMessageType@MultiPartData@PxRingBuffer@shdfnd@physx@@QBE?AW4MessageType@234@XZ 10020730 f i PsFastIPC.obj
 0001:0001f750       ?getMessageType@PacketHeader@PxRingBuffer@shdfnd@physx@@QBE?AW4MessageType@234@XZ 10020750 f i PsFastIPC.obj
 0001:0001f770       ?getName@?$ReflectionAllocator@VFastIPC@shdfnd@physx@@@shdfnd@physx@@CAPBDXZ 10020770 f i PsFastIPC.obj
 0001:0001f7c0       ?getName@?$ReflectionAllocator@VMemoryMappedFile@shdfnd@physx@@@shdfnd@physx@@CAPBDXZ 100207c0 f i PsFastIPC.obj
 0001:0001f810       ?getName@?$ReflectionAllocator@VMultiPartData@PxRingBuffer@shdfnd@physx@@@shdfnd@physx@@CAPBDXZ 10020810 f i PsFastIPC.obj
 0001:0001f860       ?getName@?$ReflectionAllocator@VMultiPartPacket@PxRingBuffer@shdfnd@physx@@@shdfnd@physx@@CAPBDXZ 10020860 f i PsFastIPC.obj
 0001:0001f8b0       ?getNext@MultiPartPacket@PxRingBuffer@shdfnd@physx@@QBEPAV1234@XZ 100208b0 f i PsFastIPC.obj
 0001:0001f8d0       ?getReadAddress@PxRingBuffer@shdfnd@physx@@ABEIXZ 100208d0 f i PsFastIPC.obj
 0001:0001f940       ?getWriteAddress@PxRingBuffer@shdfnd@physx@@ABEIXZ 10020940 f i PsFastIPC.obj
 0001:0001f9b0       ?haveConnection@FastIPC@shdfnd@physx@@UBE_NXZ 100209b0 f i PsFastIPC.obj
 0001:0001fa10       ?init@PacketHeader@PxRingBuffer@shdfnd@physx@@QAEXIII@Z 10020a10 f i PsFastIPC.obj
 0001:0001fa60       ?init@PxRingBuffer@shdfnd@physx@@QAEXPAXI_N1IPAI2@Z 10020a60 f i PsFastIPC.obj
 0001:0001fbe0       ?isFinished@MultiPartData@PxRingBuffer@shdfnd@physx@@QBE_NXZ 10020be0 f i PsFastIPC.obj
 0001:0001fc20       ?isPadded@PacketHeader@PxRingBuffer@shdfnd@physx@@QBE_NXZ 10020c20 f i PsFastIPC.obj
 0001:0001fc60       ?isServer@FastIPC@shdfnd@physx@@UBE_NXZ 10020c60 f i PsFastIPC.obj
 0001:0001fc80       ?process@MultiPartData@PxRingBuffer@shdfnd@physx@@QAE_NPBXI@Z 10020c80 f i PsFastIPC.obj
 0001:0001fdb0       ?process@MultiPartPacket@PxRingBuffer@shdfnd@physx@@QAE?AW4ErrorCode@234@XZ 10020db0 f i PsFastIPC.obj
 0001:0001fee0       ?pumpPendingSends@FastIPC@shdfnd@physx@@UAE_NXZ 10020ee0 f i PsFastIPC.obj
 0001:0001ff70       ?pumpPendingSends@PxRingBuffer@shdfnd@physx@@QAE_NXZ 10020f70 f i PsFastIPC.obj
 0001:00020040       ?readData@PxRingBuffer@shdfnd@physx@@AAEPBXAAII@Z 10021040 f i PsFastIPC.obj
 0001:000200d0       ?receiveAcknowledge@FastIPC@shdfnd@physx@@UAE?AW4ErrorCode@PxIPC@23@XZ 100210d0 f i PsFastIPC.obj
 0001:00020180       ?receiveAcknowledge@PxRingBuffer@shdfnd@physx@@QAE?AW4ErrorCode@123@XZ 10021180 f i PsFastIPC.obj
 0001:00020290       ?receiveData@FastIPC@shdfnd@physx@@UAEPBXAAI@Z 10021290 f i PsFastIPC.obj
 0001:00020340       ?receiveData@PxRingBuffer@shdfnd@physx@@QAE?AW4MessageType@123@AAPBXAAI@Z 10021340 f i PsFastIPC.obj
 0001:00020760       ?release@FastIPC@shdfnd@physx@@UAEXXZ 10021760 f i PsFastIPC.obj
 0001:000207b0       ?sendData@FastIPC@shdfnd@physx@@UAE?AW4ErrorCode@PxIPC@23@PBXI_N@Z 100217b0 f i PsFastIPC.obj
 0001:00020870       ?sendData@PxRingBuffer@shdfnd@physx@@QAE?AW4ErrorCode@123@W4MessageType@123@PBXI_N@Z 10021870 f i PsFastIPC.obj
 0001:00020a60       ?sendDataInternal@PxRingBuffer@shdfnd@physx@@AAE?AW4ErrorCode@123@W4MessageType@123@PBXI@Z 10021a60 f i PsFastIPC.obj
 0001:00020af0       ?sendHeader@MultiPartPacket@PxRingBuffer@shdfnd@physx@@QAE?AW4ErrorCode@234@XZ 10021af0 f i PsFastIPC.obj
 0001:00020ba0       ?setNext@MultiPartPacket@PxRingBuffer@shdfnd@physx@@QAEXPAV1234@@Z 10021ba0 f i PsFastIPC.obj
 0001:00020bc0       ?setReadAddress@PxRingBuffer@shdfnd@physx@@AAEXI@Z 10021bc0 f i PsFastIPC.obj
 0001:00020c90       ?setWriteAddress@PxRingBuffer@shdfnd@physx@@AAEXI@Z 10021c90 f i PsFastIPC.obj
 0001:00020d60       ?writeData@PxRingBuffer@shdfnd@physx@@AAEXW4MessageType@123@PBXI@Z 10021d60 f i PsFastIPC.obj
 0001:00020fc0       ?createFastXml@shdfnd@physx@@YAPAVFastXml@12@PAVCallback@312@@Z 10021fc0 f   PsFastXml.obj
 0001:00021030       ??0AttributePairs@FastXml@shdfnd@physx@@QAE@HPAPBD@Z 10022030 f i PsFastXml.obj
 0001:00021060       ??0FastXml@shdfnd@physx@@QAE@XZ 10022060 f i PsFastXml.obj
 0001:00021270       ??1FastXml@shdfnd@physx@@MAE@XZ 10022270 f i PsFastXml.obj
 0001:000212c0       ??_GFastXml@shdfnd@physx@@MAEPAXI@Z 100222c0 f i PsFastXml.obj
 0001:000212c0       ??_EFastXml@shdfnd@physx@@MAEPAXI@Z 100222c0 f i PsFastXml.obj
 0001:00021300       ??_EMyFastXml@?A0x376bbd1f@@EAEPAXI@Z 10022300 f i PsFastXml.obj
 0001:00021300       ??_GMyFastXml@?A0x376bbd1f@@EAEPAXI@Z 10022300 f i PsFastXml.obj
 0001:00023220       ?strchr@@YAPADQADH@Z       10024220 f i PsFastXml.obj
 0001:00023240       ?strstr@@YAPADQADQBD@Z     10024240 f i PsFastXml.obj
 0001:00023260       _PxCreateFoundation        10024260 f   PsFoundation.obj
 0001:00023280       _PxGetFoundation           10024280 f   PsFoundation.obj
 0001:00023290       ?getAllocator@shdfnd@physx@@YAAAVPxAllocatorCallback@2@XZ 10024290 f   PsFoundation.obj
 0001:000232b0       ??0Foundation@shdfnd@physx@@AAE@AAVPxErrorCallback@2@AAVPxAllocatorCallback@2@@Z 100242b0 f   PsFoundation.obj
 0001:000233f0       ??1Foundation@shdfnd@physx@@EAE@XZ 100243f0 f   PsFoundation.obj
 0001:000234e0       ?release@Foundation@shdfnd@physx@@UAEXXZ 100244e0 f   PsFoundation.obj
 0001:000234f0       ?createInstance@Foundation@shdfnd@physx@@SAPAV123@IAAVPxErrorCallback@3@AAVPxAllocatorCallback@3@@Z 100244f0 f   PsFoundation.obj
 0001:00023690       ?destroyInstance@Foundation@shdfnd@physx@@SAXXZ 10024690 f   PsFoundation.obj
 0001:00023750       ?getInstance@Foundation@shdfnd@physx@@SAAAV123@XZ 10024750 f   PsFoundation.obj
 0001:000237a0       ?incRefCount@Foundation@shdfnd@physx@@SAXXZ 100247a0 f   PsFoundation.obj
 0001:00023820       ?decRefCount@Foundation@shdfnd@physx@@SAXXZ 10024820 f   PsFoundation.obj
 0001:000238a0       ?getErrorCallback@Foundation@shdfnd@physx@@UBEAAVPxErrorCallback@3@XZ 100248a0 f   PsFoundation.obj
 0001:000238c0       ?setErrorLevel@Foundation@shdfnd@physx@@UAEXW4Enum@PxErrorCode@3@@Z 100248c0 f   PsFoundation.obj
 0001:000238e0       ?getErrorLevel@Foundation@shdfnd@physx@@UBE?AW4Enum@PxErrorCode@3@XZ 100248e0 f   PsFoundation.obj
 0001:00023900       ?getAllocatorCallback@Foundation@shdfnd@physx@@UBEAAVPxAllocatorCallback@3@XZ 10024900 f   PsFoundation.obj
 0001:00023920       ?error@Foundation@shdfnd@physx@@QAAXW4Enum@PxErrorCode@3@PBDH1ZZ 10024920 f   PsFoundation.obj
 0001:00023960       ?errorImpl@Foundation@shdfnd@physx@@QAEXW4Enum@PxErrorCode@3@PBDH1PAD@Z 10024960 f   PsFoundation.obj
 0001:00023a20       ?getWarnOnceTimestamp@Foundation@shdfnd@physx@@SAIXZ 10024a20 f   PsFoundation.obj
 0001:00023a70       ?allocate@AlignCheckAllocator@Foundation@shdfnd@physx@@UAEPAXIPBD0H@Z 10024a70 f   PsFoundation.obj
 0001:00023d90       ??$PX_UNUSED@H@@YAXABH@Z   10024d90 f i PsFoundation.obj
 0001:00023da0       ??0?$Array@PATTempAllocatorChunk@shdfnd@physx@@VAllocator@23@@shdfnd@physx@@QAE@ABVAllocator@12@@Z 10024da0 f i PsFoundation.obj
 0001:00023de0       ??0?$HashBase@V?$Pair@QBVNamedAllocator@shdfnd@physx@@PBD@shdfnd@physx@@PBVNamedAllocator@23@U?$Hash@PBVNamedAllocator@shdfnd@physx@@@23@UGetKey@?$HashMapBase@PBVNamedAllocator@shdfnd@physx@@PBDU?$Hash@PBVNamedAllocator@shdfnd@physx@@@23@VNonTrackingAllocator@23@@internal@23@VNonTrackingAllocator@23@$00@internal@shdfnd@physx@@QAE@IM@Z 10024de0 f i PsFoundation.obj
 0001:00023e30       ??0?$HashMap@PBVNamedAllocator@shdfnd@physx@@PBDU?$Hash@PBVNamedAllocator@shdfnd@physx@@@23@VNonTrackingAllocator@23@@shdfnd@physx@@QAE@IM@Z 10024e30 f i PsFoundation.obj
 0001:00023e60       ??0?$HashMapBase@PBVNamedAllocator@shdfnd@physx@@PBDU?$Hash@PBVNamedAllocator@shdfnd@physx@@@23@VNonTrackingAllocator@23@@internal@shdfnd@physx@@QAE@IM@Z 10024e60 f i PsFoundation.obj
 0001:00023e90       ??0?$MutexT@VAllocator@shdfnd@physx@@@shdfnd@physx@@QAE@ABVAllocator@12@@Z 10024e90 f i PsFoundation.obj
 0001:00023f10       ??0AlignCheckAllocator@Foundation@shdfnd@physx@@QAE@AAVPxAllocatorCallback@3@@Z 10024f10 f i PsFoundation.obj
 0001:00023f60       ??0NonTrackingAllocator@shdfnd@physx@@QAE@PBD@Z 10024f60 f i PsFoundation.obj
 0001:00023f80       ??0PxAllocatorCallback@physx@@QAE@XZ 10024f80 f i PsFoundation.obj
 0001:00023fa0       ??0PxBroadcastingAllocator@physx@@QAE@XZ 10024fa0 f i PsFoundation.obj
 0001:00023fd0       ??0TempAllocator@shdfnd@physx@@QAE@PBD@Z 10024fd0 f i PsFoundation.obj
 0001:00023ff0       ??1?$Array@PATTempAllocatorChunk@shdfnd@physx@@VAllocator@23@@shdfnd@physx@@QAE@XZ 10024ff0 f i PsFoundation.obj
 0001:00024060       ??1?$HashBase@V?$Pair@QBVNamedAllocator@shdfnd@physx@@PBD@shdfnd@physx@@PBVNamedAllocator@23@U?$Hash@PBVNamedAllocator@shdfnd@physx@@@23@UGetKey@?$HashMapBase@PBVNamedAllocator@shdfnd@physx@@PBDU?$Hash@PBVNamedAllocator@shdfnd@physx@@@23@VNonTrackingAllocator@23@@internal@23@VNonTrackingAllocator@23@$00@internal@shdfnd@physx@@QAE@XZ 10025060 f i PsFoundation.obj
 0001:000240a0       ??1?$HashMap@PBVNamedAllocator@shdfnd@physx@@PBDU?$Hash@PBVNamedAllocator@shdfnd@physx@@@23@VNonTrackingAllocator@23@@shdfnd@physx@@QAE@XZ 100250a0 f i PsFoundation.obj
 0001:000240c0       ??1?$HashMapBase@PBVNamedAllocator@shdfnd@physx@@PBDU?$Hash@PBVNamedAllocator@shdfnd@physx@@@23@VNonTrackingAllocator@23@@internal@shdfnd@physx@@QAE@XZ 100250c0 f i PsFoundation.obj
 0001:000240e0       ??1?$MutexT@VAllocator@shdfnd@physx@@@shdfnd@physx@@QAE@XZ 100250e0 f i PsFoundation.obj
 0001:00024110       ??1AlignCheckAllocator@Foundation@shdfnd@physx@@UAE@XZ 10025110 f i PsFoundation.obj
 0001:00024130       ??1PxAllocatorCallback@physx@@UAE@XZ 10025130 f i PsFoundation.obj
 0001:00024150       ??1PxBroadcastingAllocator@physx@@MAE@XZ 10025150 f i PsFoundation.obj
 0001:00024180       ??4TempAllocator@shdfnd@physx@@QAEAAV012@$$QAV012@@Z 10025180 f i PsFoundation.obj
 0001:000241a0       ??4TempAllocator@shdfnd@physx@@QAEAAV012@ABV012@@Z 100251a0 f i PsFoundation.obj
 0001:000241c0       ??A?$Array@PATTempAllocatorChunk@shdfnd@physx@@VAllocator@23@@shdfnd@physx@@QAEAAPATTempAllocatorChunk@12@I@Z 100251c0 f i PsFoundation.obj
 0001:00024230       ??_EFoundation@shdfnd@physx@@EAEPAXI@Z 10025230 f i PsFoundation.obj
 0001:000242d0       ??_FTempAllocator@shdfnd@physx@@QAEXXZ 100252d0 f i PsFoundation.obj
 0001:000242f0       ??_GAlignCheckAllocator@Foundation@shdfnd@physx@@UAEPAXI@Z 100252f0 f i PsFoundation.obj
 0001:000242f0       ??_EAlignCheckAllocator@Foundation@shdfnd@physx@@UAEPAXI@Z 100252f0 f i PsFoundation.obj
 0001:00024330       ??_GFoundation@shdfnd@physx@@EAEPAXI@Z 10025330 f i PsFoundation.obj
 0001:00024370       ??_GPxAllocatorCallback@physx@@UAEPAXI@Z 10025370 f i PsFoundation.obj
 0001:00024370       ??_EPxAllocatorCallback@physx@@UAEPAXI@Z 10025370 f i PsFoundation.obj
 0001:000243b0       ??_EPxBroadcastingAllocator@physx@@MAEPAXI@Z 100253b0 f i PsFoundation.obj
 0001:000243b0       ??_GPxBroadcastingAllocator@physx@@MAEPAXI@Z 100253b0 f i PsFoundation.obj
 0001:000243f0       ?allocate@?$Array@PATTempAllocatorChunk@shdfnd@physx@@VAllocator@23@@shdfnd@physx@@IAEPAPATTempAllocatorChunk@23@I@Z 100253f0 f i PsFoundation.obj
 0001:00024470       ?capacity@?$Array@PATTempAllocatorChunk@shdfnd@physx@@VAllocator@23@@shdfnd@physx@@QBEIXZ 10025470 f i PsFoundation.obj
 0001:00024490       ?copy@?$Array@PATTempAllocatorChunk@shdfnd@physx@@VAllocator@23@@shdfnd@physx@@KAXPAPATTempAllocatorChunk@23@0PBQAT423@@Z 10025490 f i PsFoundation.obj
 0001:00024500       ?create@?$Array@PATTempAllocatorChunk@shdfnd@physx@@VAllocator@23@@shdfnd@physx@@KAXPAPATTempAllocatorChunk@23@0ABQAT423@@Z 10025500 f i PsFoundation.obj
 0001:00024570       ?deallocate@?$Array@PATTempAllocatorChunk@shdfnd@physx@@VAllocator@23@@shdfnd@physx@@IAEXPAX@Z 10025570 f i PsFoundation.obj
 0001:00024590       ?deallocate@AlignCheckAllocator@Foundation@shdfnd@physx@@UAEXPAX@Z 10025590 f i PsFoundation.obj
 0001:00024620       ?deregisterAllocationListener@AlignCheckAllocator@Foundation@shdfnd@physx@@UAEXAAVPxAllocationListener@4@@Z 10025620 f i PsFoundation.obj
 0001:000246a0       ?destroy@?$Array@PATTempAllocatorChunk@shdfnd@physx@@VAllocator@23@@shdfnd@physx@@KAXPAPATTempAllocatorChunk@23@0@Z 100256a0 f i PsFoundation.obj
 0001:000246c0       ?destroy@?$HashBase@V?$Pair@QBVNamedAllocator@shdfnd@physx@@PBD@shdfnd@physx@@PBVNamedAllocator@23@U?$Hash@PBVNamedAllocator@shdfnd@physx@@@23@UGetKey@?$HashMapBase@PBVNamedAllocator@shdfnd@physx@@PBDU?$Hash@PBVNamedAllocator@shdfnd@physx@@@23@VNonTrackingAllocator@23@@internal@23@VNonTrackingAllocator@23@$00@internal@shdfnd@physx@@AAEXXZ 100256c0 f i PsFoundation.obj
 0001:00024730       ?getBaseAllocator@AlignCheckAllocator@Foundation@shdfnd@physx@@QBEAAVPxAllocatorCallback@4@XZ 10025730 f i PsFoundation.obj
 0001:00024750       ?grow@?$Array@PATTempAllocatorChunk@shdfnd@physx@@VAllocator@23@@shdfnd@physx@@IAEXI@Z 10025750 f i PsFoundation.obj
 0001:000247d0       ?init@?$HashBase@V?$Pair@QBVNamedAllocator@shdfnd@physx@@PBD@shdfnd@physx@@PBVNamedAllocator@23@U?$Hash@PBVNamedAllocator@shdfnd@physx@@@23@UGetKey@?$HashMapBase@PBVNamedAllocator@shdfnd@physx@@PBDU?$Hash@PBVNamedAllocator@shdfnd@physx@@@23@VNonTrackingAllocator@23@@internal@23@VNonTrackingAllocator@23@$00@internal@shdfnd@physx@@AAEXIM@Z 100257d0 f i PsFoundation.obj
 0001:00024880       ?isInUserMemory@?$Array@PATTempAllocatorChunk@shdfnd@physx@@VAllocator@23@@shdfnd@physx@@QBEIXZ 10025880 f i PsFoundation.obj
 0001:000248a0       ?recreate@?$Array@PATTempAllocatorChunk@shdfnd@physx@@VAllocator@23@@shdfnd@physx@@IAEXI@Z 100258a0 f i PsFoundation.obj
 0001:000249b0       ?registerAllocationListener@AlignCheckAllocator@Foundation@shdfnd@physx@@UAEXAAVPxAllocationListener@4@@Z 100259b0 f i PsFoundation.obj
 0001:00024a50       ?reserve@?$Array@PATTempAllocatorChunk@shdfnd@physx@@VAllocator@23@@shdfnd@physx@@QAEXI@Z 10025a50 f i PsFoundation.obj
 0001:00024a80       ?reset@?$Array@PATTempAllocatorChunk@shdfnd@physx@@VAllocator@23@@shdfnd@physx@@QAEXXZ 10025a80 f i PsFoundation.obj
 0001:00024ac0       ?resize@?$Array@PATTempAllocatorChunk@shdfnd@physx@@VAllocator@23@@shdfnd@physx@@QAEXIABQATTempAllocatorChunk@23@@Z 10025ac0 f i PsFoundation.obj
 0001:00024b50       ?shrink@?$Array@PATTempAllocatorChunk@shdfnd@physx@@VAllocator@23@@shdfnd@physx@@QAEXXZ 10025b50 f i PsFoundation.obj
 0001:00024b70       ?size@?$Array@PATTempAllocatorChunk@shdfnd@physx@@VAllocator@23@@shdfnd@physx@@QBEIXZ 10025b70 f i PsFoundation.obj
 0001:00024b90       ?sprintf_s@string@physx@@YAHPADIPBDZZ 10025b90 f i PsFoundation.obj
 0001:00024be0       __vsnprintf                10025be0 f i PsFoundation.obj
 0001:00024c10       ?computeQuatFromNormal@shdfnd@physx@@YA?AVPxQuat@2@ABVPxVec3@2@@Z 10025c10 f   PsMathUtils.obj
 0001:00024d80       ?optimizeBoundingBox@shdfnd@physx@@YA?AVPxVec3@2@AAVPxMat33@2@@Z 10025d80 f   PsMathUtils.obj
 0001:00025090       ?slerp@shdfnd@physx@@YA?AVPxQuat@2@MABV32@0@Z 10026090 f   PsMathUtils.obj
 0001:00025210       ?integrateTransform@shdfnd@physx@@YAXABVPxTransform@2@ABVPxVec3@2@1MAAV32@@Z 10026210 f   PsMathUtils.obj
 0001:000255c0       ??$PX_UNUSED@W4PxIDENTITY@physx@@@@YAXABW4PxIDENTITY@physx@@@Z 100265c0 f i PsMathUtils.obj
 0001:000255d0       ??$PxClamp@M@physx@@YAMMMM@Z 100265d0 f i PsMathUtils.obj
 0001:00025670       ??$PxMax@M@physx@@YAMMM@Z  10026670 f i PsMathUtils.obj
 0001:000256a0       ??$PxMin@M@physx@@YAMMM@Z  100266a0 f i PsMathUtils.obj
 0001:000256d0       ??$swap@I@shdfnd@physx@@YAXAAI0@Z 100266d0 f i PsMathUtils.obj
 0001:00025700       ??0PxQuat@physx@@QAE@ABV01@@Z 10026700 f i PsMathUtils.obj
 0001:00025750       ??0PxQuat@physx@@QAE@MABVPxVec3@1@@Z 10026750 f i PsMathUtils.obj
 0001:00025890       ??0PxQuat@physx@@QAE@MMMM@Z 10026890 f i PsMathUtils.obj
 0001:000258f0       ??0PxQuat@physx@@QAE@W4PxIDENTITY@1@@Z 100268f0 f i PsMathUtils.obj
 0001:00025950       ??0PxQuat@physx@@QAE@XZ    10026950 f i PsMathUtils.obj
 0001:00025970       ??0PxVec3@physx@@QAE@ABV01@@Z 10026970 f i PsMathUtils.obj
 0001:000259b0       ??0PxVec3@physx@@QAE@MMM@Z 100269b0 f i PsMathUtils.obj
 0001:00025a00       ??4PxQuat@physx@@QAEAAV01@ABV01@@Z 10026a00 f i PsMathUtils.obj
 0001:00025a50       ??4PxVec3@physx@@QAEAAV01@ABV01@@Z 10026a50 f i PsMathUtils.obj
 0001:00025a90       ??APxMat33@physx@@QAEAAVPxVec3@1@H@Z 10026a90 f i PsMathUtils.obj
 0001:00025ab0       ??APxVec3@physx@@QAEAAMH@Z 10026ab0 f i PsMathUtils.obj
 0001:00025b20       ??APxVec3@physx@@QAEAAMI@Z 10026b20 f i PsMathUtils.obj
 0001:00025b90       ??DPxQuat@physx@@QBE?AV01@ABV01@@Z 10026b90 f i PsMathUtils.obj
 0001:00025d40       ??DPxQuat@physx@@QBE?AV01@M@Z 10026d40 f i PsMathUtils.obj
 0001:00025dc0       ??DPxVec3@physx@@QBE?AV01@M@Z 10026dc0 f i PsMathUtils.obj
 0001:00025e30       ??HPxQuat@physx@@QBE?AV01@ABV01@@Z 10026e30 f i PsMathUtils.obj
 0001:00025ec0       ??HPxVec3@physx@@QBE?AV01@ABV01@@Z 10026ec0 f i PsMathUtils.obj
 0001:00025f30       ??XPxVec3@physx@@QAEAAV01@M@Z 10026f30 f i PsMathUtils.obj
 0001:00025f90       ??ZPxVec3@physx@@QAEAAV01@ABV01@@Z 10026f90 f i PsMathUtils.obj
 0001:00026000       ??_0PxVec3@physx@@QAEAAV01@M@Z 10027000 f i PsMathUtils.obj
 0001:00026080       ?PxAbs@physx@@YAMM@Z       10027080 f i PsMathUtils.obj
 0001:000260a0       ?PxAsin@physx@@YAMM@Z      100270a0 f i PsMathUtils.obj
 0001:000260f0       ?PxAtan2@physx@@YAMMM@Z    100270f0 f i PsMathUtils.obj
 0001:00026120       ?PxCos@physx@@YAMM@Z       10027120 f i PsMathUtils.obj
 0001:00026140       ?PxRecipSqrt@physx@@YAMM@Z 10027140 f i PsMathUtils.obj
 0001:00026160       ?PxSin@physx@@YAMM@Z       10027160 f i PsMathUtils.obj
 0001:00026180       ?PxSqrt@physx@@YAMM@Z      10027180 f i PsMathUtils.obj
 0001:000261a0       ?abs@intrinsics@physx@@YAMM@Z 100271a0 f i PsMathUtils.obj
 0001:000261c0       ?cos@intrinsics@physx@@YAMM@Z 100271c0 f i PsMathUtils.obj
 0001:000261e0       ?dot@PxQuat@physx@@QBEMABV12@@Z 100271e0 f i PsMathUtils.obj
 0001:00026260       ?dot@PxVec3@physx@@QBEMABV12@@Z 10027260 f i PsMathUtils.obj
 0001:000262c0       ?fsel@intrinsics@physx@@YAMMMM@Z 100272c0 f i PsMathUtils.obj
 0001:00026300       ?magnitude@PxVec3@physx@@QBEMXZ 10027300 f i PsMathUtils.obj
 0001:00026330       ?magnitudeSquared@PxVec3@physx@@QBEMXZ 10027330 f i PsMathUtils.obj
 0001:00026390       ?normalize@PxVec3@physx@@QAEMXZ 10027390 f i PsMathUtils.obj
 0001:000263e0       ?recipSqrt@intrinsics@physx@@YAMM@Z 100273e0 f i PsMathUtils.obj
 0001:00026430       ?selectMax@intrinsics@physx@@YAMMM@Z 10027430 f i PsMathUtils.obj
 0001:00026470       ?selectMin@intrinsics@physx@@YAMMM@Z 10027470 f i PsMathUtils.obj
 0001:000264b0       ?sin@intrinsics@physx@@YAMM@Z 100274b0 f i PsMathUtils.obj
 0001:000264d0       ?sqrt@intrinsics@physx@@YAMM@Z 100274d0 f i PsMathUtils.obj
 0001:000264f0       _asinf                     100274f0 f i PsMathUtils.obj
 0001:00026520       _atan2f                    10027520 f i PsMathUtils.obj
 0001:00026560       _cosf                      10027560 f i PsMathUtils.obj
 0001:00026590       _fabsf                     10027590 f i PsMathUtils.obj
 0001:000265c0       _sinf                      100275c0 f i PsMathUtils.obj
 0001:000265f0       _sqrtf                     100275f0 f i PsMathUtils.obj
 0001:00026620       ?allocate@TempAllocator@shdfnd@physx@@QAEPAXIPBDH@Z 10027620 f   PsTempAllocator.obj
 0001:00026790       ?deallocate@TempAllocator@shdfnd@physx@@QAEXPAX@Z 10027790 f   PsTempAllocator.obj
 0001:000268e0       ??$PxMax@I@physx@@YAIII@Z  100278e0 f i PsTempAllocator.obj
 0001:00026910       ??$PxMin@PAPATTempAllocatorChunk@shdfnd@physx@@@physx@@YAPAPATTempAllocatorChunk@shdfnd@0@PAPAT120@0@Z 10027910 f i PsTempAllocator.obj
 0001:00026940       ?begin@?$Array@PATTempAllocatorChunk@shdfnd@physx@@VAllocator@23@@shdfnd@physx@@QAEPAPATTempAllocatorChunk@23@XZ 10027940 f i PsTempAllocator.obj
 0001:00026960       ?end@?$Array@PATTempAllocatorChunk@shdfnd@physx@@VAllocator@23@@shdfnd@physx@@QAEPAPATTempAllocatorChunk@23@XZ 10027960 f i PsTempAllocator.obj
 0001:000269c0       ?highestSetBit@shdfnd@physx@@YAII@Z 100279c0 f i PsTempAllocator.obj
 0001:00026a20       ?highestSetBitUnsafe@shdfnd@physx@@YAII@Z 10027a20 f i PsTempAllocator.obj
 0001:00026a40       ?checkValid@shdfnd@physx@@YA_NABM@Z 10027a40 f   PsUtilities.obj
 0001:00026a60       ?checkValid@shdfnd@physx@@YA_NABVPxVec3@2@@Z 10027a60 f   PsUtilities.obj
 0001:00026ae0       ?checkValid@shdfnd@physx@@YA_NABVPxQuat@2@@Z 10027ae0 f   PsUtilities.obj
 0001:00026b70       ?checkValid@shdfnd@physx@@YA_NABVPxMat33@2@@Z 10027b70 f   PsUtilities.obj
 0001:00026cc0       ?checkValid@shdfnd@physx@@YA_NABVPxTransform@2@@Z 10027cc0 f   PsUtilities.obj
 0001:00026d10       ?checkValid@shdfnd@physx@@YA_NPBD@Z 10027d10 f   PsUtilities.obj
 0001:00026e10       ??APxMat33@physx@@QBEABVPxVec3@1@I@Z 10027e10 f i PsUtilities.obj
 0001:00026e30       ??APxVec3@physx@@QBEABMI@Z 10027e30 f i PsUtilities.obj
 0001:00026ea0       ??RPxMat33@physx@@QBEMII@Z 10027ea0 f i PsUtilities.obj
 0001:00026ed0       ?PxIsFinite@physx@@YA_NM@Z 10027ed0 f i PsUtilities.obj
 0001:00026ef0       ?isFinite@intrinsics@physx@@YA_NM@Z 10027ef0 f i PsUtilities.obj
 0001:00026f40       ?PxCreateCollection@@YAPAVPxCollection@physx@@XZ 10027f40 f   CmCollection.obj
 0001:00026f90       ?add@Collection@Cm@physx@@UAEXAAVPxBase@3@_K@Z 10027f90 f   CmCollection.obj
 0001:00027050       ?remove@Collection@Cm@physx@@UAEXAAVPxBase@3@@Z 10028050 f   CmCollection.obj
 0001:00027100       ?contains@Collection@Cm@physx@@UBE_NAAVPxBase@3@@Z 10028100 f   CmCollection.obj
 0001:00027140       ?addId@Collection@Cm@physx@@UAEXAAVPxBase@3@_K@Z 10028140 f   CmCollection.obj
 0001:00027290       ?removeId@Collection@Cm@physx@@UAEX_K@Z 10028290 f   CmCollection.obj
 0001:00027360       ?find@Collection@Cm@physx@@UBEPAVPxBase@3@_K@Z 10028360 f   CmCollection.obj
 0001:000273d0       ?add@Collection@Cm@physx@@UAEXAAVPxCollection@3@@Z 100283d0 f   CmCollection.obj
 0001:00027560       ?remove@Collection@Cm@physx@@UAEXAAVPxCollection@3@@Z 10028560 f   CmCollection.obj
 0001:00027620       ?getNbObjects@Collection@Cm@physx@@UBEIXZ 10028620 f   CmCollection.obj
 0001:00027640       ?getObject@Collection@Cm@physx@@UBEAAVPxBase@3@I@Z 10028640 f   CmCollection.obj
 0001:000276b0       ?getObjects@Collection@Cm@physx@@UBEIPAPAVPxBase@3@II@Z 100286b0 f   CmCollection.obj
 0001:00027790       ?getNbIds@Collection@Cm@physx@@UBEIXZ 10028790 f   CmCollection.obj
 0001:000277b0       ?getId@Collection@Cm@physx@@UBE_KABVPxBase@3@@Z 100287b0 f   CmCollection.obj
 0001:00027800       ?getIds@Collection@Cm@physx@@UBEIPA_KII@Z 10028800 f   CmCollection.obj
 0001:00027b80       ??$?2V?$ReflectionAllocator@VCollection@Cm@physx@@@shdfnd@physx@@@UserAllocated@shdfnd@physx@@SAPAXIV?$ReflectionAllocator@VCollection@Cm@physx@@@12@PBDH@Z 10028b80 f i CmCollection.obj
 0001:00027ba0       ??0?$CoalescedHashMap@PAVPxBase@physx@@_KU?$Hash@PAVPxBase@physx@@@shdfnd@2@VAllocator@42@@shdfnd@physx@@QAE@IM@Z 10028ba0 f i CmCollection.obj
 0001:00027bd0       ??0?$CoalescedHashMap@_KPAVPxBase@physx@@U?$Hash@_K@shdfnd@2@VAllocator@42@@shdfnd@physx@@QAE@IM@Z 10028bd0 f i CmCollection.obj
 0001:00027c00       ??0?$CollectionHashMap@PAVPxBase@physx@@_KU?$Hash@PAVPxBase@physx@@@shdfnd@2@VAllocator@42@@Cm@physx@@QAE@IM@Z 10028c00 f i CmCollection.obj
 0001:00027c30       ??0?$CollectionHashMap@_KPAVPxBase@physx@@U?$Hash@_K@shdfnd@2@VAllocator@42@@Cm@physx@@QAE@IM@Z 10028c30 f i CmCollection.obj
 0001:00027c60       ??0?$HashBase@V?$Pair@$$CB_KPAVPxBase@physx@@@shdfnd@physx@@_KU?$Hash@_K@23@UGetKey@?$HashMapBase@_KPAVPxBase@physx@@U?$Hash@_K@shdfnd@2@VAllocator@42@@internal@23@VAllocator@23@$00@internal@shdfnd@physx@@QAE@IM@Z 10028c60 f i CmCollection.obj
 0001:00027cb0       ??0?$HashBase@V?$Pair@QAVPxBase@physx@@_K@shdfnd@physx@@PAVPxBase@3@U?$Hash@PAVPxBase@physx@@@23@UGetKey@?$HashMapBase@PAVPxBase@physx@@_KU?$Hash@PAVPxBase@physx@@@shdfnd@2@VAllocator@42@@internal@23@VAllocator@23@$00@internal@shdfnd@physx@@QAE@IM@Z 10028cb0 f i CmCollection.obj
 0001:00027d00       ??0?$HashMapBase@PAVPxBase@physx@@_KU?$Hash@PAVPxBase@physx@@@shdfnd@2@VAllocator@42@@internal@shdfnd@physx@@QAE@IM@Z 10028d00 f i CmCollection.obj
 0001:00027d30       ??0?$HashMapBase@_KPAVPxBase@physx@@U?$Hash@_K@shdfnd@2@VAllocator@42@@internal@shdfnd@physx@@QAE@IM@Z 10028d30 f i CmCollection.obj
 0001:00027d60       ??0?$Pair@$$CB_KPAVPxBase@physx@@@shdfnd@physx@@QAE@ABV012@@Z 10028d60 f i CmCollection.obj
 0001:00027da0       ??0?$Pair@$$CB_KPAVPxBase@physx@@@shdfnd@physx@@QAE@AB_KABQAVPxBase@2@@Z 10028da0 f i CmCollection.obj
 0001:00027de0       ??0?$Pair@QAVPxBase@physx@@_K@shdfnd@physx@@QAE@ABQAVPxBase@2@AB_K@Z 10028de0 f i CmCollection.obj
 0001:00027e20       ??0?$Pair@QAVPxBase@physx@@_K@shdfnd@physx@@QAE@ABV012@@Z 10028e20 f i CmCollection.obj
 0001:00027e60       ??0?$ReflectionAllocator@VCollection@Cm@physx@@@shdfnd@physx@@QAE@PBD@Z 10028e60 f i CmCollection.obj
 0001:00027e80       ??0Collection@Cm@physx@@QAE@XZ 10028e80 f i CmCollection.obj
 0001:00027ef0       ??0Iter@?$HashBase@V?$Pair@$$CB_KPAVPxBase@physx@@@shdfnd@physx@@_KU?$Hash@_K@23@UGetKey@?$HashMapBase@_KPAVPxBase@physx@@U?$Hash@_K@shdfnd@2@VAllocator@42@@internal@23@VAllocator@23@$00@internal@shdfnd@physx@@QAE@AAV1234@@Z 10028ef0 f i CmCollection.obj
 0001:00027f70       ??0PxCollection@physx@@IAE@XZ 10028f70 f i CmCollection.obj
 0001:00027f90       ??1?$CoalescedHashMap@PAVPxBase@physx@@_KU?$Hash@PAVPxBase@physx@@@shdfnd@2@VAllocator@42@@shdfnd@physx@@QAE@XZ 10028f90 f i CmCollection.obj
 0001:00027fb0       ??1?$CoalescedHashMap@_KPAVPxBase@physx@@U?$Hash@_K@shdfnd@2@VAllocator@42@@shdfnd@physx@@QAE@XZ 10028fb0 f i CmCollection.obj
 0001:00027fd0       ??1?$CollectionHashMap@PAVPxBase@physx@@_KU?$Hash@PAVPxBase@physx@@@shdfnd@2@VAllocator@42@@Cm@physx@@QAE@XZ 10028fd0 f i CmCollection.obj
 0001:00027ff0       ??1?$CollectionHashMap@_KPAVPxBase@physx@@U?$Hash@_K@shdfnd@2@VAllocator@42@@Cm@physx@@QAE@XZ 10028ff0 f i CmCollection.obj
 0001:00028010       ??1?$HashBase@V?$Pair@$$CB_KPAVPxBase@physx@@@shdfnd@physx@@_KU?$Hash@_K@23@UGetKey@?$HashMapBase@_KPAVPxBase@physx@@U?$Hash@_K@shdfnd@2@VAllocator@42@@internal@23@VAllocator@23@$00@internal@shdfnd@physx@@QAE@XZ 10029010 f i CmCollection.obj
 0001:00028050       ??1?$HashBase@V?$Pair@QAVPxBase@physx@@_K@shdfnd@physx@@PAVPxBase@3@U?$Hash@PAVPxBase@physx@@@23@UGetKey@?$HashMapBase@PAVPxBase@physx@@_KU?$Hash@PAVPxBase@physx@@@shdfnd@2@VAllocator@42@@internal@23@VAllocator@23@$00@internal@shdfnd@physx@@QAE@XZ 10029050 f i CmCollection.obj
 0001:00028090       ??1?$HashMapBase@PAVPxBase@physx@@_KU?$Hash@PAVPxBase@physx@@@shdfnd@2@VAllocator@42@@internal@shdfnd@physx@@QAE@XZ 10029090 f i CmCollection.obj
 0001:000280b0       ??1?$HashMapBase@_KPAVPxBase@physx@@U?$Hash@_K@shdfnd@2@VAllocator@42@@internal@shdfnd@physx@@QAE@XZ 100290b0 f i CmCollection.obj
 0001:000280d0       ??1Collection@Cm@physx@@UAE@XZ 100290d0 f i CmCollection.obj
 0001:00028110       ??1PxCollection@physx@@MAE@XZ 10029110 f i CmCollection.obj
 0001:00028130       ??A?$HashMapBase@PAVPxBase@physx@@_KU?$Hash@PAVPxBase@physx@@@shdfnd@2@VAllocator@42@@internal@shdfnd@physx@@QAEAA_KABQAVPxBase@3@@Z 10029130 f i CmCollection.obj
 0001:000281c0       ??A?$HashMapBase@_KPAVPxBase@physx@@U?$Hash@_K@shdfnd@2@VAllocator@42@@internal@shdfnd@physx@@QAEAAPAVPxBase@3@AB_K@Z 100291c0 f i CmCollection.obj
 0001:00028250       ??CIter@?$HashBase@V?$Pair@$$CB_KPAVPxBase@physx@@@shdfnd@physx@@_KU?$Hash@_K@23@UGetKey@?$HashMapBase@_KPAVPxBase@physx@@U?$Hash@_K@shdfnd@2@VAllocator@42@@internal@23@VAllocator@23@$00@internal@shdfnd@physx@@QBEPAV?$Pair@$$CB_KPAVPxBase@physx@@@34@XZ 10029250 f i CmCollection.obj
 0001:00028280       ??EIter@?$HashBase@V?$Pair@$$CB_KPAVPxBase@physx@@@shdfnd@physx@@_KU?$Hash@_K@23@UGetKey@?$HashMapBase@_KPAVPxBase@physx@@U?$Hash@_K@shdfnd@2@VAllocator@42@@internal@23@VAllocator@23@$00@internal@shdfnd@physx@@QAE?AV01234@H@Z 10029280 f i CmCollection.obj
 0001:000282f0       ??R?$Hash@PAVPxBase@physx@@@shdfnd@physx@@QBEIABQAVPxBase@2@@Z 100292f0 f i CmCollection.obj
 0001:00028320       ??R?$Hash@PAVPxBase@physx@@@shdfnd@physx@@QBE_NABQAVPxBase@2@0@Z 10029320 f i CmCollection.obj
 0001:00028360       ??R?$Hash@_K@shdfnd@physx@@QBEIAB_K@Z 10029360 f i CmCollection.obj
 0001:00028390       ??R?$Hash@_K@shdfnd@physx@@QBE_NAB_K0@Z 10029390 f i CmCollection.obj
 0001:000283f0       ??RGetKey@?$HashMapBase@PAVPxBase@physx@@_KU?$Hash@PAVPxBase@physx@@@shdfnd@2@VAllocator@42@@internal@shdfnd@physx@@QAEABQAVPxBase@4@ABV?$Pair@QAVPxBase@physx@@_K@34@@Z 100293f0 f i CmCollection.obj
 0001:00028410       ??RGetKey@?$HashMapBase@_KPAVPxBase@physx@@U?$Hash@_K@shdfnd@2@VAllocator@42@@internal@shdfnd@physx@@QAEAB_KABV?$Pair@$$CB_KPAVPxBase@physx@@@34@@Z 10029410 f i CmCollection.obj
 0001:00028430       ??_GCollection@Cm@physx@@UAEPAXI@Z 10029430 f i CmCollection.obj
 0001:00028430       ??_ECollection@Cm@physx@@UAEPAXI@Z 10029430 f i CmCollection.obj
 0001:00028490       ??_GPxCollection@physx@@MAEPAXI@Z 10029490 f i CmCollection.obj
 0001:00028490       ??_EPxCollection@physx@@MAEPAXI@Z 10029490 f i CmCollection.obj
 0001:000284d0       ?advance@Iter@?$HashBase@V?$Pair@$$CB_KPAVPxBase@physx@@@shdfnd@physx@@_KU?$Hash@_K@23@UGetKey@?$HashMapBase@_KPAVPxBase@physx@@U?$Hash@_K@shdfnd@2@VAllocator@42@@internal@23@VAllocator@23@$00@internal@shdfnd@physx@@AAEXXZ 100294d0 f i CmCollection.obj
 0001:00028510       ?allocate@?$ReflectionAllocator@VCollection@Cm@physx@@@shdfnd@physx@@QAEPAXIPBDH@Z 10029510 f i CmCollection.obj
 0001:00028570       ?capacity@?$HashBase@V?$Pair@QAVPxBase@physx@@_K@shdfnd@physx@@PAVPxBase@3@U?$Hash@PAVPxBase@physx@@@23@UGetKey@?$HashMapBase@PAVPxBase@physx@@_KU?$Hash@PAVPxBase@physx@@@shdfnd@2@VAllocator@42@@internal@23@VAllocator@23@$00@internal@shdfnd@physx@@QBEIXZ 10029570 f i CmCollection.obj
 0001:00028590       ?capacity@?$HashMapBase@PAVPxBase@physx@@_KU?$Hash@PAVPxBase@physx@@@shdfnd@2@VAllocator@42@@internal@shdfnd@physx@@QBEIXZ 10029590 f i CmCollection.obj
 0001:000285b0       ?check@Iter@?$HashBase@V?$Pair@$$CB_KPAVPxBase@physx@@@shdfnd@physx@@_KU?$Hash@_K@23@UGetKey@?$HashMapBase@_KPAVPxBase@physx@@U?$Hash@_K@shdfnd@2@VAllocator@42@@internal@23@VAllocator@23@$00@internal@shdfnd@physx@@QBEXXZ 100295b0 f i CmCollection.obj
 0001:00028620       ?create@?$HashBase@V?$Pair@$$CB_KPAVPxBase@physx@@@shdfnd@physx@@_KU?$Hash@_K@23@UGetKey@?$HashMapBase@_KPAVPxBase@physx@@U?$Hash@_K@shdfnd@2@VAllocator@42@@internal@23@VAllocator@23@$00@internal@shdfnd@physx@@QAEPAV?$Pair@$$CB_KPAVPxBase@physx@@@34@AB_KAA_N@Z 10029620 f i CmCollection.obj
 0001:000287c0       ?create@?$HashBase@V?$Pair@QAVPxBase@physx@@_K@shdfnd@physx@@PAVPxBase@3@U?$Hash@PAVPxBase@physx@@@23@UGetKey@?$HashMapBase@PAVPxBase@physx@@_KU?$Hash@PAVPxBase@physx@@@shdfnd@2@VAllocator@42@@internal@23@VAllocator@23@$00@internal@shdfnd@physx@@QAEPAV?$Pair@QAVPxBase@physx@@_K@34@ABQAVPxBase@4@AA_N@Z 100297c0 f i CmCollection.obj
 0001:00028960       ?destroy@?$HashBase@V?$Pair@$$CB_KPAVPxBase@physx@@@shdfnd@physx@@_KU?$Hash@_K@23@UGetKey@?$HashMapBase@_KPAVPxBase@physx@@U?$Hash@_K@shdfnd@2@VAllocator@42@@internal@23@VAllocator@23@$00@internal@shdfnd@physx@@AAEXXZ 10029960 f i CmCollection.obj
 0001:000289d0       ?destroy@?$HashBase@V?$Pair@QAVPxBase@physx@@_K@shdfnd@physx@@PAVPxBase@3@U?$Hash@PAVPxBase@physx@@@23@UGetKey@?$HashMapBase@PAVPxBase@physx@@_KU?$Hash@PAVPxBase@physx@@@shdfnd@2@VAllocator@42@@internal@23@VAllocator@23@$00@internal@shdfnd@physx@@AAEXXZ 100299d0 f i CmCollection.obj
 0001:00028a40       ?done@Iter@?$HashBase@V?$Pair@$$CB_KPAVPxBase@physx@@@shdfnd@physx@@_KU?$Hash@_K@23@UGetKey@?$HashMapBase@_KPAVPxBase@physx@@U?$Hash@_K@shdfnd@2@VAllocator@42@@internal@23@VAllocator@23@$00@internal@shdfnd@physx@@QBE_NXZ 10029a40 f i CmCollection.obj
 0001:00028a80       ?erase@?$HashBase@V?$Pair@$$CB_KPAVPxBase@physx@@@shdfnd@physx@@_KU?$Hash@_K@23@UGetKey@?$HashMapBase@_KPAVPxBase@physx@@U?$Hash@_K@shdfnd@2@VAllocator@42@@internal@23@VAllocator@23@$00@internal@shdfnd@physx@@QAE_NAB_K@Z 10029a80 f i CmCollection.obj
 0001:00028bc0       ?erase@?$HashBase@V?$Pair@QAVPxBase@physx@@_K@shdfnd@physx@@PAVPxBase@3@U?$Hash@PAVPxBase@physx@@@23@UGetKey@?$HashMapBase@PAVPxBase@physx@@_KU?$Hash@PAVPxBase@physx@@@shdfnd@2@VAllocator@42@@internal@23@VAllocator@23@$00@internal@shdfnd@physx@@QAE_NABQAVPxBase@4@@Z 10029bc0 f i CmCollection.obj
 0001:00028d00       ?erase@?$HashMapBase@PAVPxBase@physx@@_KU?$Hash@PAVPxBase@physx@@@shdfnd@2@VAllocator@42@@internal@shdfnd@physx@@QAE_NABQAVPxBase@4@@Z 10029d00 f i CmCollection.obj
 0001:00028d20       ?erase@?$HashMapBase@_KPAVPxBase@physx@@U?$Hash@_K@shdfnd@2@VAllocator@42@@internal@shdfnd@physx@@QAE_NAB_K@Z 10029d20 f i CmCollection.obj
 0001:00028d40       ?find@?$HashBase@V?$Pair@$$CB_KPAVPxBase@physx@@@shdfnd@physx@@_KU?$Hash@_K@23@UGetKey@?$HashMapBase@_KPAVPxBase@physx@@U?$Hash@_K@shdfnd@2@VAllocator@42@@internal@23@VAllocator@23@$00@internal@shdfnd@physx@@QBEPBV?$Pair@$$CB_KPAVPxBase@physx@@@34@AB_K@Z 10029d40 f i CmCollection.obj
 0001:00028e10       ?find@?$HashBase@V?$Pair@QAVPxBase@physx@@_K@shdfnd@physx@@PAVPxBase@3@U?$Hash@PAVPxBase@physx@@@23@UGetKey@?$HashMapBase@PAVPxBase@physx@@_KU?$Hash@PAVPxBase@physx@@@shdfnd@2@VAllocator@42@@internal@23@VAllocator@23@$00@internal@shdfnd@physx@@QBEPBV?$Pair@QAVPxBase@physx@@_K@34@ABQAVPxBase@4@@Z 10029e10 f i CmCollection.obj
 0001:00028ee0       ?find@?$HashMapBase@PAVPxBase@physx@@_KU?$Hash@PAVPxBase@physx@@@shdfnd@2@VAllocator@42@@internal@shdfnd@physx@@QBEPBV?$Pair@QAVPxBase@physx@@_K@34@ABQAVPxBase@4@@Z 10029ee0 f i CmCollection.obj
 0001:00028f00       ?find@?$HashMapBase@_KPAVPxBase@physx@@U?$Hash@_K@shdfnd@2@VAllocator@42@@internal@shdfnd@physx@@QBEPBV?$Pair@$$CB_KPAVPxBase@physx@@@34@AB_K@Z 10029f00 f i CmCollection.obj
 0001:00028f20       ?freeListAdd@?$HashBase@V?$Pair@$$CB_KPAVPxBase@physx@@@shdfnd@physx@@_KU?$Hash@_K@23@UGetKey@?$HashMapBase@_KPAVPxBase@physx@@U?$Hash@_K@shdfnd@2@VAllocator@42@@internal@23@VAllocator@23@$00@internal@shdfnd@physx@@AAEXI@Z 10029f20 f i CmCollection.obj
 0001:00028fd0       ?freeListAdd@?$HashBase@V?$Pair@$$CB_KPAVPxBase@physx@@@shdfnd@physx@@_KU?$Hash@_K@23@UGetKey@?$HashMapBase@_KPAVPxBase@physx@@U?$Hash@_K@shdfnd@2@VAllocator@42@@internal@23@VAllocator@23@$00@internal@shdfnd@physx@@AAEXII@Z 10029fd0 f i CmCollection.obj
 0001:000290c0       ?freeListAdd@?$HashBase@V?$Pair@QAVPxBase@physx@@_K@shdfnd@physx@@PAVPxBase@3@U?$Hash@PAVPxBase@physx@@@23@UGetKey@?$HashMapBase@PAVPxBase@physx@@_KU?$Hash@PAVPxBase@physx@@@shdfnd@2@VAllocator@42@@internal@23@VAllocator@23@$00@internal@shdfnd@physx@@AAEXI@Z 1002a0c0 f i CmCollection.obj
 0001:00029170       ?freeListAdd@?$HashBase@V?$Pair@QAVPxBase@physx@@_K@shdfnd@physx@@PAVPxBase@3@U?$Hash@PAVPxBase@physx@@@23@UGetKey@?$HashMapBase@PAVPxBase@physx@@_KU?$Hash@PAVPxBase@physx@@@shdfnd@2@VAllocator@42@@internal@23@VAllocator@23@$00@internal@shdfnd@physx@@AAEXII@Z 1002a170 f i CmCollection.obj
 0001:00029260       ?freeListEmpty@?$HashBase@V?$Pair@$$CB_KPAVPxBase@physx@@@shdfnd@physx@@_KU?$Hash@_K@23@UGetKey@?$HashMapBase@_KPAVPxBase@physx@@U?$Hash@_K@shdfnd@2@VAllocator@42@@internal@23@VAllocator@23@$00@internal@shdfnd@physx@@ABE_NXZ 1002a260 f i CmCollection.obj
 0001:000292d0       ?freeListEmpty@?$HashBase@V?$Pair@QAVPxBase@physx@@_K@shdfnd@physx@@PAVPxBase@3@U?$Hash@PAVPxBase@physx@@@23@UGetKey@?$HashMapBase@PAVPxBase@physx@@_KU?$Hash@PAVPxBase@physx@@@shdfnd@2@VAllocator@42@@internal@23@VAllocator@23@$00@internal@shdfnd@physx@@ABE_NXZ 1002a2d0 f i CmCollection.obj
 0001:00029340       ?freeListGetNext@?$HashBase@V?$Pair@$$CB_KPAVPxBase@physx@@@shdfnd@physx@@_KU?$Hash@_K@23@UGetKey@?$HashMapBase@_KPAVPxBase@physx@@U?$Hash@_K@shdfnd@2@VAllocator@42@@internal@23@VAllocator@23@$00@internal@shdfnd@physx@@AAEIXZ 1002a340 f i CmCollection.obj
[...]
 0003:000040c9       ?_ignore@?3??replaceWithLast@?$HashBase@PAVHeightField@Gu@physx@@PAV123@U?$Hash@PAVHeightField@Gu@physx@@@shdfnd@3@UGetKey@?$HashSetBase@PAVHeightField@Gu@physx@@U?$Hash@PAVHeightField@Gu@physx@@@shdfnd@3@VAllocator@53@$00@internal@53@VAllocator@53@$00@internal@shdfnd@physx@@AAEXI@Z@4_NA 1018b0c9     GuMeshFactory.obj
 0003:000040ca       ?_ignore@?5??freeListAdd@?$HashBase@PAVHeightField@Gu@physx@@PAV123@U?$Hash@PAVHeightField@Gu@physx@@@shdfnd@3@UGetKey@?$HashSetBase@PAVHeightField@Gu@physx@@U?$Hash@PAVHeightField@Gu@physx@@@shdfnd@3@VAllocator@53@$00@internal@53@VAllocator@53@$00@internal@shdfnd@physx@@AAEXI@Z@4_NA 1018b0ca     GuMeshFactory.obj
 0003:000040cb       ?_ignore@?3??replaceWithLast@?$HashBase@PAVConvexMesh@Gu@physx@@PAV123@U?$Hash@PAVConvexMesh@Gu@physx@@@shdfnd@3@UGetKey@?$HashSetBase@PAVConvexMesh@Gu@physx@@U?$Hash@PAVConvexMesh@Gu@physx@@@shdfnd@3@VAllocator@53@$00@internal@53@VAllocator@53@$00@internal@shdfnd@physx@@AAEXI@Z@4_NA 1018b0cb     GuMeshFactory.obj
 0003:000040cc       ?_ignore@?5??freeListAdd@?$HashBase@PAVConvexMesh@Gu@physx@@PAV123@U?$Hash@PAVConvexMesh@Gu@physx@@@shdfnd@3@UGetKey@?$HashSetBase@PAVConvexMesh@Gu@physx@@U?$Hash@PAVConvexMesh@Gu@physx@@@shdfnd@3@VAllocator@53@$00@internal@53@VAllocator@53@$00@internal@shdfnd@physx@@AAEXI@Z@4_NA 1018b0cc     GuMeshFactory.obj
 0003:000040cd       ?_ignore@?3??replaceWithLast@?$HashBase@PAVTriangleMesh@Gu@physx@@PAV123@U?$Hash@PAVTriangleMesh@Gu@physx@@@shdfnd@3@UGetKey@?$HashSetBase@PAVTriangleMesh@Gu@physx@@U?$Hash@PAVTriangleMesh@Gu@physx@@@shdfnd@3@VAllocator@53@$00@internal@53@VAllocator@53@$00@internal@shdfnd@physx@@AAEXI@Z@4_NA 1018b0cd     GuMeshFactory.obj
 0003:000040ce       ?_ignore@?5??freeListAdd@?$HashBase@PAVTriangleMesh@Gu@physx@@PAV123@U?$Hash@PAVTriangleMesh@Gu@physx@@@shdfnd@3@UGetKey@?$HashSetBase@PAVTriangleMesh@Gu@physx@@U?$Hash@PAVTriangleMesh@Gu@physx@@@shdfnd@3@VAllocator@53@$00@internal@53@VAllocator@53@$00@internal@shdfnd@physx@@AAEXI@Z@4_NA 1018b0ce     GuMeshFactory.obj
 0003:000040cf       ?_ignore@?2??growAndPushBack@?$Array@PAVGuMeshFactoryListener@physx@@VNamedAllocator@shdfnd@2@@shdfnd@physx@@IAEAAPAVGuMeshFactoryListener@4@ABQAV54@@Z@4_NA 1018b0cf     GuMeshFactory.obj
 0003:000040d0       ?_ignore@?2??grow@?$HashBase@PAVHeightField@Gu@physx@@PAV123@U?$Hash@PAVHeightField@Gu@physx@@@shdfnd@3@UGetKey@?$HashSetBase@PAVHeightField@Gu@physx@@U?$Hash@PAVHeightField@Gu@physx@@@shdfnd@3@VAllocator@53@$00@internal@53@VAllocator@53@$00@internal@shdfnd@physx@@AAEXXZ@4_NA 1018b0d0     GuMeshFactory.obj
 0003:000040d1       ?_ignore@?2??freeListGetNext@?$HashBase@PAVHeightField@Gu@physx@@PAV123@U?$Hash@PAVHeightField@Gu@physx@@@shdfnd@3@UGetKey@?$HashSetBase@PAVHeightField@Gu@physx@@U?$Hash@PAVHeightField@Gu@physx@@@shdfnd@3@VAllocator@53@$00@internal@53@VAllocator@53@$00@internal@shdfnd@physx@@AAEIXZ@4_NA 1018b0d1     GuMeshFactory.obj
 0003:000040d2       ?_ignore@?6??freeListGetNext@?$HashBase@PAVHeightField@Gu@physx@@PAV123@U?$Hash@PAVHeightField@Gu@physx@@@shdfnd@3@UGetKey@?$HashSetBase@PAVHeightField@Gu@physx@@U?$Hash@PAVHeightField@Gu@physx@@@shdfnd@3@VAllocator@53@$00@internal@53@VAllocator@53@$00@internal@shdfnd@physx@@AAEIXZ@4_NA 1018b0d2     GuMeshFactory.obj
 0003:000040d3       ?_ignore@?2??grow@?$HashBase@PAVConvexMesh@Gu@physx@@PAV123@U?$Hash@PAVConvexMesh@Gu@physx@@@shdfnd@3@UGetKey@?$HashSetBase@PAVConvexMesh@Gu@physx@@U?$Hash@PAVConvexMesh@Gu@physx@@@shdfnd@3@VAllocator@53@$00@internal@53@VAllocator@53@$00@internal@shdfnd@physx@@AAEXXZ@4_NA 1018b0d3     GuMeshFactory.obj
 0003:000040d4       ?_ignore@?2??freeListGetNext@?$HashBase@PAVConvexMesh@Gu@physx@@PAV123@U?$Hash@PAVConvexMesh@Gu@physx@@@shdfnd@3@UGetKey@?$HashSetBase@PAVConvexMesh@Gu@physx@@U?$Hash@PAVConvexMesh@Gu@physx@@@shdfnd@3@VAllocator@53@$00@internal@53@VAllocator@53@$00@internal@shdfnd@physx@@AAEIXZ@4_NA 1018b0d4     GuMeshFactory.obj
 0003:000040d5       ?_ignore@?6??freeListGetNext@?$HashBase@PAVConvexMesh@Gu@physx@@PAV123@U?$Hash@PAVConvexMesh@Gu@physx@@@shdfnd@3@UGetKey@?$HashSetBase@PAVConvexMesh@Gu@physx@@U?$Hash@PAVConvexMesh@Gu@physx@@@shdfnd@3@VAllocator@53@$00@internal@53@VAllocator@53@$00@internal@shdfnd@physx@@AAEIXZ@4_NA 1018b0d5     GuMeshFactory.obj
 0003:000040d6       ?_ignore@?2??grow@?$HashBase@PAVTriangleMesh@Gu@physx@@PAV123@U?$Hash@PAVTriangleMesh@Gu@physx@@@shdfnd@3@UGetKey@?$HashSetBase@PAVTriangleMesh@Gu@physx@@U?$Hash@PAVTriangleMesh@Gu@physx@@@shdfnd@3@VAllocator@53@$00@internal@53@VAllocator@53@$00@internal@shdfnd@physx@@AAEXXZ@4_NA 1018b0d6     GuMeshFactory.obj
 0003:000040d7       ?_ignore@?2??freeListGetNext@?$HashBase@PAVTriangleMesh@Gu@physx@@PAV123@U?$Hash@PAVTriangleMesh@Gu@physx@@@shdfnd@3@UGetKey@?$HashSetBase@PAVTriangleMesh@Gu@physx@@U?$Hash@PAVTriangleMesh@Gu@physx@@@shdfnd@3@VAllocator@53@$00@internal@53@VAllocator@53@$00@internal@shdfnd@physx@@AAEIXZ@4_NA 1018b0d7     GuMeshFactory.obj
 0003:000040d8       ?_ignore@?6??freeListGetNext@?$HashBase@PAVTriangleMesh@Gu@physx@@PAV123@U?$Hash@PAVTriangleMesh@Gu@physx@@@shdfnd@3@UGetKey@?$HashSetBase@PAVTriangleMesh@Gu@physx@@U?$Hash@PAVTriangleMesh@Gu@physx@@@shdfnd@3@VAllocator@53@$00@internal@53@VAllocator@53@$00@internal@shdfnd@physx@@AAEIXZ@4_NA 1018b0d8     GuMeshFactory.obj
 0003:0000418e       ?_ignore@?2??transform@PxTransform@physx@@QBE?AV23@ABV23@@Z@4_NA 1018b18e     GuOverlapTests.obj
 0003:0000418f       ?_ignore@?3??transform@PxTransform@physx@@QBE?AV23@ABV23@@Z@4_NA 1018b18f     GuOverlapTests.obj
 0003:000042c3       ?_ignore@?L@???$traceSegment@VRayCastCallback@Gu@physx@@$0A@$0A@$0A@@HeightFieldUtil@Gu@physx@@QBEXABVPxVec3@3@0PAVRayCastCallback@23@PBV43@@Z@4_NA 1018b2c3     GuRaycastTests.obj
 0003:000042c4       ?_ignore@?BC@???$traceSegment@VRayCastCallback@Gu@physx@@$0A@$0A@$0A@@HeightFieldUtil@Gu@physx@@QBEXABVPxVec3@3@0PAVRayCastCallback@23@PBV43@@Z@4_NA 1018b2c4     GuRaycastTests.obj
 0003:000042c5       ?_ignore@?BH@???$traceSegment@VRayCastCallback@Gu@physx@@$0A@$0A@$0A@@HeightFieldUtil@Gu@physx@@QBEXABVPxVec3@3@0PAVRayCastCallback@23@PBV43@@Z@4_NA 1018b2c5     GuRaycastTests.obj
 0003:000042c6       ?_ignore@?BI@???$traceSegment@VRayCastCallback@Gu@physx@@$0A@$0A@$0A@@HeightFieldUtil@Gu@physx@@QBEXABVPxVec3@3@0PAVRayCastCallback@23@PBV43@@Z@4_NA 1018b2c6     GuRaycastTests.obj
 0003:00004448       ?__type_info_root_node@@3U__type_info_node@@A 1018b448     MSVCRTD:tncleanup.obj
 0003:00004454       ___scrt_current_native_startup_state 1018b454     MSVCRTD:utility.obj
 0003:00004458       ___scrt_native_startup_lock 1018b458     MSVCRTD:utility.obj
 0003:0000448c       ___isa_available           1018b48c     MSVCRTD:_cpu_disp_.obj
 0003:00004490       ___favor                   1018b490     MSVCRTD:_cpu_disp_.obj
 0003:00004498       ___scrt_debugger_hook_flag 1018b498     MSVCRTD:utility_desktop.obj
 0003:000044a0       ?_OptionsStorage@?1??__local_stdio_scanf_options@@9@4_KA 1018b4a0     MSVCRTD:default_local_stdio_options.obj
 0003:00004874       ___dyn_tls_init_callback   1018b874     <common>
 0004:00000000       __imp__CloseHandle@4       1018c000     kernel32:KERNEL32.dll
 0004:00000004       __imp__MapViewOfFile@20    1018c004     kernel32:KERNEL32.dll
 0004:00000008       __imp__UnmapViewOfFile@4   1018c008     kernel32:KERNEL32.dll
 0004:0000000c       __imp__CreateFileMappingA@24 1018c00c     kernel32:KERNEL32.dll
 0004:00000010       __imp__OpenFileMappingA@12 1018c010     kernel32:KERNEL32.dll
 0004:00000014       __imp__FreeLibrary@4       1018c014     kernel32:KERNEL32.dll
 0004:00000018       __imp__GetProcAddress@8    1018c018     kernel32:KERNEL32.dll
 0004:0000001c       __imp__LoadLibraryA@4      1018c01c     kernel32:KERNEL32.dll
 0004:00000020       __imp__InitializeCriticalSection@4 1018c020     kernel32:KERNEL32.dll
 0004:00000024       __imp__EnterCriticalSection@4 1018c024     kernel32:KERNEL32.dll
 0004:00000028       __imp__LeaveCriticalSection@4 1018c028     kernel32:KERNEL32.dll
 0004:0000002c       __imp__TryEnterCriticalSection@4 1018c02c     kernel32:KERNEL32.dll
 0004:00000030       __imp__DeleteCriticalSection@4 1018c030     kernel32:KERNEL32.dll
 0004:00000034       __imp__GetCurrentThread@0  1018c034     kernel32:KERNEL32.dll
 0004:00000038       __imp__GetCurrentThreadId@0 1018c038     kernel32:KERNEL32.dll
 0004:0000003c       __imp__OutputDebugStringA@4 1018c03c     kernel32:KERNEL32.dll
 0004:00000040       __imp__InitializeSListHead@4 1018c040     kernel32:KERNEL32.dll
 0004:00000044       __imp__InterlockedPopEntrySList@4 1018c044     kernel32:KERNEL32.dll
 0004:00000048       __imp__InterlockedPushEntrySList@8 1018c048     kernel32:KERNEL32.dll
 0004:0000004c       __imp__InterlockedFlushSList@4 1018c04c     kernel32:KERNEL32.dll
 0004:00000050       __imp__SetEvent@4          1018c050     kernel32:KERNEL32.dll
 0004:00000054       __imp__ResetEvent@4        1018c054     kernel32:KERNEL32.dll
 0004:00000058       __imp__WaitForSingleObject@8 1018c058     kernel32:KERNEL32.dll
 0004:0000005c       __imp__CreateEventA@16     1018c05c     kernel32:KERNEL32.dll
 0004:00000060       __imp__RaiseException@16   1018c060     kernel32:KERNEL32.dll
 0004:00000064       __imp__GetLastError@0      1018c064     kernel32:KERNEL32.dll
 0004:00000068       __imp__Sleep@4             1018c068     kernel32:KERNEL32.dll
 0004:0000006c       __imp__SwitchToThread@0    1018c06c     kernel32:KERNEL32.dll
 0004:00000070       __imp__CreateThread@24     1018c070     kernel32:KERNEL32.dll
 0004:00000074       __imp__SetThreadPriority@8 1018c074     kernel32:KERNEL32.dll
 0004:00000078       __imp__GetThreadPriority@4 1018c078     kernel32:KERNEL32.dll
 0004:0000007c       __imp__ExitThread@4        1018c07c     kernel32:KERNEL32.dll
 0004:00000080       __imp__TerminateThread@8   1018c080     kernel32:KERNEL32.dll
 0004:00000084       __imp__ResumeThread@4      1018c084     kernel32:KERNEL32.dll
 0004:00000088       __imp__TlsAlloc@0          1018c088     kernel32:KERNEL32.dll
 0004:0000008c       __imp__TlsGetValue@4       1018c08c     kernel32:KERNEL32.dll
 0004:00000090       __imp__TlsSetValue@8       1018c090     kernel32:KERNEL32.dll
 0004:00000094       __imp__TlsFree@4           1018c094     kernel32:KERNEL32.dll
 0004:00000098       __imp__GetModuleHandleA@4  1018c098     kernel32:KERNEL32.dll
 0004:0000009c       __imp__SetThreadAffinityMask@8 1018c09c     kernel32:KERNEL32.dll
 0004:000000a0       __imp__QueryPerformanceCounter@4 1018c0a0     kernel32:KERNEL32.dll
 0004:000000a4       __imp__QueryPerformanceFrequency@4 1018c0a4     kernel32:KERNEL32.dll
 0004:000000a8       __imp__GetCurrentProcess@0 1018c0a8     kernel32:KERNEL32.dll
 0004:000000ac       __imp__VirtualQuery@12     1018c0ac     kernel32:KERNEL32.dll
 0004:000000b0       __imp__GetProcessHeap@0    1018c0b0     kernel32:KERNEL32.dll
 0004:000000b4       __imp__HeapFree@12         1018c0b4     kernel32:KERNEL32.dll
 0004:000000b8       __imp__HeapAlloc@12        1018c0b8     kernel32:KERNEL32.dll
 0004:000000bc       __imp__WideCharToMultiByte@32 1018c0bc     kernel32:KERNEL32.dll
 0004:000000c0       __imp__MultiByteToWideChar@24 1018c0c0     kernel32:KERNEL32.dll
 0004:000000c4       __imp__DisableThreadLibraryCalls@4 1018c0c4     kernel32:KERNEL32.dll
 0004:000000c8       __imp__GetSystemTimeAsFileTime@4 1018c0c8     kernel32:KERNEL32.dll
 0004:000000cc       __imp__GetCurrentProcessId@0 1018c0cc     kernel32:KERNEL32.dll
 0004:000000d0       __imp__GetModuleHandleW@4  1018c0d0     kernel32:KERNEL32.dll
 0004:000000d4       __imp__GetStartupInfoW@4   1018c0d4     kernel32:KERNEL32.dll
 0004:000000d8       __imp__SetUnhandledExceptionFilter@4 1018c0d8     kernel32:KERNEL32.dll
 0004:000000dc       __imp__UnhandledExceptionFilter@4 1018c0dc     kernel32:KERNEL32.dll
 0004:000000e0       __imp__IsDebuggerPresent@0 1018c0e0     kernel32:KERNEL32.dll
 0004:000000e4       __imp__IsProcessorFeaturePresent@4 1018c0e4     kernel32:KERNEL32.dll
 0004:000000e8       __imp__TerminateProcess@8  1018c0e8     kernel32:KERNEL32.dll
 0004:000000ec       \177KERNEL32_NULL_THUNK_DATA 1018c0ec     kernel32:KERNEL32.dll
 0004:00000144       __imp__strstr              1018c144     vcruntimed:VCRUNTIME140D.dll
 0004:00000148       __imp____vcrt_LoadLibraryExW 1018c148     vcruntimed:VCRUNTIME140D.dll
 0004:0000014c       __imp____vcrt_GetModuleHandleW 1018c14c     vcruntimed:VCRUNTIME140D.dll
 0004:00000150       __imp____vcrt_GetModuleFileNameW 1018c150     vcruntimed:VCRUNTIME140D.dll
 0004:00000154       __imp___CxxThrowException@8 1018c154     vcruntimed:VCRUNTIME140D.dll
 0004:00000158       __imp____std_exception_destroy 1018c158     vcruntimed:VCRUNTIME140D.dll
 0004:0000015c       __imp___purecall           1018c15c     vcruntimed:VCRUNTIME140D.dll
 0004:00000160       __imp____std_type_info_name 1018c160     vcruntimed:VCRUNTIME140D.dll
 0004:00000164       __imp__memcpy              1018c164     vcruntimed:VCRUNTIME140D.dll
 0004:00000168       __imp__memset              1018c168     vcruntimed:VCRUNTIME140D.dll
 0004:0000016c       __imp___except_handler3    1018c16c     vcruntimed:VCRUNTIME140D.dll
 0004:00000170       __imp__memmove             1018c170     vcruntimed:VCRUNTIME140D.dll
 0004:00000174       __imp__strchr              1018c174     vcruntimed:VCRUNTIME140D.dll
 0004:00000178       __imp____std_exception_copy 1018c178     vcruntimed:VCRUNTIME140D.dll
 0004:0000017c       __imp____std_type_info_destroy_list 1018c17c     vcruntimed:VCRUNTIME140D.dll
 0004:00000180       __imp___except_handler4_common 1018c180     vcruntimed:VCRUNTIME140D.dll
 0004:00000184       \177VCRUNTIME140D_NULL_THUNK_DATA 1018c184     vcruntimed:VCRUNTIME140D.dll
 0004:000001bc       __imp__WSASendDisconnect@8 1018c1bc     Ws2_32:WS2_32.dll
 0004:000001c0       __imp__WSAGetLastError@0   1018c1c0     Ws2_32:WS2_32.dll
 0004:000001c4       __imp__WSACleanup@0        1018c1c4     Ws2_32:WS2_32.dll
 0004:000001c8       __imp__WSAStartup@8        1018c1c8     Ws2_32:WS2_32.dll
 0004:000001cc       __imp__gethostbyaddr@12    1018c1cc     Ws2_32:WS2_32.dll
 0004:000001d0       __imp____WSAFDIsSet@8      1018c1d0     Ws2_32:WS2_32.dll
 0004:000001d4       __imp__accept@12           1018c1d4     Ws2_32:WS2_32.dll
 0004:000001d8       __imp__bind@12             1018c1d8     Ws2_32:WS2_32.dll
 0004:000001dc       __imp__closesocket@4       1018c1dc     Ws2_32:WS2_32.dll
 0004:000001e0       __imp__connect@12          1018c1e0     Ws2_32:WS2_32.dll
 0004:000001e4       __imp__ioctlsocket@12      1018c1e4     Ws2_32:WS2_32.dll
 0004:000001e8       __imp__getsockopt@20       1018c1e8     Ws2_32:WS2_32.dll
 0004:000001ec       __imp__htonl@4             1018c1ec     Ws2_32:WS2_32.dll
 0004:000001f0       __imp__htons@4             1018c1f0     Ws2_32:WS2_32.dll
 0004:000001f4       __imp__inet_addr@4         1018c1f4     Ws2_32:WS2_32.dll
 0004:000001f8       __imp__listen@8            1018c1f8     Ws2_32:WS2_32.dll
 0004:000001fc       __imp__recv@16             1018c1fc     Ws2_32:WS2_32.dll
 0004:00000200       __imp__select@20           1018c200     Ws2_32:WS2_32.dll
 0004:00000204       __imp__send@16             1018c204     Ws2_32:WS2_32.dll
 0004:00000208       __imp__setsockopt@20       1018c208     Ws2_32:WS2_32.dll
 0004:0000020c       __imp__socket@12           1018c20c     Ws2_32:WS2_32.dll
 0004:00000210       __imp__gethostbyname@4     1018c210     Ws2_32:WS2_32.dll
 0004:00000214       \177WS2_32_NULL_THUNK_DATA 1018c214     Ws2_32:WS2_32.dll
 0004:00000250       __imp__sin                 1018c250     ucrtd:ucrtbased.dll
 0004:00000254       __imp__sqrt                1018c254     ucrtd:ucrtbased.dll
 0004:00000258       __imp___fpclass            1018c258     ucrtd:ucrtbased.dll
 0004:0000025c       __imp__fabs                1018c25c     ucrtd:ucrtbased.dll
 0004:00000260       __imp____acrt_iob_func     1018c260     ucrtd:ucrtbased.dll
 0004:00000264       __imp____stdio_common_vfprintf 1018c264     ucrtd:ucrtbased.dll
 0004:00000268       __imp__ceil                1018c268     ucrtd:ucrtbased.dll
 0004:0000026c       __imp__floor               1018c26c     ucrtd:ucrtbased.dll
 0004:00000270       __imp___CrtDbgReportW      1018c270     ucrtd:ucrtbased.dll
 0004:00000274       __imp___free_dbg           1018c274     ucrtd:ucrtbased.dll
 0004:00000278       __imp___except1            1018c278     ucrtd:ucrtbased.dll
 0004:0000027c       __imp___seh_filter_dll     1018c27c     ucrtd:ucrtbased.dll
 0004:00000280       __imp___configure_narrow_argv 1018c280     ucrtd:ucrtbased.dll
 0004:00000284       __imp___initialize_narrow_environment 1018c284     ucrtd:ucrtbased.dll
 0004:00000288       __imp___initialize_onexit_table 1018c288     ucrtd:ucrtbased.dll
 0004:0000028c       __imp___register_onexit_function 1018c28c     ucrtd:ucrtbased.dll
 0004:00000290       __imp___execute_onexit_table 1018c290     ucrtd:ucrtbased.dll
 0004:00000294       __imp___crt_atexit         1018c294     ucrtd:ucrtbased.dll
 0004:00000298       __imp___crt_at_quick_exit  1018c298     ucrtd:ucrtbased.dll
 0004:0000029c       __imp___cexit              1018c29c     ucrtd:ucrtbased.dll
 0004:000002a0       __imp___initterm           1018c2a0     ucrtd:ucrtbased.dll
 0004:000002a4       __imp___initterm_e         1018c2a4     ucrtd:ucrtbased.dll
 0004:000002a8       __imp__terminate           1018c2a8     ucrtd:ucrtbased.dll
 0004:000002ac       __imp___callnewh           1018c2ac     ucrtd:ucrtbased.dll
 0004:000002b0       __imp__malloc              1018c2b0     ucrtd:ucrtbased.dll
 0004:000002b4       __imp___wmakepath_s        1018c2b4     ucrtd:ucrtbased.dll
 0004:000002b8       __imp___wsplitpath_s       1018c2b8     ucrtd:ucrtbased.dll
 0004:000002bc       __imp__wcscpy_s            1018c2bc     ucrtd:ucrtbased.dll
 0004:000002c0       __imp__cos                 1018c2c0     ucrtd:ucrtbased.dll
 0004:000002c4       __imp__atan2               1018c2c4     ucrtd:ucrtbased.dll
 0004:000002c8       __imp__asin                1018c2c8     ucrtd:ucrtbased.dll
 0004:000002cc       __imp__tolower             1018c2cc     ucrtd:ucrtbased.dll
 0004:000002d0       __imp__strncmp             1018c2d0     ucrtd:ucrtbased.dll
 0004:000002d4       __imp__strlen              1018c2d4     ucrtd:ucrtbased.dll
 0004:000002d8       __imp__strcmp              1018c2d8     ucrtd:ucrtbased.dll
 0004:000002dc       __imp___wassert            1018c2dc     ucrtd:ucrtbased.dll
 0004:000002e0       __imp___CrtSetReportMode   1018c2e0     ucrtd:ucrtbased.dll
 0004:000002e4       __imp___CrtDbgReport       1018c2e4     ucrtd:ucrtbased.dll
 0004:000002e8       __imp____stdio_common_vsprintf 1018c2e8     ucrtd:ucrtbased.dll
 0004:000002ec       __imp____stdio_common_vsprintf_s 1018c2ec     ucrtd:ucrtbased.dll
 0004:000002f0       __imp__puts                1018c2f0     ucrtd:ucrtbased.dll
 0004:000002f4       __imp____control87_2       1018c2f4     ucrtd:ucrtbased.dll
 0004:000002f8       __imp___controlfp_s        1018c2f8     ucrtd:ucrtbased.dll
 0004:000002fc       __imp___clearfp            1018c2fc     ucrtd:ucrtbased.dll
 0004:00000300       __imp__strnlen             1018c300     ucrtd:ucrtbased.dll
 0004:00000304       \177ucrtbased_NULL_THUNK_DATA 1018c304     ucrtd:ucrtbased.dll
 0004:00000354       __IMPORT_DESCRIPTOR_KERNEL32 1018c354     kernel32:KERNEL32.dll
 0004:00000368       __IMPORT_DESCRIPTOR_WS2_32 1018c368     Ws2_32:WS2_32.dll
 0004:0000037c       __IMPORT_DESCRIPTOR_VCRUNTIME140D 1018c37c     vcruntimed:VCRUNTIME140D.dll
 0004:00000390       __IMPORT_DESCRIPTOR_ucrtbased 1018c390     ucrtd:ucrtbased.dll
 0004:000003a4       __NULL_IMPORT_DESCRIPTOR   1018c3a4     kernel32:KERNEL32.dll
 0006:00000000       ___guard_check_icall_fptr  1018f000     MSVCRTD:guard_support.obj
